2026-09-28 11:09:41 whyfs service listening on \\.\pipe\whyfs-service
2026-09-28 11:09:41 machine labels: service process 828 started
2026-09-28 11:09:57 start C:\Users\runneradmin\AppData\Local\Temp\whyfs-msi-user-ws pid 612 session whyfs-201334dc62424c6d user S-1-5-21-2615846702-2260884330-149277722-500
2026-09-28 11:09:59 stop C:\Users\runneradmin\AppData\Local\Temp\whyfs-msi-user-ws exit 0
2026-09-28 11:10:01 machine labels: service process exited 0
2026-09-28 11:10:05 whyfs service listening on \\.\pipe\whyfs-service
2026-09-28 11:10:05 machine labels: service process 1268 started
2026-09-28 11:10:06 start C:\Users\runneradmin\AppData\Local\Temp\whyfs-upgrade-ws pid 2696 session whyfs-abe1fad5a47b91d8 user S-1-5-21-2615846702-2260884330-149277722-500
2026-09-28 11:10:08 stop C:\Users\runneradmin\AppData\Local\Temp\whyfs-upgrade-ws exit 0
2026-09-28 11:10:09 machine labels: service process exited 0
2026-09-28 11:10:10 whyfs service listening on \\.\pipe\whyfs-service
2026-09-28 11:10:10 machine labels: service process 8328 started
2026-09-28 11:10:11 start C:\Users\runneradmin\AppData\Local\Temp\whyfs-upgrade-ws pid 1472 session whyfs-abe1fad5a47b91d8 user S-1-5-21-2615846702-2260884330-149277722-500
2026-09-28 11:10:13 stop C:\Users\runneradmin\AppData\Local\Temp\whyfs-upgrade-ws exit 0
2026-09-28 11:10:16 machine labels: service process exited 0
2026-09-28 11:10:33 whyfs service listening on \\.\pipe\whyfs-service
2026-09-28 11:10:33 machine labels: service process 7768 started
2026-09-28 11:11:11 stopped orphaned ETW session whyfs-machine (rc 0)
2026-09-28 11:11:11 stopped orphaned ETW session whyfs-machine-sys (rc 0)
2026-09-28 11:11:11 whyfs service listening on \\.\pipe\whyfs-service
2026-09-28 11:11:11 machine labels: service process 4388 started
2026-09-28 11:11:27 start C:\Users\runneradmin\whyfs-outage-0ed27e15\workspace-capture pid 8212 session whyfs-e6fbbd4ab5814464 user S-1-5-21-2615846702-2260884330-149277722-500
2026-09-28 11:11:28 stop C:\Users\runneradmin\whyfs-outage-0ed27e15\workspace-capture exit 0
2026-09-28 11:12:13 start C:\Users\runneradmin\AppData\Local\Temp\whyfs-corpus-kjz_hz53 pid 632 session whyfs-9abaaf5f04e6a7c4 user S-1-5-21-2615846702-2260884330-149277722-500
2026-09-28 11:12:16 stop C:\Users\runneradmin\AppData\Local\Temp\whyfs-corpus-kjz_hz53 exit 0
2026-09-28 11:12:17 start C:\Users\runneradmin\AppData\Local\Temp\whyfs-secret-fkui6lma pid 8768 session whyfs-7523c9943fb1863d user S-1-5-21-2615846702-2260884330-149277722-500
2026-09-28 11:12:20 stop C:\Users\runneradmin\AppData\Local\Temp\whyfs-secret-fkui6lma exit 0
2026-09-28 11:12:28 start C:\Users\runneradmin\AppData\Local\Temp\whyfs-wingate\func pid 8604 session whyfs-a8996beb1407ddb0 user S-1-5-21-2615846702-2260884330-149277722-500
2026-09-28 11:12:34 stop C:\Users\runneradmin\AppData\Local\Temp\whyfs-wingate\func exit 0
2026-09-28 11:22:40 machine labels: service process exited 0
2026-09-28 11:22:57 whyfs service listening on \\.\pipe\whyfs-service
2026-09-28 11:22:57 machine labels: service process 9856 started
2026-09-28 11:23:14 machine labels: service process exited 0
2026-09-28 11:23:29 whyfs service listening on \\.\pipe\whyfs-service
2026-09-28 11:23:29 machine labels: service process 5792 started
2026-09-28 11:23:46 machine labels: service process exited 0
2026-09-28 11:24:01 whyfs service listening on \\.\pipe\whyfs-service
2026-09-28 11:24:01 machine labels: service process 8464 started
2026-09-28 11:24:32 machine labels: service process exited 0
2026-09-28 11:25:01 whyfs service listening on \\.\pipe\whyfs-service
2026-09-28 11:25:01 machine labels: service process 9864 started
2026-09-28 11:25:32 machine labels: service process exited 0
2026-09-28 11:26:01 whyfs service listening on \\.\pipe\whyfs-service
2026-09-28 11:26:01 machine labels: service process 9916 started
2026-09-28 11:26:33 machine labels: service process exited 0
2026-09-28 11:27:01 whyfs service listening on \\.\pipe\whyfs-service
2026-09-28 11:27:01 machine labels: service process 8932 started
2026-09-28 11:27:35 machine labels: service process exited 0
2026-09-28 11:28:04 whyfs service listening on \\.\pipe\whyfs-service
2026-09-28 11:28:04 machine labels: service process 8284 started
2026-09-28 11:28:36 machine labels: service process exited 0
2026-09-28 11:29:05 whyfs service listening on \\.\pipe\whyfs-service
2026-09-28 11:29:05 machine labels: service process 1216 started
2026-09-28 11:29:37 machine labels: service process exited 0
2026-09-28 11:30:05 whyfs service listening on \\.\pipe\whyfs-service
2026-09-28 11:30:05 machine labels: service process 900 started
2026-09-28 11:30:38 machine labels: service process exited 0
2026-09-28 11:31:06 whyfs service listening on \\.\pipe\whyfs-service
2026-09-28 11:31:06 machine labels: service process 4656 started
2026-09-28 11:31:38 machine labels: service process exited 0
2026-09-28 11:32:05 whyfs service listening on \\.\pipe\whyfs-service
2026-09-28 11:32:05 machine labels: service process 9332 started
2026-09-28 11:32:38 machine labels: service process exited 0
2026-09-28 11:33:07 whyfs service listening on \\.\pipe\whyfs-service
2026-09-28 11:33:07 machine labels: service process 10048 started
2026-09-28 11:33:39 machine labels: service process exited 0
2026-09-28 11:34:08 whyfs service listening on \\.\pipe\whyfs-service
2026-09-28 11:34:08 machine labels: service process 3748 started
2026-09-28 11:34:39 machine labels: service process exited 0
2026-09-28 11:35:08 whyfs service listening on \\.\pipe\whyfs-service
2026-09-28 11:35:08 machine labels: service process 9936 started
2026-09-28 11:35:40 machine labels: service process exited 0
2026-09-28 11:36:09 whyfs service listening on \\.\pipe\whyfs-service
2026-09-28 11:36:09 machine labels: service process 664 started
2026-09-28 11:36:42 machine labels: service process exited 0
2026-09-28 11:37:10 whyfs service listening on \\.\pipe\whyfs-service
2026-09-28 11:37:10 machine labels: service process 2440 started
2026-09-28 11:37:43 machine labels: service process exited 0
2026-09-28 11:38:11 whyfs service listening on \\.\pipe\whyfs-service
2026-09-28 11:38:11 machine labels: service process 8408 started
2026-09-28 11:38:45 machine labels: service process exited 0
2026-09-28 11:39:14 whyfs service listening on \\.\pipe\whyfs-service
2026-09-28 11:39:14 machine labels: service process 3008 started
2026-09-28 11:39:47 machine labels: service process exited 0
2026-09-28 11:40:15 whyfs service listening on \\.\pipe\whyfs-service
2026-09-28 11:40:15 machine labels: service process 5788 started
2026-09-28 11:40:46 machine labels: service process exited 0
2026-09-28 11:41:15 whyfs service listening on \\.\pipe\whyfs-service
2026-09-28 11:41:15 machine labels: service process 8556 started
2026-09-28 11:41:48 machine labels: service process exited 0
2026-09-28 11:42:17 whyfs service listening on \\.\pipe\whyfs-service
2026-09-28 11:42:17 machine labels: service process 4408 started
2026-09-28 11:42:49 machine labels: service process exited 0
2026-09-28 11:43:17 whyfs service listening on \\.\pipe\whyfs-service
2026-09-28 11:43:17 machine labels: service process 10188 started
2026-09-28 11:43:50 machine labels: service process exited 0
2026-09-28 11:44:16 whyfs service listening on \\.\pipe\whyfs-service
2026-09-28 11:44:16 machine labels: service process 9164 started
2026-09-28 11:44:49 machine labels: service process exited 0
2026-09-28 11:45:16 whyfs service listening on \\.\pipe\whyfs-service
2026-09-28 11:45:16 machine labels: service process 5488 started
2026-09-28 11:45:49 machine labels: service process exited 0
2026-09-28 11:46:17 whyfs service listening on \\.\pipe\whyfs-service
2026-09-28 11:46:17 machine labels: service process 2668 started
2026-09-28 11:46:48 machine labels: service process exited 0
2026-09-28 11:47:16 whyfs service listening on \\.\pipe\whyfs-service
2026-09-28 11:47:16 machine labels: service process 7292 started
2026-09-28 11:47:47 machine labels: service process exited 0
2026-09-28 11:48:15 whyfs service listening on \\.\pipe\whyfs-service
2026-09-28 11:48:15 machine labels: service process 3712 started
2026-09-28 11:48:48 machine labels: service process exited 0
2026-09-28 11:49:15 whyfs service listening on \\.\pipe\whyfs-service
2026-09-28 11:49:15 machine labels: service process 9328 started
2026-09-28 11:49:50 machine labels: service process exited 0
2026-09-28 11:50:17 whyfs service listening on \\.\pipe\whyfs-service
2026-09-28 11:50:17 machine labels: service process 4024 started
2026-09-28 11:50:50 machine labels: service process exited 0
2026-09-28 11:51:18 whyfs service listening on \\.\pipe\whyfs-service
2026-09-28 11:51:18 machine labels: service process 6852 started
2026-09-28 11:51:49 machine labels: service process exited 0
2026-09-28 11:52:18 whyfs service listening on \\.\pipe\whyfs-service
2026-09-28 11:52:18 machine labels: service process 4968 started
2026-09-28 11:52:50 machine labels: service process exited 0
2026-09-28 11:53:19 whyfs service listening on \\.\pipe\whyfs-service
2026-09-28 11:53:19 machine labels: service process 2572 started
2026-09-28 11:53:49 machine labels: service process exited 0
2026-09-28 11:54:16 whyfs service listening on \\.\pipe\whyfs-service
2026-09-28 11:54:16 machine labels: service process 4496 started
2026-09-28 11:54:49 machine labels: service process exited 0
2026-09-28 11:55:16 whyfs service listening on \\.\pipe\whyfs-service
2026-09-28 11:55:16 machine labels: service process 4976 started
2026-09-28 11:55:48 machine labels: service process exited 0
2026-09-28 11:56:15 whyfs service listening on \\.\pipe\whyfs-service
2026-09-28 11:56:15 machine labels: service process 4760 started
2026-09-28 11:56:47 machine labels: service process exited 0
2026-09-28 11:57:17 whyfs service listening on \\.\pipe\whyfs-service
2026-09-28 11:57:17 machine labels: service process 1728 started
2026-09-28 11:57:48 machine labels: service process exited 0
2026-09-28 11:58:17 whyfs service listening on \\.\pipe\whyfs-service
2026-09-28 11:58:17 machine labels: service process 2072 started
2026-09-28 11:58:47 machine labels: service process exited 0
2026-09-28 11:59:15 whyfs service listening on \\.\pipe\whyfs-service
2026-09-28 11:59:15 machine labels: service process 4360 started
2026-09-28 11:59:46 machine labels: service process exited 0
2026-09-28 12:00:14 whyfs service listening on \\.\pipe\whyfs-service
2026-09-28 12:00:14 machine labels: service process 9872 started
2026-09-28 12:00:47 machine labels: service process exited 0
2026-09-28 12:01:15 whyfs service listening on \\.\pipe\whyfs-service
2026-09-28 12:01:15 machine labels: service process 8692 started
2026-09-28 12:01:50 machine labels: service process exited 0
2026-09-28 12:02:18 whyfs service listening on \\.\pipe\whyfs-service
2026-09-28 12:02:18 machine labels: service process 6172 started
2026-09-28 12:02:51 machine labels: service process exited 0
2026-09-28 12:03:20 whyfs service listening on \\.\pipe\whyfs-service
2026-09-28 12:03:20 machine labels: service process 9896 started
2026-09-28 12:03:53 machine labels: service process exited 0
2026-09-28 12:04:27 whyfs service listening on \\.\pipe\whyfs-service
2026-09-28 12:04:27 machine labels: service process 8504 started
2026-09-28 12:04:59 machine labels: service process exited 0
2026-09-28 12:05:28 whyfs service listening on \\.\pipe\whyfs-service
2026-09-28 12:05:28 machine labels: service process 8172 started
2026-09-28 12:06:01 machine labels: service process exited 0
2026-09-28 12:06:31 whyfs service listening on \\.\pipe\whyfs-service
2026-09-28 12:06:31 machine labels: service process 2160 started
2026-09-28 12:07:05 machine labels: service process exited 0
2026-09-28 12:07:34 whyfs service listening on \\.\pipe\whyfs-service
2026-09-28 12:07:34 machine labels: service process 9996 started
2026-09-28 12:08:08 machine labels: service process exited 0
2026-09-28 12:08:39 whyfs service listening on \\.\pipe\whyfs-service
2026-09-28 12:08:39 machine labels: service process 4600 started
2026-09-28 12:09:14 machine labels: service process exited 0
2026-09-28 12:09:45 whyfs service listening on \\.\pipe\whyfs-service
2026-09-28 12:09:45 machine labels: service process 7288 started
2026-09-28 12:10:19 machine labels: service process exited 0
2026-09-28 12:10:48 whyfs service listening on \\.\pipe\whyfs-service
2026-09-28 12:10:48 machine labels: service process 7748 started
2026-09-28 12:11:23 machine labels: service process exited 0
2026-09-28 12:11:52 whyfs service listening on \\.\pipe\whyfs-service
2026-09-28 12:11:52 machine labels: service process 9916 started
2026-09-28 12:12:27 machine labels: service process exited 0
2026-09-28 12:12:56 whyfs service listening on \\.\pipe\whyfs-service
2026-09-28 12:12:56 machine labels: service process 7948 started
2026-09-28 12:13:31 machine labels: service process exited 0
2026-09-28 12:14:01 whyfs service listening on \\.\pipe\whyfs-service
2026-09-28 12:14:01 machine labels: service process 4000 started
2026-09-28 12:14:36 machine labels: service process exited 0
2026-09-28 12:15:04 whyfs service listening on \\.\pipe\whyfs-service
2026-09-28 12:15:04 machine labels: service process 5492 started
2026-09-28 12:15:39 machine labels: service process exited 0
2026-09-28 12:16:07 whyfs service listening on \\.\pipe\whyfs-service
2026-09-28 12:16:07 machine labels: service process 3744 started
2026-09-28 12:16:42 machine labels: service process exited 0
2026-09-28 12:17:10 whyfs service listening on \\.\pipe\whyfs-service
2026-09-28 12:17:10 machine labels: service process 5940 started
2026-09-28 12:17:44 machine labels: service process exited 0
2026-09-28 12:18:13 whyfs service listening on \\.\pipe\whyfs-service
2026-09-28 12:18:13 machine labels: service process 2652 started
2026-09-28 12:18:47 machine labels: service process exited 0
2026-09-28 12:19:16 whyfs service listening on \\.\pipe\whyfs-service
2026-09-28 12:19:16 machine labels: service process 1900 started
2026-09-28 12:19:48 machine labels: service process exited 0
2026-09-28 12:20:17 whyfs service listening on \\.\pipe\whyfs-service
2026-09-28 12:20:17 machine labels: service process 2388 started
2026-09-28 12:20:52 machine labels: service process exited 0
2026-09-28 12:21:21 whyfs service listening on \\.\pipe\whyfs-service
2026-09-28 12:21:21 machine labels: service process 1432 started
2026-09-28 12:21:56 machine labels: service process exited 0
2026-09-28 12:22:25 whyfs service listening on \\.\pipe\whyfs-service
2026-09-28 12:22:25 machine labels: service process 6308 started
2026-09-28 12:23:00 machine labels: service process exited 0
2026-09-28 12:23:29 whyfs service listening on \\.\pipe\whyfs-service
2026-09-28 12:23:29 machine labels: service process 8088 started
2026-09-28 12:24:04 machine labels: service process exited 0
2026-09-28 12:24:33 whyfs service listening on \\.\pipe\whyfs-service
2026-09-28 12:24:33 machine labels: service process 7344 started
2026-09-28 12:25:08 machine labels: service process exited 0
2026-09-28 12:25:37 whyfs service listening on \\.\pipe\whyfs-service
2026-09-28 12:25:37 machine labels: service process 8580 started
2026-09-28 12:26:11 machine labels: service process exited 0
2026-09-28 12:26:39 whyfs service listening on \\.\pipe\whyfs-service
2026-09-28 12:26:39 machine labels: service process 2216 started
2026-09-28 12:27:15 machine labels: service process exited 0
2026-09-28 12:27:43 whyfs service listening on \\.\pipe\whyfs-service
2026-09-28 12:27:43 machine labels: service process 7596 started
2026-09-28 12:28:17 machine labels: service process exited 0
2026-09-28 12:28:44 whyfs service listening on \\.\pipe\whyfs-service
2026-09-28 12:28:44 machine labels: service process 6120 started
2026-09-28 12:29:19 machine labels: service process exited 0
2026-09-28 12:29:46 whyfs service listening on \\.\pipe\whyfs-service
2026-09-28 12:29:46 machine labels: service process 1260 started
2026-09-28 12:30:20 machine labels: service process exited 0
2026-09-28 12:30:48 whyfs service listening on \\.\pipe\whyfs-service
2026-09-28 12:30:48 machine labels: service process 7116 started
2026-09-28 12:31:21 machine labels: service process exited 0
2026-09-28 12:31:51 whyfs service listening on \\.\pipe\whyfs-service
2026-09-28 12:31:51 machine labels: service process 6820 started
2026-09-28 12:32:24 machine labels: service process exited 0
2026-09-28 12:32:54 whyfs service listening on \\.\pipe\whyfs-service
2026-09-28 12:32:54 machine labels: service process 6612 started
2026-09-28 12:33:28 machine labels: service process exited 0
2026-09-28 12:33:56 whyfs service listening on \\.\pipe\whyfs-service
2026-09-28 12:33:56 machine labels: service process 1788 started
2026-09-28 12:34:31 machine labels: service process exited 0
2026-09-28 12:34:58 whyfs service listening on \\.\pipe\whyfs-service
2026-09-28 12:34:58 machine labels: service process 8288 started
2026-09-28 12:35:33 machine labels: service process exited 0
2026-09-28 12:36:01 whyfs service listening on \\.\pipe\whyfs-service
2026-09-28 12:36:01 machine labels: service process 9572 started
2026-09-28 12:36:36 machine labels: service process exited 0
2026-09-28 12:37:04 whyfs service listening on \\.\pipe\whyfs-service
2026-09-28 12:37:04 machine labels: service process 6480 started
2026-09-28 12:37:38 machine labels: service process exited 0
2026-09-28 12:38:07 whyfs service listening on \\.\pipe\whyfs-service
2026-09-28 12:38:07 machine labels: service process 8424 started
2026-09-28 12:38:40 machine labels: service process exited 0
2026-09-28 12:39:08 whyfs service listening on \\.\pipe\whyfs-service
2026-09-28 12:39:08 machine labels: service process 864 started
2026-09-28 12:39:44 machine labels: service process exited 0
2026-09-28 12:40:12 whyfs service listening on \\.\pipe\whyfs-service
2026-09-28 12:40:12 machine labels: service process 1972 started
2026-09-28 12:40:47 machine labels: service process exited 0
2026-09-28 12:41:03 whyfs service listening on \\.\pipe\whyfs-service
2026-09-28 12:41:03 machine labels: service process 5580 started
2026-09-28 12:41:09 machine labels: service process exited 0
2026-09-28 12:41:13 whyfs service listening on \\.\pipe\whyfs-service
2026-09-28 12:41:13 machine labels: service process 3080 started
2026-09-28 12:41:19 machine labels: service process exited 0
2026-09-28 12:41:22 whyfs service listening on \\.\pipe\whyfs-service
2026-09-28 12:41:22 machine labels: service process 3000 started
2026-09-28 12:41:31 machine labels: service process exited 0
2026-09-28 12:41:37 whyfs service listening on \\.\pipe\whyfs-service
2026-09-28 12:41:37 machine labels: service process 1932 started
2026-09-28 12:41:46 machine labels: service process exited 0
2026-09-28 12:41:52 whyfs service listening on \\.\pipe\whyfs-service
2026-09-28 12:41:52 machine labels: service process 832 started
2026-09-28 12:42:01 machine labels: service process exited 0
2026-09-28 12:42:06 whyfs service listening on \\.\pipe\whyfs-service
2026-09-28 12:42:06 machine labels: service process 5640 started
2026-09-28 12:42:15 machine labels: service process exited 0
2026-09-28 12:42:21 whyfs service listening on \\.\pipe\whyfs-service
2026-09-28 12:42:21 machine labels: service process 1748 started
2026-09-28 12:42:30 machine labels: service process exited 0
2026-09-28 12:42:36 whyfs service listening on \\.\pipe\whyfs-service
2026-09-28 12:42:36 machine labels: service process 6904 started
2026-09-28 12:42:45 machine labels: service process exited 0
2026-09-28 12:42:50 whyfs service listening on \\.\pipe\whyfs-service
2026-09-28 12:42:50 machine labels: service process 2480 started
2026-09-28 12:42:59 machine labels: service process exited 0
2026-09-28 12:43:05 whyfs service listening on \\.\pipe\whyfs-service
2026-09-28 12:43:05 machine labels: service process 3676 started
2026-09-28 12:43:15 machine labels: service process exited 0
2026-09-28 12:43:21 whyfs service listening on \\.\pipe\whyfs-service
2026-09-28 12:43:21 machine labels: service process 7932 started
2026-09-28 12:43:30 machine labels: service process exited 0
2026-09-28 12:43:36 whyfs service listening on \\.\pipe\whyfs-service
2026-09-28 12:43:36 machine labels: service process 5908 started
2026-09-28 12:43:45 machine labels: service process exited 0
2026-09-28 12:43:51 whyfs service listening on \\.\pipe\whyfs-service
2026-09-28 12:43:51 machine labels: service process 3360 started
2026-09-28 12:44:00 machine labels: service process exited 0
2026-09-28 12:44:06 whyfs service listening on \\.\pipe\whyfs-service
2026-09-28 12:44:06 machine labels: service process 6572 started
2026-09-28 12:44:15 machine labels: service process exited 0
2026-09-28 12:44:21 whyfs service listening on \\.\pipe\whyfs-service
2026-09-28 12:44:21 machine labels: service process 8724 started
2026-09-28 12:44:30 machine labels: service process exited 0
2026-09-28 12:44:36 whyfs service listening on \\.\pipe\whyfs-service
2026-09-28 12:44:36 machine labels: service process 9440 started
2026-09-28 12:44:45 machine labels: service process exited 0
2026-09-28 12:44:51 whyfs service listening on \\.\pipe\whyfs-service
2026-09-28 12:44:51 machine labels: service process 1228 started
2026-09-28 12:45:00 machine labels: service process exited 0
2026-09-28 12:45:05 whyfs service listening on \\.\pipe\whyfs-service
2026-09-28 12:45:05 machine labels: service process 9484 started
2026-09-28 12:45:14 machine labels: service process exited 0
2026-09-28 12:45:20 whyfs service listening on \\.\pipe\whyfs-service
2026-09-28 12:45:20 machine labels: service process 3760 started
2026-09-28 12:45:29 machine labels: service process exited 0
2026-09-28 12:45:35 whyfs service listening on \\.\pipe\whyfs-service
2026-09-28 12:45:35 machine labels: service process 7444 started
2026-09-28 12:45:44 machine labels: service process exited 0
2026-09-28 12:45:50 whyfs service listening on \\.\pipe\whyfs-service
2026-09-28 12:45:50 machine labels: service process 10164 started
2026-09-28 12:45:59 machine labels: service process exited 0
2026-09-28 12:46:05 whyfs service listening on \\.\pipe\whyfs-service
2026-09-28 12:46:05 machine labels: service process 10200 started
2026-09-28 12:46:15 machine labels: service process exited 0
2026-09-28 12:46:20 whyfs service listening on \\.\pipe\whyfs-service
2026-09-28 12:46:20 machine labels: service process 6876 started
2026-09-28 12:46:30 machine labels: service process exited 0
2026-09-28 12:46:36 whyfs service listening on \\.\pipe\whyfs-service
2026-09-28 12:46:36 machine labels: service process 7724 started
2026-09-28 12:46:45 machine labels: service process exited 0
2026-09-28 12:46:51 whyfs service listening on \\.\pipe\whyfs-service
2026-09-28 12:46:51 machine labels: service process 4064 started
2026-09-28 12:47:00 machine labels: service process exited 0
2026-09-28 12:47:06 whyfs service listening on \\.\pipe\whyfs-service
2026-09-28 12:47:06 machine labels: service process 6192 started
2026-09-28 12:47:15 machine labels: service process exited 0
2026-09-28 12:47:21 whyfs service listening on \\.\pipe\whyfs-service
2026-09-28 12:47:21 machine labels: service process 8484 started
2026-09-28 12:47:30 machine labels: service process exited 0
2026-09-28 12:47:36 whyfs service listening on \\.\pipe\whyfs-service
2026-09-28 12:47:36 machine labels: service process 9040 started
2026-09-28 12:47:45 machine labels: service process exited 0
2026-09-28 12:47:51 whyfs service listening on \\.\pipe\whyfs-service
2026-09-28 12:47:51 machine labels: service process 7724 started
2026-09-28 12:48:00 machine labels: service process exited 0
2026-09-28 12:48:05 whyfs service listening on \\.\pipe\whyfs-service
2026-09-28 12:48:05 machine labels: service process 5588 started
2026-09-28 12:48:15 machine labels: service process exited 0
2026-09-28 12:48:20 whyfs service listening on \\.\pipe\whyfs-service
2026-09-28 12:48:20 machine labels: service process 4504 started
2026-09-28 12:48:30 machine labels: service process exited 0
2026-09-28 12:48:35 whyfs service listening on \\.\pipe\whyfs-service
2026-09-28 12:48:35 machine labels: service process 7864 started
2026-09-28 12:48:44 machine labels: service process exited 0
2026-09-28 12:48:50 whyfs service listening on \\.\pipe\whyfs-service
2026-09-28 12:48:50 machine labels: service process 1748 started
2026-09-28 12:48:59 machine labels: service process exited 0
2026-09-28 12:49:05 whyfs service listening on \\.\pipe\whyfs-service
2026-09-28 12:49:05 machine labels: service process 4108 started
2026-09-28 12:49:14 machine labels: service process exited 0
2026-09-28 12:49:20 whyfs service listening on \\.\pipe\whyfs-service
2026-09-28 12:49:20 machine labels: service process 868 started
2026-09-28 12:49:29 machine labels: service process exited 0
2026-09-28 12:49:35 whyfs service listening on \\.\pipe\whyfs-service
2026-09-28 12:49:35 machine labels: service process 1300 started
2026-09-28 12:49:44 machine labels: service process exited 0
2026-09-28 12:49:50 whyfs service listening on \\.\pipe\whyfs-service
2026-09-28 12:49:50 machine labels: service process 8188 started
2026-09-28 12:49:59 machine labels: service process exited 0
2026-09-28 12:50:05 whyfs service listening on \\.\pipe\whyfs-service
2026-09-28 12:50:05 machine labels: service process 9972 started
2026-09-28 12:50:14 machine labels: service process exited 0
2026-09-28 12:50:20 whyfs service listening on \\.\pipe\whyfs-service
2026-09-28 12:50:20 machine labels: service process 8448 started
2026-09-28 12:50:29 machine labels: service process exited 0
2026-09-28 12:50:35 whyfs service listening on \\.\pipe\whyfs-service
2026-09-28 12:50:35 machine labels: service process 9360 started
2026-09-28 12:50:45 machine labels: service process exited 0
2026-09-28 12:50:50 whyfs service listening on \\.\pipe\whyfs-service
2026-09-28 12:50:50 machine labels: service process 2696 started
2026-09-28 12:51:00 machine labels: service process exited 0
2026-09-28 12:51:05 whyfs service listening on \\.\pipe\whyfs-service
2026-09-28 12:51:05 machine labels: service process 3508 started
2026-09-28 12:51:15 machine labels: service process exited 0
2026-09-28 12:51:20 whyfs service listening on \\.\pipe\whyfs-service
2026-09-28 12:51:20 machine labels: service process 1904 started
2026-09-28 12:51:29 machine labels: service process exited 0
2026-09-28 12:51:35 whyfs service listening on \\.\pipe\whyfs-service
2026-09-28 12:51:35 machine labels: service process 1248 started
2026-09-28 12:51:44 machine labels: service process exited 0
2026-09-28 12:51:50 whyfs service listening on \\.\pipe\whyfs-service
2026-09-28 12:51:50 machine labels: service process 416 started
2026-09-28 12:51:59 machine labels: service process exited 0
2026-09-28 12:52:04 whyfs service listening on \\.\pipe\whyfs-service
2026-09-28 12:52:04 machine labels: service process 10104 started
2026-09-28 12:52:13 machine labels: service process exited 0
2026-09-28 12:52:19 whyfs service listening on \\.\pipe\whyfs-service
2026-09-28 12:52:19 machine labels: service process 8276 started
2026-09-28 12:52:28 machine labels: service process exited 0
2026-09-28 12:52:33 whyfs service listening on \\.\pipe\whyfs-service
2026-09-28 12:52:33 machine labels: service process 7556 started
2026-09-28 12:52:42 machine labels: service process exited 0
2026-09-28 12:52:48 whyfs service listening on \\.\pipe\whyfs-service
2026-09-28 12:52:48 machine labels: service process 4076 started
2026-09-28 12:52:57 machine labels: service process exited 0
2026-09-28 12:53:03 whyfs service listening on \\.\pipe\whyfs-service
2026-09-28 12:53:03 machine labels: service process 9916 started
2026-09-28 12:53:12 machine labels: service process exited 0
2026-09-28 12:53:17 whyfs service listening on \\.\pipe\whyfs-service
2026-09-28 12:53:17 machine labels: service process 9316 started
2026-09-28 12:53:27 machine labels: service process exited 0
2026-09-28 12:53:32 whyfs service listening on \\.\pipe\whyfs-service
2026-09-28 12:53:32 machine labels: service process 5700 started
2026-09-28 12:53:41 machine labels: service process exited 0
2026-09-28 12:53:47 whyfs service listening on \\.\pipe\whyfs-service
2026-09-28 12:53:47 machine labels: service process 9192 started
2026-09-28 12:53:56 machine labels: service process exited 0
2026-09-28 12:54:02 whyfs service listening on \\.\pipe\whyfs-service
2026-09-28 12:54:02 machine labels: service process 2976 started
2026-09-28 12:54:11 machine labels: service process exited 0
2026-09-28 12:54:16 whyfs service listening on \\.\pipe\whyfs-service
2026-09-28 12:54:16 machine labels: service process 5236 started
2026-09-28 12:54:26 machine labels: service process exited 0
2026-09-28 12:54:31 whyfs service listening on \\.\pipe\whyfs-service
2026-09-28 12:54:31 machine labels: service process 2956 started
2026-09-28 12:54:40 machine labels: service process exited 0
2026-09-28 12:54:46 whyfs service listening on \\.\pipe\whyfs-service
2026-09-28 12:54:46 machine labels: service process 6212 started
2026-09-28 12:54:55 machine labels: service process exited 0
2026-09-28 12:55:01 whyfs service listening on \\.\pipe\whyfs-service
2026-09-28 12:55:01 machine labels: service process 3952 started
2026-09-28 12:55:10 machine labels: service process exited 0
2026-09-28 12:55:16 whyfs service listening on \\.\pipe\whyfs-service
2026-09-28 12:55:16 machine labels: service process 4616 started
2026-09-28 12:55:25 machine labels: service process exited 0
2026-09-28 12:55:30 whyfs service listening on \\.\pipe\whyfs-service
2026-09-28 12:55:30 machine labels: service process 5184 started
2026-09-28 12:55:40 machine labels: service process exited 0
2026-09-28 12:55:45 whyfs service listening on \\.\pipe\whyfs-service
2026-09-28 12:55:45 machine labels: service process 2384 started
2026-09-28 12:55:54 machine labels: service process exited 0
2026-09-28 12:56:00 whyfs service listening on \\.\pipe\whyfs-service
2026-09-28 12:56:00 machine labels: service process 3460 started
2026-09-28 12:56:09 machine labels: service process exited 0
2026-09-28 12:56:15 whyfs service listening on \\.\pipe\whyfs-service
2026-09-28 12:56:15 machine labels: service process 772 started
2026-09-28 12:56:24 machine labels: service process exited 0
2026-09-28 12:56:29 whyfs service listening on \\.\pipe\whyfs-service
2026-09-28 12:56:29 machine labels: service process 6044 started
2026-09-28 12:56:38 machine labels: service process exited 0
2026-09-28 12:56:44 whyfs service listening on \\.\pipe\whyfs-service
2026-09-28 12:56:44 machine labels: service process 5132 started
2026-09-28 12:56:53 machine labels: service process exited 0
2026-09-28 12:56:59 whyfs service listening on \\.\pipe\whyfs-service
2026-09-28 12:56:59 machine labels: service process 9124 started
2026-09-28 12:57:08 machine labels: service process exited 0
2026-09-28 12:57:13 whyfs service listening on \\.\pipe\whyfs-service
2026-09-28 12:57:13 machine labels: service process 3904 started
2026-09-28 12:57:22 machine labels: service process exited 0
2026-09-28 12:57:28 whyfs service listening on \\.\pipe\whyfs-service
2026-09-28 12:57:28 machine labels: service process 5324 started
2026-09-28 12:57:37 machine labels: service process exited 0
2026-09-28 12:57:43 whyfs service listening on \\.\pipe\whyfs-service
2026-09-28 12:57:43 machine labels: service process 2140 started
2026-09-28 12:57:52 machine labels: service process exited 0
2026-09-28 12:57:57 whyfs service listening on \\.\pipe\whyfs-service
2026-09-28 12:57:57 machine labels: service process 3108 started
2026-09-28 12:58:07 machine labels: service process exited 0
2026-09-28 12:58:12 whyfs service listening on \\.\pipe\whyfs-service
2026-09-28 12:58:12 machine labels: service process 6724 started
2026-09-28 12:58:21 machine labels: service process exited 0
2026-09-28 12:58:27 whyfs service listening on \\.\pipe\whyfs-service
2026-09-28 12:58:27 machine labels: service process 1012 started
2026-09-28 12:58:36 machine labels: service process exited 0
2026-09-28 12:58:42 whyfs service listening on \\.\pipe\whyfs-service
2026-09-28 12:58:42 machine labels: service process 1820 started
2026-09-28 12:58:52 machine labels: service process exited 0
2026-09-28 12:58:57 whyfs service listening on \\.\pipe\whyfs-service
2026-09-28 12:58:57 machine labels: service process 4632 started
2026-09-28 12:59:06 machine labels: service process exited 0
2026-09-28 12:59:12 whyfs service listening on \\.\pipe\whyfs-service
2026-09-28 12:59:12 machine labels: service process 9460 started
2026-09-28 12:59:21 machine labels: service process exited 0
2026-09-28 12:59:27 whyfs service listening on \\.\pipe\whyfs-service
2026-09-28 12:59:27 machine labels: service process 9908 started
2026-09-28 12:59:36 machine labels: service process exited 0
2026-09-28 12:59:42 whyfs service listening on \\.\pipe\whyfs-service
2026-09-28 12:59:42 machine labels: service process 9912 started
2026-09-28 12:59:51 machine labels: service process exited 0
2026-09-28 13:00:04 whyfs service listening on \\.\pipe\whyfs-service
2026-09-28 13:00:04 machine labels: service process 4628 started
2026-09-28 13:00:18 machine labels: service process exited 0
2026-09-28 13:00:30 whyfs service listening on \\.\pipe\whyfs-service
2026-09-28 13:00:30 machine labels: service process 8544 started
2026-09-28 13:00:44 machine labels: service process exited 0
2026-09-28 13:00:53 whyfs service listening on \\.\pipe\whyfs-service
2026-09-28 13:00:53 machine labels: service process 9512 started
2026-09-28 13:01:17 machine labels: service process exited 0
2026-09-28 13:01:37 whyfs service listening on \\.\pipe\whyfs-service
2026-09-28 13:01:37 machine labels: service process 5548 started
2026-09-28 13:02:01 machine labels: service process exited 0
2026-09-28 13:02:21 whyfs service listening on \\.\pipe\whyfs-service
2026-09-28 13:02:21 machine labels: service process 1680 started
2026-09-28 13:02:44 machine labels: service process exited 0
2026-09-28 13:03:16 whyfs service listening on \\.\pipe\whyfs-service
2026-09-28 13:03:16 machine labels: service process 3740 started
2026-09-28 13:03:55 machine labels: service process exited 0
2026-09-28 13:04:27 whyfs service listening on \\.\pipe\whyfs-service
2026-09-28 13:04:27 machine labels: service process 612 started
2026-09-28 13:05:03 machine labels: service process exited 0
2026-09-28 13:05:31 whyfs service listening on \\.\pipe\whyfs-service
2026-09-28 13:05:31 machine labels: service process 9952 started
2026-09-28 13:06:03 machine labels: service process exited 0
2026-09-28 13:06:24 whyfs service listening on \\.\pipe\whyfs-service
2026-09-28 13:06:24 machine labels: service process 10136 started
2026-09-28 13:06:48 machine labels: service process exited 0
2026-09-28 13:07:09 whyfs service listening on \\.\pipe\whyfs-service
2026-09-28 13:07:09 machine labels: service process 1956 started
2026-09-28 13:07:37 machine labels: service process exited 0
2026-09-28 13:07:57 whyfs service listening on \\.\pipe\whyfs-service
2026-09-28 13:07:57 machine labels: service process 8512 started
2026-09-28 13:08:27 machine labels: service process exited 0
2026-09-28 13:08:45 whyfs service listening on \\.\pipe\whyfs-service
2026-09-28 13:08:45 machine labels: service process 4616 started
2026-09-28 13:09:11 machine labels: service process exited 0
2026-09-28 13:09:30 whyfs service listening on \\.\pipe\whyfs-service
2026-09-28 13:09:30 machine labels: service process 3804 started
2026-09-28 13:09:55 machine labels: service process exited 0
2026-09-28 13:10:16 whyfs service listening on \\.\pipe\whyfs-service
2026-09-28 13:10:16 machine labels: service process 6416 started
2026-09-28 13:10:38 machine labels: service process exited 0
2026-09-28 13:10:58 whyfs service listening on \\.\pipe\whyfs-service
2026-09-28 13:10:58 machine labels: service process 1752 started
2026-09-28 13:11:24 machine labels: service process exited 0
2026-09-28 13:11:44 whyfs service listening on \\.\pipe\whyfs-service
2026-09-28 13:11:44 machine labels: service process 816 started
2026-09-28 13:12:10 machine labels: service process exited 0
2026-09-28 13:12:31 whyfs service listening on \\.\pipe\whyfs-service
2026-09-28 13:12:31 machine labels: service process 2956 started
2026-09-28 13:12:59 machine labels: service process exited 0
2026-09-28 13:13:19 whyfs service listening on \\.\pipe\whyfs-service
2026-09-28 13:13:19 machine labels: service process 1260 started
2026-09-28 13:13:46 machine labels: service process exited 0
2026-09-28 13:14:06 whyfs service listening on \\.\pipe\whyfs-service
2026-09-28 13:14:06 machine labels: service process 8412 started
2026-09-28 13:14:34 machine labels: service process exited 0
2026-09-28 13:14:54 whyfs service listening on \\.\pipe\whyfs-service
2026-09-28 13:14:54 machine labels: service process 816 started
2026-09-28 13:15:21 machine labels: service process exited 0
2026-09-28 13:15:41 whyfs service listening on \\.\pipe\whyfs-service
2026-09-28 13:15:41 machine labels: service process 1756 started
2026-09-28 13:16:07 machine labels: service process exited 0
2026-09-28 13:16:28 whyfs service listening on \\.\pipe\whyfs-service
2026-09-28 13:16:28 machine labels: service process 1028 started
2026-09-28 13:16:54 machine labels: service process exited 0
2026-09-28 13:17:15 whyfs service listening on \\.\pipe\whyfs-service
2026-09-28 13:17:15 machine labels: service process 2404 started
2026-09-28 13:17:42 machine labels: service process exited 0
2026-09-28 13:18:03 whyfs service listening on \\.\pipe\whyfs-service
2026-09-28 13:18:03 machine labels: service process 5628 started
2026-09-28 13:18:29 machine labels: service process exited 0
2026-09-28 13:18:52 whyfs service listening on \\.\pipe\whyfs-service
2026-09-28 13:18:52 machine labels: service process 3648 started
2026-09-28 13:19:17 machine labels: service process exited 0
2026-09-28 13:19:40 whyfs service listening on \\.\pipe\whyfs-service
2026-09-28 13:19:40 machine labels: service process 7464 started
2026-09-28 13:20:04 machine labels: service process exited 0
2026-09-28 13:20:24 whyfs service listening on \\.\pipe\whyfs-service
2026-09-28 13:20:24 machine labels: service process 1936 started
2026-09-28 13:20:50 machine labels: service process exited 0
2026-09-28 13:21:11 whyfs service listening on \\.\pipe\whyfs-service
2026-09-28 13:21:11 machine labels: service process 9252 started
2026-09-28 13:21:36 machine labels: service process exited 0
2026-09-28 13:21:55 whyfs service listening on \\.\pipe\whyfs-service
2026-09-28 13:21:55 machine labels: service process 3356 started
2026-09-28 13:22:22 machine labels: service process exited 0
2026-09-28 13:22:44 whyfs service listening on \\.\pipe\whyfs-service
2026-09-28 13:22:44 machine labels: service process 3520 started
2026-09-28 13:23:11 machine labels: service process exited 0
2026-09-28 13:23:32 whyfs service listening on \\.\pipe\whyfs-service
2026-09-28 13:23:32 machine labels: service process 4600 started
2026-09-28 13:24:01 machine labels: service process exited 0
2026-09-28 13:24:22 whyfs service listening on \\.\pipe\whyfs-service
2026-09-28 13:24:22 machine labels: service process 6052 started
2026-09-28 13:24:49 machine labels: service process exited 0
2026-09-28 13:25:08 whyfs service listening on \\.\pipe\whyfs-service
2026-09-28 13:25:08 machine labels: service process 6348 started
2026-09-28 13:25:35 machine labels: service process exited 0
2026-09-28 13:25:55 whyfs service listening on \\.\pipe\whyfs-service
2026-09-28 13:25:55 machine labels: service process 7064 started
2026-09-28 13:26:21 machine labels: service process exited 0
2026-09-28 13:26:43 whyfs service listening on \\.\pipe\whyfs-service
2026-09-28 13:26:43 machine labels: service process 2312 started
2026-09-28 13:27:09 machine labels: service process exited 0
2026-09-28 13:27:30 whyfs service listening on \\.\pipe\whyfs-service
2026-09-28 13:27:30 machine labels: service process 2432 started
2026-09-28 13:27:57 machine labels: service process exited 0
2026-09-28 13:28:20 whyfs service listening on \\.\pipe\whyfs-service
2026-09-28 13:28:20 machine labels: service process 4128 started
2026-09-28 13:28:48 machine labels: service process exited 0
2026-09-28 13:29:10 whyfs service listening on \\.\pipe\whyfs-service
2026-09-28 13:29:10 machine labels: service process 1124 started
2026-09-28 13:29:36 machine labels: service process exited 0
2026-09-28 13:29:54 whyfs service listening on \\.\pipe\whyfs-service
2026-09-28 13:29:54 machine labels: service process 2408 started
2026-09-28 13:30:22 machine labels: service process exited 0
2026-09-28 13:30:42 whyfs service listening on \\.\pipe\whyfs-service
2026-09-28 13:30:42 machine labels: service process 2856 started
2026-09-28 13:31:09 machine labels: service process exited 0
2026-09-28 13:31:28 whyfs service listening on \\.\pipe\whyfs-service
2026-09-28 13:31:28 machine labels: service process 548 started
2026-09-28 13:31:55 machine labels: service process exited 0
2026-09-28 13:32:13 whyfs service listening on \\.\pipe\whyfs-service
2026-09-28 13:32:13 machine labels: service process 4036 started
2026-09-28 13:32:40 machine labels: service process exited 0
2026-09-28 13:33:00 whyfs service listening on \\.\pipe\whyfs-service
2026-09-28 13:33:00 machine labels: service process 8180 started
2026-09-28 13:33:27 machine labels: service process exited 0
2026-09-28 13:33:45 whyfs service listening on \\.\pipe\whyfs-service
2026-09-28 13:33:45 machine labels: service process 5588 started
2026-09-28 13:34:12 machine labels: service process exited 0
2026-09-28 13:34:32 whyfs service listening on \\.\pipe\whyfs-service
2026-09-28 13:34:32 machine labels: service process 8184 started
2026-09-28 13:35:00 machine labels: service process exited 0
2026-09-28 13:35:19 whyfs service listening on \\.\pipe\whyfs-service
2026-09-28 13:35:19 machine labels: service process 3652 started
2026-09-28 13:35:46 machine labels: service process exited 0
2026-09-28 13:36:05 whyfs service listening on \\.\pipe\whyfs-service
2026-09-28 13:36:05 machine labels: service process 3968 started
2026-09-28 13:36:33 machine labels: service process exited 0
2026-09-28 13:36:54 whyfs service listening on \\.\pipe\whyfs-service
2026-09-28 13:36:54 machine labels: service process 7104 started
2026-09-28 13:37:22 machine labels: service process exited 0
2026-09-28 13:37:43 whyfs service listening on \\.\pipe\whyfs-service
2026-09-28 13:37:43 machine labels: service process 6552 started
2026-09-28 13:38:12 machine labels: service process exited 0
2026-09-28 13:38:30 whyfs service listening on \\.\pipe\whyfs-service
2026-09-28 13:38:30 machine labels: service process 8516 started
2026-09-28 13:38:54 machine labels: service process exited 0
2026-09-28 13:39:14 whyfs service listening on \\.\pipe\whyfs-service
2026-09-28 13:39:14 machine labels: service process 6648 started
2026-09-28 13:39:39 machine labels: service process exited 0
2026-09-28 13:39:59 whyfs service listening on \\.\pipe\whyfs-service
2026-09-28 13:39:59 machine labels: service process 2668 started
2026-09-28 13:40:24 machine labels: service process exited 0
2026-09-28 13:40:44 whyfs service listening on \\.\pipe\whyfs-service
2026-09-28 13:40:44 machine labels: service process 1964 started
2026-09-28 13:41:10 machine labels: service process exited 0
2026-09-28 13:41:30 whyfs service listening on \\.\pipe\whyfs-service
2026-09-28 13:41:30 machine labels: service process 8612 started
2026-09-28 13:41:55 machine labels: service process exited 0
2026-09-28 13:42:16 whyfs service listening on \\.\pipe\whyfs-service
2026-09-28 13:42:16 machine labels: service process 8800 started
2026-09-28 13:42:42 machine labels: service process exited 0
2026-09-28 13:43:03 whyfs service listening on \\.\pipe\whyfs-service
2026-09-28 13:43:03 machine labels: service process 5404 started
2026-09-28 13:43:28 machine labels: service process exited 0
2026-09-28 13:43:50 whyfs service listening on \\.\pipe\whyfs-service
2026-09-28 13:43:50 machine labels: service process 4544 started
2026-09-28 13:44:15 machine labels: service process exited 0
2026-09-28 13:44:36 whyfs service listening on \\.\pipe\whyfs-service
2026-09-28 13:44:36 machine labels: service process 6412 started
2026-09-28 13:45:04 machine labels: service process exited 0
2026-09-28 13:45:26 whyfs service listening on \\.\pipe\whyfs-service
2026-09-28 13:45:26 machine labels: service process 8152 started
2026-09-28 13:45:55 machine labels: service process exited 0
2026-09-28 13:46:17 whyfs service listening on \\.\pipe\whyfs-service
2026-09-28 13:46:17 machine labels: service process 8380 started
2026-09-28 13:46:45 machine labels: service process exited 0
2026-09-28 13:47:06 whyfs service listening on \\.\pipe\whyfs-service
2026-09-28 13:47:06 machine labels: service process 548 started
2026-09-28 13:47:33 machine labels: service process exited 0
2026-09-28 13:47:54 whyfs service listening on \\.\pipe\whyfs-service
2026-09-28 13:47:54 machine labels: service process 5516 started
2026-09-28 13:48:21 machine labels: service process exited 0
2026-09-28 13:48:42 whyfs service listening on \\.\pipe\whyfs-service
2026-09-28 13:48:42 machine labels: service process 3372 started
2026-09-28 13:49:07 machine labels: service process exited 0
2026-09-28 13:49:29 whyfs service listening on \\.\pipe\whyfs-service
2026-09-28 13:49:29 machine labels: service process 1920 started
2026-09-28 13:49:56 machine labels: service process exited 0
2026-09-28 13:50:16 whyfs service listening on \\.\pipe\whyfs-service
2026-09-28 13:50:16 machine labels: service process 1184 started
2026-09-28 13:50:43 machine labels: service process exited 0
2026-09-28 13:51:03 whyfs service listening on \\.\pipe\whyfs-service
2026-09-28 13:51:03 machine labels: service process 7312 started
2026-09-28 13:51:30 machine labels: service process exited 0
2026-09-28 13:51:48 whyfs service listening on \\.\pipe\whyfs-service
2026-09-28 13:51:48 machine labels: service process 6864 started
2026-09-28 13:52:14 machine labels: service process exited 0
2026-09-28 13:52:33 whyfs service listening on \\.\pipe\whyfs-service
2026-09-28 13:52:33 machine labels: service process 7012 started
2026-09-28 13:53:00 machine labels: service process exited 0
2026-09-28 13:53:18 whyfs service listening on \\.\pipe\whyfs-service
2026-09-28 13:53:18 machine labels: service process 4724 started
2026-09-28 13:53:45 machine labels: service process exited 0
2026-09-28 13:54:04 whyfs service listening on \\.\pipe\whyfs-service
2026-09-28 13:54:04 machine labels: service process 9684 started
2026-09-28 13:54:28 machine labels: service process exited 0
2026-09-28 13:54:49 whyfs service listening on \\.\pipe\whyfs-service
2026-09-28 13:54:49 machine labels: service process 7060 started
2026-09-28 13:55:15 machine labels: service process exited 0
2026-09-28 13:55:35 whyfs service listening on \\.\pipe\whyfs-service
2026-09-28 13:55:35 machine labels: service process 8668 started
2026-09-28 13:56:02 machine labels: service process exited 0
2026-09-28 13:56:23 whyfs service listening on \\.\pipe\whyfs-service
2026-09-28 13:56:23 machine labels: service process 6000 started
2026-09-28 13:56:49 machine labels: service process exited 0
2026-09-28 13:57:08 whyfs service listening on \\.\pipe\whyfs-service
2026-09-28 13:57:08 machine labels: service process 6708 started
2026-09-28 13:57:35 machine labels: service process exited 0
2026-09-28 13:57:54 whyfs service listening on \\.\pipe\whyfs-service
2026-09-28 13:57:54 machine labels: service process 1680 started
2026-09-28 13:58:22 machine labels: service process exited 0
2026-09-28 13:58:42 whyfs service listening on \\.\pipe\whyfs-service
2026-09-28 13:58:42 machine labels: service process 8404 started
2026-09-28 13:59:10 machine labels: service process exited 0
2026-09-28 13:59:29 whyfs service listening on \\.\pipe\whyfs-service
2026-09-28 13:59:29 machine labels: service process 5440 started
2026-09-28 13:59:56 machine labels: service process exited 0
2026-09-28 14:00:05 whyfs service listening on \\.\pipe\whyfs-service
2026-09-28 14:00:05 machine labels: service process 4544 started
2026-09-28 14:00:38 machine labels: service process exited 0
2026-09-28 14:00:50 whyfs service listening on \\.\pipe\whyfs-service
2026-09-28 14:00:50 machine labels: service process 5196 started
2026-09-28 14:01:05 machine labels: service process exited 0
2026-09-28 14:01:14 whyfs service listening on \\.\pipe\whyfs-service
2026-09-28 14:01:14 machine labels: service process 3672 started
2026-09-28 14:01:40 machine labels: service process exited 0
2026-09-28 14:02:01 whyfs service listening on \\.\pipe\whyfs-service
2026-09-28 14:02:01 machine labels: service process 1180 started
2026-09-28 14:02:27 machine labels: service process exited 0
2026-09-28 14:02:46 whyfs service listening on \\.\pipe\whyfs-service
2026-09-28 14:02:46 machine labels: service process 8068 started
2026-09-28 14:03:14 machine labels: service process exited 0
2026-09-28 14:03:34 whyfs service listening on \\.\pipe\whyfs-service
2026-09-28 14:03:34 machine labels: service process 7792 started
2026-09-28 14:04:01 machine labels: service process exited 0
2026-09-28 14:04:19 whyfs service listening on \\.\pipe\whyfs-service
2026-09-28 14:04:19 machine labels: service process 5524 started
2026-09-28 14:04:46 machine labels: service process exited 0
2026-09-28 14:05:07 whyfs service listening on \\.\pipe\whyfs-service
2026-09-28 14:05:07 machine labels: service process 4736 started
2026-09-28 14:05:34 machine labels: service process exited 0
2026-09-28 14:05:52 whyfs service listening on \\.\pipe\whyfs-service
2026-09-28 14:05:52 machine labels: service process 3008 started
2026-09-28 14:06:20 machine labels: service process exited 0
2026-09-28 14:06:38 whyfs service listening on \\.\pipe\whyfs-service
2026-09-28 14:06:38 machine labels: service process 888 started
2026-09-28 14:07:06 machine labels: service process exited 0
2026-09-28 14:07:27 whyfs service listening on \\.\pipe\whyfs-service
2026-09-28 14:07:27 machine labels: service process 9872 started
2026-09-28 14:07:55 machine labels: service process exited 0
2026-09-28 14:08:17 whyfs service listening on \\.\pipe\whyfs-service
2026-09-28 14:08:17 machine labels: service process 4460 started
2026-09-28 14:08:43 machine labels: service process exited 0
2026-09-28 14:08:55 whyfs service listening on \\.\pipe\whyfs-service
2026-09-28 14:08:55 machine labels: service process 8844 started
2026-09-28 14:09:20 machine labels: service process exited 0
2026-09-28 14:09:33 whyfs service listening on \\.\pipe\whyfs-service
2026-09-28 14:09:33 machine labels: service process 9384 started
2026-09-28 14:09:48 machine labels: service process exited 0
2026-09-28 14:09:59 whyfs service listening on \\.\pipe\whyfs-service
2026-09-28 14:09:59 machine labels: service process 1996 started
2026-09-28 14:10:25 machine labels: service process exited 0
2026-09-28 14:10:44 whyfs service listening on \\.\pipe\whyfs-service
2026-09-28 14:10:44 machine labels: service process 9816 started
2026-09-28 14:11:11 machine labels: service process exited 0
2026-09-28 14:11:31 whyfs service listening on \\.\pipe\whyfs-service
2026-09-28 14:11:31 machine labels: service process 10208 started
2026-09-28 14:11:56 machine labels: service process exited 0
2026-09-28 14:12:24 whyfs service listening on \\.\pipe\whyfs-service
2026-09-28 14:12:24 machine labels: service process 1144 started
2026-09-28 14:12:47 machine labels: service process exited 0
2026-09-28 14:13:09 whyfs service listening on \\.\pipe\whyfs-service
2026-09-28 14:13:09 machine labels: service process 1788 started
2026-09-28 14:13:31 machine labels: service process exited 0
2026-09-28 14:13:53 whyfs service listening on \\.\pipe\whyfs-service
2026-09-28 14:13:53 machine labels: service process 4092 started
2026-09-28 14:14:15 machine labels: service process exited 0
2026-09-28 14:14:35 whyfs service listening on \\.\pipe\whyfs-service
2026-09-28 14:14:36 machine labels: service process 8484 started
2026-09-28 14:15:01 machine labels: service process exited 0
2026-09-28 14:15:22 whyfs service listening on \\.\pipe\whyfs-service
2026-09-28 14:15:22 machine labels: service process 7064 started
2026-09-28 14:15:49 machine labels: service process exited 0
2026-09-28 14:16:08 whyfs service listening on \\.\pipe\whyfs-service
2026-09-28 14:16:08 machine labels: service process 2912 started
2026-09-28 14:16:35 machine labels: service process exited 0
2026-09-28 14:16:54 whyfs service listening on \\.\pipe\whyfs-service
2026-09-28 14:16:54 machine labels: service process 10164 started
2026-09-28 14:17:21 machine labels: service process exited 0
2026-09-28 14:17:32 whyfs service listening on \\.\pipe\whyfs-service
2026-09-28 14:17:32 machine labels: service process 5064 started
2026-09-28 14:17:43 machine labels: service process exited 0
2026-09-28 14:18:01 whyfs service listening on \\.\pipe\whyfs-service
2026-09-28 14:18:01 machine labels: service process 5884 started
2026-09-28 14:18:24 machine labels: service process exited 0
2026-09-28 14:18:43 whyfs service listening on \\.\pipe\whyfs-service
2026-09-28 14:18:43 machine labels: service process 9960 started
2026-09-28 14:19:24 machine labels: service process exited 0
2026-09-28 14:20:00 whyfs service listening on \\.\pipe\whyfs-service
2026-09-28 14:20:00 machine labels: service process 5436 started
2026-09-28 14:20:42 machine labels: service process exited 0
2026-09-28 14:21:18 whyfs service listening on \\.\pipe\whyfs-service
2026-09-28 14:21:18 machine labels: service process 2500 started
2026-09-28 14:21:59 machine labels: service process exited 0
2026-09-28 14:22:34 whyfs service listening on \\.\pipe\whyfs-service
2026-09-28 14:22:34 machine labels: service process 8764 started
2026-09-28 14:23:16 machine labels: service process exited 0
2026-09-28 14:23:51 whyfs service listening on \\.\pipe\whyfs-service
2026-09-28 14:23:51 machine labels: service process 1752 started
2026-09-28 14:24:31 machine labels: service process exited 0
2026-09-28 14:24:49 whyfs service listening on \\.\pipe\whyfs-service
2026-09-28 14:24:49 machine labels: service process 7872 started
