2026-09-28 09:15:37 whyfs service listening on \\.\pipe\whyfs-service
2026-09-28 09:15:37 machine labels: service process 9044 started
2026-09-28 09:15:56 start C:\Users\runneradmin\AppData\Local\Temp\whyfs-msi-user-ws pid 6836 session whyfs-201334dc62424c6d user S-1-5-21-2615846702-2260884330-149277722-500
2026-09-28 09:15:58 stop C:\Users\runneradmin\AppData\Local\Temp\whyfs-msi-user-ws exit 0
2026-09-28 09:16:00 machine labels: service process exited 0
2026-09-28 09:16:04 whyfs service listening on \\.\pipe\whyfs-service
2026-09-28 09:16:04 machine labels: service process 4820 started
2026-09-28 09:16:05 start C:\Users\runneradmin\AppData\Local\Temp\whyfs-upgrade-ws pid 4124 session whyfs-abe1fad5a47b91d8 user S-1-5-21-2615846702-2260884330-149277722-500
2026-09-28 09:16:06 stop C:\Users\runneradmin\AppData\Local\Temp\whyfs-upgrade-ws exit 0
2026-09-28 09:16:08 machine labels: service process exited 0
2026-09-28 09:16:09 whyfs service listening on \\.\pipe\whyfs-service
2026-09-28 09:16:09 machine labels: service process 7712 started
2026-09-28 09:16:10 start C:\Users\runneradmin\AppData\Local\Temp\whyfs-upgrade-ws pid 3904 session whyfs-abe1fad5a47b91d8 user S-1-5-21-2615846702-2260884330-149277722-500
2026-09-28 09:16:12 stop C:\Users\runneradmin\AppData\Local\Temp\whyfs-upgrade-ws exit 0
2026-09-28 09:16:15 machine labels: service process exited 0
2026-09-28 09:16:35 whyfs service listening on \\.\pipe\whyfs-service
2026-09-28 09:16:35 machine labels: service process 1652 started
2026-09-28 09:17:14 stopped orphaned ETW session whyfs-machine (rc 0)
2026-09-28 09:17:14 stopped orphaned ETW session whyfs-machine-sys (rc 0)
2026-09-28 09:17:14 whyfs service listening on \\.\pipe\whyfs-service
2026-09-28 09:17:14 machine labels: service process 9356 started
2026-09-28 09:17:30 start C:\Users\runneradmin\whyfs-outage-84c8b8a9\workspace-capture pid 1896 session whyfs-1c3cb034e3a1b6cc user S-1-5-21-2615846702-2260884330-149277722-500
2026-09-28 09:17:30 stop C:\Users\runneradmin\whyfs-outage-84c8b8a9\workspace-capture exit 0
2026-09-28 09:18:17 start C:\Users\runneradmin\AppData\Local\Temp\whyfs-corpus-uf2re8yr pid 4828 session whyfs-d9c54ef5d483d8a9 user S-1-5-21-2615846702-2260884330-149277722-500
2026-09-28 09:18:20 stop C:\Users\runneradmin\AppData\Local\Temp\whyfs-corpus-uf2re8yr exit 0
2026-09-28 09:18:21 start C:\Users\runneradmin\AppData\Local\Temp\whyfs-secret-tj4ssklj pid 4816 session whyfs-13ad2142938d9e33 user S-1-5-21-2615846702-2260884330-149277722-500
2026-09-28 09:18:24 stop C:\Users\runneradmin\AppData\Local\Temp\whyfs-secret-tj4ssklj exit 0
2026-09-28 09:18:33 start C:\Users\runneradmin\AppData\Local\Temp\whyfs-wingate\func pid 6096 session whyfs-a8996beb1407ddb0 user S-1-5-21-2615846702-2260884330-149277722-500
2026-09-28 09:18:39 stop C:\Users\runneradmin\AppData\Local\Temp\whyfs-wingate\func exit 0
2026-09-28 09:28:46 machine labels: service process exited 0
2026-09-28 09:29:04 whyfs service listening on \\.\pipe\whyfs-service
2026-09-28 09:29:04 machine labels: service process 3368 started
2026-09-28 09:29:23 machine labels: service process exited 0
2026-09-28 09:29:39 whyfs service listening on \\.\pipe\whyfs-service
2026-09-28 09:29:39 machine labels: service process 5156 started
2026-09-28 09:29:58 machine labels: service process exited 0
2026-09-28 09:30:15 whyfs service listening on \\.\pipe\whyfs-service
2026-09-28 09:30:15 machine labels: service process 7596 started
2026-09-28 09:30:52 machine labels: service process exited 0
2026-09-28 09:31:24 whyfs service listening on \\.\pipe\whyfs-service
2026-09-28 09:31:24 machine labels: service process 4592 started
2026-09-28 09:32:00 machine labels: service process exited 0
2026-09-28 09:32:34 whyfs service listening on \\.\pipe\whyfs-service
2026-09-28 09:32:34 machine labels: service process 1716 started
2026-09-28 09:33:11 machine labels: service process exited 0
2026-09-28 09:33:42 whyfs service listening on \\.\pipe\whyfs-service
2026-09-28 09:33:42 machine labels: service process 8300 started
2026-09-28 09:34:18 machine labels: service process exited 0
2026-09-28 09:34:49 whyfs service listening on \\.\pipe\whyfs-service
2026-09-28 09:34:49 machine labels: service process 7364 started
2026-09-28 09:35:24 machine labels: service process exited 0
2026-09-28 09:35:53 whyfs service listening on \\.\pipe\whyfs-service
2026-09-28 09:35:53 machine labels: service process 544 started
2026-09-28 09:36:25 machine labels: service process exited 0
2026-09-28 09:36:54 whyfs service listening on \\.\pipe\whyfs-service
2026-09-28 09:36:54 machine labels: service process 6088 started
2026-09-28 09:37:28 machine labels: service process exited 0
2026-09-28 09:37:56 whyfs service listening on \\.\pipe\whyfs-service
2026-09-28 09:37:56 machine labels: service process 5348 started
2026-09-28 09:38:30 machine labels: service process exited 0
2026-09-28 09:38:58 whyfs service listening on \\.\pipe\whyfs-service
2026-09-28 09:38:58 machine labels: service process 6932 started
2026-09-28 09:39:33 machine labels: service process exited 0
2026-09-28 09:40:05 whyfs service listening on \\.\pipe\whyfs-service
2026-09-28 09:40:05 machine labels: service process 6660 started
2026-09-28 09:40:39 machine labels: service process exited 0
2026-09-28 09:40:56 whyfs service listening on \\.\pipe\whyfs-service
2026-09-28 09:40:56 machine labels: service process 8384 started
2026-09-28 09:41:01 machine labels: service process exited 0
2026-09-28 09:41:04 whyfs service listening on \\.\pipe\whyfs-service
2026-09-28 09:41:04 machine labels: service process 1676 started
2026-09-28 09:41:09 machine labels: service process exited 0
2026-09-28 09:41:12 whyfs service listening on \\.\pipe\whyfs-service
2026-09-28 09:41:12 machine labels: service process 9584 started
2026-09-28 09:41:20 machine labels: service process exited 0
2026-09-28 09:41:26 whyfs service listening on \\.\pipe\whyfs-service
2026-09-28 09:41:26 machine labels: service process 10152 started
2026-09-28 09:41:34 machine labels: service process exited 0
2026-09-28 09:41:40 whyfs service listening on \\.\pipe\whyfs-service
2026-09-28 09:41:40 machine labels: service process 4456 started
2026-09-28 09:41:48 machine labels: service process exited 0
2026-09-28 09:41:54 whyfs service listening on \\.\pipe\whyfs-service
2026-09-28 09:41:54 machine labels: service process 7548 started
2026-09-28 09:42:02 machine labels: service process exited 0
2026-09-28 09:42:07 whyfs service listening on \\.\pipe\whyfs-service
2026-09-28 09:42:07 machine labels: service process 5044 started
2026-09-28 09:42:15 machine labels: service process exited 0
2026-09-28 09:42:21 whyfs service listening on \\.\pipe\whyfs-service
2026-09-28 09:42:21 machine labels: service process 3336 started
2026-09-28 09:42:29 machine labels: service process exited 0
2026-09-28 09:42:35 whyfs service listening on \\.\pipe\whyfs-service
2026-09-28 09:42:35 machine labels: service process 7712 started
2026-09-28 09:42:42 machine labels: service process exited 0
2026-09-28 09:42:48 whyfs service listening on \\.\pipe\whyfs-service
2026-09-28 09:42:48 machine labels: service process 3732 started
2026-09-28 09:42:56 machine labels: service process exited 0
2026-09-28 09:43:02 whyfs service listening on \\.\pipe\whyfs-service
2026-09-28 09:43:02 machine labels: service process 9392 started
2026-09-28 09:43:10 machine labels: service process exited 0
2026-09-28 09:43:16 whyfs service listening on \\.\pipe\whyfs-service
2026-09-28 09:43:16 machine labels: service process 7088 started
2026-09-28 09:43:23 machine labels: service process exited 0
2026-09-28 09:43:37 whyfs service listening on \\.\pipe\whyfs-service
2026-09-28 09:43:37 machine labels: service process 7424 started
2026-09-28 09:43:49 machine labels: service process exited 0
2026-09-28 09:44:01 whyfs service listening on \\.\pipe\whyfs-service
2026-09-28 09:44:01 machine labels: service process 2476 started
2026-09-28 09:44:15 machine labels: service process exited 0
2026-09-28 09:44:24 whyfs service listening on \\.\pipe\whyfs-service
2026-09-28 09:44:24 machine labels: service process 2084 started
2026-09-28 09:44:49 machine labels: service process exited 0
2026-09-28 09:45:10 whyfs service listening on \\.\pipe\whyfs-service
2026-09-28 09:45:10 machine labels: service process 3608 started
2026-09-28 09:45:36 machine labels: service process exited 0
2026-09-28 09:46:00 whyfs service listening on \\.\pipe\whyfs-service
2026-09-28 09:46:00 machine labels: service process 4916 started
2026-09-28 09:46:28 machine labels: service process exited 0
2026-09-28 09:46:49 whyfs service listening on \\.\pipe\whyfs-service
2026-09-28 09:46:49 machine labels: service process 6348 started
2026-09-28 09:47:12 machine labels: service process exited 0
2026-09-28 09:47:35 whyfs service listening on \\.\pipe\whyfs-service
2026-09-28 09:47:35 machine labels: service process 9920 started
2026-09-28 09:47:59 machine labels: service process exited 0
2026-09-28 09:48:21 whyfs service listening on \\.\pipe\whyfs-service
2026-09-28 09:48:21 machine labels: service process 5840 started
2026-09-28 09:48:46 machine labels: service process exited 0
2026-09-28 09:49:06 whyfs service listening on \\.\pipe\whyfs-service
2026-09-28 09:49:06 machine labels: service process 5084 started
2026-09-28 09:49:33 machine labels: service process exited 0
2026-09-28 09:49:52 whyfs service listening on \\.\pipe\whyfs-service
2026-09-28 09:49:52 machine labels: service process 2528 started
2026-09-28 09:50:16 machine labels: service process exited 0
2026-09-28 09:50:38 whyfs service listening on \\.\pipe\whyfs-service
2026-09-28 09:50:38 machine labels: service process 4516 started
2026-09-28 09:51:04 machine labels: service process exited 0
2026-09-28 09:51:27 whyfs service listening on \\.\pipe\whyfs-service
2026-09-28 09:51:27 machine labels: service process 6732 started
2026-09-28 09:51:54 machine labels: service process exited 0
2026-09-28 09:52:05 whyfs service listening on \\.\pipe\whyfs-service
2026-09-28 09:52:05 machine labels: service process 696 started
2026-09-28 09:52:36 machine labels: service process exited 0
2026-09-28 09:52:48 whyfs service listening on \\.\pipe\whyfs-service
2026-09-28 09:52:48 machine labels: service process 10200 started
2026-09-28 09:53:03 machine labels: service process exited 0
2026-09-28 09:53:16 whyfs service listening on \\.\pipe\whyfs-service
2026-09-28 09:53:16 machine labels: service process 5260 started
2026-09-28 09:53:39 machine labels: service process exited 0
2026-09-28 09:54:02 whyfs service listening on \\.\pipe\whyfs-service
2026-09-28 09:54:02 machine labels: service process 3064 started
2026-09-28 09:54:27 machine labels: service process exited 0
2026-09-28 09:54:50 whyfs service listening on \\.\pipe\whyfs-service
2026-09-28 09:54:50 machine labels: service process 2368 started
2026-09-28 09:55:15 machine labels: service process exited 0
2026-09-28 09:55:39 whyfs service listening on \\.\pipe\whyfs-service
2026-09-28 09:55:39 machine labels: service process 3408 started
2026-09-28 09:56:06 machine labels: service process exited 0
2026-09-28 09:56:28 whyfs service listening on \\.\pipe\whyfs-service
2026-09-28 09:56:28 machine labels: service process 10204 started
2026-09-28 09:56:57 machine labels: service process exited 0
2026-09-28 09:57:18 whyfs service listening on \\.\pipe\whyfs-service
2026-09-28 09:57:18 machine labels: service process 3700 started
2026-09-28 09:57:43 machine labels: service process exited 0
2026-09-28 09:58:07 whyfs service listening on \\.\pipe\whyfs-service
2026-09-28 09:58:07 machine labels: service process 7580 started
2026-09-28 09:58:32 machine labels: service process exited 0
2026-09-28 09:58:55 whyfs service listening on \\.\pipe\whyfs-service
2026-09-28 09:58:55 machine labels: service process 8160 started
2026-09-28 09:59:20 machine labels: service process exited 0
2026-09-28 09:59:38 whyfs service listening on \\.\pipe\whyfs-service
2026-09-28 09:59:38 machine labels: service process 3816 started
2026-09-28 10:00:04 machine labels: service process exited 0
2026-09-28 10:00:25 whyfs service listening on \\.\pipe\whyfs-service
2026-09-28 10:00:25 machine labels: service process 6936 started
2026-09-28 10:00:50 machine labels: service process exited 0
2026-09-28 10:00:59 whyfs service listening on \\.\pipe\whyfs-service
2026-09-28 10:00:59 machine labels: service process 1416 started
2026-09-28 10:01:20 machine labels: service process exited 0
2026-09-28 10:01:34 whyfs service listening on \\.\pipe\whyfs-service
2026-09-28 10:01:34 machine labels: service process 10216 started
2026-09-28 10:01:46 machine labels: service process exited 0
2026-09-28 10:01:56 whyfs service listening on \\.\pipe\whyfs-service
2026-09-28 10:01:56 machine labels: service process 972 started
2026-09-28 10:02:19 machine labels: service process exited 0
2026-09-28 10:02:41 whyfs service listening on \\.\pipe\whyfs-service
2026-09-28 10:02:41 machine labels: service process 6396 started
2026-09-28 10:03:04 machine labels: service process exited 0
2026-09-28 10:03:27 whyfs service listening on \\.\pipe\whyfs-service
2026-09-28 10:03:27 machine labels: service process 3432 started
2026-09-28 10:03:51 machine labels: service process exited 0
2026-09-28 10:04:14 whyfs service listening on \\.\pipe\whyfs-service
2026-09-28 10:04:14 machine labels: service process 7304 started
2026-09-28 10:04:37 machine labels: service process exited 0
2026-09-28 10:04:57 whyfs service listening on \\.\pipe\whyfs-service
2026-09-28 10:04:57 machine labels: service process 476 started
2026-09-28 10:05:22 machine labels: service process exited 0
2026-09-28 10:05:41 whyfs service listening on \\.\pipe\whyfs-service
2026-09-28 10:05:41 machine labels: service process 7964 started
2026-09-28 10:06:06 machine labels: service process exited 0
2026-09-28 10:06:27 whyfs service listening on \\.\pipe\whyfs-service
2026-09-28 10:06:27 machine labels: service process 6992 started
2026-09-28 10:06:54 machine labels: service process exited 0
2026-09-28 10:07:16 whyfs service listening on \\.\pipe\whyfs-service
2026-09-28 10:07:16 machine labels: service process 808 started
2026-09-28 10:07:42 machine labels: service process exited 0
2026-09-28 10:08:05 whyfs service listening on \\.\pipe\whyfs-service
2026-09-28 10:08:05 machine labels: service process 7496 started
2026-09-28 10:08:29 machine labels: service process exited 0
2026-09-28 10:08:49 whyfs service listening on \\.\pipe\whyfs-service
2026-09-28 10:08:49 machine labels: service process 7900 started
2026-09-28 10:09:11 machine labels: service process exited 0
2026-09-28 10:09:24 whyfs service listening on \\.\pipe\whyfs-service
2026-09-28 10:09:24 machine labels: service process 5008 started
2026-09-28 10:09:32 machine labels: service process exited 0
2026-09-28 10:09:50 whyfs service listening on \\.\pipe\whyfs-service
2026-09-28 10:09:50 machine labels: service process 7512 started
2026-09-28 10:10:11 machine labels: service process exited 0
2026-09-28 10:10:29 whyfs service listening on \\.\pipe\whyfs-service
2026-09-28 10:10:29 machine labels: service process 1904 started
2026-09-28 10:11:07 machine labels: service process exited 0
2026-09-28 10:11:43 whyfs service listening on \\.\pipe\whyfs-service
2026-09-28 10:11:43 machine labels: service process 7880 started
2026-09-28 10:12:22 machine labels: service process exited 0
2026-09-28 10:12:59 whyfs service listening on \\.\pipe\whyfs-service
2026-09-28 10:12:59 machine labels: service process 8280 started
2026-09-28 10:13:37 machine labels: service process exited 0
2026-09-28 10:14:15 whyfs service listening on \\.\pipe\whyfs-service
2026-09-28 10:14:15 machine labels: service process 4328 started
2026-09-28 10:14:52 machine labels: service process exited 0
2026-09-28 10:15:29 whyfs service listening on \\.\pipe\whyfs-service
2026-09-28 10:15:29 machine labels: service process 6752 started
2026-09-28 10:16:08 machine labels: service process exited 0
2026-09-28 10:16:28 whyfs service listening on \\.\pipe\whyfs-service
2026-09-28 10:16:28 machine labels: service process 2524 started
