03:59:38 idle 10.0 min: collector CPU 11.60s (1.932% of a core), memory 86.2 MB, store +2745 KiB, 2643 events
03:59:45 make_j8_36_units warmup off: 0.628s
03:59:48 make_j8_36_units warmup on: 0.694s
03:59:51 make_j8_36_units warmup off: 0.704s
03:59:55 make_j8_36_units warmup on: 0.716s
03:59:58 make_j8_36_units off: 0.574s
04:00:01 make_j8_36_units on: 0.584s
04:00:04 make_j8_36_units on: 0.707s
04:00:07 make_j8_36_units off: 0.575s
04:00:10 make_j8_36_units off: 0.613s
04:00:13 make_j8_36_units on: 0.602s
04:00:16 make_j8_36_units on: 0.562s
04:00:19 make_j8_36_units off: 0.653s
04:00:22 make_j8_36_units off: 0.611s
04:00:26 make_j8_36_units on: 0.750s
04:00:29 make_j8_36_units on: 0.716s
04:00:33 make_j8_36_units off: 0.613s
04:00:35 make_j8_36_units off: 0.567s
04:00:38 make_j8_36_units on: 0.666s
04:00:41 make_j8_36_units on: 0.593s
04:00:44 make_j8_36_units off: 0.636s
04:00:47 make_j8_36_units off: 0.700s
04:00:51 make_j8_36_units on: 0.640s
04:00:54 make_j8_36_units on: 0.678s
04:00:57 make_j8_36_units off: 0.608s
04:00:59 make_j8_36_units off: 0.561s
04:01:03 make_j8_36_units on: 0.706s
04:01:05 make_j8_36_units on: 0.622s
04:01:08 make_j8_36_units off: 0.562s
04:01:11 make_j8_36_units off: 0.601s
04:01:14 make_j8_36_units on: 0.600s
04:01:17 make_j8_36_units on: 0.558s
04:01:20 make_j8_36_units off: 0.556s
04:01:22 make_j8_36_units off: 0.570s
04:01:25 make_j8_36_units on: 0.616s
04:01:28 make_j8_36_units on: 0.528s
04:01:31 make_j8_36_units off: 0.541s
04:01:33 make_j8_36_units off: 0.559s
04:01:36 make_j8_36_units on: 0.577s
04:01:39 make_j8_36_units on: 0.588s
04:01:42 make_j8_36_units off: 0.540s
04:01:45 make_j8_36_units off: 0.624s
04:01:48 make_j8_36_units on: 0.635s
04:01:51 make_j8_36_units on: 0.577s
04:01:54 make_j8_36_units off: 0.617s
04:01:57 make_j8_36_units off: 0.536s
04:02:00 make_j8_36_units on: 0.726s
04:02:03 make_j8_36_units on: 0.540s
04:02:06 make_j8_36_units off: 0.659s
04:02:08 make_j8_36_units off: 0.550s
04:02:12 make_j8_36_units on: 0.587s
04:02:15 make_j8_36_units on: 0.585s
04:02:18 make_j8_36_units off: 0.655s
04:02:20 make_j8_36_units off: 0.523s
04:02:24 make_j8_36_units on: 0.610s
04:02:27 make_j8_36_units on: 0.580s
04:02:30 make_j8_36_units off: 0.502s
04:02:33 make_j8_36_units off: 0.521s
04:02:36 make_j8_36_units on: 0.649s
04:02:39 make_j8_36_units on: 0.864s
04:02:43 make_j8_36_units off: 0.630s
04:02:45 make_j8_36_units off: 0.668s
04:02:49 make_j8_36_units on: 0.631s
04:02:52 make_j8_36_units on: 0.643s
04:02:55 make_j8_36_units off: 0.671s
04:02:58 make_j8_36_units off: 0.667s
04:03:02 make_j8_36_units on: 0.697s
04:03:04 make_j8_36_units on: 0.540s
04:03:07 make_j8_36_units off: 0.522s
04:03:09 make_j8_36_units off: 0.543s
04:03:13 make_j8_36_units on: 0.429s
04:03:15 make_j8_36_units on: 0.445s
04:03:18 make_j8_36_units off: 0.433s
04:03:20 make_j8_36_units off: 0.609s
04:03:23 make_j8_36_units on: 0.636s
04:03:26 make_j8_36_units on: 0.604s
04:03:29 make_j8_36_units off: 0.934s
04:03:32 make_j8_36_units off: 0.668s
04:03:36 make_j8_36_units on: 0.800s
04:03:40 make_j8_36_units on: 0.769s
04:03:43 make_j8_36_units off: 0.603s
04:03:45 make_j8_36_units off: 0.666s
04:03:49 make_j8_36_units on: 0.771s
04:03:52 make_j8_36_units on: 0.724s
04:03:56 make_j8_36_units off: 0.455s
04:03:58 make_j8_36_units off: 0.599s
04:04:02 make_j8_36_units on: 0.599s
04:04:05 make_j8_36_units on: 0.664s
04:04:08 make_j8_36_units off: 0.569s
04:04:10 make_j8_36_units off: 0.619s
04:04:13 make_j8_36_units on: 0.524s
04:04:16 make_j8_36_units on: 0.484s
04:04:18 make_j8_36_units off: 0.430s
04:04:21 make_j8_36_units off: 0.662s
04:04:24 make_j8_36_units on: 0.574s
04:04:27 make_j8_36_units on: 0.544s
04:04:30 make_j8_36_units off: 0.503s
04:04:32 make_j8_36_units off: 0.480s
04:04:36 make_j8_36_units on: 0.581s
04:04:38 make_j8_36_units on: 0.585s
04:04:41 make_j8_36_units off: 0.550s
04:04:44 make_j8_36_units off: 0.598s
04:04:47 make_j8_36_units on: 0.637s
04:04:50 make_j8_36_units on: 0.584s
04:04:53 make_j8_36_units off: 0.510s
04:04:55 make_j8_36_units off: 0.585s
04:04:59 make_j8_36_units on: 0.508s
04:05:01 make_j8_36_units on: 0.531s
04:05:04 make_j8_36_units off: 0.517s
04:05:06 make_j8_36_units off: 0.517s
04:05:10 make_j8_36_units on: 0.805s
04:05:12 make_j8_36_units on: 0.517s
04:05:15 make_j8_36_units off: 0.587s
04:05:18 make_j8_36_units off: 0.667s
04:05:21 make_j8_36_units on: 0.622s
04:05:24 make_j8_36_units on: 0.674s
04:05:27 make_j8_36_units off: 0.665s
04:05:30 make_j8_36_units off: 0.719s
04:05:34 make_j8_36_units on: 0.734s
04:05:37 make_j8_36_units on: 0.670s
04:05:41 make_j8_36_units off: 0.555s
04:05:43 make_j8_36_units off: 0.708s
04:05:47 make_j8_36_units on: 0.602s
04:05:49 make_j8_36_units on: 0.551s
04:05:53 make_j8_36_units off: 0.784s
04:05:56 make_j8_36_units off: 0.484s
04:05:59 make_j8_36_units on: 0.550s
04:06:02 make_j8_36_units on: 0.562s
04:06:05 make_j8_36_units off: 0.626s
04:06:07 make_j8_36_units off: 0.447s
04:06:10 make_j8_36_units on: 0.525s
04:06:13 make_j8_36_units on: 0.410s
04:06:15 make_j8_36_units off: 0.459s
04:06:18 make_j8_36_units off: 0.496s
04:06:21 make_j8_36_units on: 0.492s
04:06:23 make_j8_36_units on: 0.526s
04:06:26 make_j8_36_units off: 0.429s
04:06:28 make_j8_36_units off: 0.467s
04:06:31 make_j8_36_units on: 0.568s
04:06:34 make_j8_36_units on: 0.559s
04:06:37 make_j8_36_units off: 0.456s
04:06:39 make_j8_36_units off: 0.458s
04:06:42 make_j8_36_units on: 0.439s
04:06:45 make_j8_36_units on: 0.401s
04:06:48 make_j8_36_units off: 0.397s
04:06:50 make_j8_36_units off: 0.469s
04:06:53 make_j8_36_units on: 0.649s
04:06:56 make_j8_36_units on: 0.573s
04:07:00 make_j8_36_units off: 0.693s
04:07:02 make_j8_36_units off: 0.669s
04:07:06 make_j8_36_units on: 0.696s
04:07:09 make_j8_36_units on: 0.635s
04:07:13 make_j8_36_units off: 0.597s
04:07:15 make_j8_36_units off: 0.575s
04:07:19 make_j8_36_units on: 0.634s
04:07:21 make_j8_36_units on: 0.597s
04:07:24 make_j8_36_units off: 0.473s
04:07:26 make_j8_36_units off: 0.600s
04:07:30 make_j8_36_units on: 0.567s
04:07:33 make_j8_36_units on: 0.553s
04:07:36 make_j8_36_units off: 0.514s
04:07:38 make_j8_36_units off: 0.642s
04:07:42 make_j8_36_units on: 0.446s
04:07:44 make_j8_36_units on: 0.445s
04:07:47 make_j8_36_units off: 0.435s
04:07:49 make_j8_36_units off: 0.394s
04:07:53 make_j8_36_units on: 0.431s
04:07:55 make_j8_36_units on: 0.449s
04:07:58 make_j8_36_units off: 0.477s
04:08:00 make_j8_36_units off: 0.434s
04:08:03 make_j8_36_units on: 0.501s
04:08:05 make_j8_36_units on: 0.451s
04:08:08 make_j8_36_units off: 0.444s
04:08:10 make_j8_36_units off: 0.389s
04:08:13 make_j8_36_units on: 0.445s
04:08:16 make_j8_36_units on: 0.465s
04:08:19 make_j8_36_units off: 0.449s
04:08:21 make_j8_36_units off: 0.430s
04:08:24 make_j8_36_units on: 0.443s
04:08:26 make_j8_36_units on: 0.492s
04:08:30 make_j8_36_units off: 0.413s
04:08:31 make_j8_36_units off: 0.393s
04:08:35 make_j8_36_units on: 0.413s
04:08:37 make_j8_36_units on: 0.395s
04:08:40 make_j8_36_units off: 0.416s
04:08:41 make_j8_36_units off: 0.413s
04:08:45 make_j8_36_units on: 0.436s
04:08:47 make_j8_36_units on: 0.435s
04:08:50 make_j8_36_units off: 0.417s
04:08:52 make_j8_36_units off: 0.405s
04:08:55 make_j8_36_units on: 0.382s
04:08:57 make_j8_36_units on: 0.477s
04:09:00 make_j8_36_units off: 0.504s
04:09:02 make_j8_36_units off: 0.413s
04:09:05 make_j8_36_units on: 0.644s
04:09:08 make_j8_36_units on: 0.442s
04:09:11 make_j8_36_units off: 0.569s
04:09:13 make_j8_36_units off: 0.375s
04:09:16 make_j8_36_units on: 0.411s
04:09:18 make_j8_36_units on: 0.394s
04:09:21 make_j8_36_units off: 0.394s
04:09:23 make_j8_36_units off: 0.511s
04:09:26 make_j8_36_units on: 0.412s
04:09:28 make_j8_36_units on: 0.422s
04:09:31 make_j8_36_units off: 0.457s
04:09:33 make_j8_36_units off: 0.411s
04:09:36 make_j8_36_units on: 0.391s
04:09:38 make_j8_36_units on: 0.430s
04:09:41 make_j8_36_units off: 0.404s
04:09:43 make_j8_36_units off: 0.401s
04:09:47 make_j8_36_units on: 0.384s
04:09:49 make_j8_36_units on: 0.523s
04:09:52 make_j8_36_units off: 0.403s
04:09:54 make_j8_36_units off: 0.446s
04:09:57 make_j8_36_units on: 0.453s
04:10:00 make_j8_36_units on: 0.436s
04:10:02 make_j8_36_units off: 0.379s
04:10:04 make_j8_36_units off: 0.380s
04:10:07 make_j8_36_units on: 0.430s
04:10:09 make_j8_36_units on: 0.388s
04:10:12 make_j8_36_units off: 0.382s
04:10:14 make_j8_36_units off: 0.447s
04:10:17 make_j8_36_units on: 0.453s
04:10:20 make_j8_36_units on: 0.439s
04:10:22 make_j8_36_units off: 0.374s
04:10:24 make_j8_36_units off: 0.391s
04:10:27 make_j8_36_units on: 0.481s
04:10:30 make_j8_36_units on: 0.394s
04:10:32 make_j8_36_units off: 0.460s
04:10:34 make_j8_36_units off: 0.388s
04:10:37 make_j8_36_units on: 0.392s
04:10:39 make_j8_36_units on: 0.378s
04:10:42 make_j8_36_units off: 0.468s
04:10:44 make_j8_36_units off: 0.382s
04:10:47 make_j8_36_units on: 0.475s
04:10:50 make_j8_36_units on: 0.443s
04:10:53 make_j8_36_units off: 0.496s
04:10:55 make_j8_36_units off: 0.379s
04:10:58 make_j8_36_units on: 0.406s
04:11:00 make_j8_36_units on: 0.432s
04:11:04 make_j8_36_units off: 0.463s
04:11:05 make_j8_36_units off: 0.386s
04:11:09 make_j8_36_units on: 0.426s
04:11:11 make_j8_36_units on: 0.405s
04:11:14 make_j8_36_units off: 0.492s
04:11:16 make_j8_36_units off: 0.389s
04:11:19 make_j8_36_units on: 0.442s
04:11:22 make_j8_36_units on: 0.482s
04:11:25 make_j8_36_units off: 0.404s
04:11:27 make_j8_36_units off: 0.457s
04:11:30 make_j8_36_units on: 0.405s
04:11:32 make_j8_36_units on: 0.460s
04:11:35 make_j8_36_units off: 0.369s
04:11:37 make_j8_36_units off: 0.408s
04:11:40 make_j8_36_units on: 0.400s
04:11:43 make_j8_36_units on: 0.410s
04:11:46 make_j8_36_units off: 0.392s
04:11:48 make_j8_36_units off: 0.390s
04:11:51 make_j8_36_units on: 0.473s
04:11:53 make_j8_36_units on: 0.582s
04:11:56 make_j8_36_units off: 0.485s
04:11:58 make_j8_36_units off: 0.435s
04:12:01 make_j8_36_units on: 0.479s
04:12:04 make_j8_36_units on: 0.603s
04:12:07 make_j8_36_units off: 0.462s
04:12:09 make_j8_36_units off: 0.575s
04:12:13 make_j8_36_units on: 0.564s
04:12:15 make_j8_36_units on: 0.752s
04:12:19 make_j8_36_units off: 0.496s
04:12:21 make_j8_36_units off: 0.525s
04:12:24 make_j8_36_units on: 0.567s
04:12:27 make_j8_36_units on: 0.708s
04:12:30 make_j8_36_units off: 0.516s
04:12:32 make_j8_36_units off: 0.489s
04:12:36 make_j8_36_units on: 0.543s
04:12:39 make_j8_36_units on: 0.839s
04:12:42 make_j8_36_units off: 0.520s
04:12:44 make_j8_36_units off: 0.491s
04:12:48 make_j8_36_units on: 0.556s
04:12:50 make_j8_36_units on: 0.537s
04:12:53 make_j8_36_units off: 0.460s
04:12:55 make_j8_36_units off: 0.539s
04:12:58 make_j8_36_units on: 0.549s
04:13:01 make_j8_36_units on: 0.552s
04:13:04 make_j8_36_units off: 0.446s
04:13:07 make_j8_36_units off: 0.531s
04:13:10 make_j8_36_units on: 0.543s
04:13:13 make_j8_36_units on: 0.499s
04:13:16 make_j8_36_units off: 0.495s
04:13:18 make_j8_36_units off: 0.507s
04:13:21 make_j8_36_units on: 0.487s
04:13:24 make_j8_36_units on: 0.570s
04:13:27 make_j8_36_units off: 0.421s
04:13:29 make_j8_36_units off: 0.519s
04:13:33 make_j8_36_units on: 0.514s
04:13:36 make_j8_36_units on: 0.424s
04:13:39 make_j8_36_units off: 0.532s
04:13:41 make_j8_36_units off: 0.505s
04:13:45 make_j8_36_units on: 0.609s
04:13:47 make_j8_36_units on: 0.546s
04:13:50 make_j8_36_units off: 0.517s
04:13:53 make_j8_36_units off: 0.386s
04:13:56 make_j8_36_units on: 0.539s
04:13:59 make_j8_36_units on: 0.628s
04:14:02 make_j8_36_units off: 0.476s
04:14:02 make_j8_36_units: median paired overhead +4.82% (CI90 +2.66 .. +7.66)
04:14:04 vite_build warmup off: 0.382s
04:14:07 vite_build warmup on: 0.401s
04:14:10 vite_build warmup off: 0.337s
04:14:13 vite_build warmup on: 0.327s
04:14:15 vite_build off: 0.325s
04:14:18 vite_build on: 0.309s
04:14:20 vite_build on: 0.323s
04:14:23 vite_build off: 0.321s
04:14:25 vite_build off: 0.299s
04:14:27 vite_build on: 0.343s
04:14:30 vite_build on: 0.401s
04:14:33 vite_build off: 0.334s
04:14:34 vite_build off: 0.330s
04:14:38 vite_build on: 0.347s
04:14:40 vite_build on: 0.272s
04:14:42 vite_build off: 0.345s
04:14:44 vite_build off: 0.353s
04:14:47 vite_build on: 0.323s
04:14:49 vite_build on: 0.328s
04:14:52 vite_build off: 0.346s
04:14:54 vite_build off: 0.313s
04:14:57 vite_build on: 0.336s
04:14:59 vite_build on: 0.303s
04:15:02 vite_build off: 0.340s
04:15:04 vite_build off: 0.362s
04:15:07 vite_build on: 0.401s
04:15:09 vite_build on: 0.309s
04:15:11 vite_build off: 0.293s
04:15:13 vite_build off: 0.352s
04:15:16 vite_build on: 0.319s
04:15:18 vite_build on: 0.332s
04:15:21 vite_build off: 0.416s
04:15:23 vite_build off: 0.364s
04:15:26 vite_build on: 0.333s
04:15:28 vite_build on: 0.355s
04:15:31 vite_build off: 0.318s
04:15:32 vite_build off: 0.335s
04:15:35 vite_build on: 0.310s
04:15:37 vite_build on: 0.291s
04:15:41 vite_build off: 0.340s
04:15:42 vite_build off: 0.344s
04:15:45 vite_build on: 0.388s
04:15:48 vite_build on: 0.315s
04:15:50 vite_build off: 0.367s
04:15:52 vite_build off: 0.341s
04:15:55 vite_build on: 0.323s
04:15:57 vite_build on: 0.283s
04:15:59 vite_build off: 0.356s
04:16:01 vite_build off: 0.349s
04:16:04 vite_build on: 0.302s
04:16:06 vite_build on: 0.314s
04:16:08 vite_build off: 0.301s
04:16:10 vite_build off: 0.320s
04:16:13 vite_build on: 0.310s
04:16:15 vite_build on: 0.271s
04:16:18 vite_build off: 0.286s
04:16:20 vite_build off: 0.358s
04:16:23 vite_build on: 0.388s
04:16:25 vite_build on: 0.365s
04:16:28 vite_build off: 0.382s
04:16:30 vite_build off: 0.432s
04:16:33 vite_build on: 0.443s
04:16:36 vite_build on: 0.395s
04:16:38 vite_build off: 0.427s
04:16:40 vite_build off: 0.361s
04:16:43 vite_build on: 0.355s
04:16:45 vite_build on: 0.304s
04:16:48 vite_build off: 0.324s
04:16:49 vite_build off: 0.318s
04:16:52 vite_build on: 0.281s
04:16:54 vite_build on: 0.297s
04:16:57 vite_build off: 0.362s
04:16:58 vite_build off: 0.334s
04:17:01 vite_build on: 0.312s
04:17:04 vite_build on: 0.318s
04:17:06 vite_build off: 0.284s
04:17:08 vite_build off: 0.272s
04:17:10 vite_build on: 0.263s
04:17:13 vite_build on: 0.254s
04:17:15 vite_build off: 0.285s
04:17:16 vite_build off: 0.275s
04:17:19 vite_build on: 0.265s
04:17:21 vite_build on: 0.278s
04:17:23 vite_build off: 0.348s
04:17:25 vite_build off: 0.297s
04:17:28 vite_build on: 0.283s
04:17:30 vite_build on: 0.285s
04:17:32 vite_build off: 0.283s
04:17:34 vite_build off: 0.278s
04:17:37 vite_build on: 0.284s
04:17:39 vite_build on: 0.320s
04:17:42 vite_build off: 0.314s
04:17:44 vite_build off: 0.296s
04:17:47 vite_build on: 0.308s
04:17:49 vite_build on: 0.283s
04:17:51 vite_build off: 0.321s
04:17:53 vite_build off: 0.325s
04:17:56 vite_build on: 0.302s
04:17:58 vite_build on: 0.389s
04:18:00 vite_build off: 0.273s
04:18:02 vite_build off: 0.270s
04:18:05 vite_build on: 0.311s
04:18:07 vite_build on: 0.332s
04:18:09 vite_build off: 0.323s
04:18:11 vite_build off: 0.283s
04:18:14 vite_build on: 0.305s
04:18:16 vite_build on: 0.293s
04:18:19 vite_build off: 0.315s
04:18:21 vite_build off: 0.310s
04:18:24 vite_build on: 0.331s
04:18:26 vite_build on: 0.360s
04:18:28 vite_build off: 0.300s
04:18:30 vite_build off: 0.307s
04:18:33 vite_build on: 0.347s
04:18:35 vite_build on: 0.334s
04:18:38 vite_build off: 0.275s
04:18:40 vite_build off: 0.342s
04:18:43 vite_build on: 0.402s
04:18:45 vite_build on: 0.313s
04:18:48 vite_build off: 0.282s
04:18:50 vite_build off: 0.354s
04:18:53 vite_build on: 0.315s
04:18:55 vite_build on: 0.317s
04:18:58 vite_build off: 0.298s
04:19:00 vite_build off: 0.347s
04:19:03 vite_build on: 0.349s
04:19:05 vite_build on: 0.269s
04:19:08 vite_build off: 0.378s
04:19:10 vite_build off: 0.291s
04:19:13 vite_build on: 0.339s
04:19:15 vite_build on: 0.296s
04:19:18 vite_build off: 0.289s
04:19:20 vite_build off: 0.308s
04:19:22 vite_build on: 0.283s
04:19:25 vite_build on: 0.360s
04:19:27 vite_build off: 0.267s
04:19:29 vite_build off: 0.297s
04:19:31 vite_build on: 0.282s
04:19:33 vite_build on: 0.277s
04:19:36 vite_build off: 0.288s
04:19:38 vite_build off: 0.274s
04:19:40 vite_build on: 0.264s
04:19:42 vite_build on: 0.262s
04:19:45 vite_build off: 0.399s
04:19:47 vite_build off: 0.269s
04:19:49 vite_build on: 0.303s
04:19:52 vite_build on: 0.284s
04:19:54 vite_build off: 0.291s
04:19:56 vite_build off: 0.287s
04:19:59 vite_build on: 0.268s
04:20:01 vite_build on: 0.276s
04:20:04 vite_build off: 0.291s
04:20:05 vite_build off: 0.286s
04:20:08 vite_build on: 0.264s
04:20:10 vite_build on: 0.277s
04:20:13 vite_build off: 0.325s
04:20:15 vite_build off: 0.308s
04:20:18 vite_build on: 0.298s
04:20:20 vite_build on: 0.281s
04:20:22 vite_build off: 0.290s
04:20:24 vite_build off: 0.281s
04:20:27 vite_build on: 0.290s
04:20:29 vite_build on: 0.263s
04:20:31 vite_build off: 0.289s
04:20:33 vite_build off: 0.293s
04:20:35 vite_build on: 0.305s
04:20:37 vite_build on: 0.314s
04:20:40 vite_build off: 0.273s
04:20:42 vite_build off: 0.296s
04:20:45 vite_build on: 0.265s
04:20:47 vite_build on: 0.268s
04:20:49 vite_build off: 0.287s
04:20:50 vite_build off: 0.286s
04:20:53 vite_build on: 0.269s
04:20:55 vite_build on: 0.271s
04:20:57 vite_build off: 0.289s
04:20:59 vite_build off: 0.296s
04:21:02 vite_build on: 0.306s
04:21:04 vite_build on: 0.284s
04:21:06 vite_build off: 0.283s
04:21:08 vite_build off: 0.314s
04:21:11 vite_build on: 0.266s
04:21:13 vite_build on: 0.273s
04:21:15 vite_build off: 0.272s
04:21:16 vite_build off: 0.311s
04:21:19 vite_build on: 0.286s
04:21:21 vite_build on: 0.270s
04:21:24 vite_build off: 0.329s
04:21:25 vite_build off: 0.329s
04:21:28 vite_build on: 0.347s
04:21:30 vite_build on: 0.363s
04:21:33 vite_build off: 0.314s
04:21:35 vite_build off: 0.369s
04:21:38 vite_build on: 0.329s
04:21:40 vite_build on: 0.345s
04:21:43 vite_build off: 0.339s
04:21:45 vite_build off: 0.307s
04:21:48 vite_build on: 0.382s
04:21:50 vite_build on: 0.352s
04:21:52 vite_build off: 0.358s
04:21:54 vite_build off: 0.345s
04:21:57 vite_build on: 0.360s
04:21:59 vite_build on: 0.343s
04:22:02 vite_build off: 0.312s
04:22:03 vite_build off: 0.346s
04:22:06 vite_build on: 0.341s
04:22:09 vite_build on: 0.419s
04:22:11 vite_build off: 0.381s
04:22:13 vite_build off: 0.370s
04:22:16 vite_build on: 0.327s
04:22:18 vite_build on: 0.329s
04:22:20 vite_build off: 0.351s
04:22:22 vite_build off: 0.343s
04:22:25 vite_build on: 0.336s
04:22:27 vite_build on: 0.320s
04:22:30 vite_build off: 0.342s
04:22:32 vite_build off: 0.369s
04:22:34 vite_build on: 0.320s
04:22:37 vite_build on: 0.343s
04:22:39 vite_build off: 0.392s
04:22:41 vite_build off: 0.401s
04:22:44 vite_build on: 0.367s
04:22:46 vite_build on: 0.338s
04:22:49 vite_build off: 0.328s
04:22:50 vite_build off: 0.307s
04:22:53 vite_build on: 0.322s
04:22:55 vite_build on: 0.305s
04:22:58 vite_build off: 0.313s
04:22:59 vite_build off: 0.298s
04:23:03 vite_build on: 0.356s
04:23:05 vite_build on: 0.412s
04:23:08 vite_build off: 0.343s
04:23:10 vite_build off: 0.368s
04:23:13 vite_build on: 0.340s
04:23:15 vite_build on: 0.294s
04:23:17 vite_build off: 0.352s
04:23:19 vite_build off: 0.352s
04:23:22 vite_build on: 0.327s
04:23:24 vite_build on: 0.317s
04:23:26 vite_build off: 0.334s
04:23:28 vite_build off: 0.331s
04:23:31 vite_build on: 0.329s
04:23:33 vite_build on: 0.314s
04:23:36 vite_build off: 0.361s
04:23:37 vite_build off: 0.317s
04:23:40 vite_build on: 0.363s
04:23:43 vite_build on: 0.336s
04:23:45 vite_build off: 0.320s
04:23:47 vite_build off: 0.311s
04:23:50 vite_build on: 0.356s
04:23:52 vite_build on: 0.317s
04:23:55 vite_build off: 0.340s
04:23:57 vite_build off: 0.321s
04:24:00 vite_build on: 0.338s
04:24:02 vite_build on: 0.323s
04:24:05 vite_build off: 0.317s
04:24:07 vite_build off: 0.304s
04:24:10 vite_build on: 0.423s
04:24:12 vite_build on: 0.276s
04:24:15 vite_build off: 0.338s
04:24:17 vite_build off: 0.324s
04:24:20 vite_build on: 0.317s
04:24:22 vite_build on: 0.326s
04:24:24 vite_build off: 0.355s
04:24:26 vite_build off: 0.293s
04:24:29 vite_build on: 0.364s
04:24:31 vite_build on: 0.360s
04:24:34 vite_build off: 0.365s
04:24:35 vite_build off: 0.296s
04:24:38 vite_build on: 0.296s
04:24:40 vite_build on: 0.327s
04:24:43 vite_build off: 0.357s
04:24:45 vite_build off: 0.335s
04:24:48 vite_build on: 0.374s
04:24:50 vite_build on: 0.326s
04:24:53 vite_build off: 0.391s
04:24:54 vite_build off: 0.346s
04:24:58 vite_build on: 0.348s
04:25:00 vite_build on: 0.337s
04:25:02 vite_build off: 0.342s
04:25:04 vite_build off: 0.310s
04:25:07 vite_build on: 0.300s
04:25:09 vite_build on: 0.299s
04:25:12 vite_build off: 0.294s
04:25:14 vite_build off: 0.359s
04:25:17 vite_build on: 0.295s
04:25:19 vite_build on: 0.300s
04:25:21 vite_build off: 0.305s
04:25:23 vite_build off: 0.310s
04:25:26 vite_build on: 0.327s
04:25:28 vite_build on: 0.313s
04:25:30 vite_build off: 0.322s
04:25:32 vite_build off: 0.323s
04:25:35 vite_build on: 0.326s
04:25:37 vite_build on: 0.310s
04:25:40 vite_build off: 0.330s
04:25:41 vite_build off: 0.364s
04:25:44 vite_build on: 0.339s
04:25:46 vite_build on: 0.358s
04:25:49 vite_build off: 0.319s
04:25:51 vite_build off: 0.329s
04:25:54 vite_build on: 0.334s
04:25:56 vite_build on: 0.329s
04:25:59 vite_build off: 0.317s
04:25:59 vite_build: median paired overhead -2.23% (CI90 -3.84 .. +0.13)
04:26:02 copy_program_x300 warmup off: 1.026s
04:26:07 copy_program_x300 warmup on: 0.960s
04:26:11 copy_program_x300 warmup off: 0.921s
04:26:15 copy_program_x300 warmup on: 0.993s
04:26:19 copy_program_x300 off: 1.152s
04:26:24 copy_program_x300 on: 1.348s
04:26:28 copy_program_x300 on: 1.134s
04:26:32 copy_program_x300 off: 1.037s
04:26:35 copy_program_x300 off: 0.933s
04:26:39 copy_program_x300 on: 0.998s
04:26:43 copy_program_x300 on: 1.131s
04:26:47 copy_program_x300 off: 0.928s
04:26:50 copy_program_x300 off: 1.039s
04:26:55 copy_program_x300 on: 0.950s
04:26:59 copy_program_x300 on: 1.193s
04:27:03 copy_program_x300 off: 1.233s
04:27:07 copy_program_x300 off: 1.139s
04:27:11 copy_program_x300 on: 1.185s
04:27:16 copy_program_x300 on: 1.397s
04:27:19 copy_program_x300 off: 0.954s
04:27:23 copy_program_x300 off: 0.916s
04:27:27 copy_program_x300 on: 0.894s
04:27:30 copy_program_x300 on: 0.813s
04:27:34 copy_program_x300 off: 0.858s
04:27:36 copy_program_x300 off: 0.904s
04:27:40 copy_program_x300 on: 0.818s
04:27:43 copy_program_x300 on: 0.799s
04:27:47 copy_program_x300 off: 0.904s
04:27:50 copy_program_x300 off: 0.789s
04:27:54 copy_program_x300 on: 1.002s
04:27:58 copy_program_x300 on: 1.041s
04:28:01 copy_program_x300 off: 0.801s
04:28:04 copy_program_x300 off: 0.981s
04:28:08 copy_program_x300 on: 0.846s
04:28:11 copy_program_x300 on: 0.818s
04:28:15 copy_program_x300 off: 0.796s
04:28:18 copy_program_x300 off: 0.856s
04:28:22 copy_program_x300 on: 0.855s
04:28:25 copy_program_x300 on: 0.809s
04:28:29 copy_program_x300 off: 0.798s
04:28:31 copy_program_x300 off: 0.815s
04:28:35 copy_program_x300 on: 0.814s
04:28:39 copy_program_x300 on: 0.804s
04:28:42 copy_program_x300 off: 0.803s
04:28:45 copy_program_x300 off: 0.840s
04:28:49 copy_program_x300 on: 0.985s
04:28:52 copy_program_x300 on: 1.059s
04:28:56 copy_program_x300 off: 0.806s
04:28:58 copy_program_x300 off: 0.864s
04:29:02 copy_program_x300 on: 0.945s
04:29:06 copy_program_x300 on: 0.810s
04:29:09 copy_program_x300 off: 0.833s
04:29:12 copy_program_x300 off: 0.799s
04:29:16 copy_program_x300 on: 0.826s
04:29:19 copy_program_x300 on: 0.828s
04:29:23 copy_program_x300 off: 0.868s
04:29:26 copy_program_x300 off: 0.796s
04:29:30 copy_program_x300 on: 0.860s
04:29:34 copy_program_x300 on: 0.955s
04:29:38 copy_program_x300 off: 0.804s
04:29:40 copy_program_x300 off: 0.787s
04:29:44 copy_program_x300 on: 0.861s
04:29:48 copy_program_x300 on: 0.842s
04:29:51 copy_program_x300 off: 0.797s
04:29:54 copy_program_x300 off: 0.788s
04:29:58 copy_program_x300 on: 0.843s
04:30:02 copy_program_x300 on: 0.825s
04:30:05 copy_program_x300 off: 0.946s
04:30:08 copy_program_x300 off: 0.966s
04:30:12 copy_program_x300 on: 0.935s
04:30:16 copy_program_x300 on: 0.821s
04:30:19 copy_program_x300 off: 0.812s
04:30:22 copy_program_x300 off: 0.786s
04:30:27 copy_program_x300 on: 1.095s
04:30:30 copy_program_x300 on: 0.839s
04:30:34 copy_program_x300 off: 0.797s
04:30:37 copy_program_x300 off: 0.813s
04:30:41 copy_program_x300 on: 0.825s
04:30:44 copy_program_x300 on: 0.802s
04:30:48 copy_program_x300 off: 0.874s
04:30:50 copy_program_x300 off: 0.910s
04:30:55 copy_program_x300 on: 0.887s
04:30:58 copy_program_x300 on: 0.834s
04:31:01 copy_program_x300 off: 0.832s
04:31:04 copy_program_x300 off: 0.853s
04:31:09 copy_program_x300 on: 0.890s
04:31:12 copy_program_x300 on: 0.912s
04:31:16 copy_program_x300 off: 0.819s
04:31:19 copy_program_x300 off: 0.794s
04:31:23 copy_program_x300 on: 0.908s
04:31:27 copy_program_x300 on: 0.813s
04:31:30 copy_program_x300 off: 0.799s
04:31:33 copy_program_x300 off: 0.909s
04:31:37 copy_program_x300 on: 1.344s
04:31:40 copy_program_x300 on: 0.795s
04:31:44 copy_program_x300 off: 0.780s
04:31:47 copy_program_x300 off: 0.790s
04:31:51 copy_program_x300 on: 0.842s
04:31:55 copy_program_x300 on: 0.996s
04:31:58 copy_program_x300 off: 0.817s
04:32:01 copy_program_x300 off: 0.792s
04:32:05 copy_program_x300 on: 0.932s
04:32:09 copy_program_x300 on: 0.824s
04:32:13 copy_program_x300 off: 0.785s
04:32:15 copy_program_x300 off: 0.807s
04:32:20 copy_program_x300 on: 0.855s
04:32:23 copy_program_x300 on: 0.873s
04:32:27 copy_program_x300 off: 0.974s
04:32:30 copy_program_x300 off: 0.804s
04:32:34 copy_program_x300 on: 0.812s
04:32:37 copy_program_x300 on: 0.804s
04:32:41 copy_program_x300 off: 0.854s
04:32:44 copy_program_x300 off: 0.788s
04:32:48 copy_program_x300 on: 1.231s
04:32:51 copy_program_x300 on: 0.808s
04:32:55 copy_program_x300 off: 0.800s
04:32:58 copy_program_x300 off: 0.802s
04:33:02 copy_program_x300 on: 0.819s
04:33:06 copy_program_x300 on: 0.810s
04:33:10 copy_program_x300 off: 0.847s
04:33:12 copy_program_x300 off: 0.802s
04:33:17 copy_program_x300 on: 0.837s
04:33:20 copy_program_x300 on: 0.837s
04:33:24 copy_program_x300 off: 0.791s
04:33:27 copy_program_x300 off: 0.786s
04:33:31 copy_program_x300 on: 0.827s
04:33:34 copy_program_x300 on: 0.839s
04:33:38 copy_program_x300 off: 0.863s
04:33:41 copy_program_x300 off: 0.793s
04:33:45 copy_program_x300 on: 0.848s
04:33:48 copy_program_x300 on: 0.821s
04:33:52 copy_program_x300 off: 0.815s
04:33:55 copy_program_x300 off: 0.793s
04:34:00 copy_program_x300 on: 1.277s
04:34:03 copy_program_x300 on: 0.827s
04:34:06 copy_program_x300 off: 0.799s
04:34:09 copy_program_x300 off: 0.807s
04:34:14 copy_program_x300 on: 0.805s
04:34:17 copy_program_x300 on: 0.799s
04:34:21 copy_program_x300 off: 0.798s
04:34:24 copy_program_x300 off: 0.792s
04:34:28 copy_program_x300 on: 0.893s
04:34:31 copy_program_x300 on: 0.878s
04:34:35 copy_program_x300 off: 0.790s
04:34:38 copy_program_x300 off: 0.816s
04:34:42 copy_program_x300 on: 0.868s
04:34:45 copy_program_x300 on: 0.821s
04:34:48 copy_program_x300 off: 0.781s
04:34:51 copy_program_x300 off: 0.830s
04:34:55 copy_program_x300 on: 0.817s
04:34:58 copy_program_x300 on: 1.058s
04:35:02 copy_program_x300 off: 0.802s
04:35:05 copy_program_x300 off: 0.797s
04:35:09 copy_program_x300 on: 1.047s
04:35:13 copy_program_x300 on: 0.816s
04:35:16 copy_program_x300 off: 0.804s
04:35:19 copy_program_x300 off: 0.790s
04:35:23 copy_program_x300 on: 0.821s
04:35:27 copy_program_x300 on: 0.805s
04:35:30 copy_program_x300 off: 0.926s
04:35:33 copy_program_x300 off: 0.787s
04:35:37 copy_program_x300 on: 0.810s
04:35:40 copy_program_x300 on: 0.830s
04:35:44 copy_program_x300 off: 0.819s
04:35:47 copy_program_x300 off: 0.797s
04:35:52 copy_program_x300 on: 0.835s
04:35:55 copy_program_x300 on: 0.800s
04:35:59 copy_program_x300 off: 0.798s
04:36:01 copy_program_x300 off: 0.795s
04:36:06 copy_program_x300 on: 0.917s
04:36:09 copy_program_x300 on: 0.815s
04:36:13 copy_program_x300 off: 0.785s
04:36:15 copy_program_x300 off: 0.803s
04:36:20 copy_program_x300 on: 0.837s
04:36:23 copy_program_x300 on: 0.871s
04:36:26 copy_program_x300 off: 0.833s
04:36:29 copy_program_x300 off: 0.796s
04:36:34 copy_program_x300 on: 0.840s
04:36:37 copy_program_x300 on: 0.823s
04:36:41 copy_program_x300 off: 0.794s
04:36:43 copy_program_x300 off: 0.846s
04:36:48 copy_program_x300 on: 0.838s
04:36:51 copy_program_x300 on: 0.832s
04:36:54 copy_program_x300 off: 0.798s
04:36:57 copy_program_x300 off: 0.857s
04:37:01 copy_program_x300 on: 0.842s
04:37:04 copy_program_x300 on: 0.828s
04:37:08 copy_program_x300 off: 0.962s
04:37:11 copy_program_x300 off: 0.805s
04:37:15 copy_program_x300 on: 0.833s
04:37:18 copy_program_x300 on: 0.897s
04:37:22 copy_program_x300 off: 0.804s
04:37:24 copy_program_x300 off: 0.799s
04:37:29 copy_program_x300 on: 1.033s
04:37:33 copy_program_x300 on: 1.151s
04:37:37 copy_program_x300 off: 0.806s
04:37:40 copy_program_x300 off: 0.920s
04:37:44 copy_program_x300 on: 0.801s
04:37:47 copy_program_x300 on: 0.807s
04:37:51 copy_program_x300 off: 0.975s
04:37:54 copy_program_x300 off: 0.788s
04:37:58 copy_program_x300 on: 0.883s
04:38:01 copy_program_x300 on: 0.863s
04:38:05 copy_program_x300 off: 0.802s
04:38:08 copy_program_x300 off: 0.801s
04:38:12 copy_program_x300 on: 0.880s
04:38:15 copy_program_x300 on: 0.818s
04:38:19 copy_program_x300 off: 0.798s
04:38:22 copy_program_x300 off: 0.791s
04:38:26 copy_program_x300 on: 0.840s
04:38:30 copy_program_x300 on: 0.808s
04:38:33 copy_program_x300 off: 0.793s
04:38:36 copy_program_x300 off: 0.795s
04:38:40 copy_program_x300 on: 0.832s
04:38:43 copy_program_x300 on: 0.808s
04:38:47 copy_program_x300 off: 0.805s
04:38:50 copy_program_x300 off: 0.784s
04:38:55 copy_program_x300 on: 0.910s
04:38:59 copy_program_x300 on: 0.805s
04:39:02 copy_program_x300 off: 0.830s
04:39:05 copy_program_x300 off: 0.810s
04:39:09 copy_program_x300 on: 0.823s
04:39:12 copy_program_x300 on: 0.823s
04:39:17 copy_program_x300 off: 0.851s
04:39:19 copy_program_x300 off: 0.782s
04:39:23 copy_program_x300 on: 0.828s
04:39:27 copy_program_x300 on: 0.846s
04:39:30 copy_program_x300 off: 0.806s
04:39:33 copy_program_x300 off: 0.811s
04:39:38 copy_program_x300 on: 0.983s
04:39:41 copy_program_x300 on: 0.801s
04:39:45 copy_program_x300 off: 0.807s
04:39:47 copy_program_x300 off: 0.806s
04:39:52 copy_program_x300 on: 0.850s
04:39:56 copy_program_x300 on: 1.280s
04:39:59 copy_program_x300 off: 0.782s
04:40:02 copy_program_x300 off: 0.825s
04:40:08 copy_program_x300 on: 0.878s
04:40:11 copy_program_x300 on: 0.810s
04:40:14 copy_program_x300 off: 0.797s
04:40:17 copy_program_x300 off: 0.793s
04:40:21 copy_program_x300 on: 0.804s
04:40:24 copy_program_x300 on: 0.817s
04:40:28 copy_program_x300 off: 0.790s
04:40:31 copy_program_x300 off: 0.828s
04:40:35 copy_program_x300 on: 0.822s
04:40:39 copy_program_x300 on: 0.810s
04:40:43 copy_program_x300 off: 0.804s
04:40:45 copy_program_x300 off: 0.798s
04:40:50 copy_program_x300 on: 0.835s
04:40:53 copy_program_x300 on: 0.807s
04:40:56 copy_program_x300 off: 0.802s
04:40:59 copy_program_x300 off: 0.795s
04:41:03 copy_program_x300 on: 0.841s
04:41:07 copy_program_x300 on: 1.270s
04:41:11 copy_program_x300 off: 0.787s
04:41:14 copy_program_x300 off: 0.817s
04:41:19 copy_program_x300 on: 0.884s
04:41:22 copy_program_x300 on: 0.826s
04:41:26 copy_program_x300 off: 0.860s
04:41:28 copy_program_x300 off: 0.793s
04:41:34 copy_program_x300 on: 0.993s
04:41:37 copy_program_x300 on: 0.838s
04:41:40 copy_program_x300 off: 0.796s
04:41:43 copy_program_x300 off: 0.798s
04:41:47 copy_program_x300 on: 0.824s
04:41:51 copy_program_x300 on: 0.826s
04:41:54 copy_program_x300 off: 0.889s
04:41:57 copy_program_x300 off: 0.799s
04:42:02 copy_program_x300 on: 0.827s
04:42:05 copy_program_x300 on: 0.803s
04:42:09 copy_program_x300 off: 0.795s
04:42:11 copy_program_x300 off: 0.799s
04:42:17 copy_program_x300 on: 1.144s
04:42:20 copy_program_x300 on: 0.816s
04:42:23 copy_program_x300 off: 0.849s
04:42:26 copy_program_x300 off: 0.873s
04:42:31 copy_program_x300 on: 0.902s
04:42:34 copy_program_x300 on: 0.820s
04:42:38 copy_program_x300 off: 0.799s
04:42:41 copy_program_x300 off: 0.786s
04:42:46 copy_program_x300 on: 0.842s
04:42:49 copy_program_x300 on: 0.810s
04:42:52 copy_program_x300 off: 0.809s
04:42:55 copy_program_x300 off: 0.802s
04:43:00 copy_program_x300 on: 0.853s
04:43:03 copy_program_x300 on: 0.860s
04:43:06 copy_program_x300 off: 0.813s
04:43:09 copy_program_x300 off: 0.794s
04:43:14 copy_program_x300 on: 0.896s
04:43:17 copy_program_x300 on: 0.817s
04:43:21 copy_program_x300 off: 0.833s
04:43:23 copy_program_x300 off: 0.789s
04:43:29 copy_program_x300 on: 1.093s
04:43:32 copy_program_x300 on: 0.807s
04:43:36 copy_program_x300 off: 0.953s
04:43:39 copy_program_x300 off: 0.779s
04:43:44 copy_program_x300 on: 0.964s
04:43:47 copy_program_x300 on: 0.951s
04:43:51 copy_program_x300 off: 0.789s
04:43:54 copy_program_x300 off: 0.805s
04:43:58 copy_program_x300 on: 1.039s
04:44:02 copy_program_x300 on: 0.908s
04:44:06 copy_program_x300 off: 0.796s
04:44:06 copy_program_x300: median paired overhead +4.15% (CI90 +3.29 .. +5.04)
04:44:13 FAIL idle_cpu_below_1pct_of_a_core
04:44:13 PASS zero_loss
04:44:13 PASS why_cli_median_lt_100ms
04:44:13 PASS label_cli_median_lt_100ms
04:44:13 PASS make_j8_36_units.median_paired_overhead_lt_5pct
04:44:13 PASS vite_build.median_paired_overhead_lt_5pct
04:44:13 PASS copy_program_x300.median_paired_overhead_lt_5pct
04:44:13 verdict FAIL
