10:58:55 idle 10.0 min: collector CPU 0.27s (0.044% of a core), memory 58.0 MB, store +-4306 KiB, 0 events
10:59:10 msvc_240_units_mp8 warmup off: 2.696s
10:59:18 msvc_240_units_mp8 warmup on: 2.645s
10:59:26 msvc_240_units_mp8 warmup off: 2.825s
10:59:35 msvc_240_units_mp8 warmup on: 2.616s
10:59:43 msvc_240_units_mp8 off: 2.801s
10:59:51 msvc_240_units_mp8 on: 2.598s
10:59:58 msvc_240_units_mp8 on: 2.524s
11:00:06 msvc_240_units_mp8 off: 2.795s
11:00:13 msvc_240_units_mp8 off: 2.759s
11:00:22 msvc_240_units_mp8 on: 3.617s
11:00:30 msvc_240_units_mp8 on: 3.111s
11:00:39 msvc_240_units_mp8 off: 2.848s
11:00:46 msvc_240_units_mp8 off: 2.711s
11:00:54 msvc_240_units_mp8 on: 2.410s
11:01:01 msvc_240_units_mp8 on: 2.653s
11:01:09 msvc_240_units_mp8 off: 2.811s
11:01:16 msvc_240_units_mp8 off: 2.696s
11:01:23 msvc_240_units_mp8 on: 2.855s
11:01:31 msvc_240_units_mp8 on: 3.265s
11:01:39 msvc_240_units_mp8 off: 2.877s
11:01:46 msvc_240_units_mp8 off: 2.555s
11:01:53 msvc_240_units_mp8 on: 2.841s
11:02:01 msvc_240_units_mp8 on: 2.791s
11:02:09 msvc_240_units_mp8 off: 2.573s
11:02:16 msvc_240_units_mp8 off: 2.730s
11:02:24 msvc_240_units_mp8 on: 2.918s
11:02:32 msvc_240_units_mp8 on: 2.765s
11:02:40 msvc_240_units_mp8 off: 2.699s
11:02:47 msvc_240_units_mp8 off: 2.955s
11:02:55 msvc_240_units_mp8 on: 2.698s
11:03:02 msvc_240_units_mp8 on: 2.771s
11:03:11 msvc_240_units_mp8 off: 2.723s
11:03:18 msvc_240_units_mp8 off: 3.137s
11:03:26 msvc_240_units_mp8 on: 3.018s
11:03:34 msvc_240_units_mp8 on: 3.257s
11:03:43 msvc_240_units_mp8 off: 2.910s
11:03:50 msvc_240_units_mp8 off: 2.901s
11:03:57 msvc_240_units_mp8 on: 2.888s
11:04:05 msvc_240_units_mp8 on: 2.921s
11:04:14 msvc_240_units_mp8 off: 2.945s
11:04:21 msvc_240_units_mp8 off: 2.842s
11:04:29 msvc_240_units_mp8 on: 2.919s
11:04:37 msvc_240_units_mp8 on: 2.693s
11:04:45 msvc_240_units_mp8 off: 2.768s
11:04:45 msvc_240_units_mp8: median paired overhead +2.12% (CI90 -2.72 .. +6.91)
11:04:48 vite_build warmup off: 0.388s
11:04:51 vite_build warmup on: 0.387s
11:04:55 vite_build warmup off: 0.379s
11:04:58 vite_build warmup on: 0.356s
11:05:02 vite_build off: 0.376s
11:05:05 vite_build on: 0.369s
11:05:08 vite_build on: 0.388s
11:05:12 vite_build off: 0.389s
11:05:13 vite_build off: 0.382s
11:05:17 vite_build on: 0.358s
11:05:19 vite_build on: 0.364s
11:05:23 vite_build off: 0.368s
11:05:25 vite_build off: 0.408s
11:05:28 vite_build on: 0.361s
11:05:30 vite_build on: 0.369s
11:05:34 vite_build off: 0.392s
11:05:36 vite_build off: 0.393s
11:05:39 vite_build on: 0.379s
11:05:42 vite_build on: 0.374s
11:05:45 vite_build off: 0.381s
11:05:47 vite_build off: 0.358s
11:05:50 vite_build on: 0.391s
11:05:53 vite_build on: 0.406s
11:05:57 vite_build off: 0.377s
11:05:58 vite_build off: 0.394s
11:06:01 vite_build on: 0.365s
11:06:04 vite_build on: 0.388s
11:06:07 vite_build off: 0.393s
11:06:09 vite_build off: 0.382s
11:06:12 vite_build on: 0.379s
11:06:14 vite_build on: 0.377s
11:06:18 vite_build off: 0.397s
11:06:20 vite_build off: 0.387s
11:06:23 vite_build on: 0.392s
11:06:25 vite_build on: 0.368s
11:06:29 vite_build off: 0.413s
11:06:31 vite_build off: 0.396s
11:06:34 vite_build on: 0.364s
11:06:36 vite_build on: 0.364s
11:06:40 vite_build off: 0.369s
11:06:42 vite_build off: 0.389s
11:06:45 vite_build on: 0.364s
11:06:47 vite_build on: 0.375s
11:06:51 vite_build off: 0.398s
11:06:51 vite_build: median paired overhead -2.81% (CI90 -5.84 .. -1.29)
11:06:57 native_exe_x300 warmup off: 2.371s
11:07:04 native_exe_x300 warmup on: 2.370s
11:07:12 native_exe_x300 warmup off: 2.292s
11:07:20 native_exe_x300 warmup on: 2.353s
11:07:27 native_exe_x300 off: 2.407s
11:07:35 native_exe_x300 on: 2.353s
11:07:42 native_exe_x300 on: 2.373s
11:07:49 native_exe_x300 off: 2.386s
11:07:55 native_exe_x300 off: 2.339s
11:08:02 native_exe_x300 on: 2.420s
11:08:09 native_exe_x300 on: 2.315s
11:08:17 native_exe_x300 off: 2.414s
11:08:22 native_exe_x300 off: 2.361s
11:08:30 native_exe_x300 on: 2.503s
11:08:37 native_exe_x300 on: 2.409s
11:08:44 native_exe_x300 off: 2.381s
11:08:50 native_exe_x300 off: 2.403s
11:08:57 native_exe_x300 on: 2.353s
11:09:04 native_exe_x300 on: 2.296s
11:09:12 native_exe_x300 off: 2.383s
11:09:17 native_exe_x300 off: 2.386s
11:09:24 native_exe_x300 on: 2.317s
11:09:31 native_exe_x300 on: 2.359s
11:09:39 native_exe_x300 off: 2.349s
11:09:44 native_exe_x300 off: 2.329s
11:09:52 native_exe_x300 on: 2.399s
11:09:58 native_exe_x300 on: 2.358s
11:10:06 native_exe_x300 off: 2.379s
11:10:12 native_exe_x300 off: 2.378s
11:10:20 native_exe_x300 on: 2.396s
11:10:26 native_exe_x300 on: 2.365s
11:10:34 native_exe_x300 off: 2.342s
11:10:40 native_exe_x300 off: 2.446s
11:10:47 native_exe_x300 on: 2.357s
11:10:54 native_exe_x300 on: 2.415s
11:11:02 native_exe_x300 off: 2.341s
11:11:07 native_exe_x300 off: 2.351s
11:11:15 native_exe_x300 on: 2.358s
11:11:21 native_exe_x300 on: 2.354s
11:11:29 native_exe_x300 off: 2.349s
11:11:35 native_exe_x300 off: 2.385s
11:11:43 native_exe_x300 on: 2.440s
11:11:49 native_exe_x300 on: 2.373s
11:11:57 native_exe_x300 off: 2.332s
11:11:57 native_exe_x300: median paired overhead +0.38% (CI90 -0.89 .. +1.18)
11:12:18 PASS idle_cpu_below_1pct_of_a_core
11:12:18 PASS zero_loss
11:12:18 FAIL why_cli_median_lt_100ms
11:12:18 FAIL label_cli_median_lt_100ms
11:12:18 PASS msvc_240_units_mp8.median_paired_overhead_lt_5pct
11:12:18 PASS vite_build.median_paired_overhead_lt_5pct
11:12:18 PASS native_exe_x300.median_paired_overhead_lt_5pct
11:12:18 verdict FAIL
