00:39:00 graduation: user=runner base=/home/runner/whyfs-graduation-ws
00:39:03 functional: static binary
00:39:03 functional: parallel build #1 (clean)
00:39:04 functional: header change -> build #2
00:39:05 functional: source change -> build #3
00:39:05 functional: vite build + postbuild
00:39:05 functional: copy / rename / move chain
00:39:10 perf make_j8_36_units warmup off: 0.300s
00:39:14 perf make_j8_36_units warmup on: 0.387s
00:39:14 perf make_j8_36_units warmup off: 0.298s
00:39:18 perf make_j8_36_units warmup on: 0.309s
00:39:19 perf make_j8_36_units off: 0.300s
00:39:22 perf make_j8_36_units on: 0.307s
00:39:26 perf make_j8_36_units on: 0.309s
00:39:26 perf make_j8_36_units off: 0.299s
00:39:27 perf make_j8_36_units off: 0.299s
00:39:30 perf make_j8_36_units on: 0.309s
00:39:34 perf make_j8_36_units on: 0.307s
00:39:35 perf make_j8_36_units off: 0.303s
00:39:35 perf make_j8_36_units off: 0.302s
00:39:39 perf make_j8_36_units on: 0.310s
00:39:42 perf make_j8_36_units on: 0.303s
00:39:43 perf make_j8_36_units off: 0.298s
00:39:43 perf make_j8_36_units off: 0.296s
00:39:47 perf make_j8_36_units on: 0.307s
00:39:51 perf make_j8_36_units on: 0.407s
00:39:51 perf make_j8_36_units off: 0.298s
00:39:52 perf make_j8_36_units off: 0.448s
00:39:55 perf make_j8_36_units on: 0.307s
00:39:59 perf make_j8_36_units on: 0.306s
00:39:59 perf make_j8_36_units off: 0.299s
00:40:00 perf make_j8_36_units off: 0.357s
00:40:03 perf make_j8_36_units on: 0.303s
00:40:07 perf make_j8_36_units on: 0.305s
00:40:08 perf make_j8_36_units off: 0.302s
00:40:08 perf make_j8_36_units off: 0.301s
00:40:12 perf make_j8_36_units on: 0.333s
00:40:16 perf make_j8_36_units on: 0.307s
00:40:16 perf make_j8_36_units off: 0.301s
00:40:16 perf make_j8_36_units off: 0.303s
00:40:20 perf make_j8_36_units on: 0.308s
00:40:24 perf make_j8_36_units on: 0.302s
00:40:24 perf make_j8_36_units off: 0.325s
00:40:25 perf make_j8_36_units off: 0.300s
00:40:28 perf make_j8_36_units on: 0.306s
00:40:32 perf make_j8_36_units on: 0.315s
00:40:32 perf make_j8_36_units off: 0.302s
00:40:33 perf make_j8_36_units off: 0.301s
00:40:37 perf make_j8_36_units on: 0.312s
00:40:40 perf make_j8_36_units on: 0.305s
00:40:41 perf make_j8_36_units off: 0.304s
00:40:41 perf vite_build warmup off: 0.292s
00:40:45 perf vite_build warmup on: 0.285s
00:40:45 perf vite_build warmup off: 0.300s
00:40:49 perf vite_build warmup on: 0.286s
00:40:49 perf vite_build off: 0.296s
00:40:53 perf vite_build on: 0.289s
00:40:56 perf vite_build on: 0.289s
00:40:57 perf vite_build off: 0.291s
00:40:57 perf vite_build off: 0.292s
00:41:01 perf vite_build on: 0.295s
00:41:05 perf vite_build on: 0.292s
00:41:05 perf vite_build off: 0.290s
00:41:05 perf vite_build off: 0.287s
00:41:09 perf vite_build on: 0.289s
00:41:13 perf vite_build on: 0.289s
00:41:13 perf vite_build off: 0.292s
00:41:13 perf vite_build off: 0.293s
00:41:17 perf vite_build on: 0.287s
00:41:21 perf vite_build on: 0.291s
00:41:21 perf vite_build off: 0.288s
00:41:21 perf vite_build off: 0.287s
00:41:25 perf vite_build on: 0.286s
00:41:29 perf vite_build on: 0.288s
00:41:29 perf vite_build off: 0.289s
00:41:29 perf vite_build off: 0.289s
00:41:33 perf vite_build on: 0.294s
00:41:37 perf vite_build on: 0.291s
00:41:37 perf vite_build off: 0.289s
00:41:37 perf vite_build off: 0.298s
00:41:41 perf vite_build on: 0.294s
00:41:45 perf vite_build on: 0.285s
00:41:45 perf vite_build off: 0.293s
00:41:45 perf vite_build off: 0.284s
00:41:49 perf vite_build on: 0.293s
00:41:53 perf vite_build on: 0.290s
00:41:53 perf vite_build off: 0.295s
00:41:54 perf vite_build off: 0.289s
00:41:57 perf vite_build on: 0.292s
00:42:01 perf vite_build on: 0.296s
00:42:01 perf vite_build off: 0.292s
00:42:02 perf vite_build off: 0.299s
00:42:05 perf vite_build on: 0.301s
00:42:09 perf vite_build on: 0.295s
00:42:09 perf vite_build off: 0.299s
00:42:10 perf static_binary_x300 warmup off: 0.155s
00:42:13 perf static_binary_x300 warmup on: 0.156s
00:42:13 perf static_binary_x300 warmup off: 0.153s
00:42:17 perf static_binary_x300 warmup on: 0.159s
00:42:17 perf static_binary_x300 off: 0.154s
00:42:21 perf static_binary_x300 on: 0.160s
00:42:24 perf static_binary_x300 on: 0.160s
00:42:24 perf static_binary_x300 off: 0.158s
00:42:25 perf static_binary_x300 off: 0.156s
00:42:28 perf static_binary_x300 on: 0.161s
00:42:32 perf static_binary_x300 on: 0.157s
00:42:32 perf static_binary_x300 off: 0.162s
00:42:32 perf static_binary_x300 off: 0.153s
00:42:36 perf static_binary_x300 on: 0.158s
00:42:40 perf static_binary_x300 on: 0.158s
00:42:40 perf static_binary_x300 off: 0.153s
00:42:40 perf static_binary_x300 off: 0.153s
00:42:44 perf static_binary_x300 on: 0.159s
00:42:47 perf static_binary_x300 on: 0.166s
00:42:47 perf static_binary_x300 off: 0.153s
00:42:48 perf static_binary_x300 off: 0.153s
00:42:51 perf static_binary_x300 on: 0.161s
00:42:55 perf static_binary_x300 on: 0.159s
00:42:55 perf static_binary_x300 off: 0.154s
00:42:55 perf static_binary_x300 off: 0.154s
00:42:59 perf static_binary_x300 on: 0.159s
00:43:03 perf static_binary_x300 on: 0.160s
00:43:03 perf static_binary_x300 off: 0.156s
00:43:03 perf static_binary_x300 off: 0.155s
00:43:07 perf static_binary_x300 on: 0.161s
00:43:11 perf static_binary_x300 on: 0.158s
00:43:11 perf static_binary_x300 off: 0.154s
00:43:11 perf static_binary_x300 off: 0.155s
00:43:15 perf static_binary_x300 on: 0.158s
00:43:19 perf static_binary_x300 on: 0.158s
00:43:19 perf static_binary_x300 off: 0.154s
00:43:19 perf static_binary_x300 off: 0.153s
00:43:23 perf static_binary_x300 on: 0.158s
00:43:27 perf static_binary_x300 on: 0.158s
00:43:27 perf static_binary_x300 off: 0.154s
00:43:27 perf static_binary_x300 off: 0.155s
00:43:32 perf static_binary_x300 on: 0.157s
00:43:35 perf static_binary_x300 on: 0.160s
00:43:35 perf static_binary_x300 off: 0.154s
00:43:39 verdict PASS; failed: []
