03:55:48 graduation: user=runner base=/home/runner/whyfs-graduation-ws
03:55:51 functional: static binary
03:55:51 functional: parallel build #1 (clean)
03:55:52 functional: header change -> build #2
03:55:53 functional: source change -> build #3
03:55:53 functional: vite build + postbuild
03:55:53 functional: copy / rename / move chain
03:55:59 perf make_j8_36_units warmup off: 0.265s
03:56:03 perf make_j8_36_units warmup on: 0.261s
03:56:03 perf make_j8_36_units warmup off: 0.254s
03:56:07 perf make_j8_36_units warmup on: 0.269s
03:56:08 perf make_j8_36_units off: 0.260s
03:56:12 perf make_j8_36_units on: 0.262s
03:56:16 perf make_j8_36_units on: 0.265s
03:56:16 perf make_j8_36_units off: 0.261s
03:56:17 perf make_j8_36_units off: 0.268s
03:56:21 perf make_j8_36_units on: 0.270s
03:56:25 perf make_j8_36_units on: 0.274s
03:56:25 perf make_j8_36_units off: 0.272s
03:56:25 perf make_j8_36_units off: 0.272s
03:56:30 perf make_j8_36_units on: 0.262s
03:56:34 perf make_j8_36_units on: 0.271s
03:56:34 perf make_j8_36_units off: 0.263s
03:56:34 perf make_j8_36_units off: 0.269s
03:56:38 perf make_j8_36_units on: 0.259s
03:56:43 perf make_j8_36_units on: 0.271s
03:56:43 perf make_j8_36_units off: 0.261s
03:56:43 perf make_j8_36_units off: 0.270s
03:56:47 perf make_j8_36_units on: 0.263s
03:56:52 perf make_j8_36_units on: 0.265s
03:56:52 perf make_j8_36_units off: 0.268s
03:56:52 perf make_j8_36_units off: 0.266s
03:56:56 perf make_j8_36_units on: 0.311s
03:57:01 perf make_j8_36_units on: 0.271s
03:57:01 perf make_j8_36_units off: 0.263s
03:57:01 perf make_j8_36_units off: 0.262s
03:57:05 perf make_j8_36_units on: 0.267s
03:57:10 perf make_j8_36_units on: 0.268s
03:57:10 perf make_j8_36_units off: 0.263s
03:57:10 perf make_j8_36_units off: 0.269s
03:57:14 perf make_j8_36_units on: 0.270s
03:57:19 perf make_j8_36_units on: 0.264s
03:57:19 perf make_j8_36_units off: 0.263s
03:57:19 perf make_j8_36_units off: 0.262s
03:57:23 perf make_j8_36_units on: 0.267s
03:57:28 perf make_j8_36_units on: 0.269s
03:57:28 perf make_j8_36_units off: 0.265s
03:57:28 perf make_j8_36_units off: 0.266s
03:57:32 perf make_j8_36_units on: 0.272s
03:57:36 perf make_j8_36_units on: 0.265s
03:57:37 perf make_j8_36_units off: 0.268s
03:57:37 perf vite_build warmup off: 0.262s
03:57:41 perf vite_build warmup on: 0.265s
03:57:41 perf vite_build warmup off: 0.259s
03:57:45 perf vite_build warmup on: 0.255s
03:57:46 perf vite_build off: 0.261s
03:57:50 perf vite_build on: 0.261s
03:57:54 perf vite_build on: 0.255s
03:57:54 perf vite_build off: 0.264s
03:57:55 perf vite_build off: 0.262s
03:57:59 perf vite_build on: 0.263s
03:58:03 perf vite_build on: 0.259s
03:58:03 perf vite_build off: 0.250s
03:58:03 perf vite_build off: 0.262s
03:58:07 perf vite_build on: 0.255s
03:58:12 perf vite_build on: 0.262s
03:58:12 perf vite_build off: 0.259s
03:58:12 perf vite_build off: 0.265s
03:58:16 perf vite_build on: 0.260s
03:58:20 perf vite_build on: 0.259s
03:58:21 perf vite_build off: 0.254s
03:58:21 perf vite_build off: 0.256s
03:58:25 perf vite_build on: 0.255s
03:58:29 perf vite_build on: 0.261s
03:58:29 perf vite_build off: 0.256s
03:58:30 perf vite_build off: 0.260s
03:58:34 perf vite_build on: 0.253s
03:58:38 perf vite_build on: 0.273s
03:58:38 perf vite_build off: 0.258s
03:58:38 perf vite_build off: 0.263s
03:58:42 perf vite_build on: 0.255s
03:58:47 perf vite_build on: 0.274s
03:58:47 perf vite_build off: 0.260s
03:58:47 perf vite_build off: 0.264s
03:58:51 perf vite_build on: 0.257s
03:58:55 perf vite_build on: 0.259s
03:58:56 perf vite_build off: 0.266s
03:58:56 perf vite_build off: 0.263s
03:59:00 perf vite_build on: 0.250s
03:59:04 perf vite_build on: 0.261s
03:59:04 perf vite_build off: 0.260s
03:59:05 perf vite_build off: 0.258s
03:59:09 perf vite_build on: 0.258s
03:59:13 perf vite_build on: 0.251s
03:59:13 perf vite_build off: 0.258s
03:59:13 perf static_binary_x300 warmup off: 0.152s
03:59:17 perf static_binary_x300 warmup on: 0.156s
03:59:17 perf static_binary_x300 warmup off: 0.149s
03:59:21 perf static_binary_x300 warmup on: 0.151s
03:59:21 perf static_binary_x300 off: 0.148s
03:59:25 perf static_binary_x300 on: 0.151s
03:59:29 perf static_binary_x300 on: 0.153s
03:59:30 perf static_binary_x300 off: 0.150s
03:59:30 perf static_binary_x300 off: 0.149s
03:59:34 perf static_binary_x300 on: 0.154s
03:59:38 perf static_binary_x300 on: 0.155s
03:59:38 perf static_binary_x300 off: 0.149s
03:59:38 perf static_binary_x300 off: 0.150s
03:59:42 perf static_binary_x300 on: 0.153s
03:59:46 perf static_binary_x300 on: 0.153s
03:59:46 perf static_binary_x300 off: 0.151s
03:59:46 perf static_binary_x300 off: 0.151s
03:59:50 perf static_binary_x300 on: 0.155s
03:59:54 perf static_binary_x300 on: 0.149s
03:59:54 perf static_binary_x300 off: 0.148s
03:59:54 perf static_binary_x300 off: 0.144s
03:59:58 perf static_binary_x300 on: 0.154s
04:00:02 perf static_binary_x300 on: 0.154s
04:00:02 perf static_binary_x300 off: 0.150s
04:00:03 perf static_binary_x300 off: 0.150s
04:00:06 perf static_binary_x300 on: 0.152s
04:00:11 perf static_binary_x300 on: 0.152s
04:00:11 perf static_binary_x300 off: 0.146s
04:00:11 perf static_binary_x300 off: 0.148s
04:00:15 perf static_binary_x300 on: 0.152s
04:00:19 perf static_binary_x300 on: 0.155s
04:00:19 perf static_binary_x300 off: 0.149s
04:00:19 perf static_binary_x300 off: 0.149s
04:00:23 perf static_binary_x300 on: 0.151s
04:00:27 perf static_binary_x300 on: 0.154s
04:00:27 perf static_binary_x300 off: 0.151s
04:00:27 perf static_binary_x300 off: 0.147s
04:00:31 perf static_binary_x300 on: 0.154s
04:00:36 perf static_binary_x300 on: 0.149s
04:00:36 perf static_binary_x300 off: 0.147s
04:00:36 perf static_binary_x300 off: 0.151s
04:00:40 perf static_binary_x300 on: 0.152s
04:00:44 perf static_binary_x300 on: 0.151s
04:00:44 perf static_binary_x300 off: 0.149s
04:00:48 verdict PASS; failed: []
