01:57:02 git HEAD a30fd65ff1f4851a50c0ab3eb0208db51ce9d111 dirty=0
01:57:02 phase P: -DWF_PROFILE build, per-program counters + bpf_stats run time
01:57:04   P warm-up: 0.127s
01:57:04   P warm-up: 0.131s
01:57:05   P rep 0: 0.133s  opens=1398 perms=4005
01:57:06   P rep 1: 0.133s  opens=1400 perms=3149
01:57:07   P rep 2: 0.126s  opens=1399 perms=3978
01:57:08   P rep 3: 0.131s  opens=1396 perms=3247
01:57:08   P rep 4: 0.137s  opens=1398 perms=4033
01:57:09   P rep 5: 0.139s  opens=1398 perms=3295
01:57:10   P rep 6: 0.132s  opens=1397 perms=4078
01:57:11   P rep 7: 0.132s  opens=1397 perms=4207
01:57:12   P rep 8: 0.133s  opens=1399 perms=3380
01:57:13   P rep 9: 0.134s  opens=1399 perms=4227
01:57:14 phase Q: -DWF_PROFILE -DWF_PROFILE_TIME build, per-program counters + bpf_stats run time
01:57:17   Q warm-up: 0.132s
01:57:17   Q warm-up: 0.136s
01:57:17   Q rep 0: 0.130s  opens=1401 perms=4494
01:57:18   Q rep 1: 0.138s  opens=1400 perms=4517
01:57:19   Q rep 2: 0.131s  opens=1396 perms=3587
01:57:20   Q rep 3: 0.136s  opens=1398 perms=3664
01:57:21   Q rep 4: 0.137s  opens=1400 perms=4604
01:57:22   Q rep 5: 0.130s  opens=1400 perms=4707
01:57:23   Q rep 6: 0.133s  opens=1400 perms=4679
01:57:24   Q rep 7: 0.139s  opens=1398 perms=4730
01:57:24   Q rep 8: 0.140s  opens=1398 perms=4779
01:57:25   Q rep 9: 0.133s  opens=1397 perms=4744
01:57:26 phase T: production build, alternating detached/attached pairs
01:57:29   T first build after load: 0.130s
01:57:32   T pair 0 (warm-up): off 0.1220s on 0.1279s -> +4.78%
01:57:35   T pair 1 (warm-up): off 0.1257s on 0.1306s -> +3.95%
01:57:37   T pair 2: off 0.1283s on 0.1269s -> -1.04%
01:57:40   T pair 3: off 0.1126s on 0.1318s -> +17.04%
01:57:42   T pair 4: off 0.1251s on 0.1289s -> +3.03%
01:57:45   T pair 5: off 0.1172s on 0.1331s -> +13.59%
01:57:47   T pair 6: off 0.1336s on 0.1316s -> -1.45%
01:57:50   T pair 7: off 0.1240s on 0.1289s -> +3.95%
01:57:52   T pair 8: off 0.1463s on 0.1374s -> -6.06%
01:57:55   T pair 9: off 0.1394s on 0.1362s -> -2.32%
01:57:57   T pair 10: off 0.1253s on 0.1303s -> +3.99%
01:58:00   T pair 11: off 0.1305s on 0.1230s -> -5.73%
01:58:02   T pair 12: off 0.1130s on 0.1272s -> +12.60%
01:58:04   T pair 13: off 0.1314s on 0.1330s -> +1.23%
01:58:07   T pair 14: off 0.1232s on 0.1278s -> +3.77%
01:58:09   T pair 15: off 0.1234s on 0.1289s -> +4.39%
01:58:12   T pair 16: off 0.1255s on 0.1342s -> +6.89%
01:58:15   T pair 17: off 0.1265s on 0.1347s -> +6.46%
01:58:17   T pair 18: off 0.1242s on 0.1353s -> +8.89%
01:58:20   T pair 19: off 0.1260s on 0.1344s -> +6.63%
01:58:22   T pair 20: off 0.1274s on 0.1300s -> +2.00%
01:58:25   T pair 21: off 0.1264s on 0.1296s -> +2.55%
01:58:25   T run-time reps (bpf_stats on)
01:58:31 phase A: hook-body ablation (WF_NULL_MASK), rotated baseline/normal/nulled rounds
02:01:17   A null_all: normal-base +2.75 ms, normal-null +4.24 ms (CI90 +2.28..+4.96)
02:04:02   A security_file_open: normal-base +4.94 ms, normal-null +2.63 ms (CI90 +1.43..+3.26)
02:06:46   A security_file_permission: normal-base +3.97 ms, normal-null +0.15 ms (CI90 -0.65..+1.90)
02:09:33   A security_mmap_file: normal-base +3.82 ms, normal-null -0.33 ms (CI90 -1.23..+1.51)
02:12:20   A sched_process_exec: normal-base +4.58 ms, normal-null +1.11 ms (CI90 -0.20..+2.49)
02:15:06   A sched_process_fork: normal-base +4.30 ms, normal-null +1.54 ms (CI90 -0.15..+2.47)
02:17:53   A sched_process_exit: normal-base +4.33 ms, normal-null -0.21 ms (CI90 -1.72..+0.79)
02:17:53 phase U: userspace split (base / kernel_only / no_store / full), rotated rounds
02:17:55   U first build after load: 0.134s
02:18:03   U round 0: base=0.1281 kernel_only=0.1254 no_store=0.1347 full=0.1296
02:18:37   U round 5: base=0.1255 kernel_only=0.1382 no_store=0.1282 full=0.1323
02:19:11   U round 10: base=0.1263 kernel_only=0.1328 no_store=0.1338 full=0.1341
02:19:45   U round 15: base=0.1266 kernel_only=0.1273 no_store=0.1301 full=0.1296
02:20:19   U round 20: base=0.1242 kernel_only=0.1317 no_store=0.1326 full=0.1330
02:20:53   U round 25: base=0.1264 kernel_only=0.1317 no_store=0.1343 full=0.1315
02:21:27   U round 30: base=0.1274 kernel_only=0.1317 no_store=0.1346 full=0.1334
02:22:00   U round 35: base=0.1263 kernel_only=0.1299 no_store=0.1334 full=0.1346
02:22:35   U round 40: base=0.1265 kernel_only=0.1313 no_store=0.1306 full=0.1318
02:22:35   U kernel_minus_base_ms: median +4.55 ms (CI90 +3.39..+6.00)
02:22:35   U nostore_minus_kernel_ms: median +2.13 ms (CI90 +1.08..+2.87)
02:22:35   U full_minus_nostore_ms: median +1.26 ms (CI90 +0.30..+2.90)
02:22:35   U full_minus_base_ms: median +7.72 ms (CI90 +6.58..+8.41)
02:22:35 phase V: mechanism (base / kernel_only / no_store / burn), rotated rounds
02:22:45   V round 0: base=0.1172 kernel_only=0.1241 no_store=0.1321 burn=0.1378
02:23:19   V round 5: base=0.1258 kernel_only=0.1274 no_store=0.1275 burn=0.1343
02:23:53   V round 10: base=0.1236 kernel_only=0.1283 no_store=0.1396 burn=0.1315
02:24:26   V round 15: base=0.1266 kernel_only=0.1313 no_store=0.1374 burn=0.1325
02:25:00   V round 20: base=0.1140 kernel_only=0.1313 no_store=0.1344 burn=0.1349
02:25:34   V round 25: base=0.1271 kernel_only=0.1201 no_store=0.1103 burn=0.1316
02:26:07   V round 30: base=0.1229 kernel_only=0.1325 no_store=0.1291 burn=0.1287
02:26:40   V round 35: base=0.1280 kernel_only=0.1255 no_store=0.1276 burn=0.1289
02:27:15   V round 40: base=0.1258 kernel_only=0.1326 no_store=0.1338 burn=0.1290
02:27:15 phase W: per-event-type callback time and cProfile (no_store mode)
02:27:22   V kernel_minus_base_ms: median +4.30 ms (CI90 +2.76..+5.37)
02:27:22   V nostore_minus_kernel_ms: median +2.57 ms (CI90 +2.00..+4.32)
02:27:22   V burn_minus_kernel_ms: median +1.39 ms (CI90 -0.17..+3.24)
02:27:22   V nostore_minus_burn_ms: median +1.35 ms (CI90 +0.42..+2.89)
02:27:22   W callback time per event type: {"open": 24.2, "read": 15.1, "fork": 6.9, "chdir": 69.3, "exec": 53.1, "mmap_read": 2.1, "unlink": 19.1, "exit": 4.1, "write": 14.4}
02:27:22 phase X: realpath/lstat mechanism, rotated rounds
02:27:34   X round 0: base=0.1258 kernel_only=0.1286 no_store=0.1347 canon_only=0.1292 no_store_nocanon=0.1337
02:28:18   X round 5: base=0.1299 kernel_only=0.1290 no_store=0.1329 canon_only=0.1294 no_store_nocanon=0.1660
02:29:02   X round 10: base=0.1330 kernel_only=0.1315 no_store=0.1364 canon_only=0.1328 no_store_nocanon=0.1329
02:29:47   X round 15: base=0.1304 kernel_only=0.1295 no_store=0.1326 canon_only=0.1294 no_store_nocanon=0.1358
02:30:31   X round 20: base=0.1259 kernel_only=0.1325 no_store=0.1345 canon_only=0.1197 no_store_nocanon=0.1373
02:31:15   X round 25: base=0.1291 kernel_only=0.1320 no_store=0.1341 canon_only=0.1287 no_store_nocanon=0.1317
02:32:00   X round 30: base=0.1205 kernel_only=0.1290 no_store=0.1310 canon_only=0.1309 no_store_nocanon=0.1328
02:32:44   X round 35: base=0.1307 kernel_only=0.1317 no_store=0.1304 canon_only=0.1365 no_store_nocanon=0.1320
02:33:28   X round 40: base=0.1252 kernel_only=0.1337 no_store=0.1340 canon_only=0.1379 no_store_nocanon=0.1336
02:33:29   X kernel_minus_base_ms: median +4.04 ms (CI90 +2.49..+6.89)
02:33:29   X nostore_minus_kernel_ms: median +2.07 ms (CI90 +1.57..+2.97)
02:33:29   X canon_only_minus_kernel_ms: median +0.37 ms (CI90 -1.61..+1.76)
02:33:29   X nostore_nocanon_minus_kernel_ms: median +1.50 ms (CI90 +0.07..+3.30)
02:33:29   X nostore_minus_nostore_nocanon_ms: median -0.11 ms (CI90 -1.57..+0.53)
02:33:29 wrote /home/ftmon/whyfs-hotpath/20260926-opt1-a30fd65
