01:08:57 git HEAD 751d6f3c2b8620721339b67c3ec5d61c80efefa3 dirty=0
01:08:58 phase P: -DWF_PROFILE build, per-program counters + bpf_stats run time
01:09:00   P warm-up: 0.134s
01:09:00   P warm-up: 0.132s
01:09:01   P rep 0: 0.135s  opens=1398 perms=4005
01:09:02   P rep 1: 0.139s  opens=1408 perms=3178
01:09:03   P rep 2: 0.134s  opens=1397 perms=3979
01:09:03   P rep 3: 0.133s  opens=1397 perms=3249
01:09:04   P rep 4: 0.139s  opens=1400 perms=4038
01:09:05   P rep 5: 0.134s  opens=1398 perms=3298
01:09:06   P rep 6: 0.139s  opens=1397 perms=4079
01:09:07   P rep 7: 0.140s  opens=1398 perms=4205
01:09:08   P rep 8: 0.143s  opens=1398 perms=3367
01:09:09   P rep 9: 0.138s  opens=1395 perms=4218
01:09:10 phase Q: -DWF_PROFILE -DWF_PROFILE_TIME build, per-program counters + bpf_stats run time
01:09:12   Q warm-up: 0.135s
01:09:12   Q warm-up: 0.139s
01:09:13   Q rep 0: 0.136s  opens=1402 perms=4487
01:09:14   Q rep 1: 0.136s  opens=1398 perms=4518
01:09:15   Q rep 2: 0.137s  opens=1398 perms=3577
01:09:16   Q rep 3: 0.137s  opens=1399 perms=3645
01:09:17   Q rep 4: 0.135s  opens=1398 perms=4596
01:09:18   Q rep 5: 0.134s  opens=1397 perms=4718
01:09:18   Q rep 6: 0.137s  opens=1402 perms=4729
01:09:19   Q rep 7: 0.135s  opens=1400 perms=4726
01:09:20   Q rep 8: 0.135s  opens=1399 perms=4789
01:09:21   Q rep 9: 0.138s  opens=1398 perms=4811
01:09:22 phase T: production build, alternating detached/attached pairs
01:09:24   T first build after load: 0.132s
01:09:28   T pair 0 (warm-up): off 0.1291s on 0.1343s -> +4.02%
01:09:30   T pair 1 (warm-up): off 0.1287s on 0.1392s -> +8.22%
01:09:33   T pair 2: off 0.1319s on 0.1395s -> +5.79%
01:09:35   T pair 3: off 0.1232s on 0.1381s -> +12.11%
01:09:38   T pair 4: off 0.1265s on 0.1325s -> +4.79%
01:09:40   T pair 5: off 0.1254s on 0.1388s -> +10.65%
01:09:43   T pair 6: off 0.1254s on 0.1345s -> +7.25%
01:09:45   T pair 7: off 0.1296s on 0.1357s -> +4.73%
01:09:48   T pair 8: off 0.1282s on 0.1296s -> +1.12%
01:09:50   T pair 9: off 0.1268s on 0.1355s -> +6.83%
01:09:53   T pair 10: off 0.1244s on 0.1535s -> +23.40%
01:09:55   T pair 11: off 0.1245s on 0.1551s -> +24.51%
01:09:58   T pair 12: off 0.1282s on 0.1315s -> +2.55%
01:10:00   T pair 13: off 0.1278s on 0.1349s -> +5.52%
01:10:03   T pair 14: off 0.1300s on 0.1302s -> +0.15%
01:10:05   T pair 15: off 0.1263s on 0.1306s -> +3.37%
01:10:07   T pair 16: off 0.1236s on 0.1364s -> +10.35%
01:10:10   T pair 17: off 0.1321s on 0.1312s -> -0.67%
01:10:13   T pair 18: off 0.1297s on 0.1403s -> +8.18%
01:10:15   T pair 19: off 0.1317s on 0.1333s -> +1.18%
01:10:18   T pair 20: off 0.1280s on 0.1351s -> +5.53%
01:10:20   T pair 21: off 0.1287s on 0.1309s -> +1.73%
01:10:20   T run-time reps (bpf_stats on)
01:10:27 phase A: hook-body ablation (WF_NULL_MASK), rotated baseline/normal/nulled rounds
01:13:12   A null_all: normal-base +2.18 ms, normal-null +2.83 ms (CI90 +1.53..+3.93)
01:15:58   A security_file_open: normal-base +3.00 ms, normal-null -0.08 ms (CI90 -0.76..+0.85)
01:18:41   A security_file_permission: normal-base +3.87 ms, normal-null +0.53 ms (CI90 -0.51..+1.77)
01:21:27   A security_mmap_file: normal-base +3.87 ms, normal-null -1.00 ms (CI90 -2.39..+0.82)
01:24:13   A sched_process_exec: normal-base +3.38 ms, normal-null -0.27 ms (CI90 -1.30..+2.22)
01:26:59   A sched_process_fork: normal-base +2.50 ms, normal-null +0.30 ms (CI90 -1.49..+1.47)
01:29:46   A sched_process_exit: normal-base +4.59 ms, normal-null -0.90 ms (CI90 -1.71..+0.33)
01:29:46 phase U: userspace split (base / kernel_only / no_store / full), rotated rounds
01:29:48   U first build after load: 0.134s
01:29:56   U round 0: base=0.1281 kernel_only=0.1286 no_store=0.1410 full=0.1334
01:30:30   U round 5: base=0.1193 kernel_only=0.1314 no_store=0.1330 full=0.1364
01:31:04   U round 10: base=0.1243 kernel_only=0.1296 no_store=0.1397 full=0.1356
01:31:38   U round 15: base=0.1227 kernel_only=0.1287 no_store=0.1313 full=0.1367
01:32:12   U round 20: base=0.1247 kernel_only=0.1294 no_store=0.1333 full=0.1340
01:32:46   U round 25: base=0.1244 kernel_only=0.1306 no_store=0.1348 full=0.1364
01:33:19   U round 30: base=0.1220 kernel_only=0.1254 no_store=0.1368 full=0.1402
01:33:53   U round 35: base=0.1260 kernel_only=0.1331 no_store=0.1319 full=0.1347
01:34:27   U round 40: base=0.1272 kernel_only=0.1343 no_store=0.1329 full=0.1372
01:34:28   U kernel_minus_base_ms: median +4.64 ms (CI90 +3.63..+5.94)
01:34:28   U nostore_minus_kernel_ms: median +4.73 ms (CI90 +4.29..+5.28)
01:34:28   U full_minus_nostore_ms: median +1.12 ms (CI90 +0.43..+1.96)
01:34:28   U full_minus_base_ms: median +10.72 ms (CI90 +9.84..+11.81)
01:34:28 phase V: mechanism (base / kernel_only / no_store / burn), rotated rounds
01:34:38   V round 0: base=0.1279 kernel_only=0.1278 no_store=0.1316 burn=0.1317
01:35:11   V round 5: base=0.1295 kernel_only=0.1236 no_store=0.1349 burn=0.1329
01:35:45   V round 10: base=0.1241 kernel_only=0.1285 no_store=0.1352 burn=0.1319
01:36:19   V round 15: base=0.1218 kernel_only=0.1263 no_store=0.1359 burn=0.1300
01:36:52   V round 20: base=0.1225 kernel_only=0.1319 no_store=0.1460 burn=0.1303
01:37:25   V round 25: base=0.1296 kernel_only=0.1306 no_store=0.1313 burn=0.1257
01:37:59   V round 30: base=0.1260 kernel_only=0.1327 no_store=0.1353 burn=0.1333
01:38:33   V round 35: base=0.1226 kernel_only=0.1389 no_store=0.1375 burn=0.1319
01:39:07   V round 40: base=0.1264 kernel_only=0.1297 no_store=0.1339 burn=0.1297
01:39:07 phase W: per-event-type callback time and cProfile (no_store mode)
01:39:14   V kernel_minus_base_ms: median +3.82 ms (CI90 +3.24..+4.34)
01:39:14   V nostore_minus_kernel_ms: median +5.44 ms (CI90 +3.00..+6.52)
01:39:14   V burn_minus_kernel_ms: median +0.50 ms (CI90 -0.45..+1.85)
01:39:14   V nostore_minus_burn_ms: median +4.25 ms (CI90 +3.34..+5.35)
01:39:14   W callback time per event type: {"open": 24.4, "read": 14.5, "fork": 6.9, "chdir": 32.0, "exec": 108.1, "mmap_read": 2.2, "unlink": 84.7, "exit": 4.1, "write": 14.4}
01:39:14 wrote /home/ftmon/whyfs-hotpath/20260926-step1c-751d6f3
