00:32:22 git HEAD f7e978e594fc235cd69ae6fa880e37da1db3231a dirty=0
00:32:22 phase P: WF_PROFILE build, per-program counters + bpf_stats run time
00:32:25   P warm-up: 0.136s
00:32:25   P warm-up: 0.139s
00:32:25   P rep 0: 0.149s  opens=1356 perms=3979
00:32:26   P rep 1: 0.143s  opens=1356 perms=3156
00:32:27   P rep 2: 0.148s  opens=1374 perms=5334
00:32:28   P rep 3: 0.140s  opens=1358 perms=3262
00:32:29   P rep 4: 0.146s  opens=1356 perms=4065
00:32:30   P rep 5: 0.148s  opens=1367 perms=3361
00:32:31   P rep 6: 0.142s  opens=1358 perms=3341
00:32:32   P rep 7: 0.145s  opens=1358 perms=4211
00:32:32   P rep 8: 0.148s  opens=1356 perms=3393
00:32:33   P rep 9: 0.143s  opens=1358 perms=3451
00:32:34 phase T: production build, alternating detached/attached pairs
00:32:37   T first build after load: 0.139s
00:32:40   T pair 0 (warm-up): off 0.1386s on 0.1593s -> +14.99%
00:32:43   T pair 1 (warm-up): off 0.1358s on 0.1413s -> +4.02%
00:32:46   T pair 2: off 0.1369s on 0.1384s -> +1.07%
00:32:48   T pair 3: off 0.1327s on 0.1554s -> +17.08%
00:32:50   T pair 4: off 0.1439s on 0.1375s -> -4.46%
00:32:53   T pair 5: off 0.1375s on 0.1401s -> +1.87%
00:32:55   T pair 6: off 0.1297s on 0.1463s -> +12.82%
00:32:58   T pair 7: off 0.1385s on 0.1396s -> +0.78%
00:33:00   T pair 8: off 0.1365s on 0.1452s -> +6.33%
00:33:03   T pair 9: off 0.1327s on 0.1385s -> +4.42%
00:33:05   T pair 10: off 0.1343s on 0.1451s -> +7.98%
00:33:08   T pair 11: off 0.1389s on 0.1404s -> +1.05%
00:33:10   T pair 12: off 0.1351s on 0.1691s -> +25.19%
00:33:13   T pair 13: off 0.1390s on 0.1426s -> +2.59%
00:33:15   T pair 14: off 0.1349s on 0.1422s -> +5.45%
00:33:18   T pair 15: off 0.1326s on 0.1466s -> +10.63%
00:33:20   T pair 16: off 0.1357s on 0.1440s -> +6.14%
00:33:23   T pair 17: off 0.1320s on 0.1483s -> +12.35%
00:33:25   T pair 18: off 0.1361s on 0.1534s -> +12.68%
00:33:27   T pair 19: off 0.1241s on 0.1473s -> +18.67%
00:33:30   T pair 20: off 0.1251s on 0.1429s -> +14.21%
00:33:32   T pair 21: off 0.1255s on 0.1310s -> +4.37%
00:33:32   T run-time reps (bpf_stats on)
00:33:39 phase A: hook-body ablation (WF_NULL_MASK), rotated baseline/normal/nulled rounds
00:36:24   A null_all: normal-base +2.96 ms, normal-null +3.11 ms (CI90 +2.49..+4.91)
00:39:08   A security_file_open: normal-base +3.24 ms, normal-null +0.91 ms (CI90 -0.14..+1.93)
00:41:52   A security_file_permission: normal-base +3.18 ms, normal-null -0.10 ms (CI90 -1.35..+1.33)
00:44:37   A security_mmap_file: normal-base +2.75 ms, normal-null -1.05 ms (CI90 -1.65..-0.11)
00:47:23   A sched_process_exec: normal-base +4.47 ms, normal-null +2.44 ms (CI90 -0.57..+4.06)
00:50:08   A sched_process_fork: normal-base +3.49 ms, normal-null +0.62 ms (CI90 -0.29..+1.46)
00:52:54   A sched_process_exit: normal-base +2.62 ms, normal-null -1.32 ms (CI90 -1.92..-0.59)
00:52:54 wrote /home/ftmon/whyfs-hotpath/20260926-step1-f7e978e
