00:59:34 git HEAD 2471a52245c90f6c4c6aa7633c32b90fe903d6f4 dirty=0
00:59:34 phase Q: -DWF_PROFILE -DWF_PROFILE_TIME build, per-program counters + bpf_stats run time
00:59:37   Q warm-up: 0.137s
00:59:37   Q warm-up: 0.138s
00:59:37   Q rep 0: 0.142s  opens=1356 perms=3985
00:59:38   Q rep 1: 0.139s  opens=1359 perms=3140
00:59:39   Q rep 2: 0.140s  opens=1356 perms=3940
00:59:40   Q rep 3: 0.136s  opens=1356 perms=3215
00:59:41   Q rep 4: 0.138s  opens=1356 perms=3997
00:59:42   Q rep 5: 0.141s  opens=1355 perms=3264
00:59:43   Q rep 6: 0.152s  opens=1358 perms=4055
00:59:44   Q rep 7: 0.148s  opens=1357 perms=4177
00:59:44   Q rep 8: 0.148s  opens=1358 perms=3337
00:59:45   Q rep 9: 0.146s  opens=1358 perms=4178
00:59:46 phase U: userspace split (base / kernel_only / no_store / full), rotated rounds
00:59:49   U first build after load: 0.142s
00:59:57   U round 0: base=0.1278 kernel_only=0.1381 no_store=0.1341 full=0.1379
01:00:31   U round 5: base=0.1283 kernel_only=0.1342 no_store=0.1375 full=0.1383
01:01:05   U round 10: base=0.1303 kernel_only=0.1342 no_store=0.1455 full=0.1402
01:01:39   U round 15: base=0.1301 kernel_only=0.1484 no_store=0.1422 full=0.1390
01:02:13   U round 20: base=0.1332 kernel_only=0.1351 no_store=0.1654 full=0.1439
01:02:46   U round 25: base=0.1314 kernel_only=0.1344 no_store=0.1396 full=0.1374
01:03:20   U round 30: base=0.1341 kernel_only=0.1311 no_store=0.1452 full=0.1569
01:03:53   U round 35: base=0.1338 kernel_only=0.1372 no_store=0.1402 full=0.1391
01:04:28   U round 40: base=0.1338 kernel_only=0.1460 no_store=0.1430 full=0.1442
01:04:28   U kernel_minus_base_ms: median +3.90 ms (CI90 +3.41..+4.95)
01:04:28   U nostore_minus_kernel_ms: median +5.09 ms (CI90 +3.84..+8.10)
01:04:28   U full_minus_nostore_ms: median -2.08 ms (CI90 -3.28..-0.04)
01:04:28   U full_minus_base_ms: median +8.52 ms (CI90 +7.37..+9.93)
01:04:28 wrote /home/ftmon/whyfs-hotpath/20260926-step1b-2471a52
