06:15:18 cycle rate 4.407 GHz per processor, 2 processor(s)
06:15:33 normal off warmup: 1.498s busy 2238.61 ms collector None ms (+None after)
06:15:49 normal on warmup: 2.997s busy 5405.56 ms collector 53.01 ms (+48.46 after)
06:16:02 normal off: 1.397s busy 2097.54 ms collector None ms (+None after)
06:16:15 normal on: 1.515s busy 2284.07 ms collector 12.23 ms (+42.05 after)
06:16:26 normal on: 1.483s busy 2223.87 ms collector 8.26 ms (+51.87 after)
06:16:39 normal off: 1.398s busy 2093.37 ms collector None ms (+None after)
06:16:50 normal off: 1.524s busy 2293.08 ms collector None ms (+None after)
06:17:03 normal on: 1.523s busy 2295.71 ms collector 10.18 ms (+47.6 after)
06:17:15 normal on: 1.506s busy 2227.82 ms collector 7.38 ms (+51.28 after)
06:17:28 normal off: 1.410s busy 2114.14 ms collector None ms (+None after)
06:17:39 normal off: 1.434s busy 2149.35 ms collector None ms (+None after)
06:17:52 normal on: 1.572s busy 2360.77 ms collector 8.5 ms (+52.82 after)
06:18:03 normal on: 1.511s busy 2268.08 ms collector 9.08 ms (+52.77 after)
06:18:17 normal off: 1.560s busy 2314.35 ms collector None ms (+None after)
06:18:28 normal off: 1.482s busy 2215.89 ms collector None ms (+None after)
06:18:40 normal on: 1.557s busy 2372.27 ms collector 13.38 ms (+55.71 after)
06:18:52 normal on: 1.497s busy 2252.35 ms collector 7.75 ms (+54.83 after)
06:19:05 normal off: 1.440s busy 2155.52 ms collector None ms (+None after)
06:19:16 normal off: 1.531s busy 2297.09 ms collector None ms (+None after)
06:19:29 normal on: 1.498s busy 2263.39 ms collector 8.9 ms (+57.86 after)
06:19:41 normal on: 1.539s busy 2333.91 ms collector 10.02 ms (+55.9 after)
06:19:54 normal off: 1.493s busy 2241.42 ms collector None ms (+None after)
06:20:06 normal off: 1.532s busy 2266.77 ms collector None ms (+None after)
06:20:18 normal on: 1.449s busy 2177.99 ms collector 6.74 ms (+61.55 after)
06:20:30 normal on: 1.469s busy 2214.91 ms collector 9.63 ms (+58.82 after)
06:20:43 normal off: 1.414s busy 2116.61 ms collector None ms (+None after)
06:20:55 normal off: 1.556s busy 2323.37 ms collector None ms (+None after)
06:21:07 normal on: 1.560s busy 2350.37 ms collector 8.36 ms (+64.09 after)
06:21:19 normal on: 1.464s busy 2181.33 ms collector 10.84 ms (+70.67 after)
06:21:32 normal off: 1.520s busy 2273.42 ms collector None ms (+None after)
06:21:43 normal off: 1.465s busy 2216.17 ms collector None ms (+None after)
06:21:56 normal on: 1.805s busy 3272.89 ms collector 7.13 ms (+76.57 after)
06:22:08 normal on: 1.468s busy 2222.42 ms collector 10.79 ms (+70.91 after)
06:22:21 normal off: 1.537s busy 2296.43 ms collector None ms (+None after)
06:22:32 normal off: 1.424s busy 2142.46 ms collector None ms (+None after)
06:22:45 normal on: 1.489s busy 2254.78 ms collector 13.32 ms (+66.19 after)
06:22:57 normal on: 1.436s busy 2155.73 ms collector 7.74 ms (+76.49 after)
06:23:10 normal off: 1.392s busy 2090.82 ms collector None ms (+None after)
06:23:21 normal off: 1.424s busy 2141.77 ms collector None ms (+None after)
06:23:33 normal on: 1.461s busy 2214.71 ms collector 13.23 ms (+67.67 after)
06:23:45 normal on: 1.449s busy 2162.03 ms collector 9.55 ms (+77.59 after)
06:23:58 normal off: 1.392s busy 2086.65 ms collector None ms (+None after)
06:23:58 normal: median paired overhead 3.52%  {"collector": {"cpu_ms": 68.37, "ctx": 506.5, "write_ops": 3857.5, "write_bytes": 8723424.0, "read_ops": 1486.5}, "serve": {"cpu_ms": 1.52, "ctx": 11.0, "write_ops": 2.0, "write_bytes": 4120.0, "read_ops": 6.0}, "svc": {"cpu_ms": 0.0, "ctx": 0.0, "write_ops": 0.0, "write_bytes": 0.0, "read_ops": 0.0}, "system": {"cpu_ms": 63.1, "ctx": 5885.0, "write_ops": 4.5, "write_bytes": 18432.0, "read_ops": 0.0}}
06:24:10 discard off warmup: 1.403s busy 2103.49 ms collector None ms (+None after)
06:24:23 discard on warmup: 1.487s busy 2231.84 ms collector 1.02 ms (+1.08 after)
06:24:35 discard off: 1.394s busy 2100.46 ms collector None ms (+None after)
06:24:48 discard on: 1.414s busy 2133.35 ms collector 0.91 ms (+1.17 after)
06:24:59 discard on: 1.482s busy 2227.7 ms collector 0.79 ms (+1.31 after)
06:25:12 discard off: 1.372s busy 2069.39 ms collector None ms (+None after)
06:25:23 discard off: 1.356s busy 2040.7 ms collector None ms (+None after)
06:25:35 discard on: 1.465s busy 2189.98 ms collector 0.89 ms (+1.2 after)
06:25:47 discard on: 1.562s busy 2286.17 ms collector 0.93 ms (+1.16 after)
06:26:00 discard off: 1.371s busy 2059.98 ms collector None ms (+None after)
06:26:11 discard off: 1.386s busy 2072.7 ms collector None ms (+None after)
06:26:23 discard on: 1.592s busy 2414.76 ms collector 1.13 ms (+1.04 after)
06:26:35 discard on: 1.501s busy 2323.87 ms collector 0.84 ms (+1.16 after)
06:26:48 discard off: 1.387s busy 2093.62 ms collector None ms (+None after)
06:26:59 discard off: 1.393s busy 2087.61 ms collector None ms (+None after)
06:27:11 discard on: 1.459s busy 2185.04 ms collector 0.98 ms (+1.16 after)
06:27:23 discard on: 1.445s busy 2169.1 ms collector 1.17 ms (+1.02 after)
06:27:35 discard off: 1.423s busy 2135.29 ms collector None ms (+None after)
06:27:46 discard off: 1.388s busy 2076.71 ms collector None ms (+None after)
06:27:59 discard on: 1.468s busy 2196.22 ms collector 1.08 ms (+1.08 after)
06:28:11 discard on: 1.482s busy 2216.49 ms collector 0.82 ms (+1.33 after)
06:28:23 discard off: 1.384s busy 2072.33 ms collector None ms (+None after)
06:28:34 discard off: 1.399s busy 2092.47 ms collector None ms (+None after)
06:28:47 discard on: 1.507s busy 2265.73 ms collector 1.16 ms (+1.02 after)
06:28:59 discard on: 1.507s busy 2256.72 ms collector 0.9 ms (+1.23 after)
06:29:11 discard off: 1.367s busy 2046.48 ms collector None ms (+None after)
06:29:22 discard off: 1.400s busy 2121.39 ms collector None ms (+None after)
06:29:35 discard on: 1.427s busy 2140.69 ms collector 0.88 ms (+1.14 after)
06:29:46 discard on: 1.455s busy 2189.12 ms collector 1.09 ms (+1.09 after)
06:29:59 discard off: 1.512s busy 2278.84 ms collector None ms (+None after)
06:30:11 discard off: 1.521s busy 2259.55 ms collector None ms (+None after)
06:30:23 discard on: 1.516s busy 2336.06 ms collector 0.88 ms (+1.18 after)
06:30:35 discard on: 1.487s busy 2237.19 ms collector 0.73 ms (+1.36 after)
06:30:47 discard off: 1.401s busy 2101.15 ms collector None ms (+None after)
06:30:58 discard off: 1.408s busy 2114.36 ms collector None ms (+None after)
06:31:11 discard on: 1.452s busy 2189.9 ms collector 0.97 ms (+1.23 after)
06:31:22 discard on: 1.486s busy 2222.32 ms collector 1.19 ms (+0.97 after)
06:31:35 discard off: 1.470s busy 2197.27 ms collector None ms (+None after)
06:31:46 discard off: 1.409s busy 2109.28 ms collector None ms (+None after)
06:31:59 discard on: 1.478s busy 2230.14 ms collector 0.97 ms (+1.17 after)
06:32:10 discard on: 1.478s busy 2227.05 ms collector 0.82 ms (+1.32 after)
06:32:23 discard off: 1.371s busy 2052.08 ms collector None ms (+None after)
06:32:24 discard: median paired overhead 5.9%  {"collector": {"cpu_ms": 2.14, "ctx": 111.0, "write_ops": 0.0, "write_bytes": 0.0, "read_ops": 0.0}, "serve": {"cpu_ms": 1.47, "ctx": 10.5, "write_ops": 2.0, "write_bytes": 4120.0, "read_ops": 6.0}, "svc": {"cpu_ms": 0.0, "ctx": 0.0, "write_ops": 0.0, "write_bytes": 0.0, "read_ops": 0.0}, "system": {"cpu_ms": 66.17, "ctx": 5802.0, "write_ops": 4.0, "write_bytes": 16384.0, "read_ops": 0.0}}
06:32:35 discard_no_vamap off warmup: 1.481s busy 2211.84 ms collector None ms (+None after)
06:32:48 discard_no_vamap on warmup: 1.493s busy 2245.07 ms collector 0.5 ms (+1.11 after)
06:33:01 discard_no_vamap off: 1.404s busy 2117.75 ms collector None ms (+None after)
06:33:13 discard_no_vamap on: 1.454s busy 2198.28 ms collector 0.54 ms (+1.08 after)
06:33:25 discard_no_vamap on: 1.454s busy 2179.07 ms collector 0.49 ms (+1.14 after)
06:33:37 discard_no_vamap off: 1.444s busy 2170.54 ms collector None ms (+None after)
06:33:48 discard_no_vamap off: 1.382s busy 2079.12 ms collector None ms (+None after)
06:34:01 discard_no_vamap on: 1.451s busy 2177.89 ms collector 0.49 ms (+1.1 after)
06:34:13 discard_no_vamap on: 1.520s busy 2270.89 ms collector 0.8 ms (+0.9 after)
06:34:25 discard_no_vamap off: 1.432s busy 2143.78 ms collector None ms (+None after)
06:34:37 discard_no_vamap off: 1.461s busy 2183.03 ms collector None ms (+None after)
06:34:49 discard_no_vamap on: 1.452s busy 2183.89 ms collector 0.43 ms (+1.1 after)
06:35:01 discard_no_vamap on: 1.472s busy 2207.88 ms collector 0.43 ms (+1.26 after)
06:35:13 discard_no_vamap off: 1.529s busy 2315.8 ms collector None ms (+None after)
06:35:24 discard_no_vamap off: 1.406s busy 2112.82 ms collector None ms (+None after)
06:35:37 discard_no_vamap on: 1.454s busy 2174.64 ms collector 0.53 ms (+1.1 after)
06:35:48 discard_no_vamap on: 1.473s busy 2209.77 ms collector 0.59 ms (+1.05 after)
06:36:01 discard_no_vamap off: 1.391s busy 2083.98 ms collector None ms (+None after)
06:36:12 discard_no_vamap off: 1.362s busy 2039.76 ms collector None ms (+None after)
06:36:24 discard_no_vamap on: 1.393s busy 2093.15 ms collector 0.44 ms (+1.04 after)
06:36:36 discard_no_vamap on: 1.427s busy 2137.09 ms collector 0.72 ms (+0.82 after)
06:36:49 discard_no_vamap off: 1.423s busy 2152.98 ms collector None ms (+None after)
06:37:00 discard_no_vamap off: 1.390s busy 2079.35 ms collector None ms (+None after)
06:37:12 discard_no_vamap on: 1.430s busy 2156.03 ms collector 0.64 ms (+1.17 after)
06:37:24 discard_no_vamap on: 1.475s busy 2212.62 ms collector 0.58 ms (+1.21 after)
06:37:36 discard_no_vamap off: 1.443s busy 2135.29 ms collector None ms (+None after)
06:37:48 discard_no_vamap off: 1.460s busy 2193.2 ms collector None ms (+None after)
06:38:00 discard_no_vamap on: 1.556s busy 2313.1 ms collector 0.47 ms (+1.1 after)
06:38:12 discard_no_vamap on: 1.453s busy 2181.1 ms collector 0.45 ms (+1.11 after)
06:38:24 discard_no_vamap off: 1.420s busy 2134.4 ms collector None ms (+None after)
06:38:35 discard_no_vamap off: 1.355s busy 2027.32 ms collector None ms (+None after)
06:38:48 discard_no_vamap on: 1.581s busy 2374.36 ms collector 0.82 ms (+0.9 after)
06:39:00 discard_no_vamap on: 1.440s busy 2146.54 ms collector 0.44 ms (+1.14 after)
06:39:12 discard_no_vamap off: 1.490s busy 2226.43 ms collector None ms (+None after)
06:39:23 discard_no_vamap off: 1.399s busy 2106.3 ms collector None ms (+None after)
06:39:36 discard_no_vamap on: 1.503s busy 2246.73 ms collector 0.48 ms (+1.13 after)
06:39:48 discard_no_vamap on: 1.490s busy 2235.93 ms collector 0.8 ms (+0.86 after)
06:40:00 discard_no_vamap off: 1.394s busy 2100.47 ms collector None ms (+None after)
06:40:11 discard_no_vamap off: 1.495s busy 2241.09 ms collector None ms (+None after)
06:40:24 discard_no_vamap on: 1.459s busy 2190.7 ms collector 0.52 ms (+1.08 after)
06:40:36 discard_no_vamap on: 1.562s busy 2341.7 ms collector 0.78 ms (+0.93 after)
06:40:48 discard_no_vamap off: 1.404s busy 2106.79 ms collector None ms (+None after)
06:40:49 discard_no_vamap: median paired overhead 3.13%  {"collector": {"cpu_ms": 1.62, "ctx": 106.0, "write_ops": 0.0, "write_bytes": 0.0, "read_ops": 0.0}, "serve": {"cpu_ms": 1.47, "ctx": 10.5, "write_ops": 2.0, "write_bytes": 4120.0, "read_ops": 6.0}, "svc": {"cpu_ms": 0.0, "ctx": 0.0, "write_ops": 0.0, "write_bytes": 0.0, "read_ops": 0.0}, "system": {"cpu_ms": 63.84, "ctx": 5760.5, "write_ops": 4.0, "write_bytes": 16384.0, "read_ops": 0.0}}
06:41:01 discard_no_kfile off warmup: 1.392s busy 2095.89 ms collector None ms (+None after)
06:41:13 discard_no_kfile on warmup: 1.378s busy 2064.72 ms collector 0.37 ms (+1.08 after)
06:41:25 discard_no_kfile off: 1.414s busy 2120.04 ms collector None ms (+None after)
06:41:38 discard_no_kfile on: 1.383s busy 2079.24 ms collector 0.33 ms (+1.17 after)
06:41:49 discard_no_kfile on: 1.374s busy 2066.45 ms collector 0.67 ms (+0.83 after)
06:42:02 discard_no_kfile off: 1.428s busy 2153.85 ms collector None ms (+None after)
06:42:13 discard_no_kfile off: 1.411s busy 2113.59 ms collector None ms (+None after)
06:42:25 discard_no_kfile on: 1.516s busy 2228.13 ms collector 0.57 ms (+0.95 after)
06:42:37 discard_no_kfile on: 1.426s busy 2144.53 ms collector 0.55 ms (+0.97 after)
06:42:50 discard_no_kfile off: 1.413s busy 2100.13 ms collector None ms (+None after)
06:43:01 discard_no_kfile off: 1.371s busy 2034.74 ms collector None ms (+None after)
06:43:13 discard_no_kfile on: 1.390s busy 2093.92 ms collector 0.36 ms (+1.02 after)
06:43:24 discard_no_kfile on: 1.405s busy 2093.19 ms collector 0.66 ms (+0.83 after)
06:43:37 discard_no_kfile off: 1.352s busy 2029.89 ms collector None ms (+None after)
06:43:48 discard_no_kfile off: 1.386s busy 2081.74 ms collector None ms (+None after)
06:44:00 discard_no_kfile on: 1.407s busy 2086.38 ms collector 0.55 ms (+0.96 after)
06:44:12 discard_no_kfile on: 1.398s busy 2096.81 ms collector 0.62 ms (+0.87 after)
06:44:24 discard_no_kfile off: 1.360s busy 2034.71 ms collector None ms (+None after)
06:44:35 discard_no_kfile off: 1.454s busy 2175.55 ms collector None ms (+None after)
06:44:48 discard_no_kfile on: 1.375s busy 2058.4 ms collector 0.34 ms (+1.02 after)
06:44:59 discard_no_kfile on: 1.566s busy 2276.89 ms collector 0.51 ms (+0.98 after)
06:45:12 discard_no_kfile off: 1.422s busy 2139.57 ms collector None ms (+None after)
06:45:23 discard_no_kfile off: 1.379s busy 2080.79 ms collector None ms (+None after)
06:45:35 discard_no_kfile on: 1.448s busy 2172.83 ms collector 0.52 ms (+0.93 after)
06:45:47 discard_no_kfile on: 1.446s busy 2180.87 ms collector 0.57 ms (+0.93 after)
06:45:59 discard_no_kfile off: 1.364s busy 2039.29 ms collector None ms (+None after)
06:46:11 discard_no_kfile off: 1.404s busy 2106.94 ms collector None ms (+None after)
06:46:23 discard_no_kfile on: 1.406s busy 2088.12 ms collector 0.33 ms (+1.05 after)
06:46:34 discard_no_kfile on: 1.408s busy 2119.49 ms collector 0.61 ms (+0.83 after)
06:46:47 discard_no_kfile off: 1.421s busy 2143.45 ms collector None ms (+None after)
06:46:58 discard_no_kfile off: 1.392s busy 2093.52 ms collector None ms (+None after)
06:47:10 discard_no_kfile on: 1.399s busy 2091.97 ms collector 0.57 ms (+0.86 after)
06:47:22 discard_no_kfile on: 1.431s busy 2149.03 ms collector 0.6 ms (+0.83 after)
06:47:34 discard_no_kfile off: 1.407s busy 2110.69 ms collector None ms (+None after)
06:47:45 discard_no_kfile off: 1.481s busy 2185.22 ms collector None ms (+None after)
06:47:58 discard_no_kfile on: 1.341s busy 2003.98 ms collector 0.48 ms (+0.94 after)
06:48:09 discard_no_kfile on: 1.362s busy 2051.39 ms collector 0.63 ms (+0.82 after)
06:48:22 discard_no_kfile off: 1.455s busy 2190.54 ms collector None ms (+None after)
06:48:33 discard_no_kfile off: 1.404s busy 2118.17 ms collector None ms (+None after)
06:48:45 discard_no_kfile on: 1.456s busy 2183.22 ms collector 0.56 ms (+0.95 after)
06:48:57 discard_no_kfile on: 1.401s busy 2092.59 ms collector 0.57 ms (+0.91 after)
06:49:09 discard_no_kfile off: 1.421s busy 2116.14 ms collector None ms (+None after)
06:49:10 discard_no_kfile: median paired overhead 1.13%  {"collector": {"cpu_ms": 1.48, "ctx": 96.0, "write_ops": 0.0, "write_bytes": 0.0, "read_ops": 0.0}, "serve": {"cpu_ms": 1.43, "ctx": 11.5, "write_ops": 2.0, "write_bytes": 4120.0, "read_ops": 6.0}, "svc": {"cpu_ms": 0.0, "ctx": 0.0, "write_ops": 0.0, "write_bytes": 0.0, "read_ops": 0.0}, "system": {"cpu_ms": 61.23, "ctx": 5661.0, "write_ops": 4.0, "write_bytes": 16384.0, "read_ops": 0.0}}
06:49:22 discard_no_sys off warmup: 1.465s busy 2210.61 ms collector None ms (+None after)
06:49:34 discard_no_sys on warmup: 1.473s busy 2208.81 ms collector 0.81 ms (+0.8 after)
06:49:47 discard_no_sys off: 1.368s busy 2049.41 ms collector None ms (+None after)
06:49:59 discard_no_sys on: 1.444s busy 2164.71 ms collector 0.42 ms (+1.03 after)
06:50:11 discard_no_sys on: 1.407s busy 2093.96 ms collector 0.32 ms (+1.16 after)
06:50:23 discard_no_sys off: 1.354s busy 2024.44 ms collector None ms (+None after)
06:50:34 discard_no_sys off: 1.326s busy 1983.16 ms collector None ms (+None after)
06:50:47 discard_no_sys on: 1.383s busy 2079.74 ms collector 0.66 ms (+0.89 after)
06:50:58 discard_no_sys on: 1.371s busy 2057.53 ms collector 0.65 ms (+0.91 after)
06:51:10 discard_no_sys off: 1.323s busy 1983.32 ms collector None ms (+None after)
06:51:21 discard_no_sys off: 1.335s busy 2005.12 ms collector None ms (+None after)
06:51:34 discard_no_sys on: 1.409s busy 2107.91 ms collector 0.59 ms (+0.92 after)
06:51:45 discard_no_sys on: 1.412s busy 2142.56 ms collector 0.52 ms (+0.98 after)
06:51:58 discard_no_sys off: 1.324s busy 1986.19 ms collector None ms (+None after)
06:52:08 discard_no_sys off: 1.324s busy 1980.03 ms collector None ms (+None after)
06:52:21 discard_no_sys on: 1.379s busy 2064.4 ms collector 0.56 ms (+0.9 after)
06:52:32 discard_no_sys on: 1.437s busy 2151.82 ms collector 0.48 ms (+0.98 after)
06:52:45 discard_no_sys off: 1.398s busy 2093.4 ms collector None ms (+None after)
06:52:56 discard_no_sys off: 1.365s busy 2037.77 ms collector None ms (+None after)
06:53:08 discard_no_sys on: 1.403s busy 2113.33 ms collector 0.76 ms (+0.8 after)
06:53:19 discard_no_sys on: 1.401s busy 2107.26 ms collector 0.43 ms (+1.06 after)
06:53:32 discard_no_sys off: 1.371s busy 2056.79 ms collector None ms (+None after)
06:53:43 discard_no_sys off: 1.341s busy 2012.18 ms collector None ms (+None after)
06:53:55 discard_no_sys on: 1.373s busy 2056.84 ms collector 0.5 ms (+0.97 after)
06:54:06 discard_no_sys on: 1.381s busy 2085.68 ms collector 0.5 ms (+0.96 after)
06:54:19 discard_no_sys off: 1.344s busy 2024.38 ms collector None ms (+None after)
06:54:30 discard_no_sys off: 1.330s busy 1999.96 ms collector None ms (+None after)
06:54:42 discard_no_sys on: 1.368s busy 2053.35 ms collector 0.61 ms (+0.94 after)
06:54:53 discard_no_sys on: 1.381s busy 2071.57 ms collector 0.58 ms (+0.94 after)
06:55:06 discard_no_sys off: 1.393s busy 2072.26 ms collector None ms (+None after)
06:55:17 discard_no_sys off: 1.396s busy 2101.18 ms collector None ms (+None after)
06:55:30 discard_no_sys on: 1.466s busy 2199.63 ms collector 0.5 ms (+1.03 after)
06:55:41 discard_no_sys on: 1.464s busy 2220.76 ms collector 0.44 ms (+1.11 after)
06:55:54 discard_no_sys off: 1.412s busy 2110.4 ms collector None ms (+None after)
06:56:05 discard_no_sys off: 1.394s busy 2090.32 ms collector None ms (+None after)
06:56:17 discard_no_sys on: 1.417s busy 2113.61 ms collector 0.42 ms (+1.1 after)
06:56:28 discard_no_sys on: 1.427s busy 2139.71 ms collector 0.74 ms (+0.79 after)
06:56:41 discard_no_sys off: 1.343s busy 2024.86 ms collector None ms (+None after)
06:56:52 discard_no_sys off: 1.363s busy 2074.5 ms collector None ms (+None after)
06:57:04 discard_no_sys on: 1.378s busy 2082.67 ms collector 0.47 ms (+1.0 after)
06:57:16 discard_no_sys on: 1.402s busy 2109.19 ms collector 0.5 ms (+0.95 after)
06:57:28 discard_no_sys off: 1.380s busy 2069.19 ms collector None ms (+None after)
06:57:29 discard_no_sys: median paired overhead 3.25%  {"collector": {"cpu_ms": 1.5, "ctx": 101.5, "write_ops": 0.0, "write_bytes": 0.0, "read_ops": 0.0}, "serve": {"cpu_ms": 1.45, "ctx": 9.5, "write_ops": 2.0, "write_bytes": 4120.0, "read_ops": 6.0}, "svc": {"cpu_ms": 0.0, "ctx": 0.0, "write_ops": 0.0, "write_bytes": 0.0, "read_ops": 0.0}, "system": {"cpu_ms": 62.56, "ctx": 5731.5, "write_ops": 4.0, "write_bytes": 16384.0, "read_ops": 0.0}}
