09:07:31 git HEAD d2cdeb7a23d4470c348d1ccf3344b102fa6a755c; pre-populated DB {'bytes': 148000768, 'events': 488529, 'processes': 63539}
09:07:31 fresh-daemon states S1 (empty DB) / S2 (pre-populated DB), rotated rounds
09:07:40   round 0: base 129.9  S1 on 129.0  S2 on 134.7
09:07:49   round 1: base 125.4  S1 on 131.8  S2 on 129.4
09:07:58   round 2: base 132.1  S1 on 129.5  S2 on 133.1
09:08:10   round 3: base 125.2  S1 on 132.3  S2 on 132.6
09:08:19   round 4: base 125.3  S1 on 130.1  S2 on 133.0
09:08:28   round 5: base 125.6  S1 on 130.8  S2 on 132.5
09:08:37   round 6: base 128.5  S1 on 131.2  S2 on 132.2
09:08:46   round 7: base 125.8  S1 on 133.5  S2 on 128.2
09:08:55   round 8: base 123.9  S1 on 133.0  S2 on 130.8
09:09:04   round 9: base 124.5  S1 on 131.6  S2 on 128.7
09:09:12   round 10: base 121.6  S1 on 132.1  S2 on 129.8
09:09:21   round 11: base 145.6  S1 on 126.7  S2 on 132.7
09:09:30   round 12: base 123.2  S1 on 129.7  S2 on 132.0
09:09:39   round 13: base 120.8  S1 on 130.2  S2 on 131.5
09:09:48   round 14: base 126.1  S1 on 128.8  S2 on 134.5
09:09:57   round 15: base 128.0  S1 on 127.2  S2 on 130.8
09:10:06   round 16: base 124.4  S1 on 129.2  S2 on 130.3
09:10:06   S1 4.62%  S2 5.14%  S2-S1 +1.15 ms (CI90 -0.98..+2.59)
09:10:06 persistent-daemon states S3 (empty DB) / S4 (pre-populated DB), ABBA blocks
09:10:19   S3: 127.6 131.6 132.4 128.1 131.3 131.5 134.6 161.0 129.5 134.4 132.5 129.9 130.5 130.5 129.8
09:10:32   S4: 130.6 129.4 137.1 135.6 132.6 130.4 130.6 132.6 133.4 128.8 130.3 129.5 129.4 126.5 131.3
09:10:45   S4: 130.3 132.1 133.4 129.8 133.8 132.1 130.2 133.2 133.2 129.3 132.5 132.9 130.4 131.0 131.3
09:10:58   S3: 128.3 130.3 134.8 129.6 130.3 130.2 133.4 135.0 130.4 132.2 129.9 137.3 135.4 133.5 139.2
09:10:59   block S3: median +5.45% (+6.76 ms)
09:10:59   block S4: median +5.71% (+7.04 ms)
09:10:59   block S4: median +5.04% (+6.32 ms)
09:10:59   block S3: median +6.68% (+8.31 ms)
09:10:59 wrote /home/ftmon/whyfs-daemon-gap/20260926-state-d2cdeb7
