05:20:38 idle 10.0 min: collector CPU 7.25s (1.207% of a core), memory 94.9 MB, store +2787 KiB, 3295 events
05:20:43 make_j8_36_units warmup off: 0.407s
05:20:46 make_j8_36_units warmup on: 0.471s
05:20:49 make_j8_36_units warmup off: 0.608s
05:20:53 make_j8_36_units warmup on: 0.686s
05:20:55 make_j8_36_units off: 0.388s
05:20:58 make_j8_36_units on: 0.401s
05:21:01 make_j8_36_units on: 0.537s
05:21:03 make_j8_36_units off: 0.463s
05:21:05 make_j8_36_units off: 0.515s
05:21:09 make_j8_36_units on: 0.750s
05:21:12 make_j8_36_units on: 0.593s
05:21:16 make_j8_36_units off: 0.633s
05:21:18 make_j8_36_units off: 0.683s
05:21:22 make_j8_36_units on: 0.612s
05:21:25 make_j8_36_units on: 0.506s
05:21:27 make_j8_36_units off: 0.471s
05:21:30 make_j8_36_units off: 0.394s
05:21:33 make_j8_36_units on: 0.431s
05:21:35 make_j8_36_units on: 0.555s
05:21:38 make_j8_36_units off: 0.422s
05:21:40 make_j8_36_units off: 0.442s
05:21:43 make_j8_36_units on: 0.484s
05:21:45 make_j8_36_units on: 0.477s
05:21:48 make_j8_36_units off: 0.378s
05:21:49 make_j8_36_units off: 0.386s
05:21:52 make_j8_36_units on: 0.352s
05:21:55 make_j8_36_units on: 0.409s
05:21:57 make_j8_36_units off: 0.382s
05:21:59 make_j8_36_units off: 0.384s
05:22:02 make_j8_36_units on: 0.384s
05:22:04 make_j8_36_units on: 0.373s
05:22:07 make_j8_36_units off: 0.380s
05:22:09 make_j8_36_units off: 0.379s
05:22:12 make_j8_36_units on: 0.377s
05:22:14 make_j8_36_units on: 0.359s
05:22:17 make_j8_36_units off: 0.392s
05:22:19 make_j8_36_units off: 0.389s
05:22:22 make_j8_36_units on: 0.377s
05:22:24 make_j8_36_units on: 0.360s
05:22:27 make_j8_36_units off: 0.399s
05:22:29 make_j8_36_units off: 0.404s
05:22:32 make_j8_36_units on: 0.384s
05:22:34 make_j8_36_units on: 0.403s
05:22:37 make_j8_36_units off: 0.392s
05:22:39 make_j8_36_units off: 0.417s
05:22:43 make_j8_36_units on: 0.492s
05:22:45 make_j8_36_units on: 0.412s
05:22:47 make_j8_36_units off: 0.435s
05:22:49 make_j8_36_units off: 0.405s
05:22:52 make_j8_36_units on: 0.373s
05:22:55 make_j8_36_units on: 0.419s
05:22:57 make_j8_36_units off: 0.411s
05:22:59 make_j8_36_units off: 0.382s
05:23:02 make_j8_36_units on: 0.399s
05:23:04 make_j8_36_units on: 0.395s
05:23:07 make_j8_36_units off: 0.410s
05:23:09 make_j8_36_units off: 0.394s
05:23:12 make_j8_36_units on: 0.406s
05:23:14 make_j8_36_units on: 0.359s
05:23:17 make_j8_36_units off: 0.402s
05:23:19 make_j8_36_units off: 0.377s
05:23:22 make_j8_36_units on: 0.761s
05:23:25 make_j8_36_units on: 0.692s
05:23:29 make_j8_36_units off: 0.488s
05:23:31 make_j8_36_units off: 0.419s
05:23:34 make_j8_36_units on: 0.416s
05:23:36 make_j8_36_units on: 0.448s
05:23:38 make_j8_36_units off: 0.455s
05:23:40 make_j8_36_units off: 0.408s
05:23:43 make_j8_36_units on: 0.441s
05:23:46 make_j8_36_units on: 0.383s
05:23:48 make_j8_36_units off: 0.451s
05:23:51 make_j8_36_units off: 0.390s
05:23:54 make_j8_36_units on: 0.522s
05:23:56 make_j8_36_units on: 0.370s
05:23:59 make_j8_36_units off: 0.418s
05:24:01 make_j8_36_units off: 0.368s
05:24:04 make_j8_36_units on: 0.439s
05:24:07 make_j8_36_units on: 0.372s
05:24:09 make_j8_36_units off: 0.380s
05:24:11 make_j8_36_units off: 0.395s
05:24:14 make_j8_36_units on: 0.399s
05:24:16 make_j8_36_units on: 0.370s
05:24:19 make_j8_36_units off: 0.355s
05:24:21 make_j8_36_units off: 0.415s
05:24:24 make_j8_36_units on: 0.364s
05:24:26 make_j8_36_units on: 0.371s
05:24:29 make_j8_36_units off: 0.419s
05:24:31 make_j8_36_units off: 0.409s
05:24:34 make_j8_36_units on: 0.398s
05:24:36 make_j8_36_units on: 0.397s
05:24:38 make_j8_36_units off: 0.406s
05:24:40 make_j8_36_units off: 0.418s
05:24:43 make_j8_36_units on: 0.455s
05:24:46 make_j8_36_units on: 0.410s
05:24:48 make_j8_36_units off: 0.404s
05:24:50 make_j8_36_units off: 0.455s
05:24:54 make_j8_36_units on: 0.496s
05:24:56 make_j8_36_units on: 0.412s
05:24:59 make_j8_36_units off: 0.380s
05:25:01 make_j8_36_units off: 0.435s
05:25:04 make_j8_36_units on: 0.386s
05:25:06 make_j8_36_units on: 0.429s
05:25:09 make_j8_36_units off: 0.406s
05:25:11 make_j8_36_units off: 0.439s
05:25:14 make_j8_36_units on: 0.467s
05:25:16 make_j8_36_units on: 0.434s
05:25:19 make_j8_36_units off: 0.550s
05:25:21 make_j8_36_units off: 0.496s
05:25:25 make_j8_36_units on: 0.554s
05:25:27 make_j8_36_units on: 0.512s
05:25:30 make_j8_36_units off: 0.477s
05:25:32 make_j8_36_units off: 0.427s
05:25:35 make_j8_36_units on: 0.412s
05:25:37 make_j8_36_units on: 0.415s
05:25:40 make_j8_36_units off: 0.381s
05:25:42 make_j8_36_units off: 0.413s
05:25:45 make_j8_36_units on: 0.376s
05:25:47 make_j8_36_units on: 0.436s
05:25:50 make_j8_36_units off: 0.437s
05:25:52 make_j8_36_units off: 0.456s
05:25:55 make_j8_36_units on: 0.611s
05:25:58 make_j8_36_units on: 0.524s
05:26:01 make_j8_36_units off: 0.499s
05:26:03 make_j8_36_units off: 0.482s
05:26:06 make_j8_36_units on: 0.526s
05:26:09 make_j8_36_units on: 0.490s
05:26:12 make_j8_36_units off: 0.465s
05:26:14 make_j8_36_units off: 0.687s
05:26:17 make_j8_36_units on: 0.482s
05:26:20 make_j8_36_units on: 0.524s
05:26:23 make_j8_36_units off: 0.511s
05:26:25 make_j8_36_units off: 0.422s
05:26:28 make_j8_36_units on: 0.431s
05:26:31 make_j8_36_units on: 0.557s
05:26:34 make_j8_36_units off: 0.503s
05:26:36 make_j8_36_units off: 0.546s
05:26:39 make_j8_36_units on: 0.461s
05:26:41 make_j8_36_units on: 0.550s
05:26:44 make_j8_36_units off: 0.461s
05:26:47 make_j8_36_units off: 0.615s
05:26:50 make_j8_36_units on: 0.573s
05:26:53 make_j8_36_units on: 0.455s
05:26:56 make_j8_36_units off: 0.467s
05:26:58 make_j8_36_units off: 0.485s
05:27:01 make_j8_36_units on: 0.485s
05:27:04 make_j8_36_units on: 0.469s
05:27:07 make_j8_36_units off: 0.476s
05:27:09 make_j8_36_units off: 0.474s
05:27:12 make_j8_36_units on: 0.483s
05:27:15 make_j8_36_units on: 0.509s
05:27:18 make_j8_36_units off: 0.429s
05:27:20 make_j8_36_units off: 0.460s
05:27:23 make_j8_36_units on: 0.479s
05:27:26 make_j8_36_units on: 0.769s
05:27:29 make_j8_36_units off: 0.475s
05:27:31 make_j8_36_units off: 0.433s
05:27:34 make_j8_36_units on: 0.485s
05:27:37 make_j8_36_units on: 0.448s
05:27:40 make_j8_36_units off: 0.484s
05:27:42 make_j8_36_units off: 0.460s
05:27:46 make_j8_36_units on: 0.520s
05:27:48 make_j8_36_units on: 0.595s
05:27:52 make_j8_36_units off: 0.457s
05:27:54 make_j8_36_units off: 0.509s
05:27:57 make_j8_36_units on: 0.433s
05:28:00 make_j8_36_units on: 0.494s
05:28:02 make_j8_36_units off: 0.417s
05:28:04 make_j8_36_units off: 0.389s
05:28:07 make_j8_36_units on: 0.371s
05:28:09 make_j8_36_units on: 0.416s
05:28:13 make_j8_36_units off: 0.415s
05:28:14 make_j8_36_units off: 0.385s
05:28:18 make_j8_36_units on: 0.462s
05:28:20 make_j8_36_units on: 0.408s
05:28:23 make_j8_36_units off: 0.459s
05:28:25 make_j8_36_units off: 0.481s
05:28:28 make_j8_36_units on: 0.441s
05:28:30 make_j8_36_units on: 0.404s
05:28:33 make_j8_36_units off: 0.462s
05:28:36 make_j8_36_units off: 0.720s
05:28:39 make_j8_36_units on: 0.473s
05:28:41 make_j8_36_units on: 0.431s
05:28:45 make_j8_36_units off: 0.450s
05:28:47 make_j8_36_units off: 0.485s
05:28:50 make_j8_36_units on: 0.557s
05:28:53 make_j8_36_units on: 0.393s
05:28:55 make_j8_36_units off: 0.386s
05:28:57 make_j8_36_units off: 0.385s
05:29:00 make_j8_36_units on: 0.544s
05:29:03 make_j8_36_units on: 0.527s
05:29:06 make_j8_36_units off: 0.594s
05:29:08 make_j8_36_units off: 0.490s
05:29:12 make_j8_36_units on: 0.671s
05:29:14 make_j8_36_units on: 0.512s
05:29:17 make_j8_36_units off: 0.544s
05:29:19 make_j8_36_units off: 0.515s
05:29:23 make_j8_36_units on: 0.586s
05:29:25 make_j8_36_units on: 0.452s
05:29:28 make_j8_36_units off: 0.485s
05:29:30 make_j8_36_units off: 0.402s
05:29:33 make_j8_36_units on: 0.488s
05:29:35 make_j8_36_units on: 0.409s
05:29:38 make_j8_36_units off: 0.496s
05:29:40 make_j8_36_units off: 0.479s
05:29:43 make_j8_36_units on: 0.356s
05:29:46 make_j8_36_units on: 0.419s
05:29:49 make_j8_36_units off: 0.401s
05:29:51 make_j8_36_units off: 0.367s
05:29:54 make_j8_36_units on: 0.414s
05:29:56 make_j8_36_units on: 0.359s
05:29:59 make_j8_36_units off: 0.404s
05:30:01 make_j8_36_units off: 0.396s
05:30:04 make_j8_36_units on: 0.385s
05:30:06 make_j8_36_units on: 0.468s
05:30:09 make_j8_36_units off: 0.399s
05:30:11 make_j8_36_units off: 0.405s
05:30:14 make_j8_36_units on: 0.369s
05:30:17 make_j8_36_units on: 0.385s
05:30:19 make_j8_36_units off: 0.385s
05:30:21 make_j8_36_units off: 0.425s
05:30:24 make_j8_36_units on: 0.362s
05:30:26 make_j8_36_units on: 0.411s
05:30:29 make_j8_36_units off: 0.447s
05:30:31 make_j8_36_units off: 0.370s
05:30:34 make_j8_36_units on: 0.419s
05:30:36 make_j8_36_units on: 0.382s
05:30:39 make_j8_36_units off: 0.399s
05:30:41 make_j8_36_units off: 0.417s
05:30:44 make_j8_36_units on: 0.411s
05:30:47 make_j8_36_units on: 0.424s
05:30:49 make_j8_36_units off: 0.425s
05:30:51 make_j8_36_units off: 0.388s
05:30:54 make_j8_36_units on: 0.425s
05:30:57 make_j8_36_units on: 0.399s
05:30:59 make_j8_36_units off: 0.375s
05:31:01 make_j8_36_units off: 0.388s
05:31:04 make_j8_36_units on: 0.399s
05:31:06 make_j8_36_units on: 0.425s
05:31:09 make_j8_36_units off: 0.401s
05:31:11 make_j8_36_units off: 0.391s
05:31:15 make_j8_36_units on: 0.404s
05:31:17 make_j8_36_units on: 0.559s
05:31:20 make_j8_36_units off: 0.400s
05:31:22 make_j8_36_units off: 0.455s
05:31:25 make_j8_36_units on: 0.442s
05:31:27 make_j8_36_units on: 0.383s
05:31:30 make_j8_36_units off: 0.443s
05:31:32 make_j8_36_units off: 0.401s
05:31:35 make_j8_36_units on: 0.396s
05:31:37 make_j8_36_units on: 0.359s
05:31:40 make_j8_36_units off: 0.397s
05:31:41 make_j8_36_units off: 0.382s
05:31:45 make_j8_36_units on: 0.406s
05:31:47 make_j8_36_units on: 0.381s
05:31:50 make_j8_36_units off: 0.419s
05:31:52 make_j8_36_units off: 0.401s
05:31:55 make_j8_36_units on: 0.378s
05:31:57 make_j8_36_units on: 0.394s
05:32:00 make_j8_36_units off: 0.378s
05:32:02 make_j8_36_units off: 0.386s
05:32:05 make_j8_36_units on: 0.394s
05:32:07 make_j8_36_units on: 0.361s
05:32:10 make_j8_36_units off: 0.609s
05:32:12 make_j8_36_units off: 0.443s
05:32:15 make_j8_36_units on: 0.360s
05:32:18 make_j8_36_units on: 0.370s
05:32:20 make_j8_36_units off: 0.392s
05:32:22 make_j8_36_units off: 0.348s
05:32:25 make_j8_36_units on: 0.354s
05:32:27 make_j8_36_units on: 0.380s
05:32:31 make_j8_36_units off: 0.394s
05:32:32 make_j8_36_units off: 0.390s
05:32:35 make_j8_36_units on: 0.363s
05:32:38 make_j8_36_units on: 0.371s
05:32:40 make_j8_36_units off: 0.366s
05:32:42 make_j8_36_units off: 0.369s
05:32:45 make_j8_36_units on: 0.387s
05:32:47 make_j8_36_units on: 0.419s
05:32:50 make_j8_36_units off: 0.379s
05:32:52 make_j8_36_units off: 0.386s
05:32:55 make_j8_36_units on: 0.429s
05:32:57 make_j8_36_units on: 0.373s
05:33:00 make_j8_36_units off: 0.400s
05:33:02 make_j8_36_units off: 0.392s
05:33:05 make_j8_36_units on: 0.416s
05:33:07 make_j8_36_units on: 0.373s
05:33:11 make_j8_36_units off: 0.402s
05:33:13 make_j8_36_units off: 0.365s
05:33:15 make_j8_36_units on: 0.385s
05:33:18 make_j8_36_units on: 0.374s
05:33:20 make_j8_36_units off: 0.391s
05:33:22 make_j8_36_units off: 0.410s
05:33:26 make_j8_36_units on: 0.420s
05:33:28 make_j8_36_units on: 0.364s
05:33:31 make_j8_36_units off: 0.378s
05:33:33 make_j8_36_units off: 0.390s
05:33:36 make_j8_36_units on: 0.415s
05:33:38 make_j8_36_units on: 0.464s
05:33:41 make_j8_36_units off: 0.370s
05:33:43 make_j8_36_units off: 0.393s
05:33:46 make_j8_36_units on: 0.378s
05:33:48 make_j8_36_units on: 0.371s
05:33:51 make_j8_36_units off: 0.398s
05:33:51 make_j8_36_units: median paired overhead +1.12% (CI90 -1.34 .. +2.66)
05:33:53 vite_build warmup off: 0.286s
05:33:56 vite_build warmup on: 0.280s
05:33:59 vite_build warmup off: 0.299s
05:34:01 vite_build warmup on: 0.250s
05:34:04 vite_build off: 0.301s
05:34:07 vite_build on: 0.337s
05:34:09 vite_build on: 0.299s
05:34:12 vite_build off: 0.328s
05:34:14 vite_build off: 0.273s
05:34:16 vite_build on: 0.272s
05:34:18 vite_build on: 0.296s
05:34:21 vite_build off: 0.292s
05:34:22 vite_build off: 0.301s
05:34:25 vite_build on: 0.330s
05:34:27 vite_build on: 0.287s
05:34:30 vite_build off: 0.391s
05:34:32 vite_build off: 0.353s
05:34:35 vite_build on: 0.340s
05:34:37 vite_build on: 0.295s
05:34:40 vite_build off: 0.344s
05:34:42 vite_build off: 0.436s
05:34:45 vite_build on: 0.307s
05:34:47 vite_build on: 0.300s
05:34:49 vite_build off: 0.292s
05:34:51 vite_build off: 0.328s
05:34:54 vite_build on: 0.336s
05:34:56 vite_build on: 0.282s
05:34:58 vite_build off: 0.298s
05:35:00 vite_build off: 0.309s
05:35:03 vite_build on: 0.305s
05:35:05 vite_build on: 0.304s
05:35:08 vite_build off: 0.326s
05:35:10 vite_build off: 0.377s
05:35:13 vite_build on: 0.309s
05:35:15 vite_build on: 0.374s
05:35:18 vite_build off: 0.477s
05:35:20 vite_build off: 0.333s
05:35:22 vite_build on: 0.294s
05:35:24 vite_build on: 0.304s
05:35:27 vite_build off: 0.310s
05:35:28 vite_build off: 0.319s
05:35:31 vite_build on: 0.331s
05:35:34 vite_build on: 0.293s
05:35:37 vite_build off: 0.378s
05:35:38 vite_build off: 0.314s
05:35:41 vite_build on: 0.317s
05:35:43 vite_build on: 0.298s
05:35:46 vite_build off: 0.320s
05:35:48 vite_build off: 0.370s
05:35:50 vite_build on: 0.281s
05:35:52 vite_build on: 0.292s
05:35:55 vite_build off: 0.338s
05:35:57 vite_build off: 0.471s
05:36:00 vite_build on: 0.319s
05:36:02 vite_build on: 0.321s
05:36:04 vite_build off: 0.316s
05:36:06 vite_build off: 0.326s
05:36:09 vite_build on: 0.307s
05:36:11 vite_build on: 0.298s
05:36:14 vite_build off: 0.325s
05:36:15 vite_build off: 0.328s
05:36:18 vite_build on: 0.292s
05:36:20 vite_build on: 0.357s
05:36:23 vite_build off: 0.336s
05:36:25 vite_build off: 0.310s
05:36:28 vite_build on: 0.317s
05:36:30 vite_build on: 0.321s
05:36:32 vite_build off: 0.333s
05:36:34 vite_build off: 0.315s
05:36:37 vite_build on: 0.315s
05:36:39 vite_build on: 0.315s
05:36:42 vite_build off: 0.360s
05:36:44 vite_build off: 0.308s
05:36:47 vite_build on: 0.308s
05:36:49 vite_build on: 0.295s
05:36:51 vite_build off: 0.321s
05:36:53 vite_build off: 0.370s
05:36:56 vite_build on: 0.306s
05:36:58 vite_build on: 0.321s
05:37:01 vite_build off: 0.339s
05:37:03 vite_build off: 0.323s
05:37:06 vite_build on: 0.324s
05:37:08 vite_build on: 0.290s
05:37:11 vite_build off: 0.324s
05:37:12 vite_build off: 0.328s
05:37:15 vite_build on: 0.383s
05:37:18 vite_build on: 0.302s
05:37:21 vite_build off: 0.317s
05:37:22 vite_build off: 0.419s
05:37:25 vite_build on: 0.314s
05:37:27 vite_build on: 0.284s
05:37:31 vite_build off: 0.305s
05:37:32 vite_build off: 0.320s
05:37:35 vite_build on: 0.297s
05:37:38 vite_build on: 0.371s
05:37:40 vite_build off: 0.301s
05:37:42 vite_build off: 0.338s
05:37:44 vite_build on: 0.307s
05:37:47 vite_build on: 0.311s
05:37:49 vite_build off: 0.308s
05:37:51 vite_build off: 0.338s
05:37:53 vite_build on: 0.345s
05:37:55 vite_build on: 0.324s
05:37:58 vite_build off: 0.299s
05:38:00 vite_build off: 0.374s
05:38:03 vite_build on: 0.318s
05:38:05 vite_build on: 0.295s
05:38:07 vite_build off: 0.326s
05:38:09 vite_build off: 0.307s
05:38:12 vite_build on: 0.304s
05:38:14 vite_build on: 0.325s
05:38:16 vite_build off: 0.314s
05:38:18 vite_build off: 0.325s
05:38:21 vite_build on: 0.380s
05:38:23 vite_build on: 0.303s
05:38:25 vite_build off: 0.296s
05:38:27 vite_build off: 0.300s
05:38:30 vite_build on: 0.303s
05:38:32 vite_build on: 0.363s
05:38:34 vite_build off: 0.319s
05:38:36 vite_build off: 0.334s
05:38:39 vite_build on: 0.319s
05:38:41 vite_build on: 0.335s
05:38:43 vite_build off: 0.312s
05:38:45 vite_build off: 0.289s
05:38:48 vite_build on: 0.367s
05:38:50 vite_build on: 0.337s
05:38:53 vite_build off: 0.337s
05:38:54 vite_build off: 0.319s
05:38:57 vite_build on: 0.321s
05:38:59 vite_build on: 0.309s
05:39:02 vite_build off: 0.320s
05:39:03 vite_build off: 0.314s
05:39:06 vite_build on: 0.306s
05:39:08 vite_build on: 0.298s
05:39:12 vite_build off: 0.327s
05:39:13 vite_build off: 0.320s
05:39:16 vite_build on: 0.356s
05:39:18 vite_build on: 0.303s
05:39:21 vite_build off: 0.294s
05:39:23 vite_build off: 0.334s
05:39:26 vite_build on: 0.363s
05:39:28 vite_build on: 0.304s
05:39:31 vite_build off: 0.314s
05:39:32 vite_build off: 0.324s
05:39:35 vite_build on: 0.356s
05:39:37 vite_build on: 0.332s
05:39:41 vite_build off: 0.300s
05:39:42 vite_build off: 0.386s
05:39:46 vite_build on: 0.347s
05:39:48 vite_build on: 0.420s
05:39:50 vite_build off: 0.324s
05:39:52 vite_build off: 0.344s
05:39:55 vite_build on: 0.294s
05:39:57 vite_build on: 0.316s
05:40:00 vite_build off: 0.395s
05:40:01 vite_build off: 0.344s
05:40:05 vite_build on: 0.324s
05:40:07 vite_build on: 0.302s
05:40:09 vite_build off: 0.322s
05:40:11 vite_build off: 0.376s
05:40:14 vite_build on: 0.351s
05:40:16 vite_build on: 0.325s
05:40:19 vite_build off: 0.309s
05:40:21 vite_build off: 0.302s
05:40:24 vite_build on: 0.319s
05:40:27 vite_build on: 0.375s
05:40:30 vite_build off: 0.287s
05:40:31 vite_build off: 0.305s
05:40:34 vite_build on: 0.302s
05:40:36 vite_build on: 0.315s
05:40:39 vite_build off: 0.297s
05:40:41 vite_build off: 0.342s
05:40:44 vite_build on: 0.325s
05:40:47 vite_build on: 0.344s
05:40:50 vite_build off: 0.302s
05:40:51 vite_build off: 0.294s
05:40:54 vite_build on: 0.357s
05:40:56 vite_build on: 0.342s
05:40:59 vite_build off: 0.319s
05:41:01 vite_build off: 0.333s
05:41:04 vite_build on: 0.311s
05:41:07 vite_build on: 0.383s
05:41:10 vite_build off: 0.354s
05:41:12 vite_build off: 0.302s
05:41:14 vite_build on: 0.300s
05:41:17 vite_build on: 0.312s
05:41:19 vite_build off: 0.307s
05:41:21 vite_build off: 0.314s
05:41:24 vite_build on: 0.253s
05:41:26 vite_build on: 0.308s
05:41:29 vite_build off: 0.319s
05:41:31 vite_build off: 0.327s
05:41:34 vite_build on: 0.281s
05:41:36 vite_build on: 0.354s
05:41:39 vite_build off: 0.392s
05:41:41 vite_build off: 0.309s
05:41:44 vite_build on: 0.285s
05:41:46 vite_build on: 0.304s
05:41:49 vite_build off: 0.338s
05:41:51 vite_build off: 0.349s
05:41:54 vite_build on: 0.315s
05:41:56 vite_build on: 0.263s
05:41:58 vite_build off: 0.306s
05:42:00 vite_build off: 0.352s
05:42:03 vite_build on: 0.243s
05:42:05 vite_build on: 0.251s
05:42:07 vite_build off: 0.286s
05:42:09 vite_build off: 0.292s
05:42:12 vite_build on: 0.308s
05:42:14 vite_build on: 0.269s
05:42:16 vite_build off: 0.274s
05:42:18 vite_build off: 0.286s
05:42:21 vite_build on: 0.251s
05:42:23 vite_build on: 0.258s
05:42:26 vite_build off: 0.294s
05:42:28 vite_build off: 0.286s
05:42:30 vite_build on: 0.248s
05:42:32 vite_build on: 0.241s
05:42:35 vite_build off: 0.288s
05:42:37 vite_build off: 0.287s
05:42:40 vite_build on: 0.245s
05:42:42 vite_build on: 0.243s
05:42:44 vite_build off: 0.275s
05:42:46 vite_build off: 0.308s
05:42:49 vite_build on: 0.276s
05:42:51 vite_build on: 0.240s
05:42:53 vite_build off: 0.302s
05:42:55 vite_build off: 0.284s
05:42:58 vite_build on: 0.282s
05:43:00 vite_build on: 0.246s
05:43:02 vite_build off: 0.291s
05:43:04 vite_build off: 0.299s
05:43:07 vite_build on: 0.263s
05:43:09 vite_build on: 0.248s
05:43:11 vite_build off: 0.321s
05:43:13 vite_build off: 0.304s
05:43:16 vite_build on: 0.243s
05:43:18 vite_build on: 0.245s
05:43:20 vite_build off: 0.290s
05:43:22 vite_build off: 0.293s
05:43:25 vite_build on: 0.302s
05:43:27 vite_build on: 0.290s
05:43:29 vite_build off: 0.279s
05:43:31 vite_build off: 0.284s
05:43:33 vite_build on: 0.294s
05:43:35 vite_build on: 0.306s
05:43:38 vite_build off: 0.318s
05:43:39 vite_build off: 0.294s
05:43:42 vite_build on: 0.247s
05:43:44 vite_build on: 0.272s
05:43:47 vite_build off: 0.289s
05:43:49 vite_build off: 0.292s
05:43:52 vite_build on: 0.267s
05:43:54 vite_build on: 0.268s
05:43:56 vite_build off: 0.299s
05:43:58 vite_build off: 0.304s
05:44:01 vite_build on: 0.296s
05:44:03 vite_build on: 0.245s
05:44:05 vite_build off: 0.270s
05:44:07 vite_build off: 0.266s
05:44:09 vite_build on: 0.248s
05:44:11 vite_build on: 0.243s
05:44:14 vite_build off: 0.273s
05:44:15 vite_build off: 0.293s
05:44:18 vite_build on: 0.246s
05:44:20 vite_build on: 0.296s
05:44:23 vite_build off: 0.324s
05:44:25 vite_build off: 0.294s
05:44:27 vite_build on: 0.284s
05:44:30 vite_build on: 0.350s
05:44:33 vite_build off: 0.276s
05:44:34 vite_build off: 0.330s
05:44:37 vite_build on: 0.303s
05:44:39 vite_build on: 0.315s
05:44:42 vite_build off: 0.390s
05:44:43 vite_build off: 0.286s
05:44:46 vite_build on: 0.254s
05:44:48 vite_build on: 0.241s
05:44:51 vite_build off: 0.257s
05:44:53 vite_build off: 0.292s
05:44:55 vite_build on: 0.243s
05:44:57 vite_build on: 0.247s
05:45:00 vite_build off: 0.298s
05:45:02 vite_build off: 0.292s
05:45:05 vite_build on: 0.246s
05:45:07 vite_build on: 0.249s
05:45:09 vite_build off: 0.292s
05:45:11 vite_build off: 0.307s
05:45:14 vite_build on: 0.267s
05:45:16 vite_build on: 0.248s
05:45:19 vite_build off: 0.321s
05:45:20 vite_build off: 0.292s
05:45:23 vite_build on: 0.330s
05:45:25 vite_build on: 0.251s
05:45:28 vite_build off: 0.301s
05:45:30 vite_build off: 0.291s
05:45:32 vite_build on: 0.244s
05:45:35 vite_build on: 0.324s
05:45:37 vite_build off: 0.288s
05:45:39 vite_build off: 0.288s
05:45:42 vite_build on: 0.242s
05:45:44 vite_build on: 0.245s
05:45:46 vite_build off: 0.280s
05:45:46 vite_build: median paired overhead -6.21% (CI90 -8.09 .. -3.71)
05:45:49 copy_program_x300 warmup off: 0.793s
05:45:53 copy_program_x300 warmup on: 0.813s
05:45:57 copy_program_x300 warmup off: 0.782s
05:46:01 copy_program_x300 warmup on: 0.816s
05:46:05 copy_program_x300 off: 0.896s
05:46:09 copy_program_x300 on: 0.820s
05:46:12 copy_program_x300 on: 0.812s
05:46:16 copy_program_x300 off: 0.801s
05:46:18 copy_program_x300 off: 0.741s
05:46:22 copy_program_x300 on: 0.826s
05:46:26 copy_program_x300 on: 0.792s
05:46:30 copy_program_x300 off: 0.801s
05:46:32 copy_program_x300 off: 0.792s
05:46:36 copy_program_x300 on: 0.779s
05:46:40 copy_program_x300 on: 0.927s
05:46:43 copy_program_x300 off: 0.823s
05:46:46 copy_program_x300 off: 0.816s
05:46:49 copy_program_x300 on: 0.797s
05:46:53 copy_program_x300 on: 0.794s
05:46:57 copy_program_x300 off: 0.904s
05:47:00 copy_program_x300 off: 0.843s
05:47:04 copy_program_x300 on: 0.785s
05:47:07 copy_program_x300 on: 0.783s
05:47:10 copy_program_x300 off: 0.780s
05:47:13 copy_program_x300 off: 0.753s
05:47:17 copy_program_x300 on: 0.764s
05:47:20 copy_program_x300 on: 0.778s
05:47:24 copy_program_x300 off: 0.824s
05:47:27 copy_program_x300 off: 0.796s
05:47:31 copy_program_x300 on: 0.777s
05:47:34 copy_program_x300 on: 1.161s
05:47:38 copy_program_x300 off: 1.066s
05:47:40 copy_program_x300 off: 0.854s
05:47:45 copy_program_x300 on: 1.045s
05:47:48 copy_program_x300 on: 0.839s
05:47:52 copy_program_x300 off: 0.861s
05:47:55 copy_program_x300 off: 0.942s
05:47:59 copy_program_x300 on: 0.818s
05:48:02 copy_program_x300 on: 0.909s
05:48:06 copy_program_x300 off: 0.893s
05:48:09 copy_program_x300 off: 0.799s
05:48:13 copy_program_x300 on: 0.790s
05:48:16 copy_program_x300 on: 0.766s
05:48:20 copy_program_x300 off: 0.847s
05:48:23 copy_program_x300 off: 0.828s
05:48:28 copy_program_x300 on: 1.143s
05:48:32 copy_program_x300 on: 1.149s
05:48:36 copy_program_x300 off: 1.184s
05:48:40 copy_program_x300 off: 1.293s
05:48:46 copy_program_x300 on: 1.498s
05:48:50 copy_program_x300 on: 1.286s
05:48:54 copy_program_x300 off: 0.887s
05:48:57 copy_program_x300 off: 0.877s
05:49:01 copy_program_x300 on: 1.131s
05:49:05 copy_program_x300 on: 1.000s
05:49:09 copy_program_x300 off: 0.864s
05:49:12 copy_program_x300 off: 0.774s
05:49:17 copy_program_x300 on: 0.809s
05:49:20 copy_program_x300 on: 0.865s
05:49:24 copy_program_x300 off: 0.787s
05:49:27 copy_program_x300 off: 0.780s
05:49:31 copy_program_x300 on: 0.859s
05:49:34 copy_program_x300 on: 0.849s
05:49:38 copy_program_x300 off: 0.846s
05:49:40 copy_program_x300 off: 0.799s
05:49:44 copy_program_x300 on: 0.838s
05:49:48 copy_program_x300 on: 0.962s
05:49:51 copy_program_x300 off: 0.864s
05:49:54 copy_program_x300 off: 0.896s
05:49:59 copy_program_x300 on: 0.933s
05:50:02 copy_program_x300 on: 0.867s
05:50:05 copy_program_x300 off: 0.822s
05:50:08 copy_program_x300 off: 0.866s
05:50:12 copy_program_x300 on: 0.843s
05:50:16 copy_program_x300 on: 0.903s
05:50:20 copy_program_x300 off: 0.957s
05:50:23 copy_program_x300 off: 0.845s
05:50:27 copy_program_x300 on: 0.848s
05:50:30 copy_program_x300 on: 0.880s
05:50:34 copy_program_x300 off: 0.843s
05:50:37 copy_program_x300 off: 0.835s
05:50:42 copy_program_x300 on: 1.138s
05:50:45 copy_program_x300 on: 0.912s
05:50:49 copy_program_x300 off: 0.908s
05:50:52 copy_program_x300 off: 0.928s
05:50:57 copy_program_x300 on: 0.940s
05:51:00 copy_program_x300 on: 1.048s
05:51:04 copy_program_x300 off: 0.903s
05:51:07 copy_program_x300 off: 1.216s
05:51:11 copy_program_x300 on: 0.904s
05:51:15 copy_program_x300 on: 1.096s
05:51:18 copy_program_x300 off: 1.030s
05:51:21 copy_program_x300 off: 0.831s
05:51:26 copy_program_x300 on: 0.904s
05:51:29 copy_program_x300 on: 0.793s
05:51:33 copy_program_x300 off: 0.803s
05:51:36 copy_program_x300 off: 0.854s
05:51:40 copy_program_x300 on: 0.807s
05:51:43 copy_program_x300 on: 0.789s
05:51:47 copy_program_x300 off: 0.911s
05:51:49 copy_program_x300 off: 0.841s
05:51:54 copy_program_x300 on: 0.879s
05:51:57 copy_program_x300 on: 0.830s
05:52:00 copy_program_x300 off: 0.891s
05:52:03 copy_program_x300 off: 0.806s
05:52:08 copy_program_x300 on: 0.846s
05:52:11 copy_program_x300 on: 0.846s
05:52:15 copy_program_x300 off: 0.963s
05:52:18 copy_program_x300 off: 1.094s
05:52:23 copy_program_x300 on: 0.885s
05:52:26 copy_program_x300 on: 0.852s
05:52:30 copy_program_x300 off: 0.833s
05:52:33 copy_program_x300 off: 1.006s
05:52:37 copy_program_x300 on: 0.916s
05:52:40 copy_program_x300 on: 0.841s
05:52:44 copy_program_x300 off: 0.879s
05:52:47 copy_program_x300 off: 0.880s
05:52:51 copy_program_x300 on: 0.876s
05:52:54 copy_program_x300 on: 0.850s
05:52:58 copy_program_x300 off: 0.803s
05:53:01 copy_program_x300 off: 0.814s
05:53:05 copy_program_x300 on: 0.894s
05:53:09 copy_program_x300 on: 0.827s
05:53:13 copy_program_x300 off: 0.940s
05:53:16 copy_program_x300 off: 0.949s
05:53:20 copy_program_x300 on: 0.961s
05:53:23 copy_program_x300 on: 0.854s
05:53:27 copy_program_x300 off: 0.901s
05:53:30 copy_program_x300 off: 0.866s
05:53:35 copy_program_x300 on: 1.014s
05:53:39 copy_program_x300 on: 1.076s
05:53:43 copy_program_x300 off: 1.033s
05:53:46 copy_program_x300 off: 1.086s
05:53:51 copy_program_x300 on: 1.490s
05:53:55 copy_program_x300 on: 1.004s
05:53:59 copy_program_x300 off: 1.191s
05:54:02 copy_program_x300 off: 1.005s
05:54:06 copy_program_x300 on: 1.033s
05:54:10 copy_program_x300 on: 1.341s
05:54:15 copy_program_x300 off: 1.054s
05:54:18 copy_program_x300 off: 1.000s
05:54:23 copy_program_x300 on: 1.073s
05:54:27 copy_program_x300 on: 1.033s
05:54:31 copy_program_x300 off: 0.997s
05:54:34 copy_program_x300 off: 0.924s
05:54:39 copy_program_x300 on: 1.033s
05:54:44 copy_program_x300 on: 1.308s
05:54:47 copy_program_x300 off: 0.994s
05:54:50 copy_program_x300 off: 1.048s
05:54:55 copy_program_x300 on: 1.260s
05:54:59 copy_program_x300 on: 0.973s
05:55:03 copy_program_x300 off: 0.927s
05:55:06 copy_program_x300 off: 1.018s
05:55:11 copy_program_x300 on: 1.148s
05:55:15 copy_program_x300 on: 1.179s
05:55:20 copy_program_x300 off: 1.074s
05:55:23 copy_program_x300 off: 1.057s
05:55:28 copy_program_x300 on: 1.146s
05:55:32 copy_program_x300 on: 1.042s
05:55:37 copy_program_x300 off: 1.014s
05:55:40 copy_program_x300 off: 1.077s
05:55:45 copy_program_x300 on: 1.059s
05:55:48 copy_program_x300 on: 1.002s
05:55:54 copy_program_x300 off: 1.160s
05:55:57 copy_program_x300 off: 0.997s
05:56:02 copy_program_x300 on: 1.090s
05:56:06 copy_program_x300 on: 1.001s
05:56:10 copy_program_x300 off: 1.039s
05:56:13 copy_program_x300 off: 1.011s
05:56:18 copy_program_x300 on: 0.946s
05:56:21 copy_program_x300 on: 1.028s
05:56:25 copy_program_x300 off: 1.070s
05:56:28 copy_program_x300 off: 0.915s
05:56:32 copy_program_x300 on: 1.018s
05:56:36 copy_program_x300 on: 1.075s
05:56:40 copy_program_x300 off: 0.998s
05:56:43 copy_program_x300 off: 0.940s
05:56:48 copy_program_x300 on: 1.231s
05:56:52 copy_program_x300 on: 0.989s
05:56:56 copy_program_x300 off: 0.866s
05:56:59 copy_program_x300 off: 0.910s
05:57:04 copy_program_x300 on: 0.893s
05:57:08 copy_program_x300 on: 1.082s
05:57:12 copy_program_x300 off: 1.034s
05:57:15 copy_program_x300 off: 1.032s
05:57:20 copy_program_x300 on: 1.196s
05:57:24 copy_program_x300 on: 1.090s
05:57:29 copy_program_x300 off: 0.893s
05:57:31 copy_program_x300 off: 0.854s
05:57:36 copy_program_x300 on: 0.914s
05:57:40 copy_program_x300 on: 0.901s
05:57:43 copy_program_x300 off: 0.907s
05:57:46 copy_program_x300 off: 0.863s
05:57:51 copy_program_x300 on: 0.966s
05:57:54 copy_program_x300 on: 0.854s
05:57:58 copy_program_x300 off: 0.855s
05:58:01 copy_program_x300 off: 0.893s
05:58:06 copy_program_x300 on: 1.118s
05:58:09 copy_program_x300 on: 0.860s
05:58:13 copy_program_x300 off: 1.167s
05:58:16 copy_program_x300 off: 0.906s
05:58:22 copy_program_x300 on: 1.006s
05:58:25 copy_program_x300 on: 0.917s
05:58:29 copy_program_x300 off: 0.998s
05:58:32 copy_program_x300 off: 0.935s
05:58:37 copy_program_x300 on: 0.892s
05:58:40 copy_program_x300 on: 0.955s
05:58:44 copy_program_x300 off: 0.848s
05:58:47 copy_program_x300 off: 0.850s
05:58:51 copy_program_x300 on: 0.920s
05:58:55 copy_program_x300 on: 0.948s
05:58:58 copy_program_x300 off: 0.870s
05:59:01 copy_program_x300 off: 0.958s
05:59:06 copy_program_x300 on: 1.022s
05:59:09 copy_program_x300 on: 0.943s
05:59:13 copy_program_x300 off: 0.933s
05:59:16 copy_program_x300 off: 0.887s
05:59:21 copy_program_x300 on: 1.020s
05:59:25 copy_program_x300 on: 0.977s
05:59:29 copy_program_x300 off: 1.007s
05:59:33 copy_program_x300 off: 1.505s
05:59:39 copy_program_x300 on: 1.218s
05:59:43 copy_program_x300 on: 1.187s
05:59:48 copy_program_x300 off: 1.155s
05:59:51 copy_program_x300 off: 0.981s
05:59:57 copy_program_x300 on: 1.037s
06:00:00 copy_program_x300 on: 0.848s
06:00:04 copy_program_x300 off: 0.784s
06:00:07 copy_program_x300 off: 0.888s
06:00:12 copy_program_x300 on: 0.875s
06:00:16 copy_program_x300 on: 0.801s
06:00:19 copy_program_x300 off: 0.779s
06:00:22 copy_program_x300 off: 0.790s
06:00:26 copy_program_x300 on: 0.962s
06:00:30 copy_program_x300 on: 1.060s
06:00:34 copy_program_x300 off: 0.823s
06:00:37 copy_program_x300 off: 0.853s
06:00:42 copy_program_x300 on: 0.867s
06:00:45 copy_program_x300 on: 0.807s
06:00:50 copy_program_x300 off: 0.817s
06:00:52 copy_program_x300 off: 0.793s
06:00:57 copy_program_x300 on: 0.907s
06:01:00 copy_program_x300 on: 0.867s
06:01:04 copy_program_x300 off: 0.791s
06:01:07 copy_program_x300 off: 0.806s
06:01:12 copy_program_x300 on: 0.855s
06:01:15 copy_program_x300 on: 0.827s
06:01:19 copy_program_x300 off: 0.844s
06:01:22 copy_program_x300 off: 0.836s
06:01:27 copy_program_x300 on: 0.928s
06:01:31 copy_program_x300 on: 0.891s
06:01:35 copy_program_x300 off: 1.024s
06:01:37 copy_program_x300 off: 0.791s
06:01:42 copy_program_x300 on: 0.833s
06:01:45 copy_program_x300 on: 0.883s
06:01:50 copy_program_x300 off: 1.160s
06:01:52 copy_program_x300 off: 0.786s
06:01:57 copy_program_x300 on: 0.983s
06:02:00 copy_program_x300 on: 0.833s
06:02:04 copy_program_x300 off: 0.777s
06:02:07 copy_program_x300 off: 0.776s
06:02:11 copy_program_x300 on: 0.765s
06:02:14 copy_program_x300 on: 0.774s
06:02:17 copy_program_x300 off: 0.782s
06:02:20 copy_program_x300 off: 0.798s
06:02:24 copy_program_x300 on: 0.783s
06:02:27 copy_program_x300 on: 0.794s
06:02:31 copy_program_x300 off: 0.785s
06:02:34 copy_program_x300 off: 0.774s
06:02:39 copy_program_x300 on: 0.816s
06:02:42 copy_program_x300 on: 0.774s
06:02:45 copy_program_x300 off: 0.840s
06:02:48 copy_program_x300 off: 0.840s
06:02:54 copy_program_x300 on: 0.790s
06:02:58 copy_program_x300 on: 1.221s
06:03:02 copy_program_x300 off: 0.925s
06:03:04 copy_program_x300 off: 0.777s
06:03:09 copy_program_x300 on: 0.763s
06:03:12 copy_program_x300 on: 0.779s
06:03:15 copy_program_x300 off: 0.826s
06:03:18 copy_program_x300 off: 0.783s
06:03:23 copy_program_x300 on: 0.786s
06:03:26 copy_program_x300 on: 0.790s
06:03:31 copy_program_x300 off: 1.097s
06:03:34 copy_program_x300 off: 0.854s
06:03:41 copy_program_x300 on: 0.994s
06:03:44 copy_program_x300 on: 0.975s
06:03:49 copy_program_x300 off: 0.924s
06:03:52 copy_program_x300 off: 1.138s
06:03:57 copy_program_x300 on: 1.244s
06:04:01 copy_program_x300 on: 1.303s
06:04:06 copy_program_x300 off: 1.013s
06:04:09 copy_program_x300 off: 1.480s
06:04:16 copy_program_x300 on: 1.298s
06:04:20 copy_program_x300 on: 1.042s
06:04:24 copy_program_x300 off: 1.047s
06:04:28 copy_program_x300 off: 1.085s
06:04:33 copy_program_x300 on: 1.068s
06:04:36 copy_program_x300 on: 1.145s
06:04:41 copy_program_x300 off: 1.122s
06:04:45 copy_program_x300 off: 1.148s
06:04:51 copy_program_x300 on: 1.087s
06:04:55 copy_program_x300 on: 1.284s
06:04:59 copy_program_x300 off: 0.906s
06:04:59 copy_program_x300: median paired overhead +2.74% (CI90 +1.23 .. +4.87)
06:05:07 FAIL idle_cpu_below_1pct_of_a_core
06:05:07 PASS zero_loss
06:05:07 PASS why_cli_median_lt_100ms
06:05:07 PASS label_cli_median_lt_100ms
06:05:07 PASS make_j8_36_units.median_paired_overhead_lt_5pct
06:05:07 PASS vite_build.median_paired_overhead_lt_5pct
06:05:07 PASS copy_program_x300.median_paired_overhead_lt_5pct
06:05:07 verdict FAIL
