18:58:09 normal off warmup: 0.128s collector None ms writer None ms
18:58:19 normal on warmup: 0.127s collector 3.11 ms writer 0.0 ms
18:58:28 normal off: 0.131s collector None ms writer None ms
18:58:38 normal on: 0.130s collector 2.41 ms writer 0.0 ms
18:58:46 normal on: 0.129s collector 2.98 ms writer 0.0 ms
18:58:55 normal off: 0.128s collector None ms writer None ms
18:59:03 normal off: 0.128s collector None ms writer None ms
18:59:14 normal on: 0.135s collector 2.06 ms writer 0.0 ms
18:59:22 normal on: 0.127s collector 3.12 ms writer 0.0 ms
18:59:31 normal off: 0.123s collector None ms writer None ms
18:59:39 normal off: 0.123s collector None ms writer None ms
18:59:49 normal on: 0.128s collector 2.45 ms writer 0.0 ms
18:59:57 normal on: 0.124s collector 3.0 ms writer 0.0 ms
19:00:06 normal off: 0.124s collector None ms writer None ms
19:00:14 normal off: 0.131s collector None ms writer None ms
19:00:25 normal on: 0.133s collector 2.71 ms writer 0.0 ms
19:00:33 normal on: 0.130s collector 3.01 ms writer 0.0 ms
19:00:42 normal off: 0.129s collector None ms writer None ms
19:00:50 normal off: 0.130s collector None ms writer None ms
19:01:00 normal on: 0.133s collector 3.14 ms writer 0.0 ms
19:01:09 normal on: 0.136s collector 2.55 ms writer 0.0 ms
19:01:17 normal off: 0.128s collector None ms writer None ms
19:01:17 normal: median paired overhead 1.48%  {"collector": {"cpu_ms": 8.83, "ctx": 144.0, "write_ops": 1.5, "write_bytes": 0.0, "read_ops": 0.0}, "writer": {"cpu_ms": 8.66, "ctx": 1.5, "write_ops": 1189.0, "write_bytes": 1984512.0, "read_ops": 580.5}, "daemon": {"cpu_ms": 4.13, "ctx": 29.5, "write_ops": 39.5, "write_bytes": 83968.0, "read_ops": 4.5}, "store": {"cpu_ms": null, "ctx": null, "write_ops": null, "write_bytes": null, "read_ops": null}}
