18:54:44 normal off warmup: 0.131s collector None ms writer None ms
18:54:48 normal on warmup: 0.131s collector 3.21 ms writer 0.0 ms
18:54:50 normal off: 0.123s collector None ms writer None ms
18:54:53 normal on: 0.131s collector 3.06 ms writer 0.0 ms
18:54:55 normal on: 0.130s collector 3.61 ms writer 0.0 ms
18:54:57 normal off: 0.129s collector None ms writer None ms
18:54:58 normal off: 0.130s collector None ms writer None ms
18:55:02 normal on: 0.128s collector 1.81 ms writer 0.0 ms
18:55:03 normal on: 0.124s collector 3.26 ms writer 0.0 ms
18:55:05 normal off: 0.117s collector None ms writer None ms
18:55:06 normal off: 0.122s collector None ms writer None ms
18:55:10 normal on: 0.130s collector 2.57 ms writer 0.0 ms
18:55:12 normal on: 0.128s collector 3.56 ms writer 0.0 ms
18:55:13 normal off: 0.123s collector None ms writer None ms
18:55:15 normal off: 0.123s collector None ms writer None ms
18:55:18 normal on: 0.129s collector 2.01 ms writer 0.0 ms
18:55:20 normal on: 0.135s collector 3.03 ms writer 0.0 ms
18:55:22 normal off: 0.130s collector None ms writer None ms
18:55:23 normal off: 0.124s collector None ms writer None ms
18:55:27 normal on: 0.127s collector 1.84 ms writer 0.0 ms
18:55:28 normal on: 0.136s collector 2.96 ms writer 0.0 ms
18:55:30 normal off: 0.121s collector None ms writer None ms
18:55:32 normal off: 0.122s collector None ms writer None ms
18:55:35 normal on: 0.127s collector 2.03 ms writer 0.0 ms
18:55:37 normal on: 0.126s collector 3.49 ms writer 0.0 ms
18:55:39 normal off: 0.123s collector None ms writer None ms
18:55:40 normal off: 0.121s collector None ms writer None ms
18:55:44 normal on: 0.128s collector 2.37 ms writer 0.0 ms
18:55:45 normal on: 0.131s collector 2.69 ms writer 0.0 ms
18:55:47 normal off: 0.121s collector None ms writer None ms
18:55:49 normal off: 0.128s collector None ms writer None ms
18:55:52 normal on: 0.127s collector 2.61 ms writer 0.0 ms
18:55:54 normal on: 0.133s collector 3.57 ms writer 0.0 ms
18:55:56 normal off: 0.124s collector None ms writer None ms
18:55:57 normal off: 0.125s collector None ms writer None ms
18:56:01 normal on: 0.128s collector 2.38 ms writer 0.0 ms
18:56:02 normal on: 0.129s collector 3.09 ms writer 0.0 ms
18:56:04 normal off: 0.122s collector None ms writer None ms
18:56:06 normal off: 0.122s collector None ms writer None ms
18:56:09 normal on: 0.126s collector 2.52 ms writer 0.0 ms
18:56:11 normal on: 0.134s collector 2.93 ms writer 0.0 ms
18:56:12 normal off: 0.126s collector None ms writer None ms
18:56:28 verify: {'checked': 300, 'labelled': 300, 'creator_ok': 300, 'complete': 300, 'identity_match': 300, 'failures': [], 'ok': True}
18:56:28 normal: median paired overhead 4.15%  {"collector": {"cpu_ms": 3.41, "ctx": 8.0, "write_ops": 0.0, "write_bytes": 0.0, "read_ops": 0.0}, "writer": {"cpu_ms": 0.0, "ctx": 0.0, "write_ops": 0.0, "write_bytes": 0.0, "read_ops": 0.0}, "daemon": {"cpu_ms": 0.14, "ctx": 1.0, "write_ops": 0.0, "write_bytes": 0.0, "read_ops": 0.0}, "store": {"cpu_ms": null, "ctx": null, "write_ops": null, "write_bytes": null, "read_ops": null}}
18:56:30 discard off warmup: 0.131s collector None ms writer None ms
18:56:33 discard on warmup: 0.135s collector 0.33 ms writer None ms
18:56:35 discard off: 0.134s collector None ms writer None ms
18:56:39 discard on: 0.129s collector 0.29 ms writer None ms
18:56:40 discard on: 0.134s collector 0.27 ms writer None ms
18:56:42 discard off: 0.126s collector None ms writer None ms
18:56:43 discard off: 0.128s collector None ms writer None ms
18:56:47 discard on: 0.132s collector 0.32 ms writer None ms
18:56:49 discard on: 0.160s collector 0.35 ms writer None ms
18:56:50 discard off: 0.123s collector None ms writer None ms
18:56:52 discard off: 0.130s collector None ms writer None ms
18:56:55 discard on: 0.133s collector 0.3 ms writer None ms
18:56:57 discard on: 0.135s collector 0.34 ms writer None ms
18:56:59 discard off: 0.139s collector None ms writer None ms
18:57:00 discard off: 0.130s collector None ms writer None ms
18:57:04 discard on: 0.134s collector 0.25 ms writer None ms
18:57:05 discard on: 0.132s collector 0.27 ms writer None ms
18:57:07 discard off: 0.129s collector None ms writer None ms
18:57:09 discard off: 0.123s collector None ms writer None ms
18:57:12 discard on: 0.134s collector 0.27 ms writer None ms
18:57:14 discard on: 0.135s collector 0.27 ms writer None ms
18:57:16 discard off: 0.127s collector None ms writer None ms
18:57:17 discard off: 0.160s collector None ms writer None ms
18:57:21 discard on: 0.132s collector 0.33 ms writer None ms
18:57:22 discard on: 0.131s collector 0.2 ms writer None ms
18:57:24 discard off: 0.132s collector None ms writer None ms
18:57:26 discard off: 0.128s collector None ms writer None ms
18:57:29 discard on: 0.134s collector 0.31 ms writer None ms
18:57:31 discard on: 0.127s collector 0.31 ms writer None ms
18:57:32 discard off: 0.123s collector None ms writer None ms
18:57:34 discard off: 0.132s collector None ms writer None ms
18:57:37 discard on: 0.132s collector 0.23 ms writer None ms
18:57:39 discard on: 0.127s collector 0.25 ms writer None ms
18:57:41 discard off: 0.130s collector None ms writer None ms
18:57:42 discard off: 0.127s collector None ms writer None ms
18:57:46 discard on: 0.137s collector 0.28 ms writer None ms
18:57:47 discard on: 0.136s collector 0.28 ms writer None ms
18:57:49 discard off: 0.128s collector None ms writer None ms
18:57:51 discard off: 0.136s collector None ms writer None ms
18:57:54 discard on: 0.132s collector 0.28 ms writer None ms
18:57:56 discard on: 0.132s collector 0.29 ms writer None ms
18:57:58 discard off: 0.128s collector None ms writer None ms
18:57:58 discard: median paired overhead 3.29%  {"collector": {"cpu_ms": 0.45, "ctx": 7.0, "write_ops": 0.0, "write_bytes": 0.0, "read_ops": 0.0}, "writer": {"cpu_ms": null, "ctx": null, "write_ops": null, "write_bytes": null, "read_ops": null}, "daemon": {"cpu_ms": 0.14, "ctx": 1.0, "write_ops": 0.0, "write_bytes": 0.0, "read_ops": 0.0}, "store": {"cpu_ms": null, "ctx": null, "write_ops": null, "write_bytes": null, "read_ops": null}}
