14:00:35 cycle rate 4.806 GHz per processor, 2 processor(s)
14:00:49 normal off warmup: 4.447s busy 8054.65 ms collector None ms (+None after)
14:01:02 normal on warmup: 4.146s busy 7124.06 ms collector 38.71 ms (+4.7 after)
14:01:14 normal off: 3.814s busy 6425.05 ms collector None ms (+None after)
14:01:28 normal on: 4.407s busy 8014.08 ms collector 42.25 ms (+1.56 after)
14:01:38 normal on: 4.483s busy 8150.24 ms collector 42.68 ms (+0.15 after)
14:01:50 normal off: 3.629s busy 5695.68 ms collector None ms (+None after)
14:02:00 normal off: 4.399s busy 8010.62 ms collector None ms (+None after)
14:02:14 normal on: 4.449s busy 8118.37 ms collector 43.41 ms (+5.23 after)
14:02:25 normal on: 4.693s busy 8395.77 ms collector 49.58 ms (+0.45 after)
14:02:37 normal off: 3.526s busy 5599.03 ms collector None ms (+None after)
14:02:46 normal off: 4.244s busy 7730.18 ms collector None ms (+None after)
14:03:01 normal on: 4.521s busy 8181.66 ms collector 38.3 ms (+6.7 after)
14:03:12 normal on: 4.499s busy 8092.01 ms collector 40.82 ms (+1.55 after)
14:03:25 normal off: 4.291s busy 7824.05 ms collector None ms (+None after)
14:03:34 normal off: 3.414s busy 5378.33 ms collector None ms (+None after)
14:03:48 normal on: 4.501s busy 8195.96 ms collector 44.1 ms (+0.58 after)
14:03:59 normal on: 4.605s busy 8162.88 ms collector 46.14 ms (+2.15 after)
14:04:11 normal off: 3.443s busy 5433.43 ms collector None ms (+None after)
14:04:19 normal off: 3.454s busy 5446.07 ms collector None ms (+None after)
14:04:33 normal on: 4.440s busy 8080.06 ms collector 45.75 ms (+0.13 after)
14:04:44 normal on: 4.463s busy 8036.11 ms collector 46.95 ms (+0.97 after)
14:04:55 normal off: 3.491s busy 5550.17 ms collector None ms (+None after)
14:05:07 normal off: 4.233s busy 7717.0 ms collector None ms (+None after)
14:05:21 normal on: 4.341s busy 7897.78 ms collector 47.45 ms (+1.56 after)
14:05:31 normal on: 4.571s busy 8193.22 ms collector 49.87 ms (+6.75 after)
14:05:43 normal off: 3.592s busy 5674.97 ms collector None ms (+None after)
14:05:52 normal off: 4.416s busy 7838.44 ms collector None ms (+None after)
14:06:06 normal on: 4.688s busy 8431.22 ms collector 45.35 ms (+1.01 after)
14:06:18 normal on: 4.642s busy 8364.59 ms collector 47.59 ms (+13.0 after)
14:06:29 normal off: 3.889s busy 6558.99 ms collector None ms (+None after)
14:06:38 normal off: 3.626s busy 5757.19 ms collector None ms (+None after)
14:06:52 normal on: 4.625s busy 8372.54 ms collector 51.59 ms (+0.21 after)
14:07:04 normal on: 4.064s busy 6665.71 ms collector 40.18 ms (+0.15 after)
14:07:16 normal off: 3.817s busy 6078.0 ms collector None ms (+None after)
14:07:27 normal off: 5.000s busy 9157.79 ms collector None ms (+None after)
14:07:42 normal on: 4.868s busy 9038.06 ms collector 45.52 ms (+5.84 after)
14:07:53 normal on: 4.111s busy 6621.75 ms collector 62.15 ms (+0.04 after)
14:08:06 normal off: 4.605s busy 8349.12 ms collector None ms (+None after)
14:08:16 normal off: 4.600s busy 8335.55 ms collector None ms (+None after)
14:08:29 normal on: 3.658s busy 5823.1 ms collector 42.67 ms (+0.76 after)
14:08:40 normal on: 5.112s busy 9246.49 ms collector 87.07 ms (+2.69 after)
14:08:54 normal off: 4.776s busy 8676.03 ms collector None ms (+None after)
14:09:19 verify: {'checked': 300, 'labelled': 300, 'creator_ok': 300, 'complete': 300, 'identity_match': 300, 'failures': [], 'ok': True}
14:09:21 normal: median paired overhead 11.3%  {"collector": {"cpu_ms": 48.11, "ctx": 236.5, "write_ops": 2235.0, "write_bytes": 4604100.0, "read_ops": 581.5}, "serve": {"cpu_ms": 1.76, "ctx": 12.5, "write_ops": 2.0, "write_bytes": 4120.0, "read_ops": 8.0}, "svc": {"cpu_ms": 0.0, "ctx": 0.0, "write_ops": 0.0, "write_bytes": 0.0, "read_ops": 0.0}, "system": {"cpu_ms": 88.97, "ctx": 9232.5, "write_ops": 6.0, "write_bytes": 24576.0, "read_ops": 0.0}}
14:09:33 discard off warmup: 4.859s busy 8721.45 ms collector None ms (+None after)
14:09:47 discard on warmup: 4.403s busy 7519.24 ms collector 1.55 ms (+0.02 after)
14:09:58 discard off: 4.416s busy 8036.39 ms collector None ms (+None after)
14:10:13 discard on: 4.603s busy 8382.5 ms collector 1.78 ms (+0.02 after)
14:10:24 discard on: 4.602s busy 8298.38 ms collector 1.83 ms (+0.02 after)
14:10:34 discard off: 3.629s busy 5722.8 ms collector None ms (+None after)
14:10:44 discard off: 4.763s busy 8549.56 ms collector None ms (+None after)
14:10:58 discard on: 4.781s busy 8704.55 ms collector 1.91 ms (+0.03 after)
14:11:10 discard on: 4.723s busy 8292.95 ms collector 1.73 ms (+0.09 after)
14:11:21 discard off: 3.871s busy 6149.22 ms collector None ms (+None after)
14:11:31 discard off: 4.736s busy 8619.21 ms collector None ms (+None after)
14:11:45 discard on: 3.745s busy 5933.81 ms collector 1.25 ms (+0.03 after)
14:11:55 discard on: 4.188s busy 6904.42 ms collector 1.49 ms (+0.09 after)
14:12:11 discard off: 8.246s busy 16457.13 ms collector None ms (+None after)
14:12:24 discard off: 4.582s busy 8254.35 ms collector None ms (+None after)
14:12:36 discard on: 3.597s busy 5642.46 ms collector 1.24 ms (+0.02 after)
14:12:46 discard on: 4.472s busy 8392.38 ms collector 1.87 ms (+0.02 after)
14:12:58 discard off: 4.380s busy 7876.26 ms collector None ms (+None after)
14:13:08 discard off: 4.285s busy 7757.6 ms collector None ms (+None after)
14:13:20 discard on: 3.532s busy 5557.92 ms collector 1.22 ms (+0.01 after)
14:13:30 discard on: 4.290s busy 7566.77 ms collector 1.57 ms (+0.01 after)
14:13:42 discard off: 4.467s busy 8031.76 ms collector None ms (+None after)
14:13:52 discard off: 4.533s busy 8244.48 ms collector None ms (+None after)
14:14:05 discard on: 3.512s busy 5546.94 ms collector 1.16 ms (+0.12 after)
14:14:14 discard on: 4.264s busy 7137.33 ms collector 1.48 ms (+0.04 after)
14:14:26 discard off: 4.462s busy 8104.18 ms collector None ms (+None after)
14:14:35 discard off: 3.593s busy 5685.5 ms collector None ms (+None after)
14:14:48 discard on: 4.560s busy 8301.01 ms collector 1.91 ms (+0.01 after)
14:14:59 discard on: 4.605s busy 8382.29 ms collector 1.92 ms (+0.03 after)
14:15:11 discard off: 4.486s busy 8135.11 ms collector None ms (+None after)
14:15:22 discard off: 4.457s busy 7755.95 ms collector None ms (+None after)
14:15:36 discard on: 4.949s busy 8978.16 ms collector 1.93 ms (+0.08 after)
14:15:48 discard on: 4.547s busy 8210.16 ms collector 1.69 ms (+0.01 after)
14:15:59 discard off: 4.082s busy 6987.29 ms collector None ms (+None after)
14:16:08 discard off: 3.612s busy 5684.77 ms collector None ms (+None after)
14:16:22 discard on: 4.465s busy 8087.23 ms collector 1.83 ms (+0.02 after)
14:16:33 discard on: 4.552s busy 8253.64 ms collector 1.88 ms (+0.02 after)
14:16:45 discard off: 3.845s busy 6100.34 ms collector None ms (+None after)
14:16:54 discard off: 4.016s busy 6447.43 ms collector None ms (+None after)
14:17:09 discard on: 5.120s busy 9366.62 ms collector 2.17 ms (+0.02 after)
14:17:19 discard on: 3.957s busy 6315.5 ms collector 1.66 ms (+0.01 after)
14:17:31 discard off: 4.712s busy 8525.18 ms collector None ms (+None after)
14:17:32 discard: median paired overhead 2.38%  {"collector": {"cpu_ms": 1.81, "ctx": 78.5, "write_ops": 0.0, "write_bytes": 0.0, "read_ops": 0.0}, "serve": {"cpu_ms": 1.66, "ctx": 7.0, "write_ops": 2.0, "write_bytes": 4120.0, "read_ops": 7.0}, "svc": {"cpu_ms": 0.0, "ctx": 0.0, "write_ops": 0.0, "write_bytes": 0.0, "read_ops": 0.0}, "system": {"cpu_ms": 87.0, "ctx": 8994.0, "write_ops": 6.0, "write_bytes": 24576.0, "read_ops": 0.0}}
