14:17:41 cycle rate 4.645 GHz per processor, 2 processor(s)
14:18:01 normal off warmup: 4.520s busy 8157.84 ms collector None ms (+None after)
14:18:22 normal on warmup: 4.716s busy 8534.33 ms collector 42.4 ms (+34.25 after)
14:18:43 normal off: 4.580s busy 8289.83 ms collector None ms (+None after)
14:19:04 normal on: 4.672s busy 8438.58 ms collector 42.1 ms (+33.58 after)
14:19:22 normal on: 4.837s busy 8733.67 ms collector 43.58 ms (+33.74 after)
14:19:42 normal off: 4.794s busy 8622.89 ms collector None ms (+None after)
14:20:00 normal off: 4.136s busy 6536.05 ms collector None ms (+None after)
14:20:22 normal on: 5.015s busy 9091.64 ms collector 43.21 ms (+34.16 after)
14:20:40 normal on: 5.106s busy 9149.46 ms collector 43.6 ms (+34.24 after)
14:21:00 normal off: 3.900s busy 6150.41 ms collector None ms (+None after)
14:21:18 normal off: 4.835s busy 8700.81 ms collector None ms (+None after)
14:21:39 normal on: 4.650s busy 8415.69 ms collector 43.69 ms (+34.73 after)
14:21:57 normal on: 4.783s busy 8601.28 ms collector 44.9 ms (+36.78 after)
14:22:17 normal off: 3.859s busy 6080.86 ms collector None ms (+None after)
14:22:34 normal off: 4.546s busy 8213.23 ms collector None ms (+None after)
14:22:55 normal on: 4.968s busy 9016.03 ms collector 55.75 ms (+36.81 after)
14:23:14 normal on: 4.862s busy 8558.21 ms collector 43.9 ms (+33.29 after)
14:23:33 normal off: 4.410s busy 8001.0 ms collector None ms (+None after)
14:23:50 normal off: 4.402s busy 7968.95 ms collector None ms (+None after)
14:24:11 normal on: 4.531s busy 8191.79 ms collector 48.81 ms (+42.59 after)
14:24:29 normal on: 4.068s busy 6498.74 ms collector 38.53 ms (+40.32 after)
14:24:48 normal off: 4.457s busy 8048.37 ms collector None ms (+None after)
14:24:49 normal: median paired overhead 6.11%  {"collector": {"cpu_ms": 78.13, "ctx": 410.0, "write_ops": 3557.5, "write_bytes": 7327436.0, "read_ops": 655.0}, "serve": {"cpu_ms": 2.36, "ctx": 22.0, "write_ops": 2.0, "write_bytes": 4120.0, "read_ops": 7.0}, "svc": {"cpu_ms": 0.07, "ctx": 1.0, "write_ops": 0.0, "write_bytes": 0.0, "read_ops": 0.0}, "system": {"cpu_ms": 152.89, "ctx": 10036.5, "write_ops": 6.0, "write_bytes": 24576.0, "read_ops": 0.0}}
