2026-09-28 00:19:07 whyfs service listening on \\.\pipe\whyfs-service
2026-09-28 00:19:07 machine labels: service process 8088 started
2026-09-28 00:19:22 start C:\Users\runneradmin\AppData\Local\Temp\whyfs-msi-user-ws pid 5548 session whyfs-201334dc62424c6d user S-1-5-21-1535354919-3125631827-3241930664-500
2026-09-28 00:19:24 stop C:\Users\runneradmin\AppData\Local\Temp\whyfs-msi-user-ws exit 0
2026-09-28 00:19:24 stopped orphaned ETW session whyfs-machine (rc 0)
2026-09-28 00:19:24 stopped orphaned ETW session whyfs-machine-sys (rc 0)
2026-09-28 00:19:26 machine labels: service process exited 0
2026-09-28 00:19:29 whyfs service listening on \\.\pipe\whyfs-service
2026-09-28 00:19:29 machine labels: service process 2700 started
2026-09-28 00:19:30 start C:\Users\runneradmin\AppData\Local\Temp\whyfs-upgrade-ws pid 3672 session whyfs-abe1fad5a47b91d8 user S-1-5-21-1535354919-3125631827-3241930664-500
2026-09-28 00:19:32 stop C:\Users\runneradmin\AppData\Local\Temp\whyfs-upgrade-ws exit 0
2026-09-28 00:19:32 stopped orphaned ETW session whyfs-machine (rc 0)
2026-09-28 00:19:32 stopped orphaned ETW session whyfs-machine-sys (rc 0)
2026-09-28 00:19:33 machine labels: service process exited 0
2026-09-28 00:19:35 whyfs service listening on \\.\pipe\whyfs-service
2026-09-28 00:19:35 machine labels: service process 6312 started
2026-09-28 00:19:36 start C:\Users\runneradmin\AppData\Local\Temp\whyfs-upgrade-ws pid 5472 session whyfs-abe1fad5a47b91d8 user S-1-5-21-1535354919-3125631827-3241930664-500
2026-09-28 00:19:37 stop C:\Users\runneradmin\AppData\Local\Temp\whyfs-upgrade-ws exit 0
2026-09-28 00:19:37 stopped orphaned ETW session whyfs-machine (rc 0)
2026-09-28 00:19:37 stopped orphaned ETW session whyfs-machine-sys (rc 0)
2026-09-28 00:19:40 machine labels: service process exited 0
2026-09-28 00:19:55 whyfs service listening on \\.\pipe\whyfs-service
2026-09-28 00:19:55 machine labels: service process 2672 started
2026-09-28 00:20:27 machine labels: service process exited 1
2026-09-28 00:20:32 stopped orphaned ETW session whyfs-machine (rc 0)
2026-09-28 00:20:32 stopped orphaned ETW session whyfs-machine-sys (rc 0)
2026-09-28 00:20:32 whyfs service listening on \\.\pipe\whyfs-service
2026-09-28 00:20:32 machine labels: service process 5676 started
2026-09-28 00:20:59 start C:\Users\runneradmin\AppData\Local\Temp\whyfs-corpus-n_y7te0j pid 2088 session whyfs-b17efb8551453016 user S-1-5-21-1535354919-3125631827-3241930664-500
2026-09-28 00:21:02 stop C:\Users\runneradmin\AppData\Local\Temp\whyfs-corpus-n_y7te0j exit 0
2026-09-28 00:21:02 stopped orphaned ETW session whyfs-machine (rc 0)
2026-09-28 00:21:02 stopped orphaned ETW session whyfs-machine-sys (rc 0)
2026-09-28 00:21:03 start C:\Users\runneradmin\AppData\Local\Temp\whyfs-secret-knrfyy7g pid 8056 session whyfs-f8cb989cdf521575 user S-1-5-21-1535354919-3125631827-3241930664-500
2026-09-28 00:21:06 stop C:\Users\runneradmin\AppData\Local\Temp\whyfs-secret-knrfyy7g exit 0
2026-09-28 00:21:11 start C:\Users\runneradmin\AppData\Local\Temp\whyfs-wingate\func pid 5276 session whyfs-a8996beb1407ddb0 user S-1-5-21-1535354919-3125631827-3241930664-500
2026-09-28 00:21:16 stop C:\Users\runneradmin\AppData\Local\Temp\whyfs-wingate\func exit 0
2026-09-28 00:31:21 machine labels: service process exited 0
2026-09-28 00:31:37 whyfs service listening on \\.\pipe\whyfs-service
2026-09-28 00:31:37 machine labels: service process 7192 started
2026-09-28 00:31:56 machine labels: service process exited 0
2026-09-28 00:32:13 whyfs service listening on \\.\pipe\whyfs-service
2026-09-28 00:32:13 machine labels: service process 4856 started
2026-09-28 00:32:31 machine labels: service process exited 0
2026-09-28 00:32:47 whyfs service listening on \\.\pipe\whyfs-service
2026-09-28 00:32:47 machine labels: service process 1236 started
2026-09-28 00:33:22 machine labels: service process exited 0
2026-09-28 00:33:54 whyfs service listening on \\.\pipe\whyfs-service
2026-09-28 00:33:54 machine labels: service process 668 started
2026-09-28 00:34:30 machine labels: service process exited 0
2026-09-28 00:35:01 whyfs service listening on \\.\pipe\whyfs-service
2026-09-28 00:35:01 machine labels: service process 1728 started
2026-09-28 00:35:36 machine labels: service process exited 0
2026-09-28 00:36:08 whyfs service listening on \\.\pipe\whyfs-service
2026-09-28 00:36:08 machine labels: service process 5100 started
2026-09-28 00:36:43 machine labels: service process exited 0
2026-09-28 00:37:15 whyfs service listening on \\.\pipe\whyfs-service
2026-09-28 00:37:15 machine labels: service process 2444 started
2026-09-28 00:37:51 machine labels: service process exited 0
2026-09-28 00:38:23 whyfs service listening on \\.\pipe\whyfs-service
2026-09-28 00:38:23 machine labels: service process 6448 started
2026-09-28 00:38:59 machine labels: service process exited 0
2026-09-28 00:39:30 whyfs service listening on \\.\pipe\whyfs-service
2026-09-28 00:39:30 machine labels: service process 7200 started
2026-09-28 00:40:07 machine labels: service process exited 0
2026-09-28 00:40:38 whyfs service listening on \\.\pipe\whyfs-service
2026-09-28 00:40:38 machine labels: service process 3056 started
2026-09-28 00:41:15 machine labels: service process exited 0
2026-09-28 00:41:47 whyfs service listening on \\.\pipe\whyfs-service
2026-09-28 00:41:47 machine labels: service process 5828 started
2026-09-28 00:42:24 machine labels: service process exited 0
2026-09-28 00:42:56 whyfs service listening on \\.\pipe\whyfs-service
2026-09-28 00:42:56 machine labels: service process 6440 started
2026-09-28 00:43:32 machine labels: service process exited 0
2026-09-28 00:43:50 whyfs service listening on \\.\pipe\whyfs-service
2026-09-28 00:43:50 machine labels: service process 2348 started
2026-09-28 00:43:55 machine labels: service process exited 0
2026-09-28 00:43:58 whyfs service listening on \\.\pipe\whyfs-service
2026-09-28 00:43:58 machine labels: service process 2740 started
2026-09-28 00:44:03 machine labels: service process exited 0
2026-09-28 00:44:06 whyfs service listening on \\.\pipe\whyfs-service
2026-09-28 00:44:06 machine labels: service process 5620 started
2026-09-28 00:44:13 machine labels: service process exited 0
2026-09-28 00:44:18 whyfs service listening on \\.\pipe\whyfs-service
2026-09-28 00:44:18 machine labels: service process 472 started
2026-09-28 00:44:26 machine labels: service process exited 0
2026-09-28 00:44:31 whyfs service listening on \\.\pipe\whyfs-service
2026-09-28 00:44:31 machine labels: service process 7552 started
2026-09-28 00:44:38 machine labels: service process exited 0
2026-09-28 00:44:43 whyfs service listening on \\.\pipe\whyfs-service
2026-09-28 00:44:43 machine labels: service process 2904 started
2026-09-28 00:44:51 machine labels: service process exited 0
2026-09-28 00:44:56 whyfs service listening on \\.\pipe\whyfs-service
2026-09-28 00:44:56 machine labels: service process 5932 started
2026-09-28 00:45:04 machine labels: service process exited 0
2026-09-28 00:45:09 whyfs service listening on \\.\pipe\whyfs-service
2026-09-28 00:45:09 machine labels: service process 4148 started
2026-09-28 00:45:16 machine labels: service process exited 0
2026-09-28 00:45:22 whyfs service listening on \\.\pipe\whyfs-service
2026-09-28 00:45:22 machine labels: service process 7412 started
2026-09-28 00:45:29 machine labels: service process exited 0
2026-09-28 00:45:34 whyfs service listening on \\.\pipe\whyfs-service
2026-09-28 00:45:34 machine labels: service process 5992 started
2026-09-28 00:45:42 machine labels: service process exited 0
2026-09-28 00:45:47 whyfs service listening on \\.\pipe\whyfs-service
2026-09-28 00:45:47 machine labels: service process 6044 started
2026-09-28 00:45:54 machine labels: service process exited 0
2026-09-28 00:45:59 whyfs service listening on \\.\pipe\whyfs-service
2026-09-28 00:45:59 machine labels: service process 4672 started
2026-09-28 00:46:07 machine labels: service process exited 0
2026-09-28 00:46:14 whyfs service listening on \\.\pipe\whyfs-service
2026-09-28 00:46:14 machine labels: service process 4724 started
2026-09-28 00:46:20 machine labels: service process exited 0
2026-09-28 00:46:25 whyfs service listening on \\.\pipe\whyfs-service
2026-09-28 00:46:25 machine labels: service process 6232 started
2026-09-28 00:46:32 machine labels: service process exited 0
2026-09-28 00:46:36 whyfs service listening on \\.\pipe\whyfs-service
2026-09-28 00:46:36 machine labels: service process 7192 started
2026-09-28 00:46:48 machine labels: service process exited 0
2026-09-28 00:46:56 whyfs service listening on \\.\pipe\whyfs-service
2026-09-28 00:46:56 machine labels: service process 2292 started
2026-09-28 00:47:08 machine labels: service process exited 0
2026-09-28 00:47:16 whyfs service listening on \\.\pipe\whyfs-service
2026-09-28 00:47:16 machine labels: service process 5252 started
2026-09-28 00:47:28 machine labels: service process exited 0
2026-09-28 00:47:36 whyfs service listening on \\.\pipe\whyfs-service
2026-09-28 00:47:36 machine labels: service process 7204 started
2026-09-28 00:47:49 machine labels: service process exited 0
2026-09-28 00:47:57 whyfs service listening on \\.\pipe\whyfs-service
2026-09-28 00:47:57 machine labels: service process 4824 started
2026-09-28 00:48:09 machine labels: service process exited 0
2026-09-28 00:48:17 whyfs service listening on \\.\pipe\whyfs-service
2026-09-28 00:48:17 machine labels: service process 1012 started
2026-09-28 00:48:30 machine labels: service process exited 0
2026-09-28 00:48:38 whyfs service listening on \\.\pipe\whyfs-service
2026-09-28 00:48:38 machine labels: service process 3820 started
2026-09-28 00:48:51 machine labels: service process exited 0
2026-09-28 00:48:59 whyfs service listening on \\.\pipe\whyfs-service
2026-09-28 00:48:59 machine labels: service process 5496 started
2026-09-28 00:49:11 machine labels: service process exited 0
2026-09-28 00:49:20 whyfs service listening on \\.\pipe\whyfs-service
2026-09-28 00:49:20 machine labels: service process 2720 started
2026-09-28 00:49:32 machine labels: service process exited 0
2026-09-28 00:49:40 whyfs service listening on \\.\pipe\whyfs-service
2026-09-28 00:49:40 machine labels: service process 2268 started
2026-09-28 00:49:53 machine labels: service process exited 0
2026-09-28 00:49:58 whyfs service listening on \\.\pipe\whyfs-service
2026-09-28 00:49:58 machine labels: service process 872 started
