21:20:33 graduation: user=ftmon base=/home/ftmon/whyfs-graduation-ws
21:20:35 functional: static binary
21:20:35 functional: parallel build #1 (clean)
21:20:36 functional: header change -> build #2
21:20:37 functional: source change -> build #3
21:20:37 functional: vite build + postbuild
21:20:37 functional: copy / rename / move chain
21:20:44 perf make_j8_36_units warmup off: 0.089s
21:20:48 perf make_j8_36_units warmup on: 0.095s
21:20:49 perf make_j8_36_units warmup off: 0.093s
21:20:53 perf make_j8_36_units warmup on: 0.097s
21:20:53 perf make_j8_36_units off: 0.094s
21:20:57 perf make_j8_36_units on: 0.094s
21:21:01 perf make_j8_36_units on: 0.092s
21:21:01 perf make_j8_36_units off: 0.095s
21:21:02 perf make_j8_36_units off: 0.097s
21:21:06 perf make_j8_36_units on: 0.098s
21:21:10 perf make_j8_36_units on: 0.089s
21:21:10 perf make_j8_36_units off: 0.091s
21:21:11 perf make_j8_36_units off: 0.089s
21:21:15 perf make_j8_36_units on: 0.092s
21:21:19 perf make_j8_36_units on: 0.092s
21:21:19 perf make_j8_36_units off: 0.095s
21:21:19 perf make_j8_36_units off: 0.096s
21:21:23 perf make_j8_36_units on: 0.096s
21:21:28 perf make_j8_36_units on: 0.105s
21:21:28 perf make_j8_36_units off: 0.099s
21:21:28 perf make_j8_36_units off: 0.096s
21:21:32 perf make_j8_36_units on: 0.092s
21:21:37 perf make_j8_36_units on: 0.099s
21:21:37 perf make_j8_36_units off: 0.104s
21:21:37 perf make_j8_36_units off: 0.092s
21:21:41 perf make_j8_36_units on: 0.095s
21:21:45 perf make_j8_36_units on: 0.124s
21:21:45 perf make_j8_36_units off: 0.100s
21:21:46 perf make_j8_36_units off: 0.088s
21:21:50 perf make_j8_36_units on: 0.094s
21:21:54 perf make_j8_36_units on: 0.092s
21:21:54 perf make_j8_36_units off: 0.095s
21:21:54 perf make_j8_36_units off: 0.093s
21:21:59 perf make_j8_36_units on: 0.090s
21:22:03 perf make_j8_36_units on: 0.091s
21:22:03 perf make_j8_36_units off: 0.107s
21:22:03 perf make_j8_36_units off: 0.100s
21:22:07 perf make_j8_36_units on: 0.095s
21:22:12 perf make_j8_36_units on: 0.092s
21:22:12 perf make_j8_36_units off: 0.098s
21:22:12 perf make_j8_36_units off: 0.097s
21:22:16 perf make_j8_36_units on: 0.096s
21:22:20 perf make_j8_36_units on: 0.094s
21:22:21 perf make_j8_36_units off: 0.091s
21:22:21 perf vite_build warmup off: 0.333s
21:22:26 perf vite_build warmup on: 0.307s
21:22:26 perf vite_build warmup off: 0.309s
21:22:31 perf vite_build warmup on: 0.322s
21:22:31 perf vite_build off: 0.345s
21:22:36 perf vite_build on: 0.331s
21:22:41 perf vite_build on: 0.318s
21:22:41 perf vite_build off: 0.312s
21:22:41 perf vite_build off: 0.315s
21:22:46 perf vite_build on: 0.320s
21:22:51 perf vite_build on: 0.324s
21:22:51 perf vite_build off: 0.321s
21:22:51 perf vite_build off: 0.322s
21:22:56 perf vite_build on: 0.317s
21:23:01 perf vite_build on: 0.319s
21:23:01 perf vite_build off: 0.317s
21:23:02 perf vite_build off: 0.318s
21:23:06 perf vite_build on: 0.314s
21:23:11 perf vite_build on: 0.311s
21:23:11 perf vite_build off: 0.338s
21:23:12 perf vite_build off: 0.312s
21:23:17 perf vite_build on: 0.318s
21:23:21 perf vite_build on: 0.315s
21:23:22 perf vite_build off: 0.317s
21:23:22 perf vite_build off: 0.318s
21:23:27 perf vite_build on: 0.325s
21:23:31 perf vite_build on: 0.317s
21:23:31 perf vite_build off: 0.317s
21:23:32 perf vite_build off: 0.316s
21:23:36 perf vite_build on: 0.348s
21:23:41 perf vite_build on: 0.319s
21:23:42 perf vite_build off: 0.323s
21:23:42 perf vite_build off: 0.317s
21:23:46 perf vite_build on: 0.316s
21:23:51 perf vite_build on: 0.317s
21:23:51 perf vite_build off: 0.309s
21:23:52 perf vite_build off: 0.315s
21:23:56 perf vite_build on: 0.326s
21:24:01 perf vite_build on: 0.318s
21:24:01 perf vite_build off: 0.320s
21:24:02 perf vite_build off: 0.320s
21:24:06 perf vite_build on: 0.310s
21:24:11 perf vite_build on: 0.325s
21:24:11 perf vite_build off: 0.317s
21:24:12 perf static_binary_x300 warmup off: 0.133s
21:24:16 perf static_binary_x300 warmup on: 0.135s
21:24:16 perf static_binary_x300 warmup off: 0.134s
21:24:20 perf static_binary_x300 warmup on: 0.132s
21:24:21 perf static_binary_x300 off: 0.141s
21:24:25 perf static_binary_x300 on: 0.152s
21:24:29 perf static_binary_x300 on: 0.138s
21:24:29 perf static_binary_x300 off: 0.131s
21:24:30 perf static_binary_x300 off: 0.133s
21:24:34 perf static_binary_x300 on: 0.134s
21:24:38 perf static_binary_x300 on: 0.139s
21:24:39 perf static_binary_x300 off: 0.153s
21:24:39 perf static_binary_x300 off: 0.145s
21:24:43 perf static_binary_x300 on: 0.138s
21:24:48 perf static_binary_x300 on: 0.137s
21:24:48 perf static_binary_x300 off: 0.131s
21:24:48 perf static_binary_x300 off: 0.130s
21:24:52 perf static_binary_x300 on: 0.132s
21:24:56 perf static_binary_x300 on: 0.137s
21:24:57 perf static_binary_x300 off: 0.132s
21:24:57 perf static_binary_x300 off: 0.134s
21:25:01 perf static_binary_x300 on: 0.151s
21:25:05 perf static_binary_x300 on: 0.133s
21:25:05 perf static_binary_x300 off: 0.121s
21:25:06 perf static_binary_x300 off: 0.129s
21:25:10 perf static_binary_x300 on: 0.139s
21:25:14 perf static_binary_x300 on: 0.132s
21:25:14 perf static_binary_x300 off: 0.131s
21:25:14 perf static_binary_x300 off: 0.147s
21:25:19 perf static_binary_x300 on: 0.133s
21:25:23 perf static_binary_x300 on: 0.134s
21:25:23 perf static_binary_x300 off: 0.134s
21:25:23 perf static_binary_x300 off: 0.131s
21:25:28 perf static_binary_x300 on: 0.136s
21:25:32 perf static_binary_x300 on: 0.134s
21:25:32 perf static_binary_x300 off: 0.130s
21:25:32 perf static_binary_x300 off: 0.131s
21:25:36 perf static_binary_x300 on: 0.144s
21:25:41 perf static_binary_x300 on: 0.133s
21:25:41 perf static_binary_x300 off: 0.135s
21:25:41 perf static_binary_x300 off: 0.152s
21:25:45 perf static_binary_x300 on: 0.141s
21:25:50 perf static_binary_x300 on: 0.138s
21:25:50 perf static_binary_x300 off: 0.128s
21:25:52 verdict PASS; failed: []
