15:30:27 cycle rate 3.960 GHz per processor, 2 processor(s)
15:30:34 normal off warmup: 1.368s busy 2033.08 ms collector None ms (+None after)
15:30:39 normal on warmup: 1.418s busy 2086.79 ms collector 6.0 ms (+3.75 after)
15:30:45 normal off: 1.374s busy 2048.87 ms collector None ms (+None after)
15:30:51 normal on: 1.422s busy 2089.26 ms collector 5.19 ms (+0.27 after)
15:30:55 normal on: 1.437s busy 2134.87 ms collector 17.41 ms (+5.01 after)
15:31:01 normal off: 1.367s busy 2012.76 ms collector None ms (+None after)
15:31:05 normal off: 1.371s busy 2016.15 ms collector None ms (+None after)
15:31:11 normal on: 1.572s busy 2418.16 ms collector 11.16 ms (+2.49 after)
15:31:16 normal on: 1.452s busy 2177.33 ms collector 23.1 ms (+1.01 after)
15:31:22 normal off: 1.379s busy 2025.66 ms collector None ms (+None after)
15:31:26 normal off: 1.363s busy 2004.56 ms collector None ms (+None after)
15:31:31 normal on: 1.400s busy 2071.62 ms collector 5.21 ms (+0.05 after)
15:31:36 normal on: 1.415s busy 2096.47 ms collector 20.74 ms (+5.87 after)
15:31:42 normal off: 1.402s busy 2047.64 ms collector None ms (+None after)
15:31:46 normal off: 1.398s busy 2065.78 ms collector None ms (+None after)
15:31:51 normal on: 1.414s busy 2085.69 ms collector 7.18 ms (+0.89 after)
15:31:56 normal on: 1.419s busy 2104.19 ms collector 16.03 ms (+1.89 after)
15:32:02 normal off: 1.396s busy 2056.58 ms collector None ms (+None after)
15:32:06 normal off: 1.409s busy 2064.76 ms collector None ms (+None after)
15:32:11 normal on: 1.406s busy 2073.35 ms collector 6.9 ms (+0.29 after)
15:32:16 normal on: 1.434s busy 2145.67 ms collector 22.88 ms (+7.56 after)
15:32:22 normal off: 1.347s busy 1982.77 ms collector None ms (+None after)
15:32:26 normal off: 1.369s busy 2013.71 ms collector None ms (+None after)
15:32:31 normal on: 1.503s busy 2189.66 ms collector 6.49 ms (+0.53 after)
15:32:36 normal on: 1.450s busy 2141.38 ms collector 20.92 ms (+6.57 after)
15:32:42 normal off: 1.369s busy 2013.65 ms collector None ms (+None after)
15:32:46 normal off: 1.383s busy 2065.9 ms collector None ms (+None after)
15:32:52 normal on: 1.402s busy 2066.13 ms collector 6.35 ms (+0.65 after)
15:32:56 normal on: 1.408s busy 2084.83 ms collector 16.11 ms (+1.03 after)
15:33:02 normal off: 1.387s busy 2041.48 ms collector None ms (+None after)
15:33:06 normal off: 1.378s busy 2027.7 ms collector None ms (+None after)
15:33:12 normal on: 1.402s busy 2077.6 ms collector 6.25 ms (+0.79 after)
15:33:16 normal on: 1.413s busy 2122.9 ms collector 16.1 ms (+6.95 after)
15:33:23 normal off: 1.340s busy 1975.77 ms collector None ms (+None after)
15:33:27 normal off: 1.358s busy 2002.91 ms collector None ms (+None after)
15:33:32 normal on: 1.427s busy 2108.49 ms collector 7.74 ms (+0.69 after)
15:33:37 normal on: 1.433s busy 2130.24 ms collector 16.34 ms (+7.83 after)
15:33:43 normal off: 1.380s busy 2036.06 ms collector None ms (+None after)
15:33:48 normal off: 1.485s busy 2153.97 ms collector None ms (+None after)
15:33:53 normal on: 1.481s busy 2178.47 ms collector 10.14 ms (+2.6 after)
15:33:58 normal on: 1.455s busy 2142.26 ms collector 13.99 ms (+7.43 after)
15:34:04 normal off: 1.378s busy 2025.54 ms collector None ms (+None after)
15:34:21 verify: {'checked': 300, 'labelled': 300, 'creator_ok': 300, 'complete': 300, 'identity_match': 300, 'failures': [], 'ok': True}
15:34:23 normal: median paired overhead 3.65%  {"collector": {"cpu_ms": 15.39, "ctx": 50.5, "write_ops": 0.0, "write_bytes": 0.0, "read_ops": 0.0}, "serve": {"cpu_ms": 0.08, "ctx": 2.0, "write_ops": 0.0, "write_bytes": 0.0, "read_ops": 0.0}, "svc": {"cpu_ms": 0.0, "ctx": 0.0, "write_ops": 0.0, "write_bytes": 0.0, "read_ops": 0.0}, "system": {"cpu_ms": 39.4, "ctx": 4814.5, "write_ops": 4.0, "write_bytes": 16384.0, "read_ops": 0.0}}
15:34:28 discard off warmup: 1.370s busy 2021.7 ms collector None ms (+None after)
15:34:33 discard on warmup: 1.418s busy 2090.47 ms collector 1.01 ms (+0.4 after)
15:34:39 discard off: 1.381s busy 2043.73 ms collector None ms (+None after)
15:34:44 discard on: 1.418s busy 2086.27 ms collector 1.01 ms (+0.11 after)
15:34:49 discard on: 1.436s busy 2120.34 ms collector 1.37 ms (+0.02 after)
15:34:55 discard off: 1.363s busy 2013.88 ms collector None ms (+None after)
15:34:59 discard off: 1.365s busy 2015.57 ms collector None ms (+None after)
15:35:04 discard on: 1.406s busy 2072.26 ms collector 1.04 ms (+0.02 after)
15:35:08 discard on: 1.441s busy 2117.63 ms collector 0.95 ms (+0.37 after)
15:35:14 discard off: 1.356s busy 1996.63 ms collector None ms (+None after)
15:35:18 discard off: 1.441s busy 2093.82 ms collector None ms (+None after)
15:35:24 discard on: 1.374s busy 2030.52 ms collector 0.95 ms (+0.02 after)
15:35:28 discard on: 1.384s busy 2035.09 ms collector 1.28 ms (+0.02 after)
15:35:34 discard off: 1.352s busy 1991.34 ms collector None ms (+None after)
15:35:38 discard off: 1.362s busy 2004.85 ms collector None ms (+None after)
15:35:43 discard on: 1.433s busy 2098.52 ms collector 0.83 ms (+0.02 after)
15:35:48 discard on: 1.388s busy 2046.94 ms collector 1.24 ms (+0.16 after)
15:35:53 discard off: 1.382s busy 2095.62 ms collector None ms (+None after)
15:35:57 discard off: 1.363s busy 2008.81 ms collector None ms (+None after)
15:36:03 discard on: 1.393s busy 2067.88 ms collector 0.88 ms (+0.48 after)
15:36:07 discard on: 1.404s busy 2075.39 ms collector 1.24 ms (+0.01 after)
15:36:13 discard off: 1.362s busy 2029.6 ms collector None ms (+None after)
15:36:17 discard off: 1.360s busy 2027.42 ms collector None ms (+None after)
15:36:22 discard on: 1.406s busy 2078.79 ms collector 1.1 ms (+0.03 after)
15:36:27 discard on: 1.402s busy 2071.15 ms collector 1.37 ms (+0.02 after)
15:36:32 discard off: 1.441s busy 2111.06 ms collector None ms (+None after)
15:36:37 discard off: 1.380s busy 2037.95 ms collector None ms (+None after)
15:36:42 discard on: 1.402s busy 2071.38 ms collector 0.81 ms (+0.02 after)
15:36:47 discard on: 1.416s busy 2108.96 ms collector 1.26 ms (+0.02 after)
15:36:52 discard off: 1.340s busy 1980.45 ms collector None ms (+None after)
15:36:56 discard off: 1.360s busy 2010.29 ms collector None ms (+None after)
15:37:02 discard on: 1.384s busy 2050.12 ms collector 0.79 ms (+0.02 after)
15:37:06 discard on: 1.372s busy 2020.39 ms collector 1.41 ms (+0.02 after)
15:37:11 discard off: 1.347s busy 1996.59 ms collector None ms (+None after)
15:37:15 discard off: 1.340s busy 1979.88 ms collector None ms (+None after)
15:37:21 discard on: 1.438s busy 2103.09 ms collector 0.92 ms (+0.37 after)
15:37:25 discard on: 1.408s busy 2075.83 ms collector 1.3 ms (+0.02 after)
15:37:31 discard off: 1.361s busy 2011.83 ms collector None ms (+None after)
15:37:35 discard off: 1.379s busy 2036.86 ms collector None ms (+None after)
15:37:40 discard on: 1.388s busy 2036.76 ms collector 0.95 ms (+0.03 after)
15:37:45 discard on: 1.409s busy 2095.84 ms collector 1.35 ms (+0.02 after)
15:37:50 discard off: 1.334s busy 1968.09 ms collector None ms (+None after)
15:37:51 discard: median paired overhead 2.86%  {"collector": {"cpu_ms": 1.29, "ctx": 31.0, "write_ops": 0.0, "write_bytes": 0.0, "read_ops": 0.0}, "serve": {"cpu_ms": 0.08, "ctx": 2.0, "write_ops": 0.0, "write_bytes": 0.0, "read_ops": 0.0}, "svc": {"cpu_ms": 0.0, "ctx": 0.0, "write_ops": 0.0, "write_bytes": 0.0, "read_ops": 0.0}, "system": {"cpu_ms": 43.12, "ctx": 4831.5, "write_ops": 4.0, "write_bytes": 16384.0, "read_ops": 0.0}}
15:37:55 no_write off warmup: 1.338s busy 1980.11 ms collector None ms (+None after)
15:38:01 no_write on warmup: 1.494s busy 2383.25 ms collector 9.05 ms (+3.43 after)
15:38:07 no_write off: 1.325s busy 1958.06 ms collector None ms (+None after)
15:38:12 no_write on: 1.367s busy 2021.15 ms collector 6.22 ms (+0.06 after)
15:38:16 no_write on: 1.396s busy 2091.66 ms collector 14.51 ms (+2.82 after)
15:38:22 no_write off: 1.303s busy 1917.05 ms collector None ms (+None after)
15:38:26 no_write off: 1.320s busy 1949.68 ms collector None ms (+None after)
15:38:31 no_write on: 1.354s busy 1999.14 ms collector 9.14 ms (+0.07 after)
15:38:35 no_write on: 1.371s busy 2028.69 ms collector 10.38 ms (+1.09 after)
15:38:41 no_write off: 1.317s busy 1946.26 ms collector None ms (+None after)
15:38:45 no_write off: 1.323s busy 1960.48 ms collector None ms (+None after)
15:38:50 no_write on: 1.353s busy 2000.58 ms collector 6.49 ms (+0.03 after)
15:38:54 no_write on: 1.358s busy 2018.17 ms collector 14.28 ms (+2.19 after)
15:39:00 no_write off: 1.408s busy 2043.57 ms collector None ms (+None after)
15:39:04 no_write off: 1.311s busy 1926.21 ms collector None ms (+None after)
15:39:09 no_write on: 1.381s busy 2053.8 ms collector 6.28 ms (+0.09 after)
15:39:14 no_write on: 1.366s busy 2031.32 ms collector 14.7 ms (+1.1 after)
15:39:19 no_write off: 1.320s busy 1952.03 ms collector None ms (+None after)
15:39:23 no_write off: 1.322s busy 1951.83 ms collector None ms (+None after)
15:39:29 no_write on: 1.373s busy 2025.83 ms collector 6.15 ms (+0.06 after)
15:39:33 no_write on: 1.393s busy 2068.66 ms collector 14.41 ms (+1.43 after)
15:39:39 no_write off: 1.343s busy 1976.74 ms collector None ms (+None after)
15:39:43 no_write off: 1.353s busy 1995.84 ms collector None ms (+None after)
15:39:48 no_write on: 1.399s busy 2086.03 ms collector 6.02 ms (+0.96 after)
15:39:53 no_write on: 1.404s busy 2081.17 ms collector 14.27 ms (+0.97 after)
15:39:58 no_write off: 1.368s busy 2007.95 ms collector None ms (+None after)
15:40:02 no_write off: 1.320s busy 1947.53 ms collector None ms (+None after)
15:40:08 no_write on: 1.407s busy 2077.31 ms collector 5.98 ms (+3.55 after)
15:40:12 no_write on: 1.500s busy 2192.96 ms collector 14.51 ms (+0.51 after)
15:40:18 no_write off: 1.364s busy 2019.16 ms collector None ms (+None after)
15:40:22 no_write off: 1.376s busy 2021.04 ms collector None ms (+None after)
15:40:28 no_write on: 1.402s busy 2071.35 ms collector 5.22 ms (+3.92 after)
15:40:32 no_write on: 1.427s busy 2122.01 ms collector 14.99 ms (+1.19 after)
15:40:38 no_write off: 1.367s busy 2018.04 ms collector None ms (+None after)
15:40:42 no_write off: 1.385s busy 2049.76 ms collector None ms (+None after)
15:40:47 no_write on: 1.391s busy 2054.03 ms collector 6.91 ms (+0.03 after)
15:40:52 no_write on: 1.394s busy 2062.38 ms collector 14.72 ms (+1.54 after)
15:40:57 no_write off: 1.367s busy 2013.99 ms collector None ms (+None after)
15:41:01 no_write off: 1.347s busy 1995.47 ms collector None ms (+None after)
15:41:07 no_write on: 1.415s busy 2085.42 ms collector 5.28 ms (+2.51 after)
15:41:11 no_write on: 1.398s busy 2070.41 ms collector 14.01 ms (+0.91 after)
15:41:17 no_write off: 1.339s busy 2001.09 ms collector None ms (+None after)
15:41:17 no_write: median paired overhead 3.62%  {"collector": {"cpu_ms": 10.5, "ctx": 41.5, "write_ops": 0.0, "write_bytes": 0.0, "read_ops": 0.0}, "serve": {"cpu_ms": 0.08, "ctx": 2.0, "write_ops": 0.0, "write_bytes": 0.0, "read_ops": 0.0}, "svc": {"cpu_ms": 0.0, "ctx": 0.0, "write_ops": 0.0, "write_bytes": 0.0, "read_ops": 0.0}, "system": {"cpu_ms": 43.88, "ctx": 4856.5, "write_ops": 4.0, "write_bytes": 16384.0, "read_ops": 0.0}}
