07:44:57 graduation: user=runner base=/home/runner/whyfs-graduation-ws
07:45:00 functional: static binary
07:45:00 functional: parallel build #1 (clean)
07:45:01 functional: header change -> build #2
07:45:02 functional: source change -> build #3
07:45:02 functional: vite build + postbuild
07:45:03 functional: copy / rename / move chain
07:45:09 perf make_j8_36_units warmup off: 0.365s
07:45:13 perf make_j8_36_units warmup on: 0.372s
07:45:14 perf make_j8_36_units warmup off: 0.365s
07:45:18 perf make_j8_36_units warmup on: 0.373s
07:45:19 perf make_j8_36_units off: 0.366s
07:45:23 perf make_j8_36_units on: 0.371s
07:45:28 perf make_j8_36_units on: 0.378s
07:45:28 perf make_j8_36_units off: 0.360s
07:45:29 perf make_j8_36_units off: 0.364s
07:45:33 perf make_j8_36_units on: 0.373s
07:45:38 perf make_j8_36_units on: 0.377s
07:45:39 perf make_j8_36_units off: 0.370s
07:45:39 perf make_j8_36_units off: 0.368s
07:45:44 perf make_j8_36_units on: 0.382s
07:45:48 perf make_j8_36_units on: 0.376s
07:45:49 perf make_j8_36_units off: 0.367s
07:45:49 perf make_j8_36_units off: 0.371s
07:45:54 perf make_j8_36_units on: 0.374s
07:45:58 perf make_j8_36_units on: 0.373s
07:45:59 perf make_j8_36_units off: 0.366s
07:45:59 perf make_j8_36_units off: 0.365s
07:46:04 perf make_j8_36_units on: 0.373s
07:46:08 perf make_j8_36_units on: 0.375s
07:46:09 perf make_j8_36_units off: 0.365s
07:46:09 perf make_j8_36_units off: 0.366s
07:46:14 perf make_j8_36_units on: 0.374s
07:46:18 perf make_j8_36_units on: 0.372s
07:46:19 perf make_j8_36_units off: 0.368s
07:46:19 perf make_j8_36_units off: 0.365s
07:46:24 perf make_j8_36_units on: 0.373s
07:46:28 perf make_j8_36_units on: 0.373s
07:46:29 perf make_j8_36_units off: 0.365s
07:46:29 perf make_j8_36_units off: 0.364s
07:46:34 perf make_j8_36_units on: 0.374s
07:46:38 perf make_j8_36_units on: 0.376s
07:46:39 perf make_j8_36_units off: 0.367s
07:46:39 perf make_j8_36_units off: 0.368s
07:46:44 perf make_j8_36_units on: 0.375s
07:46:48 perf make_j8_36_units on: 0.373s
07:46:49 perf make_j8_36_units off: 0.366s
07:46:49 perf make_j8_36_units off: 0.365s
07:46:54 perf make_j8_36_units on: 0.379s
07:46:58 perf make_j8_36_units on: 0.373s
07:46:59 perf make_j8_36_units off: 0.363s
07:46:59 perf vite_build warmup off: 0.376s
07:47:04 perf vite_build warmup on: 0.366s
07:47:04 perf vite_build warmup off: 0.392s
07:47:09 perf vite_build warmup on: 0.364s
07:47:09 perf vite_build off: 0.377s
07:47:14 perf vite_build on: 0.376s
07:47:18 perf vite_build on: 0.371s
07:47:19 perf vite_build off: 0.371s
07:47:19 perf vite_build off: 0.367s
07:47:24 perf vite_build on: 0.373s
07:47:28 perf vite_build on: 0.372s
07:47:29 perf vite_build off: 0.369s
07:47:29 perf vite_build off: 0.369s
07:47:34 perf vite_build on: 0.369s
07:47:38 perf vite_build on: 0.368s
07:47:39 perf vite_build off: 0.380s
07:47:39 perf vite_build off: 0.374s
07:47:44 perf vite_build on: 0.372s
07:47:48 perf vite_build on: 0.362s
07:47:49 perf vite_build off: 0.369s
07:47:49 perf vite_build off: 0.369s
07:47:54 perf vite_build on: 0.376s
07:47:59 perf vite_build on: 0.381s
07:47:59 perf vite_build off: 0.389s
07:47:59 perf vite_build off: 0.400s
07:48:04 perf vite_build on: 0.391s
07:48:09 perf vite_build on: 0.391s
07:48:10 perf vite_build off: 0.385s
07:48:10 perf vite_build off: 0.381s
07:48:15 perf vite_build on: 0.371s
07:48:20 perf vite_build on: 0.383s
07:48:20 perf vite_build off: 0.382s
07:48:20 perf vite_build off: 0.444s
07:48:25 perf vite_build on: 0.371s
07:48:30 perf vite_build on: 0.385s
07:48:30 perf vite_build off: 0.373s
07:48:31 perf vite_build off: 0.387s
07:48:35 perf vite_build on: 0.397s
07:48:40 perf vite_build on: 0.386s
07:48:41 perf vite_build off: 0.374s
07:48:41 perf vite_build off: 0.370s
07:48:46 perf vite_build on: 0.381s
07:48:51 perf vite_build on: 0.393s
07:48:51 perf vite_build off: 0.401s
07:48:51 perf static_binary_x300 warmup off: 0.197s
07:48:56 perf static_binary_x300 warmup on: 0.191s
07:48:56 perf static_binary_x300 warmup off: 0.185s
07:49:01 perf static_binary_x300 warmup on: 0.191s
07:49:01 perf static_binary_x300 off: 0.187s
07:49:05 perf static_binary_x300 on: 0.200s
07:49:10 perf static_binary_x300 on: 0.198s
07:49:10 perf static_binary_x300 off: 0.191s
07:49:10 perf static_binary_x300 off: 0.190s
07:49:15 perf static_binary_x300 on: 0.198s
07:49:20 perf static_binary_x300 on: 0.187s
07:49:20 perf static_binary_x300 off: 0.187s
07:49:20 perf static_binary_x300 off: 0.186s
07:49:24 perf static_binary_x300 on: 0.191s
07:49:29 perf static_binary_x300 on: 0.190s
07:49:29 perf static_binary_x300 off: 0.183s
07:49:29 perf static_binary_x300 off: 0.184s
07:49:33 perf static_binary_x300 on: 0.188s
07:49:38 perf static_binary_x300 on: 0.188s
07:49:38 perf static_binary_x300 off: 0.186s
07:49:38 perf static_binary_x300 off: 0.186s
07:49:43 perf static_binary_x300 on: 0.193s
07:49:47 perf static_binary_x300 on: 0.191s
07:49:47 perf static_binary_x300 off: 0.180s
07:49:47 perf static_binary_x300 off: 0.184s
07:49:52 perf static_binary_x300 on: 0.191s
07:49:56 perf static_binary_x300 on: 0.189s
07:49:56 perf static_binary_x300 off: 0.184s
07:49:56 perf static_binary_x300 off: 0.183s
07:50:01 perf static_binary_x300 on: 0.191s
07:50:05 perf static_binary_x300 on: 0.192s
07:50:05 perf static_binary_x300 off: 0.183s
07:50:05 perf static_binary_x300 off: 0.182s
07:50:10 perf static_binary_x300 on: 0.190s
07:50:14 perf static_binary_x300 on: 0.189s
07:50:14 perf static_binary_x300 off: 0.183s
07:50:15 perf static_binary_x300 off: 0.184s
07:50:19 perf static_binary_x300 on: 0.188s
07:50:23 perf static_binary_x300 on: 0.191s
07:50:24 perf static_binary_x300 off: 0.185s
07:50:24 perf static_binary_x300 off: 0.182s
07:50:28 perf static_binary_x300 on: 0.190s
07:50:33 perf static_binary_x300 on: 0.193s
07:50:33 perf static_binary_x300 off: 0.182s
07:50:37 verdict PASS; failed: []
