2026-09-28 16:14:50 whyfs service listening on \\.\pipe\whyfs-service
2026-09-28 16:14:50 machine labels: service process 2760 started
2026-09-28 16:15:05 start C:\Users\runneradmin\AppData\Local\Temp\whyfs-msi-user-ws pid 6276 session whyfs-201334dc62424c6d user S-1-5-21-1535354919-3125631827-3241930664-500
2026-09-28 16:15:07 stop C:\Users\runneradmin\AppData\Local\Temp\whyfs-msi-user-ws exit 0
2026-09-28 16:15:09 machine labels: service process exited 0
2026-09-28 16:15:12 whyfs service listening on \\.\pipe\whyfs-service
2026-09-28 16:15:12 machine labels: service process 3052 started
2026-09-28 16:15:13 start C:\Users\runneradmin\AppData\Local\Temp\whyfs-upgrade-ws pid 5300 session whyfs-abe1fad5a47b91d8 user S-1-5-21-1535354919-3125631827-3241930664-500
2026-09-28 16:15:15 stop C:\Users\runneradmin\AppData\Local\Temp\whyfs-upgrade-ws exit 0
2026-09-28 16:15:16 machine labels: service process exited 0
2026-09-28 16:15:18 whyfs service listening on \\.\pipe\whyfs-service
2026-09-28 16:15:18 machine labels: service process 6312 started
2026-09-28 16:15:19 start C:\Users\runneradmin\AppData\Local\Temp\whyfs-upgrade-ws pid 1940 session whyfs-abe1fad5a47b91d8 user S-1-5-21-1535354919-3125631827-3241930664-500
2026-09-28 16:15:21 stop C:\Users\runneradmin\AppData\Local\Temp\whyfs-upgrade-ws exit 0
2026-09-28 16:15:24 machine labels: service process exited 0
2026-09-28 16:15:45 whyfs service listening on \\.\pipe\whyfs-service
2026-09-28 16:15:45 machine labels: service process 4012 started
2026-09-28 16:16:23 stopped orphaned ETW session whyfs-machine (rc 0)
2026-09-28 16:16:23 stopped orphaned ETW session whyfs-machine-sys (rc 0)
2026-09-28 16:16:23 whyfs service listening on \\.\pipe\whyfs-service
2026-09-28 16:16:23 machine labels: service process 5516 started
2026-09-28 16:16:39 start C:\Users\runneradmin\whyfs-outage-97d7cbd7\workspace-capture pid 6408 session whyfs-dfa253daecdc88a6 user S-1-5-21-1535354919-3125631827-3241930664-500
2026-09-28 16:16:39 stop C:\Users\runneradmin\whyfs-outage-97d7cbd7\workspace-capture exit 0
2026-09-28 16:17:24 start C:\Users\runneradmin\AppData\Local\Temp\whyfs-corpus-03097tu0 pid 6036 session whyfs-5cd3a21a5417e6ac user S-1-5-21-1535354919-3125631827-3241930664-500
2026-09-28 16:17:27 stop C:\Users\runneradmin\AppData\Local\Temp\whyfs-corpus-03097tu0 exit 0
2026-09-28 16:17:28 start C:\Users\runneradmin\AppData\Local\Temp\whyfs-secret-645hfcms pid 2128 session whyfs-456e69e673edb178 user S-1-5-21-1535354919-3125631827-3241930664-500
2026-09-28 16:17:31 stop C:\Users\runneradmin\AppData\Local\Temp\whyfs-secret-645hfcms exit 0
2026-09-28 16:17:37 start C:\Users\runneradmin\AppData\Local\Temp\whyfs-wingate\func pid 4780 session whyfs-a8996beb1407ddb0 user S-1-5-21-1535354919-3125631827-3241930664-500
2026-09-28 16:17:42 stop C:\Users\runneradmin\AppData\Local\Temp\whyfs-wingate\func exit 0
2026-09-28 16:27:48 machine labels: service process exited 0
2026-09-28 16:28:07 whyfs service listening on \\.\pipe\whyfs-service
2026-09-28 16:28:07 machine labels: service process 1148 started
2026-09-28 16:28:27 machine labels: service process exited 0
2026-09-28 16:28:46 whyfs service listening on \\.\pipe\whyfs-service
2026-09-28 16:28:46 machine labels: service process 5008 started
2026-09-28 16:29:06 machine labels: service process exited 0
2026-09-28 16:29:24 whyfs service listening on \\.\pipe\whyfs-service
2026-09-28 16:29:24 machine labels: service process 2864 started
2026-09-28 16:30:02 machine labels: service process exited 0
2026-09-28 16:30:37 whyfs service listening on \\.\pipe\whyfs-service
2026-09-28 16:30:37 machine labels: service process 1052 started
2026-09-28 16:31:15 machine labels: service process exited 0
2026-09-28 16:31:53 whyfs service listening on \\.\pipe\whyfs-service
2026-09-28 16:31:53 machine labels: service process 896 started
2026-09-28 16:32:32 machine labels: service process exited 0
2026-09-28 16:33:07 whyfs service listening on \\.\pipe\whyfs-service
2026-09-28 16:33:07 machine labels: service process 792 started
2026-09-28 16:33:46 machine labels: service process exited 0
2026-09-28 16:34:22 whyfs service listening on \\.\pipe\whyfs-service
2026-09-28 16:34:22 machine labels: service process 5908 started
2026-09-28 16:35:01 machine labels: service process exited 0
2026-09-28 16:35:37 whyfs service listening on \\.\pipe\whyfs-service
2026-09-28 16:35:37 machine labels: service process 504 started
2026-09-28 16:36:20 machine labels: service process exited 0
2026-09-28 16:36:55 whyfs service listening on \\.\pipe\whyfs-service
2026-09-28 16:36:55 machine labels: service process 6616 started
2026-09-28 16:37:35 machine labels: service process exited 0
2026-09-28 16:38:10 whyfs service listening on \\.\pipe\whyfs-service
2026-09-28 16:38:10 machine labels: service process 6692 started
2026-09-28 16:38:51 machine labels: service process exited 0
2026-09-28 16:39:26 whyfs service listening on \\.\pipe\whyfs-service
2026-09-28 16:39:26 machine labels: service process 544 started
2026-09-28 16:40:07 machine labels: service process exited 0
2026-09-28 16:40:42 whyfs service listening on \\.\pipe\whyfs-service
2026-09-28 16:40:42 machine labels: service process 2356 started
2026-09-28 16:41:23 machine labels: service process exited 0
2026-09-28 16:41:43 whyfs service listening on \\.\pipe\whyfs-service
2026-09-28 16:41:43 machine labels: service process 6236 started
2026-09-28 16:41:48 machine labels: service process exited 0
2026-09-28 16:41:51 whyfs service listening on \\.\pipe\whyfs-service
2026-09-28 16:41:51 machine labels: service process 472 started
2026-09-28 16:41:56 machine labels: service process exited 0
2026-09-28 16:41:58 whyfs service listening on \\.\pipe\whyfs-service
2026-09-28 16:41:58 machine labels: service process 5884 started
2026-09-28 16:42:07 machine labels: service process exited 0
2026-09-28 16:42:11 whyfs service listening on \\.\pipe\whyfs-service
2026-09-28 16:42:11 machine labels: service process 4564 started
2026-09-28 16:42:19 machine labels: service process exited 0
2026-09-28 16:42:24 whyfs service listening on \\.\pipe\whyfs-service
2026-09-28 16:42:24 machine labels: service process 2384 started
2026-09-28 16:42:31 machine labels: service process exited 0
2026-09-28 16:42:36 whyfs service listening on \\.\pipe\whyfs-service
2026-09-28 16:42:36 machine labels: service process 2548 started
2026-09-28 16:42:43 machine labels: service process exited 0
2026-09-28 16:42:48 whyfs service listening on \\.\pipe\whyfs-service
2026-09-28 16:42:48 machine labels: service process 6444 started
2026-09-28 16:42:56 machine labels: service process exited 0
2026-09-28 16:43:00 whyfs service listening on \\.\pipe\whyfs-service
2026-09-28 16:43:00 machine labels: service process 3396 started
2026-09-28 16:43:08 machine labels: service process exited 0
2026-09-28 16:43:13 whyfs service listening on \\.\pipe\whyfs-service
2026-09-28 16:43:13 machine labels: service process 6964 started
2026-09-28 16:43:20 machine labels: service process exited 0
2026-09-28 16:43:25 whyfs service listening on \\.\pipe\whyfs-service
2026-09-28 16:43:25 machine labels: service process 6404 started
2026-09-28 16:43:32 machine labels: service process exited 0
2026-09-28 16:43:37 whyfs service listening on \\.\pipe\whyfs-service
2026-09-28 16:43:37 machine labels: service process 4132 started
2026-09-28 16:43:45 machine labels: service process exited 0
2026-09-28 16:43:49 whyfs service listening on \\.\pipe\whyfs-service
2026-09-28 16:43:49 machine labels: service process 676 started
2026-09-28 16:43:57 machine labels: service process exited 0
2026-09-28 16:44:05 whyfs service listening on \\.\pipe\whyfs-service
2026-09-28 16:44:05 machine labels: service process 5592 started
2026-09-28 16:44:13 machine labels: service process exited 0
2026-09-28 16:44:18 whyfs service listening on \\.\pipe\whyfs-service
2026-09-28 16:44:18 machine labels: service process 1232 started
2026-09-28 16:44:25 machine labels: service process exited 0
2026-09-28 16:44:30 whyfs service listening on \\.\pipe\whyfs-service
2026-09-28 16:44:30 machine labels: service process 2548 started
2026-09-28 16:44:42 machine labels: service process exited 0
2026-09-28 16:44:52 whyfs service listening on \\.\pipe\whyfs-service
2026-09-28 16:44:52 machine labels: service process 764 started
2026-09-28 16:45:04 machine labels: service process exited 0
2026-09-28 16:45:13 whyfs service listening on \\.\pipe\whyfs-service
2026-09-28 16:45:13 machine labels: service process 7044 started
2026-09-28 16:45:26 machine labels: service process exited 0
2026-09-28 16:45:35 whyfs service listening on \\.\pipe\whyfs-service
2026-09-28 16:45:35 machine labels: service process 7128 started
2026-09-28 16:45:48 machine labels: service process exited 0
2026-09-28 16:45:57 whyfs service listening on \\.\pipe\whyfs-service
2026-09-28 16:45:57 machine labels: service process 5160 started
2026-09-28 16:46:10 machine labels: service process exited 0
2026-09-28 16:46:19 whyfs service listening on \\.\pipe\whyfs-service
2026-09-28 16:46:19 machine labels: service process 6444 started
2026-09-28 16:46:33 machine labels: service process exited 0
2026-09-28 16:46:42 whyfs service listening on \\.\pipe\whyfs-service
2026-09-28 16:46:42 machine labels: service process 2288 started
2026-09-28 16:46:55 machine labels: service process exited 0
2026-09-28 16:47:05 whyfs service listening on \\.\pipe\whyfs-service
2026-09-28 16:47:05 machine labels: service process 3700 started
2026-09-28 16:47:20 machine labels: service process exited 0
2026-09-28 16:47:29 whyfs service listening on \\.\pipe\whyfs-service
2026-09-28 16:47:29 machine labels: service process 4964 started
2026-09-28 16:47:44 machine labels: service process exited 0
2026-09-28 16:47:53 whyfs service listening on \\.\pipe\whyfs-service
2026-09-28 16:47:53 machine labels: service process 6964 started
2026-09-28 16:48:07 machine labels: service process exited 0
2026-09-28 16:48:12 whyfs service listening on \\.\pipe\whyfs-service
2026-09-28 16:48:12 machine labels: service process 5128 started
2026-09-28 16:48:40 machine labels: service process exited 0
2026-09-28 16:48:45 whyfs service listening on \\.\pipe\whyfs-service
2026-09-28 16:48:45 machine labels: service process 4764 started
2026-09-28 16:48:53 machine labels: service process exited 0
2026-09-28 16:48:58 whyfs service listening on \\.\pipe\whyfs-service
2026-09-28 16:48:58 machine labels: service process 7088 started
2026-09-28 16:49:10 machine labels: service process exited 0
2026-09-28 16:49:21 whyfs service listening on \\.\pipe\whyfs-service
2026-09-28 16:49:21 machine labels: service process 5812 started
2026-09-28 16:49:34 machine labels: service process exited 0
2026-09-28 16:49:43 whyfs service listening on \\.\pipe\whyfs-service
2026-09-28 16:49:43 machine labels: service process 5004 started
2026-09-28 16:49:58 machine labels: service process exited 0
2026-09-28 16:50:08 whyfs service listening on \\.\pipe\whyfs-service
2026-09-28 16:50:08 machine labels: service process 4940 started
2026-09-28 16:50:21 machine labels: service process exited 0
2026-09-28 16:50:32 whyfs service listening on \\.\pipe\whyfs-service
2026-09-28 16:50:32 machine labels: service process 3416 started
2026-09-28 16:50:45 machine labels: service process exited 0
2026-09-28 16:50:55 whyfs service listening on \\.\pipe\whyfs-service
2026-09-28 16:50:55 machine labels: service process 5208 started
2026-09-28 16:51:08 machine labels: service process exited 0
2026-09-28 16:51:19 whyfs service listening on \\.\pipe\whyfs-service
2026-09-28 16:51:19 machine labels: service process 5668 started
2026-09-28 16:51:32 machine labels: service process exited 0
2026-09-28 16:51:42 whyfs service listening on \\.\pipe\whyfs-service
2026-09-28 16:51:42 machine labels: service process 6872 started
2026-09-28 16:51:58 machine labels: service process exited 0
2026-09-28 16:52:07 whyfs service listening on \\.\pipe\whyfs-service
2026-09-28 16:52:07 machine labels: service process 4612 started
2026-09-28 16:52:23 machine labels: service process exited 0
2026-09-28 16:52:33 whyfs service listening on \\.\pipe\whyfs-service
2026-09-28 16:52:33 machine labels: service process 5080 started
2026-09-28 16:52:47 machine labels: service process exited 0
2026-09-28 16:52:52 whyfs service listening on \\.\pipe\whyfs-service
2026-09-28 16:52:52 machine labels: service process 7164 started
2026-09-28 16:53:10 machine labels: service process exited 0
2026-09-28 16:53:16 whyfs service listening on \\.\pipe\whyfs-service
2026-09-28 16:53:16 machine labels: service process 3056 started
2026-09-28 16:53:23 machine labels: service process exited 0
2026-09-28 16:53:29 whyfs service listening on \\.\pipe\whyfs-service
2026-09-28 16:53:29 machine labels: service process 5184 started
2026-09-28 16:53:41 machine labels: service process exited 0
2026-09-28 16:53:51 whyfs service listening on \\.\pipe\whyfs-service
2026-09-28 16:53:51 machine labels: service process 4724 started
2026-09-28 16:54:03 machine labels: service process exited 0
2026-09-28 16:54:13 whyfs service listening on \\.\pipe\whyfs-service
2026-09-28 16:54:13 machine labels: service process 5636 started
2026-09-28 16:54:25 machine labels: service process exited 0
2026-09-28 16:54:36 whyfs service listening on \\.\pipe\whyfs-service
2026-09-28 16:54:36 machine labels: service process 2512 started
2026-09-28 16:54:49 machine labels: service process exited 0
2026-09-28 16:54:59 whyfs service listening on \\.\pipe\whyfs-service
2026-09-28 16:54:59 machine labels: service process 680 started
2026-09-28 16:55:12 machine labels: service process exited 0
2026-09-28 16:55:23 whyfs service listening on \\.\pipe\whyfs-service
2026-09-28 16:55:23 machine labels: service process 944 started
2026-09-28 16:55:35 machine labels: service process exited 0
2026-09-28 16:55:44 whyfs service listening on \\.\pipe\whyfs-service
2026-09-28 16:55:44 machine labels: service process 7100 started
2026-09-28 16:55:57 machine labels: service process exited 0
2026-09-28 16:56:07 whyfs service listening on \\.\pipe\whyfs-service
2026-09-28 16:56:07 machine labels: service process 7124 started
2026-09-28 16:56:19 machine labels: service process exited 0
2026-09-28 16:56:29 whyfs service listening on \\.\pipe\whyfs-service
2026-09-28 16:56:29 machine labels: service process 5976 started
2026-09-28 16:56:41 machine labels: service process exited 0
2026-09-28 16:56:51 whyfs service listening on \\.\pipe\whyfs-service
2026-09-28 16:56:51 machine labels: service process 3056 started
2026-09-28 16:57:03 machine labels: service process exited 0
2026-09-28 16:57:09 whyfs service listening on \\.\pipe\whyfs-service
2026-09-28 16:57:09 machine labels: service process 5940 started
2026-09-28 16:57:17 machine labels: service process exited 0
2026-09-28 16:57:29 whyfs service listening on \\.\pipe\whyfs-service
2026-09-28 16:57:29 machine labels: service process 2668 started
2026-09-28 16:57:43 machine labels: service process exited 0
2026-09-28 16:57:56 whyfs service listening on \\.\pipe\whyfs-service
2026-09-28 16:57:56 machine labels: service process 6508 started
2026-09-28 16:58:22 machine labels: service process exited 0
2026-09-28 16:58:46 whyfs service listening on \\.\pipe\whyfs-service
2026-09-28 16:58:46 machine labels: service process 1404 started
2026-09-28 16:59:11 machine labels: service process exited 0
2026-09-28 16:59:34 whyfs service listening on \\.\pipe\whyfs-service
2026-09-28 16:59:34 machine labels: service process 2624 started
2026-09-28 17:00:00 machine labels: service process exited 0
2026-09-28 17:00:24 whyfs service listening on \\.\pipe\whyfs-service
2026-09-28 17:00:24 machine labels: service process 7088 started
2026-09-28 17:00:50 machine labels: service process exited 0
2026-09-28 17:01:13 whyfs service listening on \\.\pipe\whyfs-service
2026-09-28 17:01:13 machine labels: service process 7080 started
2026-09-28 17:01:41 machine labels: service process exited 0
2026-09-28 17:01:53 whyfs service listening on \\.\pipe\whyfs-service
2026-09-28 17:01:53 machine labels: service process 5164 started
