07:27:15 functional fixtures
07:27:21   PASS creator_attribution_ge_99pct
07:27:21   PASS useful_input_recall_ge_95pct
07:27:21   PASS no_unlabelled_false_lineage
07:27:21   PASS msvc_header_impact_reaches_all_includers_and_app
07:27:21   PASS msvc_header_impact_excludes_non_includer
07:27:21   PASS msvc_source_impact_reaches_its_object_and_app
07:27:21   PASS msvc_source_impact_other_objects_only_as_labelled_shared
07:27:21   PASS incremental_rebuild_history
07:27:21   PASS rename_chain_steps_recorded
07:27:21   PASS rename_impact_reaches_final_name
07:27:21   PASS recreate_history_two_writes
07:27:21   PASS parent_child_parent_is_cmd
07:27:21   PASS vite_human_view_hides_node_modules
07:27:21   PASS vite_raw_view_retains_dependency_reads
07:27:21   PASS vite_transitive_impact_to_postbuild
07:27:21   PASS paths_absolute_dos_and_in_scope
07:27:21   PASS no_state_dir_evidence
07:27:21   PASS zero_loss
07:27:21   PASS secret_arguments_redacted
07:27:21   PASS case_insensitive_query
07:27:21   PASS outside_workspace_not_stored
07:27:21   PASS mmap_reads_attributed_to_link
07:27:21   PASS no_foreign_file_object_attribution
07:27:21   accuracy {'tested_outputs': 64, 'creator_attribution': 1.0, 'expected_inputs': 142, 'found_inputs': 142, 'useful_input_recall': 1.0, 'unlabelled_false_inputs': 0, 'foreign_file_objects_rejected': 9}
