04:40:23 graduation: user=runner base=/home/runner/whyfs-graduation-ws
04:40:26 functional: static binary
04:40:26 functional: parallel build #1 (clean)
04:40:27 functional: header change -> build #2
04:40:28 functional: source change -> build #3
04:40:28 functional: vite build + postbuild
04:40:28 functional: copy / rename / move chain
04:40:34 perf make_j8_36_units warmup off: 0.325s
04:40:38 perf make_j8_36_units warmup on: 0.580s
04:40:39 perf make_j8_36_units warmup off: 0.318s
04:40:44 perf make_j8_36_units warmup on: 0.871s
04:40:45 perf make_j8_36_units off: 0.308s
04:40:49 perf make_j8_36_units on: 0.336s
04:40:53 perf make_j8_36_units on: 0.479s
04:40:53 perf make_j8_36_units off: 0.312s
04:40:54 perf make_j8_36_units off: 0.400s
04:40:58 perf make_j8_36_units on: 0.340s
04:41:02 perf make_j8_36_units on: 0.334s
04:41:02 perf make_j8_36_units off: 0.348s
04:41:02 perf make_j8_36_units off: 0.340s
04:41:07 perf make_j8_36_units on: 0.428s
04:41:11 perf make_j8_36_units on: 0.343s
04:41:11 perf make_j8_36_units off: 0.329s
04:41:12 perf make_j8_36_units off: 0.403s
04:41:16 perf make_j8_36_units on: 0.353s
04:41:20 perf make_j8_36_units on: 0.350s
04:41:20 perf make_j8_36_units off: 0.341s
04:41:21 perf make_j8_36_units off: 0.343s
04:41:25 perf make_j8_36_units on: 0.350s
04:41:29 perf make_j8_36_units on: 0.349s
04:41:29 perf make_j8_36_units off: 0.341s
04:41:30 perf make_j8_36_units off: 0.327s
04:41:34 perf make_j8_36_units on: 0.352s
04:41:38 perf make_j8_36_units on: 0.344s
04:41:38 perf make_j8_36_units off: 0.336s
04:41:39 perf make_j8_36_units off: 0.343s
04:41:43 perf make_j8_36_units on: 0.336s
04:41:47 perf make_j8_36_units on: 0.375s
04:41:47 perf make_j8_36_units off: 0.341s
04:41:48 perf make_j8_36_units off: 0.337s
04:41:52 perf make_j8_36_units on: 0.471s
04:41:56 perf make_j8_36_units on: 0.330s
04:41:57 perf make_j8_36_units off: 0.331s
04:41:57 perf make_j8_36_units off: 0.321s
04:42:01 perf make_j8_36_units on: 0.402s
04:42:05 perf make_j8_36_units on: 0.345s
04:42:05 perf make_j8_36_units off: 0.321s
04:42:06 perf make_j8_36_units off: 0.322s
04:42:10 perf make_j8_36_units on: 0.325s
04:42:14 perf make_j8_36_units on: 0.368s
04:42:14 perf make_j8_36_units off: 0.322s
04:42:14 perf vite_build warmup off: 0.304s
04:42:18 perf vite_build warmup on: 0.300s
04:42:19 perf vite_build warmup off: 0.302s
04:42:23 perf vite_build warmup on: 0.307s
04:42:23 perf vite_build off: 0.301s
04:42:27 perf vite_build on: 0.299s
04:42:31 perf vite_build on: 0.302s
04:42:31 perf vite_build off: 0.302s
04:42:32 perf vite_build off: 0.295s
04:42:36 perf vite_build on: 0.296s
04:42:39 perf vite_build on: 0.297s
04:42:40 perf vite_build off: 0.296s
04:42:40 perf vite_build off: 0.298s
04:42:44 perf vite_build on: 0.294s
04:42:48 perf vite_build on: 0.296s
04:42:48 perf vite_build off: 0.290s
04:42:48 perf vite_build off: 0.304s
04:42:52 perf vite_build on: 0.296s
04:42:56 perf vite_build on: 0.308s
04:42:56 perf vite_build off: 0.302s
04:42:57 perf vite_build off: 0.300s
04:43:01 perf vite_build on: 0.338s
04:43:05 perf vite_build on: 0.314s
04:43:05 perf vite_build off: 0.296s
04:43:05 perf vite_build off: 0.303s
04:43:10 perf vite_build on: 0.301s
04:43:14 perf vite_build on: 0.302s
04:43:14 perf vite_build off: 0.296s
04:43:14 perf vite_build off: 0.296s
04:43:18 perf vite_build on: 0.302s
04:43:22 perf vite_build on: 0.308s
04:43:22 perf vite_build off: 0.299s
04:43:23 perf vite_build off: 0.297s
04:43:26 perf vite_build on: 0.299s
04:43:30 perf vite_build on: 0.322s
04:43:31 perf vite_build off: 0.293s
04:43:31 perf vite_build off: 0.295s
04:43:35 perf vite_build on: 0.293s
04:43:39 perf vite_build on: 0.292s
04:43:39 perf vite_build off: 0.295s
04:43:39 perf vite_build off: 0.291s
04:43:43 perf vite_build on: 0.290s
04:43:47 perf vite_build on: 0.293s
04:43:47 perf vite_build off: 0.296s
04:43:48 perf static_binary_x300 warmup off: 0.155s
04:43:51 perf static_binary_x300 warmup on: 0.162s
04:43:51 perf static_binary_x300 warmup off: 0.151s
04:43:55 perf static_binary_x300 warmup on: 0.158s
04:43:55 perf static_binary_x300 off: 0.152s
04:43:59 perf static_binary_x300 on: 0.159s
04:44:03 perf static_binary_x300 on: 0.156s
04:44:03 perf static_binary_x300 off: 0.153s
04:44:03 perf static_binary_x300 off: 0.155s
04:44:07 perf static_binary_x300 on: 0.161s
04:44:10 perf static_binary_x300 on: 0.159s
04:44:10 perf static_binary_x300 off: 0.153s
04:44:10 perf static_binary_x300 off: 0.153s
04:44:14 perf static_binary_x300 on: 0.161s
04:44:18 perf static_binary_x300 on: 0.156s
04:44:18 perf static_binary_x300 off: 0.153s
04:44:18 perf static_binary_x300 off: 0.156s
04:44:22 perf static_binary_x300 on: 0.160s
04:44:25 perf static_binary_x300 on: 0.159s
04:44:25 perf static_binary_x300 off: 0.155s
04:44:26 perf static_binary_x300 off: 0.155s
04:44:29 perf static_binary_x300 on: 0.159s
04:44:33 perf static_binary_x300 on: 0.161s
04:44:33 perf static_binary_x300 off: 0.150s
04:44:34 perf static_binary_x300 off: 0.153s
04:44:37 perf static_binary_x300 on: 0.159s
04:44:41 perf static_binary_x300 on: 0.160s
04:44:42 perf static_binary_x300 off: 0.154s
04:44:42 perf static_binary_x300 off: 0.157s
04:44:46 perf static_binary_x300 on: 0.159s
04:44:50 perf static_binary_x300 on: 0.160s
04:44:50 perf static_binary_x300 off: 0.156s
04:44:50 perf static_binary_x300 off: 0.160s
04:44:54 perf static_binary_x300 on: 0.158s
04:44:58 perf static_binary_x300 on: 0.160s
04:44:58 perf static_binary_x300 off: 0.151s
04:44:58 perf static_binary_x300 off: 0.155s
04:45:03 perf static_binary_x300 on: 0.158s
04:45:07 perf static_binary_x300 on: 0.159s
04:45:07 perf static_binary_x300 off: 0.155s
04:45:07 perf static_binary_x300 off: 0.156s
04:45:11 perf static_binary_x300 on: 0.161s
04:45:15 perf static_binary_x300 on: 0.160s
04:45:15 perf static_binary_x300 off: 0.153s
04:45:19 verdict PASS; failed: []
