2026-09-27 20:35:58 whyfs service listening on \\.\pipe\whyfs-service
2026-09-27 20:35:58 machine labels: service process 2824 started
2026-09-27 20:36:16 start C:\Users\runneradmin\AppData\Local\Temp\whyfs-msi-user-ws pid 7328 session whyfs-201334dc62424c6d user S-1-5-21-2615846702-2260884330-149277722-500
2026-09-27 20:36:18 stop C:\Users\runneradmin\AppData\Local\Temp\whyfs-msi-user-ws exit 0
2026-09-27 20:36:20 machine labels: service process exited 0
2026-09-27 20:36:24 whyfs service listening on \\.\pipe\whyfs-service
2026-09-27 20:36:24 machine labels: service process 2856 started
2026-09-27 20:36:25 start C:\Users\runneradmin\AppData\Local\Temp\whyfs-upgrade-ws pid 3040 session whyfs-abe1fad5a47b91d8 user S-1-5-21-2615846702-2260884330-149277722-500
2026-09-27 20:36:26 stop C:\Users\runneradmin\AppData\Local\Temp\whyfs-upgrade-ws exit 0
2026-09-27 20:36:28 machine labels: service process exited 0
2026-09-27 20:36:29 whyfs service listening on \\.\pipe\whyfs-service
2026-09-27 20:36:29 machine labels: service process 4112 started
2026-09-27 20:36:30 start C:\Users\runneradmin\AppData\Local\Temp\whyfs-upgrade-ws pid 7924 session whyfs-abe1fad5a47b91d8 user S-1-5-21-2615846702-2260884330-149277722-500
2026-09-27 20:36:32 stop C:\Users\runneradmin\AppData\Local\Temp\whyfs-upgrade-ws exit 0
2026-09-27 20:36:34 machine labels: service process exited 0
2026-09-27 20:36:51 whyfs service listening on \\.\pipe\whyfs-service
2026-09-27 20:36:51 machine labels: service process 9736 started
2026-09-27 20:37:29 stopped orphaned ETW session whyfs-machine (rc 0)
2026-09-27 20:37:29 stopped orphaned ETW session whyfs-machine-sys (rc 0)
2026-09-27 20:37:29 whyfs service listening on \\.\pipe\whyfs-service
2026-09-27 20:37:29 machine labels: service process 2880 started
2026-09-27 20:37:45 start C:\Users\runneradmin\whyfs-outage-bc1394a6\workspace-capture pid 7088 session whyfs-5116d507f688376e user S-1-5-21-2615846702-2260884330-149277722-500
2026-09-27 20:37:46 stop C:\Users\runneradmin\whyfs-outage-bc1394a6\workspace-capture exit 0
2026-09-27 20:38:31 start C:\Users\runneradmin\AppData\Local\Temp\whyfs-corpus-4gqt6reg pid 2060 session whyfs-f4805ddfc0dc85a0 user S-1-5-21-2615846702-2260884330-149277722-500
2026-09-27 20:38:34 stop C:\Users\runneradmin\AppData\Local\Temp\whyfs-corpus-4gqt6reg exit 0
2026-09-27 20:38:35 start C:\Users\runneradmin\AppData\Local\Temp\whyfs-secret-w0984prw pid 9780 session whyfs-f5470296ad9cf589 user S-1-5-21-2615846702-2260884330-149277722-500
2026-09-27 20:38:38 stop C:\Users\runneradmin\AppData\Local\Temp\whyfs-secret-w0984prw exit 0
2026-09-27 20:38:47 start C:\Users\runneradmin\AppData\Local\Temp\whyfs-wingate\func pid 6124 session whyfs-a8996beb1407ddb0 user S-1-5-21-2615846702-2260884330-149277722-500
2026-09-27 20:38:52 stop C:\Users\runneradmin\AppData\Local\Temp\whyfs-wingate\func exit 0
2026-09-27 20:48:59 machine labels: service process exited 0
2026-09-27 20:49:16 whyfs service listening on \\.\pipe\whyfs-service
2026-09-27 20:49:16 machine labels: service process 7000 started
2026-09-27 20:49:32 machine labels: service process exited 0
2026-09-27 20:49:47 whyfs service listening on \\.\pipe\whyfs-service
2026-09-27 20:49:47 machine labels: service process 1820 started
2026-09-27 20:50:04 machine labels: service process exited 0
2026-09-27 20:50:19 whyfs service listening on \\.\pipe\whyfs-service
2026-09-27 20:50:19 machine labels: service process 6500 started
2026-09-27 20:50:50 machine labels: service process exited 0
2026-09-27 20:51:20 whyfs service listening on \\.\pipe\whyfs-service
2026-09-27 20:51:20 machine labels: service process 6900 started
2026-09-27 20:51:52 machine labels: service process exited 0
2026-09-27 20:52:20 whyfs service listening on \\.\pipe\whyfs-service
2026-09-27 20:52:20 machine labels: service process 9244 started
2026-09-27 20:52:53 machine labels: service process exited 0
2026-09-27 20:53:21 whyfs service listening on \\.\pipe\whyfs-service
2026-09-27 20:53:21 machine labels: service process 7144 started
2026-09-27 20:53:54 machine labels: service process exited 0
2026-09-27 20:54:23 whyfs service listening on \\.\pipe\whyfs-service
2026-09-27 20:54:23 machine labels: service process 7912 started
2026-09-27 20:54:56 machine labels: service process exited 0
2026-09-27 20:55:24 whyfs service listening on \\.\pipe\whyfs-service
2026-09-27 20:55:24 machine labels: service process 6340 started
2026-09-27 20:55:56 machine labels: service process exited 0
2026-09-27 20:56:28 whyfs service listening on \\.\pipe\whyfs-service
2026-09-27 20:56:28 machine labels: service process 5088 started
2026-09-27 20:57:02 machine labels: service process exited 0
2026-09-27 20:57:31 whyfs service listening on \\.\pipe\whyfs-service
2026-09-27 20:57:31 machine labels: service process 1764 started
2026-09-27 20:58:06 machine labels: service process exited 0
2026-09-27 20:58:35 whyfs service listening on \\.\pipe\whyfs-service
2026-09-27 20:58:35 machine labels: service process 2680 started
2026-09-27 20:59:09 machine labels: service process exited 0
2026-09-27 20:59:37 whyfs service listening on \\.\pipe\whyfs-service
2026-09-27 20:59:37 machine labels: service process 6380 started
2026-09-27 21:00:10 machine labels: service process exited 0
2026-09-27 21:00:28 whyfs service listening on \\.\pipe\whyfs-service
2026-09-27 21:00:28 machine labels: service process 1896 started
2026-09-27 21:00:32 machine labels: service process exited 0
2026-09-27 21:00:36 whyfs service listening on \\.\pipe\whyfs-service
2026-09-27 21:00:36 machine labels: service process 5484 started
2026-09-27 21:00:40 machine labels: service process exited 0
2026-09-27 21:00:44 whyfs service listening on \\.\pipe\whyfs-service
2026-09-27 21:00:44 machine labels: service process 2856 started
2026-09-27 21:00:52 machine labels: service process exited 0
2026-09-27 21:00:57 whyfs service listening on \\.\pipe\whyfs-service
2026-09-27 21:00:57 machine labels: service process 1996 started
2026-09-27 21:01:05 machine labels: service process exited 0
2026-09-27 21:01:11 whyfs service listening on \\.\pipe\whyfs-service
2026-09-27 21:01:11 machine labels: service process 8900 started
2026-09-27 21:01:19 machine labels: service process exited 0
2026-09-27 21:01:25 whyfs service listening on \\.\pipe\whyfs-service
2026-09-27 21:01:25 machine labels: service process 6600 started
2026-09-27 21:01:32 machine labels: service process exited 0
2026-09-27 21:01:38 whyfs service listening on \\.\pipe\whyfs-service
2026-09-27 21:01:38 machine labels: service process 1560 started
2026-09-27 21:01:46 machine labels: service process exited 0
2026-09-27 21:01:52 whyfs service listening on \\.\pipe\whyfs-service
2026-09-27 21:01:52 machine labels: service process 8892 started
2026-09-27 21:02:00 machine labels: service process exited 0
2026-09-27 21:02:05 whyfs service listening on \\.\pipe\whyfs-service
2026-09-27 21:02:05 machine labels: service process 5428 started
2026-09-27 21:02:13 machine labels: service process exited 0
2026-09-27 21:02:19 whyfs service listening on \\.\pipe\whyfs-service
2026-09-27 21:02:19 machine labels: service process 5804 started
2026-09-27 21:02:27 machine labels: service process exited 0
2026-09-27 21:02:33 whyfs service listening on \\.\pipe\whyfs-service
2026-09-27 21:02:33 machine labels: service process 6996 started
2026-09-27 21:02:41 machine labels: service process exited 0
2026-09-27 21:02:47 whyfs service listening on \\.\pipe\whyfs-service
2026-09-27 21:02:47 machine labels: service process 2252 started
2026-09-27 21:02:54 machine labels: service process exited 0
2026-09-27 21:03:09 whyfs service listening on \\.\pipe\whyfs-service
2026-09-27 21:03:09 machine labels: service process 3276 started
2026-09-27 21:03:22 machine labels: service process exited 0
2026-09-27 21:03:33 whyfs service listening on \\.\pipe\whyfs-service
2026-09-27 21:03:33 machine labels: service process 8600 started
2026-09-27 21:03:46 machine labels: service process exited 0
2026-09-27 21:03:59 whyfs service listening on \\.\pipe\whyfs-service
2026-09-27 21:03:59 machine labels: service process 4784 started
2026-09-27 21:04:23 machine labels: service process exited 0
2026-09-27 21:04:47 whyfs service listening on \\.\pipe\whyfs-service
2026-09-27 21:04:47 machine labels: service process 10072 started
2026-09-27 21:05:11 machine labels: service process exited 0
2026-09-27 21:05:33 whyfs service listening on \\.\pipe\whyfs-service
2026-09-27 21:05:33 machine labels: service process 5676 started
2026-09-27 21:05:57 machine labels: service process exited 0
2026-09-27 21:06:18 whyfs service listening on \\.\pipe\whyfs-service
2026-09-27 21:06:18 machine labels: service process 7300 started
2026-09-27 21:06:42 machine labels: service process exited 0
2026-09-27 21:07:03 whyfs service listening on \\.\pipe\whyfs-service
2026-09-27 21:07:03 machine labels: service process 6732 started
2026-09-27 21:07:27 machine labels: service process exited 0
2026-09-27 21:07:49 whyfs service listening on \\.\pipe\whyfs-service
2026-09-27 21:07:49 machine labels: service process 1892 started
2026-09-27 21:08:12 machine labels: service process exited 0
2026-09-27 21:08:34 whyfs service listening on \\.\pipe\whyfs-service
2026-09-27 21:08:34 machine labels: service process 6196 started
2026-09-27 21:08:59 machine labels: service process exited 0
2026-09-27 21:09:20 whyfs service listening on \\.\pipe\whyfs-service
2026-09-27 21:09:20 machine labels: service process 6372 started
2026-09-27 21:09:43 machine labels: service process exited 0
2026-09-27 21:10:03 whyfs service listening on \\.\pipe\whyfs-service
2026-09-27 21:10:03 machine labels: service process 3656 started
2026-09-27 21:10:28 machine labels: service process exited 0
2026-09-27 21:10:50 whyfs service listening on \\.\pipe\whyfs-service
2026-09-27 21:10:50 machine labels: service process 6300 started
2026-09-27 21:11:14 machine labels: service process exited 0
2026-09-27 21:11:24 whyfs service listening on \\.\pipe\whyfs-service
2026-09-27 21:11:24 machine labels: service process 1780 started
