11:46:18 tree 1ef41b1 (dirty 17)
11:46:22   agent pid 24242 store worker 24243 src /home/ftmon/whyfs/src batched_handoff=True
11:46:25   agent pid 24253 store worker 24254 src /home/ftmon/whyfs/src batched_handoff=True
11:46:29   agent pid 24264 store worker 24265 src /home/ftmon/whyfs/src batched_handoff=True
11:46:32   agent pid 24274 store worker 24275 src /home/ftmon/whyfs/src batched_handoff=True
11:46:35   agent pid 24284 store worker 24285 src /home/ftmon/whyfs/src batched_handoff=True
11:46:35 rotated rounds A / B / E / K / NP / NF / NI
11:46:50   round 0: A=127.8 B=129.7 E=128.0 K=131.0 NP=129.3 NF=130.3 NI=134.8
11:48:05   round 5: A=128.7 B=133.7 E=136.9 K=130.5 NP=134.1 NF=134.7 NI=132.4
11:49:19   round 10: A=124.2 B=130.1 E=134.2 K=126.2 NP=141.7 NF=130.5 NI=132.9
11:50:34   round 15: A=137.1 B=132.5 E=136.3 K=133.2 NP=130.2 NF=130.3 NI=134.5
11:51:48   round 20: A=140.0 B=137.4 E=137.9 K=135.7 NP=135.4 NF=149.2 NI=141.9
11:53:02   round 25: A=131.4 B=145.2 E=138.9 K=142.3 NP=134.7 NF=143.2 NI=143.4
11:54:18   round 30: A=124.7 B=132.0 E=138.5 K=131.1 NP=137.1 NF=130.7 NI=132.9
11:55:34   round 35: A=128.9 B=133.3 E=132.1 K=132.3 NP=137.6 NF=132.5 NI=133.3
11:56:50   round 40: A=128.2 B=135.1 E=133.7 K=133.0 NP=130.6 NF=142.5 NI=134.7
11:56:50   B-A: +5.38 ms (CI90 +4.35..+6.68)
11:56:50   E-A: +7.32 ms (CI90 +5.48..+8.19)
11:56:50   NF-A: +5.64 ms (CI90 +4.56..+6.49)
11:56:50   E-B: +2.03 ms (CI90 +0.50..+3.24)
11:56:50   NF-B: -0.71 ms (CI90 -1.71..+0.97)
11:56:50   E-NF: +2.18 ms (CI90 +1.49..+2.83)
11:56:50   K-A: +4.67 ms (CI90 +3.52..+6.08)
11:56:50   NP-K: +0.91 ms (CI90 -1.48..+1.64)
11:56:50   NF-NP: -0.01 ms (CI90 -1.88..+1.93)
11:56:50   NF-K: +0.69 ms (CI90 -0.28..+1.45)
11:56:50   B-K: +0.96 ms (CI90 -0.71..+2.13)
11:56:50   NI-A: +5.38 ms (CI90 +3.76..+7.20)
11:56:50   NI-NP: -0.05 ms (CI90 -1.30..+1.29)
11:56:50   NI-NF: +0.51 ms (CI90 -1.04..+1.21)
11:56:50   overhead B: +4.15% (CI90 +3.40..+5.33)
11:56:50   overhead E: +5.74% (CI90 +4.22..+6.44)
11:56:50   overhead K: +3.63% (CI90 +2.74..+4.82)
11:56:50   overhead NP: +4.55% (CI90 +3.52..+6.02)
11:56:50   overhead NF: +4.41% (CI90 +3.69..+5.17)
11:56:50   overhead NI: +4.23% (CI90 +2.94..+5.82)
11:56:50 
| Metric | Python collector (E) | Native collector (NF) |
|---|---|---|
| workload wall time (ms, median) | 134.44 | 132.58 |
| added overhead vs A (ms, CI90) | +7.32 (+5.48..+8.19) | +5.64 (+4.56..+6.49) |
| added overhead vs A (%) | +5.74 | +4.41 |
| collector CPU (ms/run, all collector processes) | 130.0 | 60.0 |
| collector context switches/run | 598 | 152 |
| events received/run | 3748 | 3748 |
| events persisted/run | 3014 | 3014 |
| kernel drops (sum over runs) | 0 | 0 |
| userspace drops (sum over runs) | 0 | 0 |
| store/ingest time (ms/run) | 38.79 (ingest calls) | 20.0 (writer CPU) |
| query-visible records/run | 2714 | 2714 |

Paired differences (median ms, CI90):
- B-A: +5.38 (+4.35..+6.68)
- E-A: +7.32 (+5.48..+8.19)
- NF-A: +5.64 (+4.56..+6.49)
- E-B: +2.03 (+0.50..+3.24)
- NF-B: -0.71 (-1.71..+0.97)
- E-NF: +2.18 (+1.49..+2.83)
- K-A: +4.67 (+3.52..+6.08)
- NP-K: +0.91 (-1.48..+1.64)
- NF-NP: -0.01 (-1.88..+1.93)
- NF-K: +0.69 (-0.28..+1.45)
- B-K: +0.96 (-0.71..+2.13)
- NI-A: +5.38 (+3.76..+7.20)
- NI-NP: -0.05 (-1.30..+1.29)
- NI-NF: +0.51 (-1.04..+1.21)

11:56:50 wrote /tmp/v02-native-defer
