05:21:29 idle 10.0 min: collector CPU 3.79s (0.631% of a core), memory 39.1 MB, store +4789 KiB, 2689 events
05:21:38 make_j8_36_units warmup off: 1.074s
05:21:42 make_j8_36_units warmup on: 0.967s
05:21:47 make_j8_36_units warmup off: 0.927s
05:21:51 make_j8_36_units warmup on: 1.140s
05:21:55 make_j8_36_units off: 0.835s
05:21:59 make_j8_36_units on: 0.813s
05:22:03 make_j8_36_units on: 1.288s
05:22:08 make_j8_36_units off: 1.062s
05:22:11 make_j8_36_units off: 0.877s
05:22:16 make_j8_36_units on: 1.004s
05:22:19 make_j8_36_units on: 1.027s
05:22:24 make_j8_36_units off: 0.968s
05:22:27 make_j8_36_units off: 0.922s
05:22:31 make_j8_36_units on: 1.065s
05:22:35 make_j8_36_units on: 1.042s
05:22:39 make_j8_36_units off: 0.997s
05:22:42 make_j8_36_units off: 1.099s
05:22:47 make_j8_36_units on: 1.117s
05:22:51 make_j8_36_units on: 1.051s
05:22:55 make_j8_36_units off: 1.030s
05:22:58 make_j8_36_units off: 0.998s
05:23:03 make_j8_36_units on: 1.329s
05:23:07 make_j8_36_units on: 1.241s
05:23:11 make_j8_36_units off: 1.141s
05:23:14 make_j8_36_units off: 1.057s
05:23:19 make_j8_36_units on: 1.086s
05:23:22 make_j8_36_units on: 1.052s
05:23:27 make_j8_36_units off: 0.991s
05:23:30 make_j8_36_units off: 1.165s
05:23:35 make_j8_36_units on: 1.027s
05:23:39 make_j8_36_units on: 1.060s
05:23:43 make_j8_36_units off: 1.419s
05:23:47 make_j8_36_units off: 1.011s
05:23:51 make_j8_36_units on: 0.872s
05:23:55 make_j8_36_units on: 1.363s
05:24:00 make_j8_36_units off: 0.889s
05:24:03 make_j8_36_units off: 0.970s
05:24:07 make_j8_36_units on: 1.088s
05:24:12 make_j8_36_units on: 1.272s
05:24:16 make_j8_36_units off: 0.939s
05:24:19 make_j8_36_units off: 0.812s
05:24:24 make_j8_36_units on: 1.066s
05:24:28 make_j8_36_units on: 1.139s
05:24:33 make_j8_36_units off: 0.852s
05:24:36 make_j8_36_units off: 1.037s
05:24:41 make_j8_36_units on: 1.161s
05:24:45 make_j8_36_units on: 1.264s
05:24:50 make_j8_36_units off: 0.967s
05:24:53 make_j8_36_units off: 1.013s
05:24:58 make_j8_36_units on: 1.219s
05:25:02 make_j8_36_units on: 1.105s
05:25:06 make_j8_36_units off: 1.021s
05:25:10 make_j8_36_units off: 1.066s
05:25:15 make_j8_36_units on: 1.005s
05:25:18 make_j8_36_units on: 0.840s
05:25:22 make_j8_36_units off: 0.844s
05:25:25 make_j8_36_units off: 0.848s
05:25:30 make_j8_36_units on: 0.999s
05:25:34 make_j8_36_units on: 2.037s
05:25:39 make_j8_36_units off: 0.737s
05:25:41 make_j8_36_units off: 0.759s
05:25:46 make_j8_36_units on: 1.213s
05:25:50 make_j8_36_units on: 1.153s
05:25:54 make_j8_36_units off: 0.994s
05:25:58 make_j8_36_units off: 1.058s
05:26:03 make_j8_36_units on: 1.142s
05:26:06 make_j8_36_units on: 0.788s
05:26:10 make_j8_36_units off: 0.914s
05:26:14 make_j8_36_units off: 1.373s
05:26:18 make_j8_36_units on: 0.958s
05:26:22 make_j8_36_units on: 0.823s
05:26:25 make_j8_36_units off: 0.790s
05:26:28 make_j8_36_units off: 0.812s
05:26:32 make_j8_36_units on: 0.709s
05:26:35 make_j8_36_units on: 0.711s
05:26:39 make_j8_36_units off: 0.664s
05:26:41 make_j8_36_units off: 0.675s
05:26:45 make_j8_36_units on: 0.774s
05:26:48 make_j8_36_units on: 0.775s
05:26:52 make_j8_36_units off: 0.690s
05:26:54 make_j8_36_units off: 0.714s
05:26:58 make_j8_36_units on: 0.844s
05:27:02 make_j8_36_units on: 0.923s
05:27:06 make_j8_36_units off: 0.873s
05:27:09 make_j8_36_units off: 1.032s
05:27:14 make_j8_36_units on: 0.922s
05:27:17 make_j8_36_units on: 0.880s
05:27:22 make_j8_36_units off: 0.774s
05:27:25 make_j8_36_units off: 0.895s
05:27:29 make_j8_36_units on: 0.707s
05:27:32 make_j8_36_units on: 0.716s
05:27:36 make_j8_36_units off: 0.779s
05:27:38 make_j8_36_units off: 0.683s
05:27:42 make_j8_36_units on: 0.725s
05:27:45 make_j8_36_units on: 0.818s
05:27:49 make_j8_36_units off: 0.699s
05:27:52 make_j8_36_units off: 0.655s
05:27:56 make_j8_36_units on: 0.747s
05:27:59 make_j8_36_units on: 0.801s
05:28:03 make_j8_36_units off: 0.716s
05:28:05 make_j8_36_units off: 0.675s
05:28:09 make_j8_36_units on: 0.876s
05:28:13 make_j8_36_units on: 1.049s
05:28:17 make_j8_36_units off: 0.809s
05:28:20 make_j8_36_units off: 0.814s
05:28:24 make_j8_36_units on: 0.858s
05:28:27 make_j8_36_units on: 0.713s
05:28:31 make_j8_36_units off: 0.743s
05:28:34 make_j8_36_units off: 0.704s
05:28:37 make_j8_36_units on: 0.698s
05:28:40 make_j8_36_units on: 0.724s
05:28:44 make_j8_36_units off: 0.743s
05:28:47 make_j8_36_units off: 0.662s
05:28:50 make_j8_36_units on: 0.730s
05:28:53 make_j8_36_units on: 0.742s
05:28:57 make_j8_36_units off: 0.680s
05:29:00 make_j8_36_units off: 0.827s
05:29:04 make_j8_36_units on: 0.718s
05:29:07 make_j8_36_units on: 1.024s
05:29:11 make_j8_36_units off: 0.715s
05:29:14 make_j8_36_units off: 0.854s
05:29:18 make_j8_36_units on: 0.714s
05:29:21 make_j8_36_units on: 0.717s
05:29:25 make_j8_36_units off: 0.771s
05:29:28 make_j8_36_units off: 0.756s
05:29:31 make_j8_36_units on: 0.736s
05:29:34 make_j8_36_units on: 0.742s
05:29:38 make_j8_36_units off: 0.676s
05:29:41 make_j8_36_units off: 0.902s
05:29:45 make_j8_36_units on: 0.737s
05:29:48 make_j8_36_units on: 0.705s
05:29:52 make_j8_36_units off: 0.669s
05:29:55 make_j8_36_units off: 0.772s
05:29:59 make_j8_36_units on: 0.896s
05:30:02 make_j8_36_units on: 0.736s
05:30:06 make_j8_36_units off: 0.756s
05:30:08 make_j8_36_units off: 0.692s
05:30:12 make_j8_36_units on: 0.844s
05:30:15 make_j8_36_units on: 0.799s
05:30:19 make_j8_36_units off: 0.767s
05:30:22 make_j8_36_units off: 0.666s
05:30:26 make_j8_36_units on: 0.711s
05:30:29 make_j8_36_units on: 0.741s
05:30:33 make_j8_36_units off: 0.769s
05:30:36 make_j8_36_units off: 0.822s
05:30:40 make_j8_36_units on: 1.087s
05:30:44 make_j8_36_units on: 0.838s
05:30:48 make_j8_36_units off: 0.895s
05:30:52 make_j8_36_units off: 1.179s
05:30:56 make_j8_36_units on: 1.018s
05:31:00 make_j8_36_units on: 1.184s
05:31:04 make_j8_36_units off: 0.839s
05:31:07 make_j8_36_units off: 0.718s
05:31:11 make_j8_36_units on: 0.845s
05:31:15 make_j8_36_units on: 1.001s
05:31:19 make_j8_36_units off: 0.859s
05:31:22 make_j8_36_units off: 0.768s
05:31:26 make_j8_36_units on: 0.871s
05:31:29 make_j8_36_units on: 0.905s
05:31:34 make_j8_36_units off: 1.062s
05:31:38 make_j8_36_units off: 1.090s
05:31:43 make_j8_36_units on: 1.141s
05:31:46 make_j8_36_units on: 1.060s
05:31:51 make_j8_36_units off: 1.193s
05:31:55 make_j8_36_units off: 1.052s
05:32:00 make_j8_36_units on: 1.090s
05:32:03 make_j8_36_units on: 1.128s
05:32:08 make_j8_36_units off: 1.016s
05:32:11 make_j8_36_units off: 1.013s
05:32:16 make_j8_36_units on: 1.318s
05:32:20 make_j8_36_units on: 1.027s
05:32:25 make_j8_36_units off: 0.985s
05:32:28 make_j8_36_units off: 1.141s
05:32:33 make_j8_36_units on: 1.036s
05:32:37 make_j8_36_units on: 1.138s
05:32:41 make_j8_36_units off: 1.109s
05:32:45 make_j8_36_units off: 1.022s
05:32:49 make_j8_36_units on: 0.975s
05:32:53 make_j8_36_units on: 1.111s
05:32:57 make_j8_36_units off: 0.869s
05:33:01 make_j8_36_units off: 1.145s
05:33:05 make_j8_36_units on: 1.039s
05:33:10 make_j8_36_units on: 1.158s
05:33:14 make_j8_36_units off: 0.903s
05:33:17 make_j8_36_units off: 0.855s
05:33:22 make_j8_36_units on: 0.893s
05:33:25 make_j8_36_units on: 0.958s
05:33:30 make_j8_36_units off: 0.972s
05:33:33 make_j8_36_units off: 1.170s
05:33:38 make_j8_36_units on: 1.076s
05:33:42 make_j8_36_units on: 1.027s
05:33:46 make_j8_36_units off: 0.976s
05:33:50 make_j8_36_units off: 0.976s
05:33:54 make_j8_36_units on: 1.057s
05:33:58 make_j8_36_units on: 1.240s
05:34:03 make_j8_36_units off: 1.015s
05:34:06 make_j8_36_units off: 1.023s
05:34:11 make_j8_36_units on: 1.177s
05:34:15 make_j8_36_units on: 1.116s
05:34:19 make_j8_36_units off: 0.914s
05:34:23 make_j8_36_units off: 1.064s
05:34:27 make_j8_36_units on: 1.078s
05:34:31 make_j8_36_units on: 0.936s
05:34:36 make_j8_36_units off: 1.027s
05:34:39 make_j8_36_units off: 1.077s
05:34:44 make_j8_36_units on: 1.028s
05:34:48 make_j8_36_units on: 1.100s
05:34:52 make_j8_36_units off: 0.991s
05:34:55 make_j8_36_units off: 1.016s
05:35:00 make_j8_36_units on: 1.066s
05:35:04 make_j8_36_units on: 1.066s
05:35:08 make_j8_36_units off: 0.949s
05:35:12 make_j8_36_units off: 1.117s
05:35:16 make_j8_36_units on: 0.875s
05:35:20 make_j8_36_units on: 1.102s
05:35:25 make_j8_36_units off: 1.080s
05:35:29 make_j8_36_units off: 1.086s
05:35:34 make_j8_36_units on: 1.049s
05:35:38 make_j8_36_units on: 1.021s
05:35:42 make_j8_36_units off: 0.994s
05:35:46 make_j8_36_units off: 1.136s
05:35:51 make_j8_36_units on: 1.139s
05:35:54 make_j8_36_units on: 0.979s
05:35:59 make_j8_36_units off: 0.977s
05:36:02 make_j8_36_units off: 0.967s
05:36:07 make_j8_36_units on: 0.892s
05:36:11 make_j8_36_units on: 1.220s
05:36:17 make_j8_36_units off: 1.546s
05:36:20 make_j8_36_units off: 0.911s
05:36:26 make_j8_36_units on: 1.793s
05:36:31 make_j8_36_units on: 1.705s
05:36:36 make_j8_36_units off: 1.344s
05:36:39 make_j8_36_units off: 1.218s
05:36:44 make_j8_36_units on: 1.050s
05:36:48 make_j8_36_units on: 0.955s
05:36:53 make_j8_36_units off: 1.110s
05:36:56 make_j8_36_units off: 0.896s
05:37:01 make_j8_36_units on: 1.093s
05:37:05 make_j8_36_units on: 1.480s
05:37:10 make_j8_36_units off: 1.188s
05:37:14 make_j8_36_units off: 1.334s
05:37:20 make_j8_36_units on: 1.622s
05:37:25 make_j8_36_units on: 1.152s
05:37:29 make_j8_36_units off: 1.043s
05:37:33 make_j8_36_units off: 1.268s
05:37:38 make_j8_36_units on: 1.056s
05:37:42 make_j8_36_units on: 1.063s
05:37:46 make_j8_36_units off: 0.998s
05:37:49 make_j8_36_units off: 0.875s
05:37:53 make_j8_36_units on: 0.794s
05:37:57 make_j8_36_units on: 0.856s
05:38:01 make_j8_36_units off: 0.911s
05:38:04 make_j8_36_units off: 0.907s
05:38:08 make_j8_36_units on: 0.778s
05:38:12 make_j8_36_units on: 0.844s
05:38:16 make_j8_36_units off: 0.778s
05:38:18 make_j8_36_units off: 0.731s
05:38:23 make_j8_36_units on: 0.795s
05:38:26 make_j8_36_units on: 0.837s
05:38:30 make_j8_36_units off: 0.811s
05:38:32 make_j8_36_units off: 0.757s
05:38:37 make_j8_36_units on: 0.864s
05:38:41 make_j8_36_units on: 1.283s
05:38:45 make_j8_36_units off: 1.040s
05:38:48 make_j8_36_units off: 1.176s
05:38:53 make_j8_36_units on: 0.795s
05:38:56 make_j8_36_units on: 0.810s
05:39:01 make_j8_36_units off: 0.873s
05:39:03 make_j8_36_units off: 0.695s
05:39:07 make_j8_36_units on: 0.717s
05:39:10 make_j8_36_units on: 0.754s
05:39:14 make_j8_36_units off: 0.730s
05:39:17 make_j8_36_units off: 0.663s
05:39:21 make_j8_36_units on: 0.769s
05:39:24 make_j8_36_units on: 0.753s
05:39:28 make_j8_36_units off: 0.655s
05:39:30 make_j8_36_units off: 0.702s
05:39:34 make_j8_36_units on: 0.773s
05:39:37 make_j8_36_units on: 0.858s
05:39:42 make_j8_36_units off: 0.777s
05:39:44 make_j8_36_units off: 0.913s
05:39:49 make_j8_36_units on: 0.892s
05:39:52 make_j8_36_units on: 0.781s
05:39:56 make_j8_36_units off: 0.752s
05:39:59 make_j8_36_units off: 0.797s
05:40:03 make_j8_36_units on: 0.816s
05:40:07 make_j8_36_units on: 0.836s
05:40:11 make_j8_36_units off: 0.748s
05:40:14 make_j8_36_units off: 0.833s
05:40:19 make_j8_36_units on: 0.903s
05:40:22 make_j8_36_units on: 0.811s
05:40:27 make_j8_36_units off: 1.031s
05:40:30 make_j8_36_units off: 1.044s
05:40:35 make_j8_36_units on: 1.135s
05:40:39 make_j8_36_units on: 1.312s
05:40:44 make_j8_36_units off: 0.959s
05:40:47 make_j8_36_units off: 0.830s
05:40:52 make_j8_36_units on: 1.533s
05:40:56 make_j8_36_units on: 0.900s
05:41:01 make_j8_36_units off: 1.229s
05:41:04 make_j8_36_units off: 0.887s
05:41:09 make_j8_36_units on: 0.860s
05:41:12 make_j8_36_units on: 0.868s
05:41:17 make_j8_36_units off: 0.912s
05:41:18 make_j8_36_units: median paired overhead +5.62% (CI90 +3.91 .. +8.34)
05:41:21 vite_build warmup off: 0.924s
05:41:26 vite_build warmup on: 1.028s
05:41:30 vite_build warmup off: 1.148s
05:41:35 vite_build warmup on: 0.950s
05:41:39 vite_build off: 0.949s
05:41:44 vite_build on: 1.053s
05:41:48 vite_build on: 0.999s
05:41:51 vite_build off: 0.962s
05:41:54 vite_build off: 0.967s
05:41:59 vite_build on: 0.977s
05:42:03 vite_build on: 1.106s
05:42:08 vite_build off: 0.941s
05:42:11 vite_build off: 0.831s
05:42:15 vite_build on: 0.761s
05:42:18 vite_build on: 0.688s
05:42:22 vite_build off: 0.699s
05:42:25 vite_build off: 0.747s
05:42:29 vite_build on: 0.849s
05:42:32 vite_build on: 0.775s
05:42:36 vite_build off: 0.724s
05:42:39 vite_build off: 0.683s
05:42:42 vite_build on: 0.729s
05:42:46 vite_build on: 0.884s
05:42:49 vite_build off: 0.606s
05:42:51 vite_build off: 0.579s
05:42:55 vite_build on: 0.623s
05:42:58 vite_build on: 0.582s
05:43:01 vite_build off: 0.508s
05:43:03 vite_build off: 0.590s
05:43:07 vite_build on: 0.509s
05:43:09 vite_build on: 0.595s
05:43:13 vite_build off: 0.733s
05:43:16 vite_build off: 0.628s
05:43:19 vite_build on: 0.645s
05:43:22 vite_build on: 0.590s
05:43:25 vite_build off: 0.728s
05:43:28 vite_build off: 0.732s
05:43:32 vite_build on: 0.759s
05:43:35 vite_build on: 0.713s
05:43:39 vite_build off: 0.742s
05:43:42 vite_build off: 0.832s
05:43:46 vite_build on: 0.751s
05:43:49 vite_build on: 0.734s
05:43:53 vite_build off: 0.717s
05:43:55 vite_build off: 0.767s
05:44:00 vite_build on: 0.782s
05:44:03 vite_build on: 0.636s
05:44:06 vite_build off: 0.817s
05:44:09 vite_build off: 0.746s
05:44:13 vite_build on: 0.561s
05:44:16 vite_build on: 0.596s
05:44:19 vite_build off: 0.561s
05:44:22 vite_build off: 0.541s
05:44:25 vite_build on: 0.585s
05:44:28 vite_build on: 0.576s
05:44:32 vite_build off: 0.650s
05:44:34 vite_build off: 0.750s
05:44:38 vite_build on: 0.764s
05:44:42 vite_build on: 0.722s
05:44:45 vite_build off: 0.731s
05:44:48 vite_build off: 0.777s
05:44:52 vite_build on: 1.214s
05:44:56 vite_build on: 0.922s
05:45:01 vite_build off: 0.995s
05:45:05 vite_build off: 2.111s
05:45:10 vite_build on: 0.854s
05:45:13 vite_build on: 0.754s
05:45:18 vite_build off: 0.796s
05:45:20 vite_build off: 0.767s
05:45:24 vite_build on: 0.793s
05:45:28 vite_build on: 0.733s
05:45:31 vite_build off: 0.710s
05:45:34 vite_build off: 0.793s
05:45:38 vite_build on: 0.752s
05:45:41 vite_build on: 0.831s
05:45:45 vite_build off: 0.754s
05:45:48 vite_build off: 0.728s
05:45:52 vite_build on: 0.818s
05:45:56 vite_build on: 1.349s
05:45:59 vite_build off: 0.732s
05:46:02 vite_build off: 0.905s
05:46:07 vite_build on: 0.836s
05:46:11 vite_build on: 1.233s
05:46:16 vite_build off: 1.064s
05:46:19 vite_build off: 1.062s
05:46:23 vite_build on: 0.834s
05:46:26 vite_build on: 0.828s
05:46:31 vite_build off: 0.897s
05:46:33 vite_build off: 0.736s
05:46:37 vite_build on: 0.635s
05:46:40 vite_build on: 0.698s
05:46:44 vite_build off: 0.750s
05:46:47 vite_build off: 0.904s
05:46:51 vite_build on: 0.959s
05:46:55 vite_build on: 0.724s
05:46:58 vite_build off: 0.730s
05:47:01 vite_build off: 0.901s
05:47:06 vite_build on: 0.811s
05:47:09 vite_build on: 0.694s
05:47:13 vite_build off: 0.799s
05:47:16 vite_build off: 0.839s
05:47:20 vite_build on: 0.659s
05:47:23 vite_build on: 0.641s
05:47:27 vite_build off: 0.752s
05:47:30 vite_build off: 0.722s
05:47:34 vite_build on: 0.708s
05:47:37 vite_build on: 0.601s
05:47:40 vite_build off: 0.794s
05:47:43 vite_build off: 0.695s
05:47:47 vite_build on: 0.743s
05:47:50 vite_build on: 0.719s
05:47:53 vite_build off: 0.671s
05:47:56 vite_build off: 0.705s
05:48:00 vite_build on: 0.671s
05:48:03 vite_build on: 0.780s
05:48:06 vite_build off: 0.695s
05:48:09 vite_build off: 0.690s
05:48:13 vite_build on: 0.731s
05:48:16 vite_build on: 0.770s
05:48:20 vite_build off: 0.737s
05:48:22 vite_build off: 0.846s
05:48:26 vite_build on: 0.739s
05:48:29 vite_build on: 0.684s
05:48:33 vite_build off: 0.661s
05:48:35 vite_build off: 0.604s
05:48:39 vite_build on: 0.608s
05:48:42 vite_build on: 0.571s
05:48:46 vite_build off: 1.155s
05:48:49 vite_build off: 0.729s
05:48:53 vite_build on: 0.786s
05:48:56 vite_build on: 0.766s
05:49:00 vite_build off: 0.728s
05:49:03 vite_build off: 0.770s
05:49:07 vite_build on: 0.711s
05:49:10 vite_build on: 0.719s
05:49:14 vite_build off: 0.725s
05:49:16 vite_build off: 0.746s
05:49:21 vite_build on: 0.752s
05:49:24 vite_build on: 0.652s
05:49:28 vite_build off: 0.688s
05:49:30 vite_build off: 0.658s
05:49:34 vite_build on: 0.711s
05:49:37 vite_build on: 0.778s
05:49:40 vite_build off: 0.681s
05:49:43 vite_build off: 0.674s
05:49:47 vite_build on: 0.729s
05:49:50 vite_build on: 0.686s
05:49:53 vite_build off: 0.675s
05:49:56 vite_build off: 0.663s
05:50:00 vite_build on: 0.714s
05:50:03 vite_build on: 0.690s
05:50:06 vite_build off: 0.600s
05:50:08 vite_build off: 0.593s
05:50:12 vite_build on: 0.609s
05:50:15 vite_build on: 0.606s
05:50:19 vite_build off: 0.667s
05:50:22 vite_build off: 0.787s
05:50:26 vite_build on: 0.725s
05:50:29 vite_build on: 0.844s
05:50:33 vite_build off: 0.589s
05:50:35 vite_build off: 0.613s
05:50:39 vite_build on: 0.595s
05:50:42 vite_build on: 0.603s
05:50:46 vite_build off: 0.900s
05:50:49 vite_build off: 0.673s
05:50:52 vite_build on: 0.580s
05:50:55 vite_build on: 0.589s
05:50:59 vite_build off: 0.660s
05:51:01 vite_build off: 0.638s
05:51:05 vite_build on: 0.565s
05:51:08 vite_build on: 0.794s
05:51:11 vite_build off: 0.539s
05:51:13 vite_build off: 0.526s
05:51:17 vite_build on: 0.561s
05:51:19 vite_build on: 0.609s
05:51:22 vite_build off: 0.536s
05:51:25 vite_build off: 0.673s
05:51:29 vite_build on: 0.729s
05:51:32 vite_build on: 0.815s
05:51:36 vite_build off: 0.628s
05:51:38 vite_build off: 0.771s
05:51:43 vite_build on: 0.891s
05:51:46 vite_build on: 0.811s
05:51:50 vite_build off: 0.744s
05:51:52 vite_build off: 0.711s
05:51:57 vite_build on: 0.945s
05:52:00 vite_build on: 0.861s
05:52:04 vite_build off: 0.726s
05:52:07 vite_build off: 0.948s
05:52:11 vite_build on: 0.776s
05:52:14 vite_build on: 0.718s
05:52:18 vite_build off: 0.843s
05:52:21 vite_build off: 0.665s
05:52:25 vite_build on: 0.775s
05:52:28 vite_build on: 0.729s
05:52:32 vite_build off: 0.718s
05:52:35 vite_build off: 0.722s
05:52:39 vite_build on: 0.637s
05:52:42 vite_build on: 0.738s
05:52:45 vite_build off: 0.603s
05:52:48 vite_build off: 0.711s
05:52:52 vite_build on: 0.647s
05:52:55 vite_build on: 0.648s
05:52:58 vite_build off: 0.518s
05:53:00 vite_build off: 0.496s
05:53:04 vite_build on: 0.650s
05:53:06 vite_build on: 0.596s
05:53:10 vite_build off: 0.595s
05:53:13 vite_build off: 0.600s
05:53:16 vite_build on: 0.670s
05:53:19 vite_build on: 0.663s
05:53:23 vite_build off: 0.750s
05:53:26 vite_build off: 0.775s
05:53:30 vite_build on: 0.705s
05:53:33 vite_build on: 0.685s
05:53:37 vite_build off: 0.726s
05:53:40 vite_build off: 0.783s
05:53:44 vite_build on: 0.754s
05:53:47 vite_build on: 0.718s
05:53:51 vite_build off: 0.693s
05:53:53 vite_build off: 0.706s
05:53:57 vite_build on: 0.640s
05:54:00 vite_build on: 0.760s
05:54:04 vite_build off: 0.738s
05:54:07 vite_build off: 0.716s
05:54:11 vite_build on: 0.720s
05:54:14 vite_build on: 0.760s
05:54:18 vite_build off: 0.680s
05:54:21 vite_build off: 0.851s
05:54:25 vite_build on: 0.703s
05:54:28 vite_build on: 0.727s
05:54:32 vite_build off: 0.697s
05:54:35 vite_build off: 0.722s
05:54:39 vite_build on: 0.758s
05:54:42 vite_build on: 0.571s
05:54:46 vite_build off: 0.713s
05:54:48 vite_build off: 0.732s
05:54:52 vite_build on: 0.717s
05:54:55 vite_build on: 0.732s
05:54:58 vite_build off: 0.739s
05:55:01 vite_build off: 0.654s
05:55:05 vite_build on: 0.542s
05:55:07 vite_build on: 0.647s
05:55:11 vite_build off: 0.842s
05:55:14 vite_build off: 0.713s
05:55:18 vite_build on: 0.704s
05:55:20 vite_build on: 0.703s
05:55:24 vite_build off: 0.609s
05:55:26 vite_build off: 0.543s
05:55:30 vite_build on: 0.738s
05:55:33 vite_build on: 0.637s
05:55:36 vite_build off: 0.533s
05:55:38 vite_build off: 0.596s
05:55:42 vite_build on: 0.554s
05:55:44 vite_build on: 0.536s
05:55:48 vite_build off: 0.599s
05:55:50 vite_build off: 0.549s
05:55:54 vite_build on: 0.581s
05:55:57 vite_build on: 0.603s
05:56:00 vite_build off: 0.595s
05:56:03 vite_build off: 0.569s
05:56:06 vite_build on: 0.533s
05:56:09 vite_build on: 0.553s
05:56:12 vite_build off: 0.555s
05:56:15 vite_build off: 0.558s
05:56:18 vite_build on: 0.544s
05:56:21 vite_build on: 0.583s
05:56:24 vite_build off: 0.553s
05:56:27 vite_build off: 0.504s
05:56:30 vite_build on: 0.643s
05:56:33 vite_build on: 0.629s
05:56:37 vite_build off: 0.693s
05:56:39 vite_build off: 0.630s
05:56:43 vite_build on: 0.606s
05:56:46 vite_build on: 0.628s
05:56:49 vite_build off: 0.516s
05:56:52 vite_build off: 0.534s
05:56:55 vite_build on: 0.539s
05:56:58 vite_build on: 0.548s
05:57:01 vite_build off: 0.524s
05:57:04 vite_build off: 0.752s
05:57:08 vite_build on: 0.786s
05:57:11 vite_build on: 0.856s
05:57:15 vite_build off: 0.703s
05:57:18 vite_build off: 0.732s
05:57:22 vite_build on: 0.784s
05:57:25 vite_build on: 0.778s
05:57:29 vite_build off: 0.757s
05:57:32 vite_build off: 0.737s
05:57:36 vite_build on: 0.742s
05:57:39 vite_build on: 0.814s
05:57:43 vite_build off: 0.717s
05:57:46 vite_build off: 0.727s
05:57:50 vite_build on: 0.750s
05:57:53 vite_build on: 0.905s
05:57:57 vite_build off: 0.694s
05:57:59 vite_build off: 0.645s
05:58:03 vite_build on: 0.816s
05:58:07 vite_build on: 0.760s
05:58:10 vite_build off: 0.710s
05:58:13 vite_build off: 0.739s
05:58:17 vite_build on: 0.793s
05:58:20 vite_build on: 0.627s
05:58:24 vite_build off: 0.661s
05:58:25 vite_build: median paired overhead +1.93% (CI90 +0.45 .. +3.46)
05:58:31 copy_program_x300 warmup off: 2.745s
05:58:39 copy_program_x300 warmup on: 2.319s
05:58:46 copy_program_x300 warmup off: 2.488s
05:58:54 copy_program_x300 warmup on: 2.917s
05:59:02 copy_program_x300 off: 2.993s
05:59:12 copy_program_x300 on: 3.043s
05:59:19 copy_program_x300 on: 2.868s
05:59:27 copy_program_x300 off: 3.069s
05:59:34 copy_program_x300 off: 2.784s
05:59:43 copy_program_x300 on: 3.091s
05:59:51 copy_program_x300 on: 3.041s
05:59:59 copy_program_x300 off: 2.774s
06:00:06 copy_program_x300 off: 2.980s
06:00:16 copy_program_x300 on: 3.718s
06:00:23 copy_program_x300 on: 2.593s
06:00:32 copy_program_x300 off: 2.806s
06:00:39 copy_program_x300 off: 2.795s
06:00:47 copy_program_x300 on: 2.904s
06:00:55 copy_program_x300 on: 3.054s
06:01:03 copy_program_x300 off: 2.789s
06:01:10 copy_program_x300 off: 2.425s
06:01:18 copy_program_x300 on: 2.992s
06:01:27 copy_program_x300 on: 3.509s
06:01:35 copy_program_x300 off: 2.753s
06:01:41 copy_program_x300 off: 2.374s
06:01:49 copy_program_x300 on: 2.233s
06:01:55 copy_program_x300 on: 2.423s
06:02:02 copy_program_x300 off: 2.123s
06:02:08 copy_program_x300 off: 2.462s
06:02:16 copy_program_x300 on: 2.792s
06:02:24 copy_program_x300 on: 2.928s
06:02:32 copy_program_x300 off: 3.375s
06:02:41 copy_program_x300 off: 2.877s
06:02:52 copy_program_x300 on: 3.436s
06:03:01 copy_program_x300 on: 3.518s
06:03:09 copy_program_x300 off: 2.804s
06:03:17 copy_program_x300 off: 3.024s
06:03:26 copy_program_x300 on: 3.444s
06:03:34 copy_program_x300 on: 2.900s
06:03:42 copy_program_x300 off: 2.817s
06:03:50 copy_program_x300 off: 3.558s
06:03:59 copy_program_x300 on: 3.141s
06:04:07 copy_program_x300 on: 2.905s
06:04:16 copy_program_x300 off: 2.989s
06:04:24 copy_program_x300 off: 3.545s
06:04:38 copy_program_x300 on: 4.479s
06:04:46 copy_program_x300 on: 3.312s
06:04:55 copy_program_x300 off: 2.845s
06:05:03 copy_program_x300 off: 3.096s
06:05:12 copy_program_x300 on: 3.107s
06:05:20 copy_program_x300 on: 3.015s
06:05:31 copy_program_x300 off: 4.947s
06:05:43 copy_program_x300 off: 4.579s
06:05:53 copy_program_x300 on: 3.076s
06:06:01 copy_program_x300 on: 2.805s
06:06:10 copy_program_x300 off: 3.604s
06:06:17 copy_program_x300 off: 2.761s
06:06:26 copy_program_x300 on: 3.156s
06:06:35 copy_program_x300 on: 3.358s
06:06:43 copy_program_x300 off: 2.721s
06:06:49 copy_program_x300 off: 2.614s
06:06:58 copy_program_x300 on: 2.966s
06:07:07 copy_program_x300 on: 3.117s
06:07:16 copy_program_x300 off: 3.073s
06:07:23 copy_program_x300 off: 3.374s
06:07:33 copy_program_x300 on: 3.076s
06:07:41 copy_program_x300 on: 2.961s
06:07:49 copy_program_x300 off: 3.006s
06:07:56 copy_program_x300 off: 2.748s
06:08:05 copy_program_x300 on: 3.038s
06:08:13 copy_program_x300 on: 3.187s
06:08:21 copy_program_x300 off: 3.037s
06:08:28 copy_program_x300 off: 2.973s
06:08:39 copy_program_x300 on: 3.342s
06:08:47 copy_program_x300 on: 3.076s
06:08:55 copy_program_x300 off: 2.936s
06:09:03 copy_program_x300 off: 3.108s
06:09:12 copy_program_x300 on: 2.910s
06:09:20 copy_program_x300 on: 2.889s
06:09:29 copy_program_x300 off: 3.105s
06:09:36 copy_program_x300 off: 2.715s
06:09:46 copy_program_x300 on: 3.796s
06:09:54 copy_program_x300 on: 3.314s
06:10:03 copy_program_x300 off: 2.970s
06:10:10 copy_program_x300 off: 2.917s
06:10:20 copy_program_x300 on: 3.461s
06:10:29 copy_program_x300 on: 3.092s
06:10:37 copy_program_x300 off: 3.024s
06:10:45 copy_program_x300 off: 3.164s
06:10:54 copy_program_x300 on: 3.154s
06:11:03 copy_program_x300 on: 3.037s
06:11:11 copy_program_x300 off: 3.136s
06:11:18 copy_program_x300 off: 2.876s
06:11:28 copy_program_x300 on: 3.158s
06:11:36 copy_program_x300 on: 3.316s
06:11:44 copy_program_x300 off: 2.732s
06:11:51 copy_program_x300 off: 2.856s
06:12:01 copy_program_x300 on: 3.492s
06:12:10 copy_program_x300 on: 4.290s
06:12:19 copy_program_x300 off: 2.800s
06:12:27 copy_program_x300 off: 3.079s
06:12:37 copy_program_x300 on: 3.343s
06:12:45 copy_program_x300 on: 2.978s
06:12:53 copy_program_x300 off: 2.914s
06:13:00 copy_program_x300 off: 2.993s
06:13:09 copy_program_x300 on: 2.766s
06:13:17 copy_program_x300 on: 2.752s
06:13:27 copy_program_x300 off: 3.720s
06:13:35 copy_program_x300 off: 2.476s
06:13:45 copy_program_x300 on: 2.824s
06:13:53 copy_program_x300 on: 3.301s
06:14:02 copy_program_x300 off: 3.198s
06:14:10 copy_program_x300 off: 3.211s
06:14:22 copy_program_x300 on: 3.636s
06:14:31 copy_program_x300 on: 3.897s
06:14:40 copy_program_x300 off: 3.105s
06:14:48 copy_program_x300 off: 3.533s
06:14:58 copy_program_x300 on: 3.162s
06:15:07 copy_program_x300 on: 3.863s
06:15:18 copy_program_x300 off: 3.608s
06:15:25 copy_program_x300 off: 2.361s
06:15:33 copy_program_x300 on: 2.660s
06:15:41 copy_program_x300 on: 3.118s
06:15:48 copy_program_x300 off: 2.646s
06:15:55 copy_program_x300 off: 2.813s
06:16:05 copy_program_x300 on: 3.080s
06:16:13 copy_program_x300 on: 3.335s
06:16:21 copy_program_x300 off: 2.145s
06:16:27 copy_program_x300 off: 2.694s
06:16:37 copy_program_x300 on: 3.239s
06:16:44 copy_program_x300 on: 2.470s
06:16:52 copy_program_x300 off: 3.457s
06:16:58 copy_program_x300 off: 2.423s
06:17:07 copy_program_x300 on: 2.605s
06:17:15 copy_program_x300 on: 3.150s
06:17:23 copy_program_x300 off: 2.726s
06:17:30 copy_program_x300 off: 2.560s
06:17:39 copy_program_x300 on: 2.842s
06:17:48 copy_program_x300 on: 3.297s
06:17:56 copy_program_x300 off: 2.973s
06:18:04 copy_program_x300 off: 3.852s
06:18:13 copy_program_x300 on: 3.309s
06:18:22 copy_program_x300 on: 2.987s
06:18:30 copy_program_x300 off: 2.742s
06:18:37 copy_program_x300 off: 2.895s
06:18:46 copy_program_x300 on: 2.387s
06:18:54 copy_program_x300 on: 3.267s
06:19:02 copy_program_x300 off: 2.766s
06:19:09 copy_program_x300 off: 2.645s
06:19:19 copy_program_x300 on: 3.367s
06:19:27 copy_program_x300 on: 3.104s
06:19:35 copy_program_x300 off: 2.592s
06:19:42 copy_program_x300 off: 3.251s
06:19:51 copy_program_x300 on: 2.987s
06:19:59 copy_program_x300 on: 2.697s
06:20:07 copy_program_x300 off: 3.214s
06:20:14 copy_program_x300 off: 2.811s
06:20:24 copy_program_x300 on: 3.662s
06:20:32 copy_program_x300 on: 3.354s
06:20:40 copy_program_x300 off: 2.756s
06:20:47 copy_program_x300 off: 2.989s
06:20:56 copy_program_x300 on: 2.921s
06:21:04 copy_program_x300 on: 3.023s
06:21:13 copy_program_x300 off: 2.660s
06:21:19 copy_program_x300 off: 2.739s
06:21:29 copy_program_x300 on: 2.977s
06:21:37 copy_program_x300 on: 3.551s
06:21:46 copy_program_x300 off: 3.026s
06:21:52 copy_program_x300 off: 2.621s
06:22:02 copy_program_x300 on: 3.046s
06:22:10 copy_program_x300 on: 3.023s
06:22:18 copy_program_x300 off: 2.692s
06:22:25 copy_program_x300 off: 2.362s
06:22:34 copy_program_x300 on: 3.349s
06:22:42 copy_program_x300 on: 2.796s
06:22:51 copy_program_x300 off: 2.909s
06:22:58 copy_program_x300 off: 2.867s
06:23:07 copy_program_x300 on: 2.739s
06:23:15 copy_program_x300 on: 2.927s
06:23:23 copy_program_x300 off: 2.966s
06:23:30 copy_program_x300 off: 2.807s
06:23:39 copy_program_x300 on: 2.847s
06:23:46 copy_program_x300 on: 2.681s
06:23:54 copy_program_x300 off: 2.388s
06:24:00 copy_program_x300 off: 2.919s
06:24:10 copy_program_x300 on: 3.262s
06:24:17 copy_program_x300 on: 2.499s
06:24:24 copy_program_x300 off: 2.636s
06:24:31 copy_program_x300 off: 2.388s
06:24:39 copy_program_x300 on: 2.939s
06:24:46 copy_program_x300 on: 2.434s
06:24:54 copy_program_x300 off: 2.426s
06:25:01 copy_program_x300 off: 3.349s
06:25:11 copy_program_x300 on: 3.508s
06:25:19 copy_program_x300 on: 2.602s
06:25:27 copy_program_x300 off: 2.716s
06:25:33 copy_program_x300 off: 2.530s
06:25:42 copy_program_x300 on: 3.243s
06:25:50 copy_program_x300 on: 2.942s
06:25:57 copy_program_x300 off: 2.686s
06:26:05 copy_program_x300 off: 3.234s
06:26:13 copy_program_x300 on: 2.651s
06:26:22 copy_program_x300 on: 3.579s
06:26:31 copy_program_x300 off: 2.907s
06:26:37 copy_program_x300 off: 2.639s
06:26:46 copy_program_x300 on: 2.804s
06:26:55 copy_program_x300 on: 3.328s
06:27:03 copy_program_x300 off: 2.818s
06:27:10 copy_program_x300 off: 2.846s
06:27:20 copy_program_x300 on: 3.143s
06:27:27 copy_program_x300 on: 3.081s
06:27:37 copy_program_x300 off: 2.944s
06:27:44 copy_program_x300 off: 3.410s
06:27:54 copy_program_x300 on: 3.334s
06:28:03 copy_program_x300 on: 3.057s
06:28:12 copy_program_x300 off: 3.231s
06:28:19 copy_program_x300 off: 2.980s
06:28:30 copy_program_x300 on: 3.323s
06:28:38 copy_program_x300 on: 3.325s
06:28:48 copy_program_x300 off: 3.307s
06:28:55 copy_program_x300 off: 2.920s
06:29:05 copy_program_x300 on: 3.123s
06:29:14 copy_program_x300 on: 3.630s
06:29:21 copy_program_x300 off: 2.390s
06:29:27 copy_program_x300 off: 2.455s
06:29:34 copy_program_x300 on: 2.184s
06:29:43 copy_program_x300 on: 3.112s
06:29:51 copy_program_x300 off: 3.013s
06:29:59 copy_program_x300 off: 3.144s
06:30:10 copy_program_x300 on: 3.238s
06:30:18 copy_program_x300 on: 3.309s
06:30:27 copy_program_x300 off: 3.282s
06:30:34 copy_program_x300 off: 2.907s
06:30:44 copy_program_x300 on: 3.031s
06:30:53 copy_program_x300 on: 3.259s
06:31:01 copy_program_x300 off: 2.811s
06:31:09 copy_program_x300 off: 3.045s
06:31:18 copy_program_x300 on: 2.899s
06:31:24 copy_program_x300 on: 2.413s
06:31:32 copy_program_x300 off: 2.640s
06:31:39 copy_program_x300 off: 2.906s
06:31:48 copy_program_x300 on: 2.962s
06:31:56 copy_program_x300 on: 3.451s
06:32:05 copy_program_x300 off: 3.076s
06:32:13 copy_program_x300 off: 2.929s
06:32:23 copy_program_x300 on: 3.148s
06:32:32 copy_program_x300 on: 3.295s
06:32:40 copy_program_x300 off: 2.878s
06:32:47 copy_program_x300 off: 2.937s
06:32:57 copy_program_x300 on: 3.291s
06:33:05 copy_program_x300 on: 2.930s
06:33:13 copy_program_x300 off: 2.678s
06:33:21 copy_program_x300 off: 3.091s
06:33:32 copy_program_x300 on: 3.865s
06:33:42 copy_program_x300 on: 3.310s
06:33:50 copy_program_x300 off: 2.832s
06:33:57 copy_program_x300 off: 2.679s
06:34:07 copy_program_x300 on: 3.099s
06:34:15 copy_program_x300 on: 3.104s
06:34:22 copy_program_x300 off: 2.350s
06:34:28 copy_program_x300 off: 2.262s
06:34:37 copy_program_x300 on: 2.858s
06:34:44 copy_program_x300 on: 2.503s
06:34:53 copy_program_x300 off: 3.096s
06:35:00 copy_program_x300 off: 3.171s
06:35:10 copy_program_x300 on: 2.648s
06:35:16 copy_program_x300 on: 2.245s
06:35:24 copy_program_x300 off: 2.535s
06:35:30 copy_program_x300 off: 2.324s
06:35:38 copy_program_x300 on: 2.505s
06:35:44 copy_program_x300 on: 2.546s
06:35:51 copy_program_x300 off: 2.228s
06:35:57 copy_program_x300 off: 2.079s
06:36:05 copy_program_x300 on: 2.548s
06:36:12 copy_program_x300 on: 2.873s
06:36:19 copy_program_x300 off: 1.922s
06:36:24 copy_program_x300 off: 2.158s
06:36:32 copy_program_x300 on: 2.049s
06:36:38 copy_program_x300 on: 2.380s
06:36:45 copy_program_x300 off: 1.995s
06:36:50 copy_program_x300 off: 2.197s
06:36:58 copy_program_x300 on: 2.022s
06:37:05 copy_program_x300 on: 2.222s
06:37:11 copy_program_x300 off: 2.131s
06:37:17 copy_program_x300 off: 1.955s
06:37:25 copy_program_x300 on: 2.491s
06:37:31 copy_program_x300 on: 2.107s
06:37:37 copy_program_x300 off: 2.078s
06:37:43 copy_program_x300 off: 1.943s
06:37:50 copy_program_x300 on: 2.112s
06:37:56 copy_program_x300 on: 2.160s
06:38:03 copy_program_x300 off: 2.014s
06:38:08 copy_program_x300 off: 1.949s
06:38:17 copy_program_x300 on: 2.124s
06:38:23 copy_program_x300 on: 2.484s
06:38:30 copy_program_x300 off: 1.883s
06:38:35 copy_program_x300 off: 2.326s
06:38:43 copy_program_x300 on: 2.060s
06:38:49 copy_program_x300 on: 2.171s
06:38:56 copy_program_x300 off: 2.308s
06:39:01 copy_program_x300 off: 2.133s
06:39:09 copy_program_x300 on: 2.105s
06:39:15 copy_program_x300 on: 2.078s
06:39:22 copy_program_x300 off: 2.243s
06:39:23 copy_program_x300: median paired overhead +8.69% (CI90 +4.86 .. +10.42)
06:39:32 PASS idle_cpu_below_1pct_of_a_core
06:39:32 PASS zero_loss
06:39:32 PASS why_cli_median_lt_100ms
06:39:32 PASS label_cli_median_lt_100ms
06:39:32 FAIL make_j8_36_units.median_paired_overhead_lt_5pct
06:39:32 PASS vite_build.median_paired_overhead_lt_5pct
06:39:32 FAIL copy_program_x300.median_paired_overhead_lt_5pct
06:39:32 verdict FAIL
