16:01:11 normal off warmup: 0.146s collector None ms writer None ms
16:01:22 normal on warmup: 0.154s collector 2.08 ms writer 0.0 ms
16:01:30 normal off: 0.149s collector None ms writer None ms
16:01:42 normal on: 0.151s collector 2.03 ms writer 0.0 ms
16:01:50 normal on: 0.156s collector 2.84 ms writer 0.0 ms
16:01:59 normal off: 0.151s collector None ms writer None ms
16:02:07 normal off: 0.149s collector None ms writer None ms
16:02:18 normal on: 0.150s collector 2.33 ms writer 0.0 ms
16:02:26 normal on: 0.154s collector 2.55 ms writer 0.0 ms
16:02:35 normal off: 0.148s collector None ms writer None ms
16:02:43 normal off: 0.151s collector None ms writer None ms
16:02:54 normal on: 0.154s collector 2.1 ms writer 0.0 ms
16:03:03 normal on: 0.155s collector 2.18 ms writer 0.0 ms
16:03:11 normal off: 0.147s collector None ms writer None ms
16:03:20 normal off: 0.151s collector None ms writer None ms
16:03:31 normal on: 0.158s collector 2.55 ms writer 0.0 ms
16:03:39 normal on: 0.158s collector 2.4 ms writer 0.0 ms
16:03:48 normal off: 0.153s collector None ms writer None ms
16:03:56 normal off: 0.150s collector None ms writer None ms
16:04:07 normal on: 0.151s collector 2.1 ms writer 0.0 ms
16:04:16 normal on: 0.158s collector 2.4 ms writer 0.0 ms
16:04:24 normal off: 0.148s collector None ms writer None ms
16:04:40 verify: {'checked': 300, 'labelled': 300, 'creator_ok': 300, 'complete': 300, 'identity_match': 300, 'failures': [], 'ok': True}
16:04:41 normal: median paired overhead 3.12%  {"collector": {"cpu_ms": 7.37, "ctx": 145.0, "write_ops": 2.0, "write_bytes": 0.0, "read_ops": 0.0}, "writer": {"cpu_ms": 9.54, "ctx": 2.0, "write_ops": 838.5, "write_bytes": 1730560.0, "read_ops": 62.5}, "daemon": {"cpu_ms": 3.71, "ctx": 29.0, "write_ops": 36.0, "write_bytes": 73728.0, "read_ops": 2.0}, "store": {"cpu_ms": null, "ctx": null, "write_ops": null, "write_bytes": null, "read_ops": null}}
