2026-09-28 18:08:55 whyfs service listening on \\.\pipe\whyfs-service
2026-09-28 18:08:55 machine labels: service process 2348 started
2026-09-28 18:09:11 start C:\Users\runneradmin\AppData\Local\Temp\whyfs-msi-user-ws pid 2920 session whyfs-201334dc62424c6d user S-1-5-21-1535354919-3125631827-3241930664-500
2026-09-28 18:09:13 stop C:\Users\runneradmin\AppData\Local\Temp\whyfs-msi-user-ws exit 0
2026-09-28 18:09:15 machine labels: service process exited 0
2026-09-28 18:09:18 whyfs service listening on \\.\pipe\whyfs-service
2026-09-28 18:09:18 machine labels: service process 980 started
2026-09-28 18:09:19 start C:\Users\runneradmin\AppData\Local\Temp\whyfs-upgrade-ws pid 748 session whyfs-abe1fad5a47b91d8 user S-1-5-21-1535354919-3125631827-3241930664-500
2026-09-28 18:09:21 stop C:\Users\runneradmin\AppData\Local\Temp\whyfs-upgrade-ws exit 0
2026-09-28 18:09:22 machine labels: service process exited 0
2026-09-28 18:09:24 whyfs service listening on \\.\pipe\whyfs-service
2026-09-28 18:09:24 machine labels: service process 6228 started
2026-09-28 18:09:25 start C:\Users\runneradmin\AppData\Local\Temp\whyfs-upgrade-ws pid 6544 session whyfs-abe1fad5a47b91d8 user S-1-5-21-1535354919-3125631827-3241930664-500
2026-09-28 18:09:26 stop C:\Users\runneradmin\AppData\Local\Temp\whyfs-upgrade-ws exit 0
2026-09-28 18:09:29 machine labels: service process exited 0
2026-09-28 18:09:47 whyfs service listening on \\.\pipe\whyfs-service
2026-09-28 18:09:47 machine labels: service process 744 started
2026-09-28 18:10:23 stopped orphaned ETW session whyfs-machine (rc 0)
2026-09-28 18:10:24 stopped orphaned ETW session whyfs-machine-sys (rc 0)
2026-09-28 18:10:24 whyfs service listening on \\.\pipe\whyfs-service
2026-09-28 18:10:24 machine labels: service process 2644 started
2026-09-28 18:10:39 start C:\Users\runneradmin\whyfs-outage-c50bb5fb\workspace-capture pid 1160 session whyfs-50f175d91f2a01b4 user S-1-5-21-1535354919-3125631827-3241930664-500
2026-09-28 18:10:40 stop C:\Users\runneradmin\whyfs-outage-c50bb5fb\workspace-capture exit 0
2026-09-28 18:11:25 start C:\Users\runneradmin\AppData\Local\Temp\whyfs-corpus-95zjrq2o pid 3880 session whyfs-c8dc822bc383ffac user S-1-5-21-1535354919-3125631827-3241930664-500
2026-09-28 18:11:28 stop C:\Users\runneradmin\AppData\Local\Temp\whyfs-corpus-95zjrq2o exit 0
2026-09-28 18:11:29 start C:\Users\runneradmin\AppData\Local\Temp\whyfs-secret-ed28bbwz pid 560 session whyfs-4609d647327d94ae user S-1-5-21-1535354919-3125631827-3241930664-500
2026-09-28 18:11:31 stop C:\Users\runneradmin\AppData\Local\Temp\whyfs-secret-ed28bbwz exit 0
2026-09-28 18:11:38 start C:\Users\runneradmin\AppData\Local\Temp\whyfs-wingate\func pid 5636 session whyfs-a8996beb1407ddb0 user S-1-5-21-1535354919-3125631827-3241930664-500
2026-09-28 18:11:42 stop C:\Users\runneradmin\AppData\Local\Temp\whyfs-wingate\func exit 0
2026-09-28 18:21:48 machine labels: service process exited 0
2026-09-28 18:22:04 whyfs service listening on \\.\pipe\whyfs-service
2026-09-28 18:22:04 machine labels: service process 5920 started
2026-09-28 18:22:23 machine labels: service process exited 0
2026-09-28 18:22:39 whyfs service listening on \\.\pipe\whyfs-service
2026-09-28 18:22:39 machine labels: service process 360 started
2026-09-28 18:22:58 machine labels: service process exited 0
2026-09-28 18:23:14 whyfs service listening on \\.\pipe\whyfs-service
2026-09-28 18:23:14 machine labels: service process 5268 started
2026-09-28 18:23:50 machine labels: service process exited 0
2026-09-28 18:24:22 whyfs service listening on \\.\pipe\whyfs-service
2026-09-28 18:24:22 machine labels: service process 7000 started
2026-09-28 18:24:57 machine labels: service process exited 0
2026-09-28 18:25:29 whyfs service listening on \\.\pipe\whyfs-service
2026-09-28 18:25:29 machine labels: service process 3572 started
2026-09-28 18:26:05 machine labels: service process exited 0
2026-09-28 18:26:37 whyfs service listening on \\.\pipe\whyfs-service
2026-09-28 18:26:37 machine labels: service process 2356 started
2026-09-28 18:27:13 machine labels: service process exited 0
2026-09-28 18:27:45 whyfs service listening on \\.\pipe\whyfs-service
2026-09-28 18:27:45 machine labels: service process 6036 started
2026-09-28 18:28:21 machine labels: service process exited 0
2026-09-28 18:28:53 whyfs service listening on \\.\pipe\whyfs-service
2026-09-28 18:28:53 machine labels: service process 3156 started
2026-09-28 18:29:29 machine labels: service process exited 0
2026-09-28 18:30:01 whyfs service listening on \\.\pipe\whyfs-service
2026-09-28 18:30:01 machine labels: service process 3736 started
2026-09-28 18:30:37 machine labels: service process exited 0
2026-09-28 18:31:09 whyfs service listening on \\.\pipe\whyfs-service
2026-09-28 18:31:09 machine labels: service process 2816 started
2026-09-28 18:31:45 machine labels: service process exited 0
2026-09-28 18:32:17 whyfs service listening on \\.\pipe\whyfs-service
2026-09-28 18:32:17 machine labels: service process 6924 started
2026-09-28 18:32:54 machine labels: service process exited 0
2026-09-28 18:33:26 whyfs service listening on \\.\pipe\whyfs-service
2026-09-28 18:33:26 machine labels: service process 1736 started
2026-09-28 18:34:03 machine labels: service process exited 0
2026-09-28 18:34:35 whyfs service listening on \\.\pipe\whyfs-service
2026-09-28 18:34:35 machine labels: service process 7108 started
2026-09-28 18:35:11 machine labels: service process exited 0
2026-09-28 18:35:43 whyfs service listening on \\.\pipe\whyfs-service
2026-09-28 18:35:43 machine labels: service process 4052 started
2026-09-28 18:36:19 machine labels: service process exited 0
2026-09-28 18:36:51 whyfs service listening on \\.\pipe\whyfs-service
2026-09-28 18:36:51 machine labels: service process 1564 started
2026-09-28 18:37:27 machine labels: service process exited 0
2026-09-28 18:38:00 whyfs service listening on \\.\pipe\whyfs-service
2026-09-28 18:38:00 machine labels: service process 7148 started
2026-09-28 18:38:36 machine labels: service process exited 0
2026-09-28 18:39:08 whyfs service listening on \\.\pipe\whyfs-service
2026-09-28 18:39:08 machine labels: service process 4144 started
2026-09-28 18:39:44 machine labels: service process exited 0
2026-09-28 18:40:17 whyfs service listening on \\.\pipe\whyfs-service
2026-09-28 18:40:17 machine labels: service process 3524 started
2026-09-28 18:40:54 machine labels: service process exited 0
2026-09-28 18:41:26 whyfs service listening on \\.\pipe\whyfs-service
2026-09-28 18:41:26 machine labels: service process 5868 started
2026-09-28 18:42:03 machine labels: service process exited 0
2026-09-28 18:42:35 whyfs service listening on \\.\pipe\whyfs-service
2026-09-28 18:42:35 machine labels: service process 3272 started
2026-09-28 18:43:12 machine labels: service process exited 0
2026-09-28 18:43:45 whyfs service listening on \\.\pipe\whyfs-service
2026-09-28 18:43:45 machine labels: service process 6776 started
2026-09-28 18:44:22 machine labels: service process exited 0
2026-09-28 18:44:54 whyfs service listening on \\.\pipe\whyfs-service
2026-09-28 18:44:54 machine labels: service process 6360 started
2026-09-28 18:45:32 machine labels: service process exited 0
2026-09-28 18:46:04 whyfs service listening on \\.\pipe\whyfs-service
2026-09-28 18:46:04 machine labels: service process 5812 started
2026-09-28 18:46:40 machine labels: service process exited 0
2026-09-28 18:47:12 whyfs service listening on \\.\pipe\whyfs-service
2026-09-28 18:47:12 machine labels: service process 3784 started
2026-09-28 18:47:50 machine labels: service process exited 0
2026-09-28 18:48:23 whyfs service listening on \\.\pipe\whyfs-service
2026-09-28 18:48:23 machine labels: service process 5420 started
2026-09-28 18:49:00 machine labels: service process exited 0
2026-09-28 18:49:33 whyfs service listening on \\.\pipe\whyfs-service
2026-09-28 18:49:33 machine labels: service process 6724 started
2026-09-28 18:50:11 machine labels: service process exited 0
2026-09-28 18:50:44 whyfs service listening on \\.\pipe\whyfs-service
2026-09-28 18:50:44 machine labels: service process 560 started
2026-09-28 18:51:22 machine labels: service process exited 0
2026-09-28 18:51:54 whyfs service listening on \\.\pipe\whyfs-service
2026-09-28 18:51:54 machine labels: service process 6936 started
2026-09-28 18:52:31 machine labels: service process exited 0
2026-09-28 18:53:04 whyfs service listening on \\.\pipe\whyfs-service
2026-09-28 18:53:04 machine labels: service process 896 started
2026-09-28 18:53:41 machine labels: service process exited 0
2026-09-28 18:54:13 whyfs service listening on \\.\pipe\whyfs-service
2026-09-28 18:54:13 machine labels: service process 3772 started
2026-09-28 18:54:50 machine labels: service process exited 0
2026-09-28 18:55:22 whyfs service listening on \\.\pipe\whyfs-service
2026-09-28 18:55:22 machine labels: service process 6356 started
2026-09-28 18:55:59 machine labels: service process exited 0
2026-09-28 18:56:34 whyfs service listening on \\.\pipe\whyfs-service
2026-09-28 18:56:34 machine labels: service process 3088 started
2026-09-28 18:57:12 machine labels: service process exited 0
2026-09-28 18:57:45 whyfs service listening on \\.\pipe\whyfs-service
2026-09-28 18:57:45 machine labels: service process 5372 started
2026-09-28 18:58:22 machine labels: service process exited 0
2026-09-28 18:58:55 whyfs service listening on \\.\pipe\whyfs-service
2026-09-28 18:58:55 machine labels: service process 760 started
2026-09-28 18:59:32 machine labels: service process exited 0
2026-09-28 19:00:04 whyfs service listening on \\.\pipe\whyfs-service
2026-09-28 19:00:04 machine labels: service process 804 started
2026-09-28 19:00:41 machine labels: service process exited 0
2026-09-28 19:01:13 whyfs service listening on \\.\pipe\whyfs-service
2026-09-28 19:01:13 machine labels: service process 6628 started
2026-09-28 19:01:51 machine labels: service process exited 0
2026-09-28 19:02:23 whyfs service listening on \\.\pipe\whyfs-service
2026-09-28 19:02:23 machine labels: service process 6756 started
2026-09-28 19:03:00 machine labels: service process exited 0
2026-09-28 19:03:32 whyfs service listening on \\.\pipe\whyfs-service
2026-09-28 19:03:32 machine labels: service process 4636 started
2026-09-28 19:04:10 machine labels: service process exited 0
2026-09-28 19:04:42 whyfs service listening on \\.\pipe\whyfs-service
2026-09-28 19:04:42 machine labels: service process 896 started
2026-09-28 19:05:20 machine labels: service process exited 0
2026-09-28 19:05:52 whyfs service listening on \\.\pipe\whyfs-service
2026-09-28 19:05:52 machine labels: service process 4844 started
2026-09-28 19:06:31 machine labels: service process exited 0
2026-09-28 19:07:03 whyfs service listening on \\.\pipe\whyfs-service
2026-09-28 19:07:03 machine labels: service process 1564 started
2026-09-28 19:07:41 machine labels: service process exited 0
2026-09-28 19:08:14 whyfs service listening on \\.\pipe\whyfs-service
2026-09-28 19:08:14 machine labels: service process 5604 started
2026-09-28 19:08:52 machine labels: service process exited 0
2026-09-28 19:09:24 whyfs service listening on \\.\pipe\whyfs-service
2026-09-28 19:09:24 machine labels: service process 700 started
2026-09-28 19:10:02 machine labels: service process exited 0
2026-09-28 19:10:34 whyfs service listening on \\.\pipe\whyfs-service
2026-09-28 19:10:34 machine labels: service process 1928 started
2026-09-28 19:11:12 machine labels: service process exited 0
2026-09-28 19:11:44 whyfs service listening on \\.\pipe\whyfs-service
2026-09-28 19:11:44 machine labels: service process 4648 started
2026-09-28 19:12:22 machine labels: service process exited 0
2026-09-28 19:12:54 whyfs service listening on \\.\pipe\whyfs-service
2026-09-28 19:12:54 machine labels: service process 4844 started
2026-09-28 19:13:31 machine labels: service process exited 0
2026-09-28 19:14:04 whyfs service listening on \\.\pipe\whyfs-service
2026-09-28 19:14:04 machine labels: service process 5748 started
2026-09-28 19:14:42 machine labels: service process exited 0
2026-09-28 19:15:14 whyfs service listening on \\.\pipe\whyfs-service
2026-09-28 19:15:14 machine labels: service process 564 started
2026-09-28 19:15:51 machine labels: service process exited 0
2026-09-28 19:16:23 whyfs service listening on \\.\pipe\whyfs-service
2026-09-28 19:16:23 machine labels: service process 1704 started
2026-09-28 19:17:01 machine labels: service process exited 0
2026-09-28 19:17:33 whyfs service listening on \\.\pipe\whyfs-service
2026-09-28 19:17:33 machine labels: service process 2624 started
2026-09-28 19:18:11 machine labels: service process exited 0
2026-09-28 19:18:43 whyfs service listening on \\.\pipe\whyfs-service
2026-09-28 19:18:43 machine labels: service process 6296 started
2026-09-28 19:19:21 machine labels: service process exited 0
2026-09-28 19:19:53 whyfs service listening on \\.\pipe\whyfs-service
2026-09-28 19:19:53 machine labels: service process 1800 started
2026-09-28 19:20:30 machine labels: service process exited 0
2026-09-28 19:21:02 whyfs service listening on \\.\pipe\whyfs-service
2026-09-28 19:21:02 machine labels: service process 2096 started
2026-09-28 19:21:39 machine labels: service process exited 0
2026-09-28 19:22:11 whyfs service listening on \\.\pipe\whyfs-service
2026-09-28 19:22:11 machine labels: service process 4708 started
2026-09-28 19:22:49 machine labels: service process exited 0
2026-09-28 19:23:21 whyfs service listening on \\.\pipe\whyfs-service
2026-09-28 19:23:21 machine labels: service process 6236 started
2026-09-28 19:23:59 machine labels: service process exited 0
2026-09-28 19:24:30 whyfs service listening on \\.\pipe\whyfs-service
2026-09-28 19:24:30 machine labels: service process 2784 started
2026-09-28 19:25:08 machine labels: service process exited 0
2026-09-28 19:25:40 whyfs service listening on \\.\pipe\whyfs-service
2026-09-28 19:25:40 machine labels: service process 3644 started
2026-09-28 19:26:17 machine labels: service process exited 0
2026-09-28 19:26:49 whyfs service listening on \\.\pipe\whyfs-service
2026-09-28 19:26:49 machine labels: service process 4564 started
2026-09-28 19:27:26 machine labels: service process exited 0
2026-09-28 19:27:58 whyfs service listening on \\.\pipe\whyfs-service
2026-09-28 19:27:58 machine labels: service process 1068 started
2026-09-28 19:28:36 machine labels: service process exited 0
2026-09-28 19:29:08 whyfs service listening on \\.\pipe\whyfs-service
2026-09-28 19:29:08 machine labels: service process 572 started
2026-09-28 19:29:45 machine labels: service process exited 0
2026-09-28 19:30:17 whyfs service listening on \\.\pipe\whyfs-service
2026-09-28 19:30:17 machine labels: service process 1268 started
2026-09-28 19:30:55 machine labels: service process exited 0
2026-09-28 19:31:27 whyfs service listening on \\.\pipe\whyfs-service
2026-09-28 19:31:27 machine labels: service process 4148 started
2026-09-28 19:32:05 machine labels: service process exited 0
2026-09-28 19:32:36 whyfs service listening on \\.\pipe\whyfs-service
2026-09-28 19:32:36 machine labels: service process 2760 started
2026-09-28 19:33:13 machine labels: service process exited 0
2026-09-28 19:33:45 whyfs service listening on \\.\pipe\whyfs-service
2026-09-28 19:33:45 machine labels: service process 4280 started
2026-09-28 19:34:23 machine labels: service process exited 0
2026-09-28 19:34:55 whyfs service listening on \\.\pipe\whyfs-service
2026-09-28 19:34:55 machine labels: service process 6220 started
2026-09-28 19:35:33 machine labels: service process exited 0
2026-09-28 19:36:05 whyfs service listening on \\.\pipe\whyfs-service
2026-09-28 19:36:05 machine labels: service process 4880 started
2026-09-28 19:36:43 machine labels: service process exited 0
2026-09-28 19:37:15 whyfs service listening on \\.\pipe\whyfs-service
2026-09-28 19:37:15 machine labels: service process 7120 started
2026-09-28 19:37:54 machine labels: service process exited 0
2026-09-28 19:38:26 whyfs service listening on \\.\pipe\whyfs-service
2026-09-28 19:38:26 machine labels: service process 404 started
2026-09-28 19:39:04 machine labels: service process exited 0
2026-09-28 19:39:36 whyfs service listening on \\.\pipe\whyfs-service
2026-09-28 19:39:36 machine labels: service process 3108 started
2026-09-28 19:40:14 machine labels: service process exited 0
2026-09-28 19:40:46 whyfs service listening on \\.\pipe\whyfs-service
2026-09-28 19:40:46 machine labels: service process 940 started
2026-09-28 19:41:24 machine labels: service process exited 0
2026-09-28 19:41:56 whyfs service listening on \\.\pipe\whyfs-service
2026-09-28 19:41:56 machine labels: service process 3772 started
2026-09-28 19:42:34 machine labels: service process exited 0
2026-09-28 19:43:06 whyfs service listening on \\.\pipe\whyfs-service
2026-09-28 19:43:06 machine labels: service process 1972 started
2026-09-28 19:43:44 machine labels: service process exited 0
2026-09-28 19:44:16 whyfs service listening on \\.\pipe\whyfs-service
2026-09-28 19:44:16 machine labels: service process 7128 started
2026-09-28 19:44:56 machine labels: service process exited 0
2026-09-28 19:45:29 whyfs service listening on \\.\pipe\whyfs-service
2026-09-28 19:45:29 machine labels: service process 3472 started
2026-09-28 19:46:08 machine labels: service process exited 0
2026-09-28 19:46:41 whyfs service listening on \\.\pipe\whyfs-service
2026-09-28 19:46:41 machine labels: service process 6124 started
2026-09-28 19:47:21 machine labels: service process exited 0
2026-09-28 19:47:53 whyfs service listening on \\.\pipe\whyfs-service
2026-09-28 19:47:53 machine labels: service process 4848 started
2026-09-28 19:48:32 machine labels: service process exited 0
2026-09-28 19:49:04 whyfs service listening on \\.\pipe\whyfs-service
2026-09-28 19:49:04 machine labels: service process 1648 started
2026-09-28 19:49:43 machine labels: service process exited 0
2026-09-28 19:50:02 whyfs service listening on \\.\pipe\whyfs-service
2026-09-28 19:50:02 machine labels: service process 3652 started
2026-09-28 19:50:09 machine labels: service process exited 0
2026-09-28 19:50:12 whyfs service listening on \\.\pipe\whyfs-service
2026-09-28 19:50:12 machine labels: service process 216 started
2026-09-28 19:50:18 machine labels: service process exited 0
2026-09-28 19:50:22 whyfs service listening on \\.\pipe\whyfs-service
2026-09-28 19:50:22 machine labels: service process 992 started
2026-09-28 19:50:31 machine labels: service process exited 0
2026-09-28 19:50:36 whyfs service listening on \\.\pipe\whyfs-service
2026-09-28 19:50:36 machine labels: service process 748 started
2026-09-28 19:50:45 machine labels: service process exited 0
2026-09-28 19:50:50 whyfs service listening on \\.\pipe\whyfs-service
2026-09-28 19:50:50 machine labels: service process 1388 started
2026-09-28 19:50:59 machine labels: service process exited 0
2026-09-28 19:51:04 whyfs service listening on \\.\pipe\whyfs-service
2026-09-28 19:51:04 machine labels: service process 6820 started
2026-09-28 19:51:13 machine labels: service process exited 0
2026-09-28 19:51:18 whyfs service listening on \\.\pipe\whyfs-service
2026-09-28 19:51:18 machine labels: service process 6048 started
2026-09-28 19:51:27 machine labels: service process exited 0
2026-09-28 19:51:32 whyfs service listening on \\.\pipe\whyfs-service
2026-09-28 19:51:32 machine labels: service process 6640 started
2026-09-28 19:51:41 machine labels: service process exited 0
2026-09-28 19:51:46 whyfs service listening on \\.\pipe\whyfs-service
2026-09-28 19:51:46 machine labels: service process 4552 started
2026-09-28 19:51:55 machine labels: service process exited 0
2026-09-28 19:52:00 whyfs service listening on \\.\pipe\whyfs-service
2026-09-28 19:52:00 machine labels: service process 6896 started
2026-09-28 19:52:09 machine labels: service process exited 0
2026-09-28 19:52:15 whyfs service listening on \\.\pipe\whyfs-service
2026-09-28 19:52:15 machine labels: service process 1312 started
2026-09-28 19:52:24 machine labels: service process exited 0
2026-09-28 19:52:29 whyfs service listening on \\.\pipe\whyfs-service
2026-09-28 19:52:29 machine labels: service process 4744 started
2026-09-28 19:52:38 machine labels: service process exited 0
2026-09-28 19:52:43 whyfs service listening on \\.\pipe\whyfs-service
2026-09-28 19:52:43 machine labels: service process 2716 started
2026-09-28 19:52:52 machine labels: service process exited 0
2026-09-28 19:52:57 whyfs service listening on \\.\pipe\whyfs-service
2026-09-28 19:52:57 machine labels: service process 520 started
2026-09-28 19:53:06 machine labels: service process exited 0
2026-09-28 19:53:11 whyfs service listening on \\.\pipe\whyfs-service
2026-09-28 19:53:11 machine labels: service process 7084 started
2026-09-28 19:53:20 machine labels: service process exited 0
2026-09-28 19:53:25 whyfs service listening on \\.\pipe\whyfs-service
2026-09-28 19:53:25 machine labels: service process 6840 started
2026-09-28 19:53:34 machine labels: service process exited 0
2026-09-28 19:53:39 whyfs service listening on \\.\pipe\whyfs-service
2026-09-28 19:53:39 machine labels: service process 6084 started
2026-09-28 19:53:48 machine labels: service process exited 0
2026-09-28 19:53:53 whyfs service listening on \\.\pipe\whyfs-service
2026-09-28 19:53:53 machine labels: service process 3480 started
2026-09-28 19:54:02 machine labels: service process exited 0
2026-09-28 19:54:06 whyfs service listening on \\.\pipe\whyfs-service
2026-09-28 19:54:06 machine labels: service process 6504 started
2026-09-28 19:54:16 machine labels: service process exited 0
2026-09-28 19:54:20 whyfs service listening on \\.\pipe\whyfs-service
2026-09-28 19:54:20 machine labels: service process 4056 started
2026-09-28 19:54:29 machine labels: service process exited 0
2026-09-28 19:54:34 whyfs service listening on \\.\pipe\whyfs-service
2026-09-28 19:54:34 machine labels: service process 5436 started
2026-09-28 19:54:43 machine labels: service process exited 0
2026-09-28 19:54:48 whyfs service listening on \\.\pipe\whyfs-service
2026-09-28 19:54:48 machine labels: service process 804 started
2026-09-28 19:54:57 machine labels: service process exited 0
2026-09-28 19:55:02 whyfs service listening on \\.\pipe\whyfs-service
2026-09-28 19:55:02 machine labels: service process 6292 started
2026-09-28 19:55:11 machine labels: service process exited 0
2026-09-28 19:55:16 whyfs service listening on \\.\pipe\whyfs-service
2026-09-28 19:55:16 machine labels: service process 6188 started
2026-09-28 19:55:25 machine labels: service process exited 0
2026-09-28 19:55:30 whyfs service listening on \\.\pipe\whyfs-service
2026-09-28 19:55:30 machine labels: service process 2104 started
2026-09-28 19:55:39 machine labels: service process exited 0
2026-09-28 19:55:44 whyfs service listening on \\.\pipe\whyfs-service
2026-09-28 19:55:44 machine labels: service process 1312 started
2026-09-28 19:55:53 machine labels: service process exited 0
2026-09-28 19:55:58 whyfs service listening on \\.\pipe\whyfs-service
2026-09-28 19:55:58 machine labels: service process 1792 started
2026-09-28 19:56:07 machine labels: service process exited 0
2026-09-28 19:56:12 whyfs service listening on \\.\pipe\whyfs-service
2026-09-28 19:56:12 machine labels: service process 2096 started
2026-09-28 19:56:21 machine labels: service process exited 0
2026-09-28 19:56:26 whyfs service listening on \\.\pipe\whyfs-service
2026-09-28 19:56:26 machine labels: service process 6392 started
2026-09-28 19:56:35 machine labels: service process exited 0
2026-09-28 19:56:40 whyfs service listening on \\.\pipe\whyfs-service
2026-09-28 19:56:40 machine labels: service process 5656 started
2026-09-28 19:56:49 machine labels: service process exited 0
2026-09-28 19:56:54 whyfs service listening on \\.\pipe\whyfs-service
2026-09-28 19:56:54 machine labels: service process 3088 started
2026-09-28 19:57:03 machine labels: service process exited 0
2026-09-28 19:57:08 whyfs service listening on \\.\pipe\whyfs-service
2026-09-28 19:57:08 machine labels: service process 7060 started
2026-09-28 19:57:19 machine labels: service process exited 0
2026-09-28 19:57:24 whyfs service listening on \\.\pipe\whyfs-service
2026-09-28 19:57:24 machine labels: service process 4500 started
2026-09-28 19:57:33 machine labels: service process exited 0
2026-09-28 19:57:38 whyfs service listening on \\.\pipe\whyfs-service
2026-09-28 19:57:38 machine labels: service process 3136 started
2026-09-28 19:57:47 machine labels: service process exited 0
2026-09-28 19:57:52 whyfs service listening on \\.\pipe\whyfs-service
2026-09-28 19:57:52 machine labels: service process 5300 started
2026-09-28 19:58:01 machine labels: service process exited 0
2026-09-28 19:58:06 whyfs service listening on \\.\pipe\whyfs-service
2026-09-28 19:58:06 machine labels: service process 1580 started
2026-09-28 19:58:15 machine labels: service process exited 0
2026-09-28 19:58:20 whyfs service listening on \\.\pipe\whyfs-service
2026-09-28 19:58:20 machine labels: service process 3864 started
2026-09-28 19:58:29 machine labels: service process exited 0
2026-09-28 19:58:34 whyfs service listening on \\.\pipe\whyfs-service
2026-09-28 19:58:34 machine labels: service process 2756 started
2026-09-28 19:58:43 machine labels: service process exited 0
2026-09-28 19:58:48 whyfs service listening on \\.\pipe\whyfs-service
2026-09-28 19:58:48 machine labels: service process 4356 started
2026-09-28 19:58:58 machine labels: service process exited 0
2026-09-28 19:59:03 whyfs service listening on \\.\pipe\whyfs-service
2026-09-28 19:59:03 machine labels: service process 5764 started
2026-09-28 19:59:12 machine labels: service process exited 0
2026-09-28 19:59:17 whyfs service listening on \\.\pipe\whyfs-service
2026-09-28 19:59:17 machine labels: service process 1904 started
2026-09-28 19:59:26 machine labels: service process exited 0
2026-09-28 19:59:31 whyfs service listening on \\.\pipe\whyfs-service
2026-09-28 19:59:31 machine labels: service process 5956 started
2026-09-28 19:59:40 machine labels: service process exited 0
2026-09-28 19:59:46 whyfs service listening on \\.\pipe\whyfs-service
2026-09-28 19:59:46 machine labels: service process 4912 started
2026-09-28 19:59:55 machine labels: service process exited 0
2026-09-28 20:00:00 whyfs service listening on \\.\pipe\whyfs-service
2026-09-28 20:00:00 machine labels: service process 3564 started
2026-09-28 20:00:09 machine labels: service process exited 0
2026-09-28 20:00:14 whyfs service listening on \\.\pipe\whyfs-service
2026-09-28 20:00:14 machine labels: service process 5124 started
2026-09-28 20:00:23 machine labels: service process exited 0
2026-09-28 20:00:28 whyfs service listening on \\.\pipe\whyfs-service
2026-09-28 20:00:28 machine labels: service process 6892 started
2026-09-28 20:00:37 machine labels: service process exited 0
2026-09-28 20:00:42 whyfs service listening on \\.\pipe\whyfs-service
2026-09-28 20:00:42 machine labels: service process 1292 started
2026-09-28 20:00:52 machine labels: service process exited 0
2026-09-28 20:00:56 whyfs service listening on \\.\pipe\whyfs-service
2026-09-28 20:00:56 machine labels: service process 6072 started
2026-09-28 20:01:06 machine labels: service process exited 0
2026-09-28 20:01:11 whyfs service listening on \\.\pipe\whyfs-service
2026-09-28 20:01:11 machine labels: service process 6556 started
2026-09-28 20:01:20 machine labels: service process exited 0
2026-09-28 20:01:26 whyfs service listening on \\.\pipe\whyfs-service
2026-09-28 20:01:26 machine labels: service process 1248 started
2026-09-28 20:01:36 machine labels: service process exited 0
2026-09-28 20:01:41 whyfs service listening on \\.\pipe\whyfs-service
2026-09-28 20:01:41 machine labels: service process 1792 started
2026-09-28 20:01:50 machine labels: service process exited 0
2026-09-28 20:01:55 whyfs service listening on \\.\pipe\whyfs-service
2026-09-28 20:01:55 machine labels: service process 6692 started
2026-09-28 20:02:04 machine labels: service process exited 0
2026-09-28 20:02:09 whyfs service listening on \\.\pipe\whyfs-service
2026-09-28 20:02:09 machine labels: service process 5124 started
2026-09-28 20:02:18 machine labels: service process exited 0
2026-09-28 20:02:23 whyfs service listening on \\.\pipe\whyfs-service
2026-09-28 20:02:23 machine labels: service process 456 started
2026-09-28 20:02:32 machine labels: service process exited 0
2026-09-28 20:02:37 whyfs service listening on \\.\pipe\whyfs-service
2026-09-28 20:02:37 machine labels: service process 5400 started
2026-09-28 20:02:46 machine labels: service process exited 0
2026-09-28 20:02:51 whyfs service listening on \\.\pipe\whyfs-service
2026-09-28 20:02:51 machine labels: service process 6392 started
2026-09-28 20:03:00 machine labels: service process exited 0
2026-09-28 20:03:05 whyfs service listening on \\.\pipe\whyfs-service
2026-09-28 20:03:05 machine labels: service process 380 started
2026-09-28 20:03:15 machine labels: service process exited 0
2026-09-28 20:03:20 whyfs service listening on \\.\pipe\whyfs-service
2026-09-28 20:03:20 machine labels: service process 4556 started
2026-09-28 20:03:29 machine labels: service process exited 0
2026-09-28 20:03:34 whyfs service listening on \\.\pipe\whyfs-service
2026-09-28 20:03:34 machine labels: service process 5128 started
2026-09-28 20:03:43 machine labels: service process exited 0
2026-09-28 20:03:48 whyfs service listening on \\.\pipe\whyfs-service
2026-09-28 20:03:48 machine labels: service process 4792 started
2026-09-28 20:03:57 machine labels: service process exited 0
2026-09-28 20:04:02 whyfs service listening on \\.\pipe\whyfs-service
2026-09-28 20:04:02 machine labels: service process 6320 started
2026-09-28 20:04:11 machine labels: service process exited 0
2026-09-28 20:04:16 whyfs service listening on \\.\pipe\whyfs-service
2026-09-28 20:04:16 machine labels: service process 4280 started
2026-09-28 20:04:25 machine labels: service process exited 0
2026-09-28 20:04:30 whyfs service listening on \\.\pipe\whyfs-service
2026-09-28 20:04:30 machine labels: service process 1492 started
2026-09-28 20:04:40 machine labels: service process exited 0
2026-09-28 20:04:45 whyfs service listening on \\.\pipe\whyfs-service
2026-09-28 20:04:45 machine labels: service process 6236 started
2026-09-28 20:04:54 machine labels: service process exited 0
2026-09-28 20:04:59 whyfs service listening on \\.\pipe\whyfs-service
2026-09-28 20:04:59 machine labels: service process 1644 started
2026-09-28 20:05:08 machine labels: service process exited 0
2026-09-28 20:05:13 whyfs service listening on \\.\pipe\whyfs-service
2026-09-28 20:05:13 machine labels: service process 5456 started
2026-09-28 20:05:22 machine labels: service process exited 0
2026-09-28 20:05:27 whyfs service listening on \\.\pipe\whyfs-service
2026-09-28 20:05:27 machine labels: service process 6656 started
2026-09-28 20:05:36 machine labels: service process exited 0
2026-09-28 20:05:41 whyfs service listening on \\.\pipe\whyfs-service
2026-09-28 20:05:41 machine labels: service process 4684 started
2026-09-28 20:05:50 machine labels: service process exited 0
2026-09-28 20:05:55 whyfs service listening on \\.\pipe\whyfs-service
2026-09-28 20:05:55 machine labels: service process 2216 started
2026-09-28 20:06:05 machine labels: service process exited 0
2026-09-28 20:06:09 whyfs service listening on \\.\pipe\whyfs-service
2026-09-28 20:06:09 machine labels: service process 6184 started
2026-09-28 20:06:18 machine labels: service process exited 0
2026-09-28 20:06:23 whyfs service listening on \\.\pipe\whyfs-service
2026-09-28 20:06:23 machine labels: service process 1832 started
2026-09-28 20:06:33 machine labels: service process exited 0
2026-09-28 20:06:37 whyfs service listening on \\.\pipe\whyfs-service
2026-09-28 20:06:37 machine labels: service process 6372 started
2026-09-28 20:06:47 machine labels: service process exited 0
2026-09-28 20:06:52 whyfs service listening on \\.\pipe\whyfs-service
2026-09-28 20:06:52 machine labels: service process 2320 started
2026-09-28 20:07:01 machine labels: service process exited 0
2026-09-28 20:07:06 whyfs service listening on \\.\pipe\whyfs-service
2026-09-28 20:07:06 machine labels: service process 6388 started
2026-09-28 20:07:15 machine labels: service process exited 0
2026-09-28 20:07:20 whyfs service listening on \\.\pipe\whyfs-service
2026-09-28 20:07:20 machine labels: service process 2752 started
2026-09-28 20:07:29 machine labels: service process exited 0
2026-09-28 20:07:34 whyfs service listening on \\.\pipe\whyfs-service
2026-09-28 20:07:34 machine labels: service process 6248 started
2026-09-28 20:07:43 machine labels: service process exited 0
2026-09-28 20:07:48 whyfs service listening on \\.\pipe\whyfs-service
2026-09-28 20:07:48 machine labels: service process 4672 started
2026-09-28 20:07:57 machine labels: service process exited 0
2026-09-28 20:08:04 whyfs service listening on \\.\pipe\whyfs-service
2026-09-28 20:08:04 machine labels: service process 956 started
2026-09-28 20:08:12 machine labels: service process exited 0
2026-09-28 20:08:17 whyfs service listening on \\.\pipe\whyfs-service
2026-09-28 20:08:17 machine labels: service process 6548 started
2026-09-28 20:08:26 machine labels: service process exited 0
2026-09-28 20:08:30 whyfs service listening on \\.\pipe\whyfs-service
2026-09-28 20:08:30 machine labels: service process 6136 started
2026-09-28 20:08:44 machine labels: service process exited 0
2026-09-28 20:08:52 whyfs service listening on \\.\pipe\whyfs-service
2026-09-28 20:08:52 machine labels: service process 1276 started
2026-09-28 20:09:05 machine labels: service process exited 0
2026-09-28 20:09:14 whyfs service listening on \\.\pipe\whyfs-service
2026-09-28 20:09:14 machine labels: service process 2012 started
2026-09-28 20:09:27 machine labels: service process exited 0
2026-09-28 20:09:35 whyfs service listening on \\.\pipe\whyfs-service
2026-09-28 20:09:35 machine labels: service process 1832 started
2026-09-28 20:09:49 machine labels: service process exited 0
2026-09-28 20:09:58 whyfs service listening on \\.\pipe\whyfs-service
2026-09-28 20:09:58 machine labels: service process 2060 started
2026-09-28 20:10:11 machine labels: service process exited 0
2026-09-28 20:10:20 whyfs service listening on \\.\pipe\whyfs-service
2026-09-28 20:10:20 machine labels: service process 5764 started
2026-09-28 20:10:34 machine labels: service process exited 0
2026-09-28 20:10:43 whyfs service listening on \\.\pipe\whyfs-service
2026-09-28 20:10:43 machine labels: service process 3160 started
2026-09-28 20:10:57 machine labels: service process exited 0
2026-09-28 20:11:05 whyfs service listening on \\.\pipe\whyfs-service
2026-09-28 20:11:05 machine labels: service process 5256 started
2026-09-28 20:11:19 machine labels: service process exited 0
2026-09-28 20:11:28 whyfs service listening on \\.\pipe\whyfs-service
2026-09-28 20:11:28 machine labels: service process 5828 started
2026-09-28 20:11:42 machine labels: service process exited 0
2026-09-28 20:11:51 whyfs service listening on \\.\pipe\whyfs-service
2026-09-28 20:11:51 machine labels: service process 1276 started
2026-09-28 20:12:06 machine labels: service process exited 0
2026-09-28 20:12:14 whyfs service listening on \\.\pipe\whyfs-service
2026-09-28 20:12:14 machine labels: service process 3476 started
2026-09-28 20:12:29 machine labels: service process exited 0
2026-09-28 20:12:38 whyfs service listening on \\.\pipe\whyfs-service
2026-09-28 20:12:38 machine labels: service process 5012 started
2026-09-28 20:12:52 machine labels: service process exited 0
2026-09-28 20:13:01 whyfs service listening on \\.\pipe\whyfs-service
2026-09-28 20:13:01 machine labels: service process 6792 started
2026-09-28 20:13:16 machine labels: service process exited 0
2026-09-28 20:13:25 whyfs service listening on \\.\pipe\whyfs-service
2026-09-28 20:13:25 machine labels: service process 6120 started
2026-09-28 20:13:40 machine labels: service process exited 0
2026-09-28 20:13:48 whyfs service listening on \\.\pipe\whyfs-service
2026-09-28 20:13:48 machine labels: service process 344 started
2026-09-28 20:14:03 machine labels: service process exited 0
2026-09-28 20:14:12 whyfs service listening on \\.\pipe\whyfs-service
2026-09-28 20:14:12 machine labels: service process 6908 started
2026-09-28 20:14:27 machine labels: service process exited 0
2026-09-28 20:14:35 whyfs service listening on \\.\pipe\whyfs-service
2026-09-28 20:14:35 machine labels: service process 6464 started
2026-09-28 20:14:51 machine labels: service process exited 0
2026-09-28 20:14:59 whyfs service listening on \\.\pipe\whyfs-service
2026-09-28 20:14:59 machine labels: service process 6200 started
2026-09-28 20:15:15 machine labels: service process exited 0
2026-09-28 20:15:24 whyfs service listening on \\.\pipe\whyfs-service
2026-09-28 20:15:24 machine labels: service process 1960 started
2026-09-28 20:15:39 machine labels: service process exited 0
2026-09-28 20:15:47 whyfs service listening on \\.\pipe\whyfs-service
2026-09-28 20:15:47 machine labels: service process 4608 started
2026-09-28 20:16:02 machine labels: service process exited 0
2026-09-28 20:16:11 whyfs service listening on \\.\pipe\whyfs-service
2026-09-28 20:16:11 machine labels: service process 2448 started
2026-09-28 20:16:26 machine labels: service process exited 0
2026-09-28 20:16:34 whyfs service listening on \\.\pipe\whyfs-service
2026-09-28 20:16:34 machine labels: service process 700 started
2026-09-28 20:16:50 machine labels: service process exited 0
2026-09-28 20:16:58 whyfs service listening on \\.\pipe\whyfs-service
2026-09-28 20:16:58 machine labels: service process 1972 started
2026-09-28 20:17:14 machine labels: service process exited 0
2026-09-28 20:17:22 whyfs service listening on \\.\pipe\whyfs-service
2026-09-28 20:17:22 machine labels: service process 2824 started
2026-09-28 20:17:38 machine labels: service process exited 0
2026-09-28 20:17:46 whyfs service listening on \\.\pipe\whyfs-service
2026-09-28 20:17:46 machine labels: service process 6928 started
2026-09-28 20:18:02 machine labels: service process exited 0
2026-09-28 20:18:10 whyfs service listening on \\.\pipe\whyfs-service
2026-09-28 20:18:10 machine labels: service process 6900 started
2026-09-28 20:18:25 machine labels: service process exited 0
2026-09-28 20:18:34 whyfs service listening on \\.\pipe\whyfs-service
2026-09-28 20:18:34 machine labels: service process 572 started
2026-09-28 20:18:49 machine labels: service process exited 0
2026-09-28 20:18:58 whyfs service listening on \\.\pipe\whyfs-service
2026-09-28 20:18:58 machine labels: service process 2928 started
2026-09-28 20:19:13 machine labels: service process exited 0
2026-09-28 20:19:22 whyfs service listening on \\.\pipe\whyfs-service
2026-09-28 20:19:22 machine labels: service process 6712 started
2026-09-28 20:19:37 machine labels: service process exited 0
2026-09-28 20:19:46 whyfs service listening on \\.\pipe\whyfs-service
2026-09-28 20:19:46 machine labels: service process 6044 started
2026-09-28 20:20:02 machine labels: service process exited 0
2026-09-28 20:20:10 whyfs service listening on \\.\pipe\whyfs-service
2026-09-28 20:20:10 machine labels: service process 5280 started
2026-09-28 20:20:25 machine labels: service process exited 0
2026-09-28 20:20:34 whyfs service listening on \\.\pipe\whyfs-service
2026-09-28 20:20:34 machine labels: service process 452 started
2026-09-28 20:20:50 machine labels: service process exited 0
2026-09-28 20:20:58 whyfs service listening on \\.\pipe\whyfs-service
2026-09-28 20:20:58 machine labels: service process 1580 started
2026-09-28 20:21:14 machine labels: service process exited 0
2026-09-28 20:21:22 whyfs service listening on \\.\pipe\whyfs-service
2026-09-28 20:21:22 machine labels: service process 1904 started
2026-09-28 20:21:37 machine labels: service process exited 0
2026-09-28 20:21:45 whyfs service listening on \\.\pipe\whyfs-service
2026-09-28 20:21:45 machine labels: service process 4880 started
2026-09-28 20:22:01 machine labels: service process exited 0
2026-09-28 20:22:09 whyfs service listening on \\.\pipe\whyfs-service
2026-09-28 20:22:09 machine labels: service process 5764 started
2026-09-28 20:22:24 machine labels: service process exited 0
2026-09-28 20:22:33 whyfs service listening on \\.\pipe\whyfs-service
2026-09-28 20:22:33 machine labels: service process 3848 started
2026-09-28 20:22:48 machine labels: service process exited 0
2026-09-28 20:22:57 whyfs service listening on \\.\pipe\whyfs-service
2026-09-28 20:22:57 machine labels: service process 1016 started
2026-09-28 20:23:12 machine labels: service process exited 0
2026-09-28 20:23:21 whyfs service listening on \\.\pipe\whyfs-service
2026-09-28 20:23:21 machine labels: service process 3088 started
2026-09-28 20:23:36 machine labels: service process exited 0
2026-09-28 20:23:45 whyfs service listening on \\.\pipe\whyfs-service
2026-09-28 20:23:45 machine labels: service process 1664 started
2026-09-28 20:24:00 machine labels: service process exited 0
2026-09-28 20:24:09 whyfs service listening on \\.\pipe\whyfs-service
2026-09-28 20:24:09 machine labels: service process 2800 started
2026-09-28 20:24:24 machine labels: service process exited 0
2026-09-28 20:24:32 whyfs service listening on \\.\pipe\whyfs-service
2026-09-28 20:24:32 machine labels: service process 2596 started
2026-09-28 20:24:48 machine labels: service process exited 0
2026-09-28 20:24:56 whyfs service listening on \\.\pipe\whyfs-service
2026-09-28 20:24:56 machine labels: service process 1580 started
2026-09-28 20:25:12 machine labels: service process exited 0
2026-09-28 20:25:21 whyfs service listening on \\.\pipe\whyfs-service
2026-09-28 20:25:21 machine labels: service process 2908 started
2026-09-28 20:25:36 machine labels: service process exited 0
2026-09-28 20:25:44 whyfs service listening on \\.\pipe\whyfs-service
2026-09-28 20:25:44 machine labels: service process 2500 started
2026-09-28 20:26:00 machine labels: service process exited 0
2026-09-28 20:26:09 whyfs service listening on \\.\pipe\whyfs-service
2026-09-28 20:26:09 machine labels: service process 2392 started
2026-09-28 20:26:24 machine labels: service process exited 0
2026-09-28 20:26:32 whyfs service listening on \\.\pipe\whyfs-service
2026-09-28 20:26:32 machine labels: service process 5088 started
2026-09-28 20:26:48 machine labels: service process exited 0
2026-09-28 20:26:56 whyfs service listening on \\.\pipe\whyfs-service
2026-09-28 20:26:56 machine labels: service process 7148 started
2026-09-28 20:27:12 machine labels: service process exited 0
2026-09-28 20:27:20 whyfs service listening on \\.\pipe\whyfs-service
2026-09-28 20:27:20 machine labels: service process 4056 started
2026-09-28 20:27:36 machine labels: service process exited 0
2026-09-28 20:27:44 whyfs service listening on \\.\pipe\whyfs-service
2026-09-28 20:27:44 machine labels: service process 7104 started
2026-09-28 20:28:00 machine labels: service process exited 0
2026-09-28 20:28:08 whyfs service listening on \\.\pipe\whyfs-service
2026-09-28 20:28:08 machine labels: service process 524 started
2026-09-28 20:28:24 machine labels: service process exited 0
2026-09-28 20:28:32 whyfs service listening on \\.\pipe\whyfs-service
2026-09-28 20:28:32 machine labels: service process 2392 started
2026-09-28 20:28:48 machine labels: service process exited 0
2026-09-28 20:28:56 whyfs service listening on \\.\pipe\whyfs-service
2026-09-28 20:28:56 machine labels: service process 4876 started
2026-09-28 20:29:12 machine labels: service process exited 0
2026-09-28 20:29:20 whyfs service listening on \\.\pipe\whyfs-service
2026-09-28 20:29:20 machine labels: service process 6528 started
2026-09-28 20:29:36 machine labels: service process exited 0
2026-09-28 20:29:44 whyfs service listening on \\.\pipe\whyfs-service
2026-09-28 20:29:44 machine labels: service process 5864 started
2026-09-28 20:30:00 machine labels: service process exited 0
2026-09-28 20:30:08 whyfs service listening on \\.\pipe\whyfs-service
2026-09-28 20:30:08 machine labels: service process 4748 started
2026-09-28 20:30:24 machine labels: service process exited 0
2026-09-28 20:30:32 whyfs service listening on \\.\pipe\whyfs-service
2026-09-28 20:30:32 machine labels: service process 5088 started
2026-09-28 20:30:48 machine labels: service process exited 0
2026-09-28 20:30:57 whyfs service listening on \\.\pipe\whyfs-service
2026-09-28 20:30:57 machine labels: service process 696 started
2026-09-28 20:31:12 machine labels: service process exited 0
2026-09-28 20:31:21 whyfs service listening on \\.\pipe\whyfs-service
2026-09-28 20:31:21 machine labels: service process 6852 started
2026-09-28 20:31:37 machine labels: service process exited 0
2026-09-28 20:31:45 whyfs service listening on \\.\pipe\whyfs-service
2026-09-28 20:31:45 machine labels: service process 6884 started
2026-09-28 20:32:01 machine labels: service process exited 0
2026-09-28 20:32:09 whyfs service listening on \\.\pipe\whyfs-service
2026-09-28 20:32:09 machine labels: service process 2908 started
2026-09-28 20:32:25 machine labels: service process exited 0
2026-09-28 20:32:34 whyfs service listening on \\.\pipe\whyfs-service
2026-09-28 20:32:34 machine labels: service process 2752 started
2026-09-28 20:32:50 machine labels: service process exited 0
2026-09-28 20:32:58 whyfs service listening on \\.\pipe\whyfs-service
2026-09-28 20:32:58 machine labels: service process 1684 started
2026-09-28 20:33:14 machine labels: service process exited 0
2026-09-28 20:33:22 whyfs service listening on \\.\pipe\whyfs-service
2026-09-28 20:33:22 machine labels: service process 432 started
2026-09-28 20:33:38 machine labels: service process exited 0
2026-09-28 20:33:47 whyfs service listening on \\.\pipe\whyfs-service
2026-09-28 20:33:47 machine labels: service process 3812 started
2026-09-28 20:34:02 machine labels: service process exited 0
2026-09-28 20:34:11 whyfs service listening on \\.\pipe\whyfs-service
2026-09-28 20:34:11 machine labels: service process 5352 started
2026-09-28 20:34:27 machine labels: service process exited 0
2026-09-28 20:34:35 whyfs service listening on \\.\pipe\whyfs-service
2026-09-28 20:34:35 machine labels: service process 4616 started
2026-09-28 20:34:51 machine labels: service process exited 0
2026-09-28 20:35:00 whyfs service listening on \\.\pipe\whyfs-service
2026-09-28 20:35:00 machine labels: service process 564 started
2026-09-28 20:35:16 machine labels: service process exited 0
2026-09-28 20:35:24 whyfs service listening on \\.\pipe\whyfs-service
2026-09-28 20:35:24 machine labels: service process 1384 started
2026-09-28 20:35:40 machine labels: service process exited 0
2026-09-28 20:35:49 whyfs service listening on \\.\pipe\whyfs-service
2026-09-28 20:35:49 machine labels: service process 504 started
2026-09-28 20:36:05 machine labels: service process exited 0
2026-09-28 20:36:13 whyfs service listening on \\.\pipe\whyfs-service
2026-09-28 20:36:13 machine labels: service process 7068 started
2026-09-28 20:36:29 machine labels: service process exited 0
2026-09-28 20:36:37 whyfs service listening on \\.\pipe\whyfs-service
2026-09-28 20:36:37 machine labels: service process 5124 started
2026-09-28 20:36:53 machine labels: service process exited 0
2026-09-28 20:37:02 whyfs service listening on \\.\pipe\whyfs-service
2026-09-28 20:37:02 machine labels: service process 4220 started
2026-09-28 20:37:18 machine labels: service process exited 0
2026-09-28 20:37:26 whyfs service listening on \\.\pipe\whyfs-service
2026-09-28 20:37:26 machine labels: service process 128 started
2026-09-28 20:37:42 machine labels: service process exited 0
2026-09-28 20:37:50 whyfs service listening on \\.\pipe\whyfs-service
2026-09-28 20:37:50 machine labels: service process 1064 started
2026-09-28 20:38:06 machine labels: service process exited 0
2026-09-28 20:38:11 whyfs service listening on \\.\pipe\whyfs-service
2026-09-28 20:38:11 machine labels: service process 1580 started
2026-09-28 20:38:42 machine labels: service process exited 0
2026-09-28 20:38:46 whyfs service listening on \\.\pipe\whyfs-service
2026-09-28 20:38:46 machine labels: service process 3056 started
2026-09-28 20:38:56 machine labels: service process exited 0
2026-09-28 20:39:01 whyfs service listening on \\.\pipe\whyfs-service
2026-09-28 20:39:01 machine labels: service process 6284 started
2026-09-28 20:39:15 machine labels: service process exited 0
2026-09-28 20:39:24 whyfs service listening on \\.\pipe\whyfs-service
2026-09-28 20:39:24 machine labels: service process 3288 started
2026-09-28 20:39:39 machine labels: service process exited 0
2026-09-28 20:39:48 whyfs service listening on \\.\pipe\whyfs-service
2026-09-28 20:39:48 machine labels: service process 5240 started
2026-09-28 20:40:03 machine labels: service process exited 0
2026-09-28 20:40:12 whyfs service listening on \\.\pipe\whyfs-service
2026-09-28 20:40:12 machine labels: service process 2264 started
2026-09-28 20:40:27 machine labels: service process exited 0
2026-09-28 20:40:36 whyfs service listening on \\.\pipe\whyfs-service
2026-09-28 20:40:36 machine labels: service process 1212 started
2026-09-28 20:40:51 machine labels: service process exited 0
2026-09-28 20:41:00 whyfs service listening on \\.\pipe\whyfs-service
2026-09-28 20:41:00 machine labels: service process 6324 started
2026-09-28 20:41:15 machine labels: service process exited 0
2026-09-28 20:41:24 whyfs service listening on \\.\pipe\whyfs-service
2026-09-28 20:41:24 machine labels: service process 6052 started
2026-09-28 20:41:39 machine labels: service process exited 0
2026-09-28 20:41:48 whyfs service listening on \\.\pipe\whyfs-service
2026-09-28 20:41:48 machine labels: service process 6568 started
2026-09-28 20:42:03 machine labels: service process exited 0
2026-09-28 20:42:12 whyfs service listening on \\.\pipe\whyfs-service
2026-09-28 20:42:12 machine labels: service process 6372 started
2026-09-28 20:42:27 machine labels: service process exited 0
2026-09-28 20:42:36 whyfs service listening on \\.\pipe\whyfs-service
2026-09-28 20:42:36 machine labels: service process 2380 started
2026-09-28 20:42:50 machine labels: service process exited 0
2026-09-28 20:42:55 whyfs service listening on \\.\pipe\whyfs-service
2026-09-28 20:42:55 machine labels: service process 2312 started
2026-09-28 20:43:16 machine labels: service process exited 0
2026-09-28 20:43:22 whyfs service listening on \\.\pipe\whyfs-service
2026-09-28 20:43:22 machine labels: service process 2640 started
2026-09-28 20:43:31 machine labels: service process exited 0
2026-09-28 20:43:35 whyfs service listening on \\.\pipe\whyfs-service
2026-09-28 20:43:35 machine labels: service process 6564 started
2026-09-28 20:43:49 machine labels: service process exited 0
2026-09-28 20:43:57 whyfs service listening on \\.\pipe\whyfs-service
2026-09-28 20:43:57 machine labels: service process 6392 started
2026-09-28 20:44:11 machine labels: service process exited 0
2026-09-28 20:44:20 whyfs service listening on \\.\pipe\whyfs-service
2026-09-28 20:44:20 machine labels: service process 3896 started
2026-09-28 20:44:34 machine labels: service process exited 0
2026-09-28 20:44:42 whyfs service listening on \\.\pipe\whyfs-service
2026-09-28 20:44:42 machine labels: service process 6528 started
2026-09-28 20:44:56 machine labels: service process exited 0
2026-09-28 20:45:05 whyfs service listening on \\.\pipe\whyfs-service
2026-09-28 20:45:05 machine labels: service process 2060 started
2026-09-28 20:45:18 machine labels: service process exited 0
2026-09-28 20:45:27 whyfs service listening on \\.\pipe\whyfs-service
2026-09-28 20:45:27 machine labels: service process 4780 started
2026-09-28 20:45:41 machine labels: service process exited 0
2026-09-28 20:45:49 whyfs service listening on \\.\pipe\whyfs-service
2026-09-28 20:45:49 machine labels: service process 3452 started
2026-09-28 20:46:03 machine labels: service process exited 0
2026-09-28 20:46:12 whyfs service listening on \\.\pipe\whyfs-service
2026-09-28 20:46:12 machine labels: service process 1176 started
2026-09-28 20:46:25 machine labels: service process exited 0
2026-09-28 20:46:34 whyfs service listening on \\.\pipe\whyfs-service
2026-09-28 20:46:34 machine labels: service process 1928 started
2026-09-28 20:46:48 machine labels: service process exited 0
2026-09-28 20:46:57 whyfs service listening on \\.\pipe\whyfs-service
2026-09-28 20:46:57 machine labels: service process 5136 started
2026-09-28 20:47:10 machine labels: service process exited 0
2026-09-28 20:47:16 whyfs service listening on \\.\pipe\whyfs-service
2026-09-28 20:47:16 machine labels: service process 4636 started
2026-09-28 20:47:26 machine labels: service process exited 0
2026-09-28 20:47:37 whyfs service listening on \\.\pipe\whyfs-service
2026-09-28 20:47:37 machine labels: service process 6484 started
2026-09-28 20:47:54 machine labels: service process exited 0
2026-09-28 20:48:06 whyfs service listening on \\.\pipe\whyfs-service
2026-09-28 20:48:06 machine labels: service process 2800 started
2026-09-28 20:48:34 machine labels: service process exited 0
2026-09-28 20:48:56 whyfs service listening on \\.\pipe\whyfs-service
2026-09-28 20:48:56 machine labels: service process 6204 started
2026-09-28 20:49:24 machine labels: service process exited 0
2026-09-28 20:49:46 whyfs service listening on \\.\pipe\whyfs-service
2026-09-28 20:49:46 machine labels: service process 1704 started
2026-09-28 20:50:14 machine labels: service process exited 0
2026-09-28 20:50:37 whyfs service listening on \\.\pipe\whyfs-service
2026-09-28 20:50:37 machine labels: service process 6724 started
2026-09-28 20:51:05 machine labels: service process exited 0
2026-09-28 20:51:27 whyfs service listening on \\.\pipe\whyfs-service
2026-09-28 20:51:27 machine labels: service process 4748 started
2026-09-28 20:51:55 machine labels: service process exited 0
2026-09-28 20:52:08 whyfs service listening on \\.\pipe\whyfs-service
2026-09-28 20:52:08 machine labels: service process 2628 started
