2026-09-28 08:08:18 whyfs service listening on \\.\pipe\whyfs-service
2026-09-28 08:08:18 machine labels: service process 2680 started
2026-09-28 08:08:34 start C:\Users\runneradmin\AppData\Local\Temp\whyfs-msi-user-ws pid 3588 session whyfs-201334dc62424c6d user S-1-5-21-1535354919-3125631827-3241930664-500
2026-09-28 08:08:36 stop C:\Users\runneradmin\AppData\Local\Temp\whyfs-msi-user-ws exit 0
2026-09-28 08:08:37 machine labels: service process exited 0
2026-09-28 08:08:41 whyfs service listening on \\.\pipe\whyfs-service
2026-09-28 08:08:41 machine labels: service process 6468 started
2026-09-28 08:08:42 start C:\Users\runneradmin\AppData\Local\Temp\whyfs-upgrade-ws pid 7424 session whyfs-abe1fad5a47b91d8 user S-1-5-21-1535354919-3125631827-3241930664-500
2026-09-28 08:08:44 stop C:\Users\runneradmin\AppData\Local\Temp\whyfs-upgrade-ws exit 0
2026-09-28 08:08:45 machine labels: service process exited 0
2026-09-28 08:08:46 whyfs service listening on \\.\pipe\whyfs-service
2026-09-28 08:08:46 machine labels: service process 5600 started
2026-09-28 08:08:47 start C:\Users\runneradmin\AppData\Local\Temp\whyfs-upgrade-ws pid 6268 session whyfs-abe1fad5a47b91d8 user S-1-5-21-1535354919-3125631827-3241930664-500
2026-09-28 08:08:49 stop C:\Users\runneradmin\AppData\Local\Temp\whyfs-upgrade-ws exit 0
2026-09-28 08:08:51 machine labels: service process exited 0
2026-09-28 08:09:07 whyfs service listening on \\.\pipe\whyfs-service
2026-09-28 08:09:07 machine labels: service process 4704 started
2026-09-28 08:09:44 stopped orphaned ETW session whyfs-machine (rc 0)
2026-09-28 08:09:45 stopped orphaned ETW session whyfs-machine-sys (rc 0)
2026-09-28 08:09:45 whyfs service listening on \\.\pipe\whyfs-service
2026-09-28 08:09:45 machine labels: service process 4584 started
2026-09-28 08:10:00 start C:\Users\runneradmin\whyfs-outage-12186e4d\workspace-capture pid 4500 session whyfs-cf63108c34bfc8dc user S-1-5-21-1535354919-3125631827-3241930664-500
2026-09-28 08:10:01 stop C:\Users\runneradmin\whyfs-outage-12186e4d\workspace-capture exit 0
2026-09-28 08:10:46 start C:\Users\runneradmin\AppData\Local\Temp\whyfs-corpus-c14zq5nl pid 5608 session whyfs-022e574596fb9332 user S-1-5-21-1535354919-3125631827-3241930664-500
2026-09-28 08:10:49 stop C:\Users\runneradmin\AppData\Local\Temp\whyfs-corpus-c14zq5nl exit 0
2026-09-28 08:10:50 start C:\Users\runneradmin\AppData\Local\Temp\whyfs-secret-wlue4ymn pid 4500 session whyfs-3a0728ff3f9479f9 user S-1-5-21-1535354919-3125631827-3241930664-500
2026-09-28 08:10:52 stop C:\Users\runneradmin\AppData\Local\Temp\whyfs-secret-wlue4ymn exit 0
2026-09-28 08:10:59 start C:\Users\runneradmin\AppData\Local\Temp\whyfs-wingate\func pid 5084 session whyfs-a8996beb1407ddb0 user S-1-5-21-1535354919-3125631827-3241930664-500
2026-09-28 08:11:03 stop C:\Users\runneradmin\AppData\Local\Temp\whyfs-wingate\func exit 0
2026-09-28 08:21:09 machine labels: service process exited 0
2026-09-28 08:21:25 whyfs service listening on \\.\pipe\whyfs-service
2026-09-28 08:21:25 machine labels: service process 2596 started
2026-09-28 08:21:44 machine labels: service process exited 0
2026-09-28 08:22:00 whyfs service listening on \\.\pipe\whyfs-service
2026-09-28 08:22:00 machine labels: service process 3412 started
2026-09-28 08:22:19 machine labels: service process exited 0
2026-09-28 08:22:35 whyfs service listening on \\.\pipe\whyfs-service
2026-09-28 08:22:35 machine labels: service process 6600 started
2026-09-28 08:23:10 machine labels: service process exited 0
2026-09-28 08:23:42 whyfs service listening on \\.\pipe\whyfs-service
2026-09-28 08:23:42 machine labels: service process 3404 started
2026-09-28 08:24:18 machine labels: service process exited 0
2026-09-28 08:24:50 whyfs service listening on \\.\pipe\whyfs-service
2026-09-28 08:24:50 machine labels: service process 5364 started
2026-09-28 08:25:26 machine labels: service process exited 0
2026-09-28 08:25:58 whyfs service listening on \\.\pipe\whyfs-service
2026-09-28 08:25:58 machine labels: service process 1928 started
2026-09-28 08:26:34 machine labels: service process exited 0
2026-09-28 08:27:07 whyfs service listening on \\.\pipe\whyfs-service
2026-09-28 08:27:07 machine labels: service process 2024 started
2026-09-28 08:27:43 machine labels: service process exited 0
2026-09-28 08:28:15 whyfs service listening on \\.\pipe\whyfs-service
2026-09-28 08:28:15 machine labels: service process 4656 started
2026-09-28 08:28:52 machine labels: service process exited 0
2026-09-28 08:29:25 whyfs service listening on \\.\pipe\whyfs-service
2026-09-28 08:29:25 machine labels: service process 3940 started
2026-09-28 08:30:02 machine labels: service process exited 0
2026-09-28 08:30:35 whyfs service listening on \\.\pipe\whyfs-service
2026-09-28 08:30:35 machine labels: service process 5396 started
2026-09-28 08:31:11 machine labels: service process exited 0
2026-09-28 08:31:44 whyfs service listening on \\.\pipe\whyfs-service
2026-09-28 08:31:44 machine labels: service process 7572 started
2026-09-28 08:32:21 machine labels: service process exited 0
2026-09-28 08:32:54 whyfs service listening on \\.\pipe\whyfs-service
2026-09-28 08:32:54 machine labels: service process 8132 started
2026-09-28 08:33:30 machine labels: service process exited 0
2026-09-28 08:33:49 whyfs service listening on \\.\pipe\whyfs-service
2026-09-28 08:33:49 machine labels: service process 1888 started
2026-09-28 08:33:54 machine labels: service process exited 0
2026-09-28 08:33:57 whyfs service listening on \\.\pipe\whyfs-service
2026-09-28 08:33:57 machine labels: service process 6340 started
2026-09-28 08:34:02 machine labels: service process exited 0
2026-09-28 08:34:05 whyfs service listening on \\.\pipe\whyfs-service
2026-09-28 08:34:05 machine labels: service process 7572 started
2026-09-28 08:34:12 machine labels: service process exited 0
2026-09-28 08:34:17 whyfs service listening on \\.\pipe\whyfs-service
2026-09-28 08:34:17 machine labels: service process 7708 started
2026-09-28 08:34:25 machine labels: service process exited 0
2026-09-28 08:34:30 whyfs service listening on \\.\pipe\whyfs-service
2026-09-28 08:34:30 machine labels: service process 4628 started
2026-09-28 08:34:38 machine labels: service process exited 0
2026-09-28 08:34:43 whyfs service listening on \\.\pipe\whyfs-service
2026-09-28 08:34:43 machine labels: service process 7072 started
2026-09-28 08:34:50 machine labels: service process exited 0
2026-09-28 08:34:55 whyfs service listening on \\.\pipe\whyfs-service
2026-09-28 08:34:55 machine labels: service process 5256 started
2026-09-28 08:35:03 machine labels: service process exited 0
2026-09-28 08:35:08 whyfs service listening on \\.\pipe\whyfs-service
2026-09-28 08:35:08 machine labels: service process 2932 started
2026-09-28 08:35:16 machine labels: service process exited 0
2026-09-28 08:35:21 whyfs service listening on \\.\pipe\whyfs-service
2026-09-28 08:35:21 machine labels: service process 1224 started
2026-09-28 08:35:28 machine labels: service process exited 0
2026-09-28 08:35:33 whyfs service listening on \\.\pipe\whyfs-service
2026-09-28 08:35:33 machine labels: service process 4604 started
2026-09-28 08:35:41 machine labels: service process exited 0
2026-09-28 08:35:46 whyfs service listening on \\.\pipe\whyfs-service
2026-09-28 08:35:46 machine labels: service process 7216 started
2026-09-28 08:35:53 machine labels: service process exited 0
2026-09-28 08:35:58 whyfs service listening on \\.\pipe\whyfs-service
2026-09-28 08:35:58 machine labels: service process 3060 started
2026-09-28 08:36:06 machine labels: service process exited 0
2026-09-28 08:36:13 whyfs service listening on \\.\pipe\whyfs-service
2026-09-28 08:36:13 machine labels: service process 1368 started
2026-09-28 08:36:20 machine labels: service process exited 0
2026-09-28 08:36:24 whyfs service listening on \\.\pipe\whyfs-service
2026-09-28 08:36:24 machine labels: service process 7048 started
2026-09-28 08:36:31 machine labels: service process exited 0
2026-09-28 08:36:36 whyfs service listening on \\.\pipe\whyfs-service
2026-09-28 08:36:36 machine labels: service process 3808 started
2026-09-28 08:36:47 machine labels: service process exited 0
2026-09-28 08:36:55 whyfs service listening on \\.\pipe\whyfs-service
2026-09-28 08:36:55 machine labels: service process 4144 started
2026-09-28 08:37:07 machine labels: service process exited 0
2026-09-28 08:37:16 whyfs service listening on \\.\pipe\whyfs-service
2026-09-28 08:37:16 machine labels: service process 4344 started
2026-09-28 08:37:28 machine labels: service process exited 0
2026-09-28 08:37:36 whyfs service listening on \\.\pipe\whyfs-service
2026-09-28 08:37:36 machine labels: service process 4804 started
2026-09-28 08:37:48 machine labels: service process exited 0
2026-09-28 08:37:57 whyfs service listening on \\.\pipe\whyfs-service
2026-09-28 08:37:57 machine labels: service process 6304 started
2026-09-28 08:38:10 machine labels: service process exited 0
2026-09-28 08:38:19 whyfs service listening on \\.\pipe\whyfs-service
2026-09-28 08:38:19 machine labels: service process 5692 started
2026-09-28 08:38:32 machine labels: service process exited 0
2026-09-28 08:38:41 whyfs service listening on \\.\pipe\whyfs-service
2026-09-28 08:38:41 machine labels: service process 3588 started
2026-09-28 08:38:54 machine labels: service process exited 0
2026-09-28 08:39:03 whyfs service listening on \\.\pipe\whyfs-service
2026-09-28 08:39:03 machine labels: service process 6796 started
2026-09-28 08:39:16 machine labels: service process exited 0
2026-09-28 08:39:25 whyfs service listening on \\.\pipe\whyfs-service
2026-09-28 08:39:25 machine labels: service process 2152 started
2026-09-28 08:39:37 machine labels: service process exited 0
2026-09-28 08:39:46 whyfs service listening on \\.\pipe\whyfs-service
2026-09-28 08:39:46 machine labels: service process 5620 started
2026-09-28 08:39:59 machine labels: service process exited 0
2026-09-28 08:40:04 whyfs service listening on \\.\pipe\whyfs-service
2026-09-28 08:40:04 machine labels: service process 6072 started
