16:34:35 normal off warmup: 0.146s collector None ms writer None ms
16:34:39 normal on warmup: 0.158s collector 2.04 ms writer 0.0 ms
16:34:41 normal off: 0.152s collector None ms writer None ms
16:34:45 normal on: 0.158s collector 2.12 ms writer 0.0 ms
16:34:47 normal on: 0.157s collector 2.66 ms writer 0.0 ms
16:34:49 normal off: 0.146s collector None ms writer None ms
16:34:50 normal off: 0.146s collector None ms writer None ms
16:34:55 normal on: 0.151s collector 2.69 ms writer 0.0 ms
16:34:56 normal on: 0.156s collector 2.33 ms writer 0.0 ms
16:34:58 normal off: 0.150s collector None ms writer None ms
16:35:00 normal off: 0.149s collector None ms writer None ms
16:35:04 normal on: 0.154s collector 2.75 ms writer 0.0 ms
16:35:06 normal on: 0.156s collector 2.77 ms writer 0.0 ms
16:35:08 normal off: 0.146s collector None ms writer None ms
16:35:09 normal off: 0.150s collector None ms writer None ms
16:35:14 normal on: 0.153s collector 2.51 ms writer 0.0 ms
16:35:15 normal on: 0.152s collector 2.19 ms writer 0.0 ms
16:35:17 normal off: 0.147s collector None ms writer None ms
16:35:19 normal off: 0.144s collector None ms writer None ms
16:35:23 normal on: 0.154s collector 2.77 ms writer 0.0 ms
16:35:24 normal on: 0.152s collector 2.03 ms writer 0.0 ms
16:35:26 normal off: 0.150s collector None ms writer None ms
16:35:28 normal off: 0.152s collector None ms writer None ms
16:35:32 normal on: 0.153s collector 2.6 ms writer 0.0 ms
16:35:34 normal on: 0.156s collector 2.45 ms writer 0.0 ms
16:35:36 normal off: 0.150s collector None ms writer None ms
16:35:37 normal off: 0.150s collector None ms writer None ms
16:35:42 normal on: 0.155s collector 2.57 ms writer 0.0 ms
16:35:43 normal on: 0.155s collector 2.37 ms writer 0.0 ms
16:35:45 normal off: 0.152s collector None ms writer None ms
16:35:47 normal off: 0.149s collector None ms writer None ms
16:35:51 normal on: 0.155s collector 2.59 ms writer 0.0 ms
16:35:53 normal on: 0.158s collector 2.45 ms writer 0.0 ms
16:35:55 normal off: 0.154s collector None ms writer None ms
16:35:56 normal off: 0.169s collector None ms writer None ms
16:36:01 normal on: 0.155s collector 2.24 ms writer 0.0 ms
16:36:02 normal on: 0.153s collector 2.91 ms writer 0.0 ms
16:36:04 normal off: 0.150s collector None ms writer None ms
16:36:06 normal off: 0.147s collector None ms writer None ms
16:36:10 normal on: 0.154s collector 2.22 ms writer 0.0 ms
16:36:12 normal on: 0.158s collector 2.66 ms writer 0.0 ms
16:36:14 normal off: 0.151s collector None ms writer None ms
16:36:30 verify: {'checked': 300, 'labelled': 300, 'creator_ok': 300, 'complete': 300, 'identity_match': 300, 'failures': [], 'ok': True}
16:36:31 normal: median paired overhead 3.62%  {"collector": {"cpu_ms": 3.0, "ctx": 8.0, "write_ops": 0.0, "write_bytes": 0.0, "read_ops": 0.0}, "writer": {"cpu_ms": 0.0, "ctx": 0.0, "write_ops": 0.0, "write_bytes": 0.0, "read_ops": 0.0}, "daemon": {"cpu_ms": 0.13, "ctx": 1.0, "write_ops": 0.0, "write_bytes": 0.0, "read_ops": 0.0}, "store": {"cpu_ms": null, "ctx": null, "write_ops": null, "write_bytes": null, "read_ops": null}}
16:36:32 discard off warmup: 0.148s collector None ms writer None ms
16:36:36 discard on warmup: 0.152s collector 0.21 ms writer None ms
16:36:38 discard off: 0.148s collector None ms writer None ms
16:36:43 discard on: 0.159s collector 0.25 ms writer None ms
16:36:44 discard on: 0.164s collector 0.22 ms writer None ms
16:36:46 discard off: 0.150s collector None ms writer None ms
16:36:48 discard off: 0.155s collector None ms writer None ms
16:36:52 discard on: 0.155s collector 0.25 ms writer None ms
16:36:54 discard on: 0.153s collector 0.2 ms writer None ms
16:36:56 discard off: 0.149s collector None ms writer None ms
16:36:57 discard off: 0.147s collector None ms writer None ms
16:37:02 discard on: 0.157s collector 0.21 ms writer None ms
16:37:03 discard on: 0.157s collector 0.23 ms writer None ms
16:37:05 discard off: 0.152s collector None ms writer None ms
16:37:07 discard off: 0.156s collector None ms writer None ms
16:37:11 discard on: 0.156s collector 0.19 ms writer None ms
16:37:13 discard on: 0.158s collector 0.21 ms writer None ms
16:37:14 discard off: 0.150s collector None ms writer None ms
16:37:16 discard off: 0.148s collector None ms writer None ms
16:37:20 discard on: 0.156s collector 0.22 ms writer None ms
16:37:22 discard on: 0.158s collector 0.23 ms writer None ms
16:37:24 discard off: 0.145s collector None ms writer None ms
16:37:25 discard off: 0.152s collector None ms writer None ms
16:37:30 discard on: 0.156s collector 0.21 ms writer None ms
16:37:31 discard on: 0.153s collector 0.27 ms writer None ms
16:37:33 discard off: 0.149s collector None ms writer None ms
16:37:35 discard off: 0.148s collector None ms writer None ms
16:37:39 discard on: 0.158s collector 0.23 ms writer None ms
16:37:41 discard on: 0.154s collector 0.19 ms writer None ms
16:37:43 discard off: 0.148s collector None ms writer None ms
16:37:44 discard off: 0.146s collector None ms writer None ms
16:37:48 discard on: 0.156s collector 0.21 ms writer None ms
16:37:50 discard on: 0.174s collector 0.26 ms writer None ms
16:37:52 discard off: 0.145s collector None ms writer None ms
16:37:53 discard off: 0.148s collector None ms writer None ms
16:37:58 discard on: 0.151s collector 0.2 ms writer None ms
16:37:59 discard on: 0.147s collector 0.18 ms writer None ms
16:38:01 discard off: 0.147s collector None ms writer None ms
16:38:03 discard off: 0.145s collector None ms writer None ms
16:38:07 discard on: 0.154s collector 0.25 ms writer None ms
16:38:09 discard on: 0.150s collector 0.21 ms writer None ms
16:38:11 discard off: 0.149s collector None ms writer None ms
16:38:11 discard: median paired overhead 4.44%  {"collector": {"cpu_ms": 0.32, "ctx": 7.0, "write_ops": 0.0, "write_bytes": 0.0, "read_ops": 0.0}, "writer": {"cpu_ms": null, "ctx": null, "write_ops": null, "write_bytes": null, "read_ops": null}, "daemon": {"cpu_ms": 0.14, "ctx": 1.0, "write_ops": 0.0, "write_bytes": 0.0, "read_ops": 0.0}, "store": {"cpu_ms": null, "ctx": null, "write_ops": null, "write_bytes": null, "read_ops": null}}
