16:38:22 normal off warmup: 0.145s collector None ms writer None ms
16:38:34 normal on warmup: 0.150s collector 2.22 ms writer 0.0 ms
16:38:42 normal off: 0.143s collector None ms writer None ms
16:38:54 normal on: 0.151s collector 2.52 ms writer 0.0 ms
16:39:02 normal on: 0.154s collector 2.56 ms writer 0.0 ms
16:39:11 normal off: 0.147s collector None ms writer None ms
16:39:19 normal off: 0.148s collector None ms writer None ms
16:39:30 normal on: 0.151s collector 2.47 ms writer 0.0 ms
16:39:38 normal on: 0.150s collector 2.87 ms writer 0.0 ms
16:39:47 normal off: 0.147s collector None ms writer None ms
16:39:55 normal off: 0.146s collector None ms writer None ms
16:40:07 normal on: 0.158s collector 2.97 ms writer 0.0 ms
16:40:15 normal on: 0.153s collector 2.72 ms writer 0.0 ms
16:40:24 normal off: 0.145s collector None ms writer None ms
16:40:32 normal off: 0.146s collector None ms writer None ms
16:40:43 normal on: 0.149s collector 2.3 ms writer 0.0 ms
16:40:52 normal on: 0.153s collector 2.39 ms writer 0.0 ms
16:41:00 normal off: 0.147s collector None ms writer None ms
16:41:09 normal off: 0.147s collector None ms writer None ms
16:41:20 normal on: 0.149s collector 2.75 ms writer 0.0 ms
16:41:28 normal on: 0.152s collector 2.94 ms writer 0.0 ms
16:41:37 normal off: 0.157s collector None ms writer None ms
16:41:37 normal: median paired overhead 3.4%  {"collector": {"cpu_ms": 7.09, "ctx": 143.5, "write_ops": 1.5, "write_bytes": 0.0, "read_ops": 0.0}, "writer": {"cpu_ms": 10.61, "ctx": 1.5, "write_ops": 911.0, "write_bytes": 1873920.0, "read_ops": 313.0}, "daemon": {"cpu_ms": 3.59, "ctx": 30.0, "write_ops": 39.5, "write_bytes": 83968.0, "read_ops": 4.0}, "store": {"cpu_ms": null, "ctx": null, "write_ops": null, "write_bytes": null, "read_ops": null}}
