2026-09-28 07:24:32 whyfs service listening on \\.\pipe\whyfs-service
2026-09-28 07:24:32 machine labels: service process 3172 started
2026-09-28 07:24:48 start C:\Users\runneradmin\AppData\Local\Temp\whyfs-msi-user-ws pid 4168 session whyfs-201334dc62424c6d user S-1-5-21-1535354919-3125631827-3241930664-500
2026-09-28 07:24:50 stop C:\Users\runneradmin\AppData\Local\Temp\whyfs-msi-user-ws exit 0
2026-09-28 07:24:51 machine labels: service process exited 0
2026-09-28 07:24:55 whyfs service listening on \\.\pipe\whyfs-service
2026-09-28 07:24:55 machine labels: service process 4036 started
2026-09-28 07:24:56 start C:\Users\runneradmin\AppData\Local\Temp\whyfs-upgrade-ws pid 2232 session whyfs-abe1fad5a47b91d8 user S-1-5-21-1535354919-3125631827-3241930664-500
2026-09-28 07:24:57 stop C:\Users\runneradmin\AppData\Local\Temp\whyfs-upgrade-ws exit 0
2026-09-28 07:24:59 machine labels: service process exited 0
2026-09-28 07:25:00 whyfs service listening on \\.\pipe\whyfs-service
2026-09-28 07:25:00 machine labels: service process 2440 started
2026-09-28 07:25:02 start C:\Users\runneradmin\AppData\Local\Temp\whyfs-upgrade-ws pid 2268 session whyfs-abe1fad5a47b91d8 user S-1-5-21-1535354919-3125631827-3241930664-500
2026-09-28 07:25:04 stop C:\Users\runneradmin\AppData\Local\Temp\whyfs-upgrade-ws exit 0
2026-09-28 07:25:06 machine labels: service process exited 0
2026-09-28 07:25:24 whyfs service listening on \\.\pipe\whyfs-service
2026-09-28 07:25:24 machine labels: service process 6840 started
2026-09-28 07:26:02 stopped orphaned ETW session whyfs-machine (rc 0)
2026-09-28 07:26:02 stopped orphaned ETW session whyfs-machine-sys (rc 0)
2026-09-28 07:26:02 whyfs service listening on \\.\pipe\whyfs-service
2026-09-28 07:26:02 machine labels: service process 4844 started
2026-09-28 07:26:18 start C:\Users\runneradmin\whyfs-outage-92295c93\workspace-capture pid 5324 session whyfs-c9236fecafe2a2b9 user S-1-5-21-1535354919-3125631827-3241930664-500
2026-09-28 07:26:18 stop C:\Users\runneradmin\whyfs-outage-92295c93\workspace-capture exit 0
2026-09-28 07:27:03 start C:\Users\runneradmin\AppData\Local\Temp\whyfs-corpus-b3av148u pid 5624 session whyfs-cadf600c7c9114e6 user S-1-5-21-1535354919-3125631827-3241930664-500
2026-09-28 07:27:06 stop C:\Users\runneradmin\AppData\Local\Temp\whyfs-corpus-b3av148u exit 0
2026-09-28 07:27:07 start C:\Users\runneradmin\AppData\Local\Temp\whyfs-secret-fb_g7t50 pid 7160 session whyfs-cee63a2673a5871c user S-1-5-21-1535354919-3125631827-3241930664-500
2026-09-28 07:27:10 stop C:\Users\runneradmin\AppData\Local\Temp\whyfs-secret-fb_g7t50 exit 0
2026-09-28 07:27:16 start C:\Users\runneradmin\AppData\Local\Temp\whyfs-wingate\func pid 6356 session whyfs-a8996beb1407ddb0 user S-1-5-21-1535354919-3125631827-3241930664-500
2026-09-28 07:27:21 stop C:\Users\runneradmin\AppData\Local\Temp\whyfs-wingate\func exit 0
2026-09-28 07:37:26 machine labels: service process exited 0
2026-09-28 07:37:43 whyfs service listening on \\.\pipe\whyfs-service
2026-09-28 07:37:43 machine labels: service process 1088 started
2026-09-28 07:38:01 machine labels: service process exited 0
2026-09-28 07:38:17 whyfs service listening on \\.\pipe\whyfs-service
2026-09-28 07:38:17 machine labels: service process 6572 started
2026-09-28 07:38:36 machine labels: service process exited 0
2026-09-28 07:38:52 whyfs service listening on \\.\pipe\whyfs-service
2026-09-28 07:38:52 machine labels: service process 7148 started
2026-09-28 07:39:28 machine labels: service process exited 0
2026-09-28 07:40:00 whyfs service listening on \\.\pipe\whyfs-service
2026-09-28 07:40:00 machine labels: service process 5112 started
2026-09-28 07:40:35 machine labels: service process exited 0
2026-09-28 07:41:07 whyfs service listening on \\.\pipe\whyfs-service
2026-09-28 07:41:07 machine labels: service process 5088 started
2026-09-28 07:41:42 machine labels: service process exited 0
2026-09-28 07:42:14 whyfs service listening on \\.\pipe\whyfs-service
2026-09-28 07:42:14 machine labels: service process 5280 started
2026-09-28 07:42:50 machine labels: service process exited 0
2026-09-28 07:43:22 whyfs service listening on \\.\pipe\whyfs-service
2026-09-28 07:43:22 machine labels: service process 6540 started
2026-09-28 07:43:57 machine labels: service process exited 0
2026-09-28 07:44:29 whyfs service listening on \\.\pipe\whyfs-service
2026-09-28 07:44:29 machine labels: service process 752 started
2026-09-28 07:45:06 machine labels: service process exited 0
2026-09-28 07:45:37 whyfs service listening on \\.\pipe\whyfs-service
2026-09-28 07:45:37 machine labels: service process 2800 started
2026-09-28 07:46:14 machine labels: service process exited 0
2026-09-28 07:46:46 whyfs service listening on \\.\pipe\whyfs-service
2026-09-28 07:46:46 machine labels: service process 4884 started
2026-09-28 07:47:22 machine labels: service process exited 0
2026-09-28 07:47:54 whyfs service listening on \\.\pipe\whyfs-service
2026-09-28 07:47:54 machine labels: service process 716 started
2026-09-28 07:48:33 machine labels: service process exited 0
2026-09-28 07:49:05 whyfs service listening on \\.\pipe\whyfs-service
2026-09-28 07:49:05 machine labels: service process 3032 started
2026-09-28 07:49:43 machine labels: service process exited 0
2026-09-28 07:50:01 whyfs service listening on \\.\pipe\whyfs-service
2026-09-28 07:50:01 machine labels: service process 5652 started
2026-09-28 07:50:06 machine labels: service process exited 0
2026-09-28 07:50:09 whyfs service listening on \\.\pipe\whyfs-service
2026-09-28 07:50:09 machine labels: service process 1376 started
2026-09-28 07:50:14 machine labels: service process exited 0
2026-09-28 07:50:17 whyfs service listening on \\.\pipe\whyfs-service
2026-09-28 07:50:17 machine labels: service process 6764 started
2026-09-28 07:50:25 machine labels: service process exited 0
2026-09-28 07:50:30 whyfs service listening on \\.\pipe\whyfs-service
2026-09-28 07:50:30 machine labels: service process 5968 started
2026-09-28 07:50:38 machine labels: service process exited 0
2026-09-28 07:50:43 whyfs service listening on \\.\pipe\whyfs-service
2026-09-28 07:50:43 machine labels: service process 2468 started
2026-09-28 07:50:51 machine labels: service process exited 0
2026-09-28 07:50:56 whyfs service listening on \\.\pipe\whyfs-service
2026-09-28 07:50:56 machine labels: service process 3116 started
2026-09-28 07:51:03 machine labels: service process exited 0
2026-09-28 07:51:08 whyfs service listening on \\.\pipe\whyfs-service
2026-09-28 07:51:08 machine labels: service process 1644 started
2026-09-28 07:51:16 machine labels: service process exited 0
2026-09-28 07:51:21 whyfs service listening on \\.\pipe\whyfs-service
2026-09-28 07:51:21 machine labels: service process 1712 started
2026-09-28 07:51:28 machine labels: service process exited 0
2026-09-28 07:51:33 whyfs service listening on \\.\pipe\whyfs-service
2026-09-28 07:51:33 machine labels: service process 6168 started
2026-09-28 07:51:41 machine labels: service process exited 0
2026-09-28 07:51:46 whyfs service listening on \\.\pipe\whyfs-service
2026-09-28 07:51:46 machine labels: service process 2600 started
2026-09-28 07:51:54 machine labels: service process exited 0
2026-09-28 07:51:58 whyfs service listening on \\.\pipe\whyfs-service
2026-09-28 07:51:58 machine labels: service process 3500 started
2026-09-28 07:52:06 machine labels: service process exited 0
2026-09-28 07:52:11 whyfs service listening on \\.\pipe\whyfs-service
2026-09-28 07:52:11 machine labels: service process 4164 started
2026-09-28 07:52:19 machine labels: service process exited 0
2026-09-28 07:52:26 whyfs service listening on \\.\pipe\whyfs-service
2026-09-28 07:52:26 machine labels: service process 5652 started
2026-09-28 07:52:33 machine labels: service process exited 0
2026-09-28 07:52:37 whyfs service listening on \\.\pipe\whyfs-service
2026-09-28 07:52:37 machine labels: service process 6076 started
2026-09-28 07:52:44 machine labels: service process exited 0
2026-09-28 07:52:49 whyfs service listening on \\.\pipe\whyfs-service
2026-09-28 07:52:49 machine labels: service process 5236 started
2026-09-28 07:53:01 machine labels: service process exited 0
2026-09-28 07:53:09 whyfs service listening on \\.\pipe\whyfs-service
2026-09-28 07:53:09 machine labels: service process 6796 started
2026-09-28 07:53:22 machine labels: service process exited 0
2026-09-28 07:53:30 whyfs service listening on \\.\pipe\whyfs-service
2026-09-28 07:53:30 machine labels: service process 7024 started
2026-09-28 07:53:42 machine labels: service process exited 0
2026-09-28 07:53:50 whyfs service listening on \\.\pipe\whyfs-service
2026-09-28 07:53:50 machine labels: service process 6156 started
2026-09-28 07:54:03 machine labels: service process exited 0
2026-09-28 07:54:11 whyfs service listening on \\.\pipe\whyfs-service
2026-09-28 07:54:11 machine labels: service process 6496 started
2026-09-28 07:54:23 machine labels: service process exited 0
2026-09-28 07:54:32 whyfs service listening on \\.\pipe\whyfs-service
2026-09-28 07:54:32 machine labels: service process 5348 started
2026-09-28 07:54:44 machine labels: service process exited 0
2026-09-28 07:54:53 whyfs service listening on \\.\pipe\whyfs-service
2026-09-28 07:54:53 machine labels: service process 7148 started
2026-09-28 07:55:06 machine labels: service process exited 0
2026-09-28 07:55:14 whyfs service listening on \\.\pipe\whyfs-service
2026-09-28 07:55:14 machine labels: service process 7076 started
2026-09-28 07:55:27 machine labels: service process exited 0
2026-09-28 07:55:35 whyfs service listening on \\.\pipe\whyfs-service
2026-09-28 07:55:35 machine labels: service process 528 started
2026-09-28 07:55:49 machine labels: service process exited 0
2026-09-28 07:55:57 whyfs service listening on \\.\pipe\whyfs-service
2026-09-28 07:55:57 machine labels: service process 1668 started
2026-09-28 07:56:10 machine labels: service process exited 0
2026-09-28 07:56:14 whyfs service listening on \\.\pipe\whyfs-service
2026-09-28 07:56:14 machine labels: service process 6004 started
