03:23:24 graduation: user=ftmon base=/home/ftmon/whyfs-graduation-ws
03:23:27 functional: static binary
03:23:27 functional: parallel build #1 (clean)
03:23:28 functional: header change -> build #2
03:23:29 functional: source change -> build #3
03:23:29 functional: vite build + postbuild
03:23:29 functional: copy / rename / move chain
03:23:36 perf make_j8_36_units warmup off: 0.091s
03:23:40 perf make_j8_36_units warmup on: 0.090s
03:23:40 perf make_j8_36_units warmup off: 0.097s
03:23:45 perf make_j8_36_units warmup on: 0.096s
03:23:45 perf make_j8_36_units off: 0.093s
03:23:49 perf make_j8_36_units on: 0.091s
03:23:53 perf make_j8_36_units on: 0.094s
03:23:53 perf make_j8_36_units off: 0.093s
03:23:54 perf make_j8_36_units off: 0.091s
03:23:58 perf make_j8_36_units on: 0.099s
03:24:02 perf make_j8_36_units on: 0.088s
03:24:02 perf make_j8_36_units off: 0.091s
03:24:02 perf make_j8_36_units off: 0.090s
03:24:06 perf make_j8_36_units on: 0.089s
03:24:11 perf make_j8_36_units on: 0.092s
03:24:11 perf make_j8_36_units off: 0.091s
03:24:11 perf make_j8_36_units off: 0.089s
03:24:15 perf make_j8_36_units on: 0.103s
03:24:19 perf make_j8_36_units on: 0.100s
03:24:20 perf make_j8_36_units off: 0.094s
03:24:20 perf make_j8_36_units off: 0.093s
03:24:24 perf make_j8_36_units on: 0.092s
03:24:28 perf make_j8_36_units on: 0.090s
03:24:28 perf make_j8_36_units off: 0.095s
03:24:28 perf make_j8_36_units off: 0.092s
03:24:32 perf make_j8_36_units on: 0.098s
03:24:37 perf make_j8_36_units on: 0.099s
03:24:37 perf make_j8_36_units off: 0.094s
03:24:37 perf make_j8_36_units off: 0.093s
03:24:41 perf make_j8_36_units on: 0.091s
03:24:45 perf make_j8_36_units on: 0.098s
03:24:45 perf make_j8_36_units off: 0.096s
03:24:45 perf make_j8_36_units off: 0.093s
03:24:50 perf make_j8_36_units on: 0.090s
03:24:54 perf make_j8_36_units on: 0.094s
03:24:54 perf make_j8_36_units off: 0.090s
03:24:54 perf make_j8_36_units off: 0.091s
03:24:58 perf make_j8_36_units on: 0.092s
03:25:03 perf make_j8_36_units on: 0.101s
03:25:03 perf make_j8_36_units off: 0.099s
03:25:03 perf make_j8_36_units off: 0.094s
03:25:07 perf make_j8_36_units on: 0.096s
03:25:11 perf make_j8_36_units on: 0.095s
03:25:12 perf make_j8_36_units off: 0.097s
03:25:12 perf vite_build warmup off: 0.315s
03:25:16 perf vite_build warmup on: 0.319s
03:25:17 perf vite_build warmup off: 0.315s
03:25:21 perf vite_build warmup on: 0.359s
03:25:22 perf vite_build off: 0.344s
03:25:27 perf vite_build on: 0.323s
03:25:31 perf vite_build on: 0.317s
03:25:32 perf vite_build off: 0.328s
03:25:32 perf vite_build off: 0.317s
03:25:37 perf vite_build on: 0.312s
03:25:41 perf vite_build on: 0.323s
03:25:42 perf vite_build off: 0.325s
03:25:42 perf vite_build off: 0.321s
03:25:47 perf vite_build on: 0.315s
03:25:52 perf vite_build on: 0.331s
03:25:52 perf vite_build off: 0.323s
03:25:52 perf vite_build off: 0.346s
03:25:57 perf vite_build on: 0.317s
03:26:02 perf vite_build on: 0.318s
03:26:02 perf vite_build off: 0.317s
03:26:03 perf vite_build off: 0.326s
03:26:07 perf vite_build on: 0.312s
03:26:12 perf vite_build on: 0.321s
03:26:12 perf vite_build off: 0.317s
03:26:13 perf vite_build off: 0.318s
03:26:17 perf vite_build on: 0.322s
03:26:22 perf vite_build on: 0.318s
03:26:22 perf vite_build off: 0.319s
03:26:23 perf vite_build off: 0.312s
03:26:27 perf vite_build on: 0.341s
03:26:32 perf vite_build on: 0.315s
03:26:32 perf vite_build off: 0.311s
03:26:33 perf vite_build off: 0.319s
03:26:37 perf vite_build on: 0.316s
03:26:42 perf vite_build on: 0.318s
03:26:42 perf vite_build off: 0.318s
03:26:43 perf vite_build off: 0.318s
03:26:48 perf vite_build on: 0.317s
03:26:52 perf vite_build on: 0.316s
03:26:53 perf vite_build off: 0.322s
03:26:53 perf vite_build off: 0.314s
03:26:58 perf vite_build on: 0.317s
03:27:02 perf vite_build on: 0.317s
03:27:02 perf vite_build off: 0.311s
03:27:03 perf static_binary_x300 warmup off: 0.130s
03:27:07 perf static_binary_x300 warmup on: 0.138s
03:27:07 perf static_binary_x300 warmup off: 0.139s
03:27:11 perf static_binary_x300 warmup on: 0.149s
03:27:11 perf static_binary_x300 off: 0.129s
03:27:16 perf static_binary_x300 on: 0.140s
03:27:20 perf static_binary_x300 on: 0.138s
03:27:20 perf static_binary_x300 off: 0.137s
03:27:20 perf static_binary_x300 off: 0.129s
03:27:25 perf static_binary_x300 on: 0.136s
03:27:29 perf static_binary_x300 on: 0.135s
03:27:29 perf static_binary_x300 off: 0.139s
03:27:29 perf static_binary_x300 off: 0.139s
03:27:34 perf static_binary_x300 on: 0.144s
03:27:38 perf static_binary_x300 on: 0.137s
03:27:38 perf static_binary_x300 off: 0.127s
03:27:39 perf static_binary_x300 off: 0.131s
03:27:43 perf static_binary_x300 on: 0.136s
03:27:47 perf static_binary_x300 on: 0.143s
03:27:47 perf static_binary_x300 off: 0.134s
03:27:48 perf static_binary_x300 off: 0.130s
03:27:52 perf static_binary_x300 on: 0.141s
03:27:56 perf static_binary_x300 on: 0.134s
03:27:56 perf static_binary_x300 off: 0.131s
03:27:56 perf static_binary_x300 off: 0.130s
03:28:01 perf static_binary_x300 on: 0.129s
03:28:05 perf static_binary_x300 on: 0.144s
03:28:05 perf static_binary_x300 off: 0.130s
03:28:05 perf static_binary_x300 off: 0.134s
03:28:10 perf static_binary_x300 on: 0.138s
03:28:14 perf static_binary_x300 on: 0.132s
03:28:14 perf static_binary_x300 off: 0.129s
03:28:14 perf static_binary_x300 off: 0.134s
03:28:19 perf static_binary_x300 on: 0.138s
03:28:23 perf static_binary_x300 on: 0.139s
03:28:23 perf static_binary_x300 off: 0.133s
03:28:23 perf static_binary_x300 off: 0.130s
03:28:28 perf static_binary_x300 on: 0.135s
03:28:32 perf static_binary_x300 on: 0.134s
03:28:32 perf static_binary_x300 off: 0.133s
03:28:32 perf static_binary_x300 off: 0.139s
03:28:37 perf static_binary_x300 on: 0.144s
03:28:41 perf static_binary_x300 on: 0.137s
03:28:41 perf static_binary_x300 off: 0.139s
03:28:44 verdict PASS; failed: []
