16:35:27 normal off warmup: 0.177s collector None ms writer None ms
16:35:32 normal on warmup: 0.183s collector 3.53 ms writer 0.0 ms
16:35:34 normal off: 0.176s collector None ms writer None ms
16:35:39 normal on: 0.185s collector 5.42 ms writer 0.0 ms
16:35:41 normal on: 0.182s collector 4.11 ms writer 0.0 ms
16:35:43 normal off: 0.177s collector None ms writer None ms
16:35:45 normal off: 0.175s collector None ms writer None ms
16:35:50 normal on: 0.183s collector 5.22 ms writer 0.0 ms
16:35:51 normal on: 0.186s collector 5.56 ms writer 0.0 ms
16:35:53 normal off: 0.167s collector None ms writer None ms
16:35:55 normal off: 0.177s collector None ms writer None ms
16:36:00 normal on: 0.186s collector 4.8 ms writer 0.0 ms
16:36:02 normal on: 0.183s collector 6.47 ms writer 0.0 ms
16:36:04 normal off: 0.177s collector None ms writer None ms
16:36:05 normal off: 0.177s collector None ms writer None ms
16:36:11 normal on: 0.184s collector 5.06 ms writer 0.0 ms
16:36:12 normal on: 0.184s collector 6.12 ms writer 0.0 ms
16:36:14 normal off: 0.174s collector None ms writer None ms
16:36:16 normal off: 0.175s collector None ms writer None ms
16:36:21 normal on: 0.184s collector 5.73 ms writer 0.0 ms
16:36:22 normal on: 0.183s collector 4.16 ms writer 0.0 ms
16:36:24 normal off: 0.174s collector None ms writer None ms
16:36:26 normal off: 0.182s collector None ms writer None ms
16:36:31 normal on: 0.187s collector 4.64 ms writer 0.0 ms
16:36:33 normal on: 0.188s collector 5.6 ms writer 0.0 ms
16:36:35 normal off: 0.177s collector None ms writer None ms
16:36:36 normal off: 0.177s collector None ms writer None ms
16:36:42 normal on: 0.182s collector 4.31 ms writer 0.0 ms
16:36:43 normal on: 0.184s collector 4.73 ms writer 0.0 ms
16:36:45 normal off: 0.177s collector None ms writer None ms
16:36:47 normal off: 0.178s collector None ms writer None ms
16:36:52 normal on: 0.184s collector 4.25 ms writer 0.0 ms
16:36:54 normal on: 0.181s collector 5.75 ms writer 0.0 ms
16:36:56 normal off: 0.175s collector None ms writer None ms
16:36:57 normal off: 0.174s collector None ms writer None ms
16:37:03 normal on: 0.188s collector 6.06 ms writer 0.0 ms
16:37:04 normal on: 0.182s collector 3.8 ms writer 0.0 ms
16:37:06 normal off: 0.177s collector None ms writer None ms
16:37:08 normal off: 0.176s collector None ms writer None ms
16:37:13 normal on: 0.184s collector 4.66 ms writer 0.0 ms
16:37:15 normal on: 0.183s collector 5.5 ms writer 0.0 ms
16:37:17 normal off: 0.176s collector None ms writer None ms
16:37:34 verify: {'checked': 300, 'labelled': 300, 'creator_ok': 300, 'complete': 300, 'identity_match': 300, 'failures': [], 'ok': True}
16:37:35 normal: median paired overhead 4.4%  {"collector": {"cpu_ms": 5.67, "ctx": 10.0, "write_ops": 0.0, "write_bytes": 0.0, "read_ops": 0.0}, "writer": {"cpu_ms": 0.0, "ctx": 0.0, "write_ops": 0.0, "write_bytes": 0.0, "read_ops": 0.0}, "daemon": {"cpu_ms": 0.15, "ctx": 1.5, "write_ops": 0.0, "write_bytes": 0.0, "read_ops": 0.0}, "store": {"cpu_ms": null, "ctx": null, "write_ops": null, "write_bytes": null, "read_ops": null}}
16:37:36 discard off warmup: 0.179s collector None ms writer None ms
16:37:42 discard on warmup: 0.177s collector 0.33 ms writer None ms
16:37:44 discard off: 0.177s collector None ms writer None ms
16:37:48 discard on: 0.181s collector 0.37 ms writer None ms
16:37:50 discard on: 0.180s collector 0.35 ms writer None ms
16:37:52 discard off: 0.171s collector None ms writer None ms
16:37:53 discard off: 0.175s collector None ms writer None ms
16:37:58 discard on: 0.180s collector 0.3 ms writer None ms
16:38:00 discard on: 0.181s collector 0.3 ms writer None ms
16:38:02 discard off: 0.177s collector None ms writer None ms
16:38:03 discard off: 0.177s collector None ms writer None ms
16:38:08 discard on: 0.184s collector 0.38 ms writer None ms
16:38:10 discard on: 0.182s collector 0.33 ms writer None ms
16:38:12 discard off: 0.173s collector None ms writer None ms
16:38:13 discard off: 0.178s collector None ms writer None ms
16:38:18 discard on: 0.179s collector 0.31 ms writer None ms
16:38:20 discard on: 0.183s collector 0.33 ms writer None ms
16:38:22 discard off: 0.171s collector None ms writer None ms
16:38:23 discard off: 0.178s collector None ms writer None ms
16:38:28 discard on: 0.181s collector 0.33 ms writer None ms
16:38:30 discard on: 0.180s collector 0.28 ms writer None ms
16:38:32 discard off: 0.177s collector None ms writer None ms
16:38:34 discard off: 0.177s collector None ms writer None ms
16:38:38 discard on: 0.181s collector 0.31 ms writer None ms
16:38:40 discard on: 0.177s collector 0.37 ms writer None ms
16:38:42 discard off: 0.178s collector None ms writer None ms
16:38:44 discard off: 0.176s collector None ms writer None ms
16:38:48 discard on: 0.177s collector 0.37 ms writer None ms
16:38:50 discard on: 0.182s collector 0.36 ms writer None ms
16:38:52 discard off: 0.178s collector None ms writer None ms
16:38:53 discard off: 0.173s collector None ms writer None ms
16:38:58 discard on: 0.181s collector 0.3 ms writer None ms
16:39:00 discard on: 0.183s collector 0.35 ms writer None ms
16:39:02 discard off: 0.177s collector None ms writer None ms
16:39:03 discard off: 0.172s collector None ms writer None ms
16:39:09 discard on: 0.178s collector 0.36 ms writer None ms
16:39:10 discard on: 0.216s collector 0.36 ms writer None ms
16:39:12 discard off: 0.176s collector None ms writer None ms
16:39:14 discard off: 0.177s collector None ms writer None ms
16:39:19 discard on: 0.181s collector 0.32 ms writer None ms
16:39:20 discard on: 0.180s collector 0.33 ms writer None ms
16:39:22 discard off: 0.173s collector None ms writer None ms
16:39:22 discard: median paired overhead 2.6%  {"collector": {"cpu_ms": 0.44, "ctx": 8.0, "write_ops": 0.0, "write_bytes": 0.0, "read_ops": 0.0}, "writer": {"cpu_ms": null, "ctx": null, "write_ops": null, "write_bytes": null, "read_ops": null}, "daemon": {"cpu_ms": 0.14, "ctx": 1.5, "write_ops": 0.0, "write_bytes": 0.0, "read_ops": 0.0}, "store": {"cpu_ms": null, "ctx": null, "write_ops": null, "write_bytes": null, "read_ops": null}}
