16:39:34 normal off warmup: 0.178s collector None ms writer None ms
16:39:46 normal on warmup: 0.180s collector 5.28 ms writer 0.0 ms
16:39:55 normal off: 0.176s collector None ms writer None ms
16:40:06 normal on: 0.182s collector 4.9 ms writer 0.0 ms
16:40:15 normal on: 0.184s collector 5.67 ms writer 0.0 ms
16:40:23 normal off: 0.175s collector None ms writer None ms
16:40:32 normal off: 0.177s collector None ms writer None ms
16:40:43 normal on: 0.182s collector 3.09 ms writer 0.0 ms
16:40:52 normal on: 0.182s collector 4.7 ms writer 0.0 ms
16:41:00 normal off: 0.176s collector None ms writer None ms
16:41:09 normal off: 0.177s collector None ms writer None ms
16:41:21 normal on: 0.183s collector 4.2 ms writer 0.0 ms
16:41:29 normal on: 0.182s collector 4.46 ms writer 0.0 ms
16:41:38 normal off: 0.176s collector None ms writer None ms
16:41:47 normal off: 0.177s collector None ms writer None ms
16:41:58 normal on: 0.185s collector 3.53 ms writer 0.0 ms
16:42:07 normal on: 0.182s collector 5.54 ms writer 0.0 ms
16:42:15 normal off: 0.175s collector None ms writer None ms
16:42:24 normal off: 0.178s collector None ms writer None ms
16:42:35 normal on: 0.182s collector 4.72 ms writer 0.0 ms
16:42:44 normal on: 0.172s collector 4.71 ms writer 0.0 ms
16:42:52 normal off: 0.175s collector None ms writer None ms
16:42:53 normal: median paired overhead 3.58%  {"collector": {"cpu_ms": 11.15, "ctx": 146.0, "write_ops": 1.5, "write_bytes": 0.0, "read_ops": 0.0}, "writer": {"cpu_ms": 13.77, "ctx": 2.0, "write_ops": 1116.5, "write_bytes": 1841152.0, "read_ops": 543.5}, "daemon": {"cpu_ms": 3.28, "ctx": 29.5, "write_ops": 0.0, "write_bytes": 0.0, "read_ops": 0.0}, "store": {"cpu_ms": null, "ctx": null, "write_ops": null, "write_bytes": null, "read_ops": null}}
