09:00:55 cycle rate 4.172 GHz per processor, 2 processor(s)
09:01:16 normal off warmup: 4.796s busy 8832.4 ms collector None ms (+None after)
09:01:34 normal on warmup: 4.075s busy 6800.26 ms collector 37.41 ms (+29.35 after)
09:01:52 normal off: 3.736s busy 5696.36 ms collector None ms (+None after)
09:02:12 normal on: 5.298s busy 9925.15 ms collector 41.61 ms (+32.29 after)
09:02:28 normal on: 3.962s busy 6107.05 ms collector 34.7 ms (+33.75 after)
09:02:50 normal off: 5.925s busy 10544.39 ms collector None ms (+None after)
09:03:06 normal off: 4.620s busy 8279.23 ms collector None ms (+None after)
09:03:24 normal on: 3.887s busy 5950.44 ms collector 34.33 ms (+36.34 after)
09:03:43 normal on: 5.153s busy 9485.28 ms collector 40.72 ms (+35.5 after)
09:04:02 normal off: 3.973s busy 6101.21 ms collector None ms (+None after)
09:04:20 normal off: 5.146s busy 9539.5 ms collector None ms (+None after)
09:04:38 normal on: 4.011s busy 6134.52 ms collector 40.09 ms (+35.34 after)
09:05:00 normal on: 7.844s busy 14987.89 ms collector 71.51 ms (+27.73 after)
09:05:19 normal off: 4.584s busy 8384.73 ms collector None ms (+None after)
09:05:37 normal off: 4.622s busy 8324.88 ms collector None ms (+None after)
09:05:55 normal on: 4.224s busy 7088.2 ms collector 45.08 ms (+34.66 after)
09:06:14 normal on: 4.772s busy 8690.3 ms collector 40.75 ms (+38.48 after)
09:06:33 normal off: 4.510s busy 8125.82 ms collector None ms (+None after)
09:06:49 normal off: 4.460s busy 7573.62 ms collector None ms (+None after)
09:07:10 normal on: 5.240s busy 9614.89 ms collector 49.89 ms (+39.16 after)
09:07:28 normal on: 4.611s busy 8297.65 ms collector 37.15 ms (+39.46 after)
09:07:48 normal off: 4.958s busy 9189.9 ms collector None ms (+None after)
09:08:08 verify: {'checked': 300, 'labelled': 300, 'creator_ok': 300, 'complete': 300, 'identity_match': 300, 'failures': [], 'ok': True}
09:08:11 normal: median paired overhead -0.6%  {"collector": {"cpu_ms": 76.41, "ctx": 363.0, "write_ops": 2688.5, "write_bytes": 5537296.0, "read_ops": 271.5}, "serve": {"cpu_ms": 5.49, "ctx": 52.5, "write_ops": 199.0, "write_bytes": 811032.0, "read_ops": 203.0}, "svc": {"cpu_ms": 0.09, "ctx": 0.5, "write_ops": 0.0, "write_bytes": 0.0, "read_ops": 0.0}, "system": {"cpu_ms": 166.59, "ctx": 9896.5, "write_ops": 15.0, "write_bytes": 555008.0, "read_ops": 0.0}}
