16:00:50 normal off warmup: 0.188s collector None ms writer None ms
16:01:02 normal on warmup: 0.250s collector 5.36 ms writer 0.0 ms
16:01:11 normal off: 0.188s collector None ms writer None ms
16:01:22 normal on: 0.197s collector 5.9 ms writer 0.0 ms
16:01:30 normal on: 0.194s collector 5.0 ms writer 0.0 ms
16:01:39 normal off: 0.186s collector None ms writer None ms
16:01:47 normal off: 0.185s collector None ms writer None ms
16:01:59 normal on: 0.189s collector 5.03 ms writer 0.0 ms
16:02:07 normal on: 0.193s collector 5.74 ms writer 0.0 ms
16:02:16 normal off: 0.185s collector None ms writer None ms
16:02:24 normal off: 0.186s collector None ms writer None ms
16:02:36 normal on: 0.191s collector 5.07 ms writer 0.0 ms
16:02:44 normal on: 0.193s collector 4.96 ms writer 0.0 ms
16:02:53 normal off: 0.188s collector None ms writer None ms
16:03:01 normal off: 0.185s collector None ms writer None ms
16:03:13 normal on: 0.193s collector 5.67 ms writer 0.0 ms
16:03:21 normal on: 0.192s collector 6.02 ms writer 0.0 ms
16:03:30 normal off: 0.178s collector None ms writer None ms
16:03:38 normal off: 0.185s collector None ms writer None ms
16:03:50 normal on: 0.194s collector 5.47 ms writer 0.0 ms
16:03:58 normal on: 0.199s collector 5.31 ms writer 0.0 ms
16:04:07 normal off: 0.190s collector None ms writer None ms
16:04:23 verify: {'checked': 300, 'labelled': 300, 'creator_ok': 300, 'complete': 300, 'identity_match': 300, 'failures': [], 'ok': True}
16:04:24 normal: median paired overhead 4.37%  {"collector": {"cpu_ms": 10.23, "ctx": 146.5, "write_ops": 1.5, "write_bytes": 0.0, "read_ops": 0.0}, "writer": {"cpu_ms": 12.23, "ctx": 1.5, "write_ops": 842.0, "write_bytes": 1734656.0, "read_ops": 241.0}, "daemon": {"cpu_ms": 3.64, "ctx": 29.0, "write_ops": 36.0, "write_bytes": 73728.0, "read_ops": 2.0}, "store": {"cpu_ms": null, "ctx": null, "write_ops": null, "write_bytes": null, "read_ops": null}}
