07:24:12 cycle rate 4.819 GHz per processor, 2 processor(s)
07:24:19 normal off warmup: 1.337s busy 2094.8 ms collector None ms (+None after)
07:24:25 normal on warmup: 1.380s busy 2131.7 ms collector 6.8 ms (+0.69 after)
07:24:31 normal off: 1.353s busy 2090.95 ms collector None ms (+None after)
07:24:37 normal on: 1.784s busy 2963.74 ms collector 14.03 ms (+1.47 after)
07:24:44 normal on: 2.622s busy 4935.51 ms collector 52.22 ms (+1.53 after)
07:24:50 normal off: 1.355s busy 2106.34 ms collector None ms (+None after)
07:24:54 normal off: 1.335s busy 2060.39 ms collector None ms (+None after)
07:25:00 normal on: 1.395s busy 2160.35 ms collector 4.44 ms (+1.6 after)
07:25:05 normal on: 1.377s busy 2133.07 ms collector 16.06 ms (+5.59 after)
07:25:10 normal off: 1.323s busy 2061.94 ms collector None ms (+None after)
07:25:14 normal off: 1.322s busy 2042.12 ms collector None ms (+None after)
07:25:20 normal on: 1.381s busy 2138.97 ms collector 5.48 ms (+0.04 after)
07:25:24 normal on: 1.391s busy 2162.61 ms collector 22.95 ms (+5.74 after)
07:25:30 normal off: 1.318s busy 2029.19 ms collector None ms (+None after)
07:25:34 normal off: 1.312s busy 2021.31 ms collector None ms (+None after)
07:25:40 normal on: 1.395s busy 2143.93 ms collector 5.33 ms (+0.02 after)
07:25:44 normal on: 1.369s busy 2121.09 ms collector 15.66 ms (+1.04 after)
07:25:50 normal off: 1.312s busy 2022.74 ms collector None ms (+None after)
07:25:54 normal off: 1.307s busy 2018.93 ms collector None ms (+None after)
07:26:00 normal on: 1.385s busy 2155.45 ms collector 4.8 ms (+0.43 after)
07:26:05 normal on: 1.392s busy 2162.45 ms collector 16.19 ms (+6.08 after)
07:26:11 normal off: 1.321s busy 2052.51 ms collector None ms (+None after)
07:26:15 normal off: 1.296s busy 1995.16 ms collector None ms (+None after)
07:26:20 normal on: 1.362s busy 2111.46 ms collector 6.21 ms (+0.03 after)
07:26:25 normal on: 1.385s busy 2153.79 ms collector 25.09 ms (+1.33 after)
07:26:31 normal off: 1.329s busy 2079.15 ms collector None ms (+None after)
07:26:35 normal off: 1.349s busy 2082.95 ms collector None ms (+None after)
07:26:40 normal on: 1.363s busy 2109.0 ms collector 7.72 ms (+0.02 after)
07:26:45 normal on: 1.372s busy 2139.42 ms collector 11.9 ms (+0.62 after)
07:26:52 normal off: 1.317s busy 2036.34 ms collector None ms (+None after)
07:26:56 normal off: 1.332s busy 2058.77 ms collector None ms (+None after)
07:27:01 normal on: 1.395s busy 2172.13 ms collector 7.58 ms (+0.02 after)
07:27:06 normal on: 1.382s busy 2141.09 ms collector 11.63 ms (+11.56 after)
07:27:12 normal off: 1.333s busy 2065.13 ms collector None ms (+None after)
07:27:16 normal off: 1.438s busy 2183.19 ms collector None ms (+None after)
07:27:22 normal on: 1.387s busy 2143.25 ms collector 4.68 ms (+3.77 after)
07:27:26 normal on: 1.399s busy 2178.06 ms collector 15.75 ms (+7.73 after)
07:27:33 normal off: 1.325s busy 2048.25 ms collector None ms (+None after)
07:27:37 normal off: 1.320s busy 2053.57 ms collector None ms (+None after)
07:27:42 normal on: 1.364s busy 2107.7 ms collector 4.75 ms (+0.02 after)
07:27:47 normal on: 1.374s busy 2145.07 ms collector 15.4 ms (+1.1 after)
07:27:54 normal off: 1.322s busy 2052.09 ms collector None ms (+None after)
07:27:54 normal: median paired overhead 4.46%  {"collector": {"cpu_ms": 14.01, "ctx": 49.5, "write_ops": 0.0, "write_bytes": 0.0, "read_ops": 0.0}, "serve": {"cpu_ms": 0.06, "ctx": 2.0, "write_ops": 0.0, "write_bytes": 0.0, "read_ops": 0.0}, "svc": {"cpu_ms": 0.0, "ctx": 0.0, "write_ops": 0.0, "write_bytes": 0.0, "read_ops": 0.0}, "system": {"cpu_ms": 34.77, "ctx": 4834.0, "write_ops": 4.0, "write_bytes": 16384.0, "read_ops": 0.0}}
07:27:59 discard off warmup: 1.307s busy 2012.24 ms collector None ms (+None after)
07:28:04 discard on warmup: 1.401s busy 2138.48 ms collector 0.58 ms (+0.0 after)
07:28:10 discard off: 1.346s busy 2082.04 ms collector None ms (+None after)
07:28:15 discard on: 1.352s busy 2084.93 ms collector 0.57 ms (+0.01 after)
07:28:20 discard on: 1.377s busy 2150.38 ms collector 1.08 ms (+0.02 after)
07:28:25 discard off: 1.311s busy 2019.24 ms collector None ms (+None after)
07:28:29 discard off: 1.305s busy 2014.27 ms collector None ms (+None after)
07:28:35 discard on: 1.450s busy 2195.31 ms collector 0.66 ms (+0.25 after)
07:28:39 discard on: 1.376s busy 2124.57 ms collector 1.05 ms (+0.05 after)
07:28:45 discard off: 1.308s busy 2019.65 ms collector None ms (+None after)
07:28:49 discard off: 1.312s busy 2041.59 ms collector None ms (+None after)
07:28:54 discard on: 1.368s busy 2120.5 ms collector 0.68 ms (+0.01 after)
07:28:59 discard on: 1.372s busy 2113.55 ms collector 1.18 ms (+0.01 after)
07:29:04 discard off: 1.306s busy 2016.31 ms collector None ms (+None after)
07:29:08 discard off: 1.310s busy 2025.22 ms collector None ms (+None after)
07:29:14 discard on: 1.370s busy 2118.26 ms collector 0.6 ms (+0.01 after)
07:29:18 discard on: 1.383s busy 2119.97 ms collector 1.06 ms (+0.01 after)
07:29:24 discard off: 1.338s busy 2106.85 ms collector None ms (+None after)
07:29:28 discard off: 1.326s busy 2045.02 ms collector None ms (+None after)
07:29:33 discard on: 1.370s busy 2117.71 ms collector 0.61 ms (+0.01 after)
07:29:38 discard on: 1.369s busy 2109.72 ms collector 1.1 ms (+0.01 after)
07:29:43 discard off: 1.314s busy 2034.28 ms collector None ms (+None after)
07:29:48 discard off: 1.476s busy 2262.28 ms collector None ms (+None after)
07:29:53 discard on: 1.407s busy 2172.25 ms collector 0.87 ms (+0.12 after)
07:29:58 discard on: 1.394s busy 2166.65 ms collector 1.05 ms (+0.02 after)
07:30:04 discard off: 1.344s busy 2074.62 ms collector None ms (+None after)
07:30:08 discard off: 1.471s busy 2468.74 ms collector None ms (+None after)
07:30:14 discard on: 1.402s busy 2164.86 ms collector 0.68 ms (+0.24 after)
07:30:18 discard on: 1.399s busy 2160.17 ms collector 1.07 ms (+0.01 after)
07:30:24 discard off: 1.360s busy 2101.19 ms collector None ms (+None after)
07:30:28 discard off: 1.356s busy 2090.99 ms collector None ms (+None after)
07:30:33 discard on: 1.406s busy 2171.9 ms collector 0.75 ms (+0.02 after)
07:30:38 discard on: 1.414s busy 2186.43 ms collector 1.14 ms (+0.02 after)
07:30:44 discard off: 1.350s busy 2087.68 ms collector None ms (+None after)
07:30:48 discard off: 1.358s busy 2100.36 ms collector None ms (+None after)
07:30:53 discard on: 1.392s busy 2151.49 ms collector 0.68 ms (+0.31 after)
07:30:58 discard on: 1.371s busy 2120.19 ms collector 0.65 ms (+0.33 after)
07:31:03 discard off: 1.296s busy 1995.19 ms collector None ms (+None after)
07:31:07 discard off: 1.305s busy 2010.76 ms collector None ms (+None after)
07:31:13 discard on: 1.355s busy 2091.46 ms collector 0.55 ms (+0.28 after)
07:31:17 discard on: 1.356s busy 2094.49 ms collector 1.06 ms (+0.01 after)
07:31:23 discard off: 1.310s busy 2028.66 ms collector None ms (+None after)
07:31:24 discard: median paired overhead 3.75%  {"collector": {"cpu_ms": 0.99, "ctx": 31.0, "write_ops": 0.0, "write_bytes": 0.0, "read_ops": 0.0}, "serve": {"cpu_ms": 0.06, "ctx": 2.0, "write_ops": 0.0, "write_bytes": 0.0, "read_ops": 0.0}, "svc": {"cpu_ms": 0.0, "ctx": 0.0, "write_ops": 0.0, "write_bytes": 0.0, "read_ops": 0.0}, "system": {"cpu_ms": 38.0, "ctx": 4784.5, "write_ops": 4.0, "write_bytes": 16384.0, "read_ops": 0.0}}
