03:02:54 graduation: user=runner base=/home/runner/whyfs-graduation-ws
03:02:57 functional: static binary
03:02:57 functional: parallel build #1 (clean)
03:02:58 functional: header change -> build #2
03:02:59 functional: source change -> build #3
03:02:59 functional: vite build + postbuild
03:02:59 functional: copy / rename / move chain
03:03:05 perf make_j8_36_units warmup off: 0.263s
03:03:09 perf make_j8_36_units warmup on: 0.263s
03:03:09 perf make_j8_36_units warmup off: 0.264s
03:03:13 perf make_j8_36_units warmup on: 0.273s
03:03:13 perf make_j8_36_units off: 0.260s
03:03:17 perf make_j8_36_units on: 0.265s
03:03:22 perf make_j8_36_units on: 0.268s
03:03:22 perf make_j8_36_units off: 0.263s
03:03:22 perf make_j8_36_units off: 0.257s
03:03:26 perf make_j8_36_units on: 0.270s
03:03:30 perf make_j8_36_units on: 0.270s
03:03:31 perf make_j8_36_units off: 0.266s
03:03:31 perf make_j8_36_units off: 0.260s
03:03:35 perf make_j8_36_units on: 0.271s
03:03:39 perf make_j8_36_units on: 0.427s
03:03:39 perf make_j8_36_units off: 0.261s
03:03:40 perf make_j8_36_units off: 0.263s
03:03:44 perf make_j8_36_units on: 0.277s
03:03:48 perf make_j8_36_units on: 0.270s
03:03:48 perf make_j8_36_units off: 0.259s
03:03:48 perf make_j8_36_units off: 0.269s
03:03:53 perf make_j8_36_units on: 0.261s
03:03:57 perf make_j8_36_units on: 0.262s
03:03:57 perf make_j8_36_units off: 0.269s
03:03:57 perf make_j8_36_units off: 0.264s
03:04:01 perf make_j8_36_units on: 0.270s
03:04:05 perf make_j8_36_units on: 0.265s
03:04:06 perf make_j8_36_units off: 0.274s
03:04:06 perf make_j8_36_units off: 0.266s
03:04:10 perf make_j8_36_units on: 0.270s
03:04:14 perf make_j8_36_units on: 0.269s
03:04:15 perf make_j8_36_units off: 0.263s
03:04:15 perf make_j8_36_units off: 0.270s
03:04:19 perf make_j8_36_units on: 0.273s
03:04:23 perf make_j8_36_units on: 0.269s
03:04:23 perf make_j8_36_units off: 0.272s
03:04:24 perf make_j8_36_units off: 0.268s
03:04:28 perf make_j8_36_units on: 0.264s
03:04:32 perf make_j8_36_units on: 0.264s
03:04:32 perf make_j8_36_units off: 0.259s
03:04:32 perf make_j8_36_units off: 0.270s
03:04:36 perf make_j8_36_units on: 0.265s
03:04:41 perf make_j8_36_units on: 0.265s
03:04:41 perf make_j8_36_units off: 0.260s
03:04:41 perf vite_build warmup off: 0.254s
03:04:45 perf vite_build warmup on: 0.265s
03:04:45 perf vite_build warmup off: 0.265s
03:04:50 perf vite_build warmup on: 0.257s
03:04:50 perf vite_build off: 0.258s
03:04:54 perf vite_build on: 0.251s
03:04:58 perf vite_build on: 0.255s
03:04:58 perf vite_build off: 0.257s
03:04:58 perf vite_build off: 0.263s
03:05:02 perf vite_build on: 0.251s
03:05:06 perf vite_build on: 0.264s
03:05:07 perf vite_build off: 0.256s
03:05:07 perf vite_build off: 0.254s
03:05:11 perf vite_build on: 0.261s
03:05:15 perf vite_build on: 0.265s
03:05:15 perf vite_build off: 0.259s
03:05:16 perf vite_build off: 0.265s
03:05:20 perf vite_build on: 0.251s
03:05:24 perf vite_build on: 0.265s
03:05:24 perf vite_build off: 0.252s
03:05:24 perf vite_build off: 0.258s
03:05:28 perf vite_build on: 0.256s
03:05:32 perf vite_build on: 0.258s
03:05:33 perf vite_build off: 0.258s
03:05:33 perf vite_build off: 0.254s
03:05:37 perf vite_build on: 0.258s
03:05:41 perf vite_build on: 0.259s
03:05:41 perf vite_build off: 0.256s
03:05:42 perf vite_build off: 0.262s
03:05:46 perf vite_build on: 0.265s
03:05:50 perf vite_build on: 0.258s
03:05:50 perf vite_build off: 0.249s
03:05:50 perf vite_build off: 0.259s
03:05:54 perf vite_build on: 0.254s
03:05:58 perf vite_build on: 0.254s
03:05:59 perf vite_build off: 0.256s
03:05:59 perf vite_build off: 0.252s
03:06:03 perf vite_build on: 0.253s
03:06:07 perf vite_build on: 0.255s
03:06:07 perf vite_build off: 0.258s
03:06:08 perf vite_build off: 0.266s
03:06:12 perf vite_build on: 0.251s
03:06:16 perf vite_build on: 0.251s
03:06:16 perf vite_build off: 0.254s
03:06:16 perf static_binary_x300 warmup off: 0.146s
03:06:20 perf static_binary_x300 warmup on: 0.152s
03:06:20 perf static_binary_x300 warmup off: 0.148s
03:06:24 perf static_binary_x300 warmup on: 0.154s
03:06:24 perf static_binary_x300 off: 0.146s
03:06:28 perf static_binary_x300 on: 0.151s
03:06:32 perf static_binary_x300 on: 0.154s
03:06:32 perf static_binary_x300 off: 0.149s
03:06:32 perf static_binary_x300 off: 0.151s
03:06:36 perf static_binary_x300 on: 0.167s
03:06:40 perf static_binary_x300 on: 0.155s
03:06:40 perf static_binary_x300 off: 0.151s
03:06:40 perf static_binary_x300 off: 0.151s
03:06:44 perf static_binary_x300 on: 0.152s
03:06:48 perf static_binary_x300 on: 0.152s
03:06:49 perf static_binary_x300 off: 0.146s
03:06:49 perf static_binary_x300 off: 0.147s
03:06:53 perf static_binary_x300 on: 0.150s
03:06:56 perf static_binary_x300 on: 0.154s
03:06:57 perf static_binary_x300 off: 0.148s
03:06:57 perf static_binary_x300 off: 0.149s
03:07:01 perf static_binary_x300 on: 0.150s
03:07:05 perf static_binary_x300 on: 0.151s
03:07:05 perf static_binary_x300 off: 0.148s
03:07:05 perf static_binary_x300 off: 0.142s
03:07:09 perf static_binary_x300 on: 0.151s
03:07:13 perf static_binary_x300 on: 0.151s
03:07:13 perf static_binary_x300 off: 0.142s
03:07:13 perf static_binary_x300 off: 0.148s
03:07:17 perf static_binary_x300 on: 0.153s
03:07:21 perf static_binary_x300 on: 0.150s
03:07:21 perf static_binary_x300 off: 0.143s
03:07:21 perf static_binary_x300 off: 0.148s
03:07:25 perf static_binary_x300 on: 0.152s
03:07:29 perf static_binary_x300 on: 0.149s
03:07:29 perf static_binary_x300 off: 0.147s
03:07:30 perf static_binary_x300 off: 0.145s
03:07:34 perf static_binary_x300 on: 0.149s
03:07:38 perf static_binary_x300 on: 0.146s
03:07:38 perf static_binary_x300 off: 0.147s
03:07:38 perf static_binary_x300 off: 0.144s
03:07:42 perf static_binary_x300 on: 0.154s
03:07:46 perf static_binary_x300 on: 0.149s
03:07:46 perf static_binary_x300 off: 0.147s
03:07:50 verdict PASS; failed: []
