14:16:38 idle 10.0 min: collector CPU 0.41s (0.068% of a core), memory 73.4 MB, store +-4301 KiB, 0 events
14:16:52 msvc_240_units_mp8 warmup off: 2.618s
14:17:01 msvc_240_units_mp8 warmup on: 2.718s
14:17:09 msvc_240_units_mp8 warmup off: 2.654s
14:17:17 msvc_240_units_mp8 warmup on: 2.623s
14:17:26 msvc_240_units_mp8 off: 2.682s
14:17:34 msvc_240_units_mp8 on: 2.674s
14:17:41 msvc_240_units_mp8 on: 2.569s
14:17:49 msvc_240_units_mp8 off: 2.611s
14:17:56 msvc_240_units_mp8 off: 2.728s
14:18:05 msvc_240_units_mp8 on: 2.809s
14:18:13 msvc_240_units_mp8 on: 3.295s
14:18:22 msvc_240_units_mp8 off: 2.962s
14:18:29 msvc_240_units_mp8 off: 3.043s
14:18:38 msvc_240_units_mp8 on: 3.130s
14:18:46 msvc_240_units_mp8 on: 3.088s
14:18:55 msvc_240_units_mp8 off: 2.868s
14:19:01 msvc_240_units_mp8 off: 2.994s
14:19:10 msvc_240_units_mp8 on: 2.605s
14:19:17 msvc_240_units_mp8 on: 2.562s
14:19:26 msvc_240_units_mp8 off: 3.089s
14:19:33 msvc_240_units_mp8 off: 3.118s
14:19:42 msvc_240_units_mp8 on: 3.315s
14:19:50 msvc_240_units_mp8 on: 3.253s
14:19:58 msvc_240_units_mp8 off: 2.489s
14:20:04 msvc_240_units_mp8 off: 2.786s
14:20:13 msvc_240_units_mp8 on: 2.873s
14:20:21 msvc_240_units_mp8 on: 2.742s
14:20:29 msvc_240_units_mp8 off: 2.761s
14:20:36 msvc_240_units_mp8 off: 2.797s
14:20:45 msvc_240_units_mp8 on: 2.710s
14:20:52 msvc_240_units_mp8 on: 3.024s
14:21:01 msvc_240_units_mp8 off: 2.435s
14:21:08 msvc_240_units_mp8 off: 2.752s
14:21:16 msvc_240_units_mp8 on: 2.869s
14:21:24 msvc_240_units_mp8 on: 2.713s
14:21:32 msvc_240_units_mp8 off: 2.731s
14:21:38 msvc_240_units_mp8 off: 2.638s
14:21:47 msvc_240_units_mp8 on: 2.737s
14:21:54 msvc_240_units_mp8 on: 2.995s
14:22:03 msvc_240_units_mp8 off: 2.889s
14:22:10 msvc_240_units_mp8 off: 3.135s
14:22:20 msvc_240_units_mp8 on: 3.370s
14:22:28 msvc_240_units_mp8 on: 3.321s
14:22:37 msvc_240_units_mp8 off: 3.007s
14:22:37 msvc_240_units_mp8: median paired overhead +3.40% (CI90 -0.29 .. +5.86)
14:22:39 vite_build warmup off: 0.352s
14:22:43 vite_build warmup on: 0.373s
14:22:47 vite_build warmup off: 0.380s
14:22:50 vite_build warmup on: 0.358s
14:22:54 vite_build off: 0.410s
14:22:58 vite_build on: 0.409s
14:23:00 vite_build on: 0.359s
14:23:04 vite_build off: 0.389s
14:23:06 vite_build off: 0.421s
14:23:10 vite_build on: 0.358s
14:23:12 vite_build on: 0.392s
14:23:15 vite_build off: 0.370s
14:23:17 vite_build off: 0.361s
14:23:21 vite_build on: 0.384s
14:23:23 vite_build on: 0.358s
14:23:27 vite_build off: 0.388s
14:23:29 vite_build off: 0.371s
14:23:33 vite_build on: 0.392s
14:23:35 vite_build on: 0.363s
14:23:39 vite_build off: 0.393s
14:23:41 vite_build off: 0.392s
14:23:44 vite_build on: 0.350s
14:23:47 vite_build on: 0.370s
14:23:51 vite_build off: 0.363s
14:23:52 vite_build off: 0.394s
14:23:56 vite_build on: 0.362s
14:23:58 vite_build on: 0.349s
14:24:02 vite_build off: 0.369s
14:24:04 vite_build off: 0.433s
14:24:08 vite_build on: 0.369s
14:24:10 vite_build on: 0.390s
14:24:13 vite_build off: 0.395s
14:24:15 vite_build off: 0.400s
14:24:19 vite_build on: 0.357s
14:24:21 vite_build on: 0.403s
14:24:25 vite_build off: 0.402s
14:24:27 vite_build off: 0.369s
14:24:31 vite_build on: 0.364s
14:24:33 vite_build on: 0.360s
14:24:37 vite_build off: 0.396s
14:24:38 vite_build off: 0.380s
14:24:42 vite_build on: 0.389s
14:24:45 vite_build on: 0.384s
14:24:48 vite_build off: 0.363s
14:24:48 vite_build: median paired overhead -3.34% (CI90 -7.76 .. +0.16)
14:24:54 native_exe_x300 warmup off: 2.316s
14:25:02 native_exe_x300 warmup on: 2.419s
14:25:09 native_exe_x300 warmup off: 2.301s
14:25:17 native_exe_x300 warmup on: 2.372s
14:25:25 native_exe_x300 off: 2.315s
14:25:33 native_exe_x300 on: 2.381s
14:25:39 native_exe_x300 on: 2.322s
14:25:47 native_exe_x300 off: 2.473s
14:25:53 native_exe_x300 off: 2.442s
14:26:01 native_exe_x300 on: 2.359s
14:26:08 native_exe_x300 on: 2.376s
14:26:16 native_exe_x300 off: 2.400s
14:26:21 native_exe_x300 off: 2.303s
14:26:29 native_exe_x300 on: 2.442s
14:26:36 native_exe_x300 on: 2.326s
14:26:43 native_exe_x300 off: 2.372s
14:26:49 native_exe_x300 off: 2.347s
14:26:57 native_exe_x300 on: 2.435s
14:27:04 native_exe_x300 on: 2.342s
14:27:12 native_exe_x300 off: 2.391s
14:27:18 native_exe_x300 off: 2.443s
14:27:25 native_exe_x300 on: 2.404s
14:27:32 native_exe_x300 on: 2.510s
14:27:40 native_exe_x300 off: 2.406s
14:27:46 native_exe_x300 off: 2.421s
14:27:54 native_exe_x300 on: 2.402s
14:28:00 native_exe_x300 on: 2.496s
14:28:08 native_exe_x300 off: 2.348s
14:28:14 native_exe_x300 off: 2.377s
14:28:22 native_exe_x300 on: 2.361s
14:28:28 native_exe_x300 on: 2.371s
14:28:36 native_exe_x300 off: 2.325s
14:28:42 native_exe_x300 off: 2.333s
14:28:50 native_exe_x300 on: 2.359s
14:28:56 native_exe_x300 on: 2.428s
14:29:04 native_exe_x300 off: 2.611s
14:29:10 native_exe_x300 off: 2.329s
14:29:18 native_exe_x300 on: 2.307s
14:29:24 native_exe_x300 on: 2.296s
14:29:32 native_exe_x300 off: 2.395s
14:29:38 native_exe_x300 off: 2.417s
14:29:46 native_exe_x300 on: 2.319s
14:29:52 native_exe_x300 on: 2.362s
14:30:00 native_exe_x300 off: 2.419s
14:30:00 native_exe_x300: median paired overhead -0.97% (CI90 -2.03 .. +1.13)
14:30:19 PASS idle_cpu_below_1pct_of_a_core
14:30:19 PASS zero_loss
14:30:19 PASS why_cli_median_lt_100ms
14:30:19 PASS label_cli_median_lt_100ms
14:30:19 PASS msvc_240_units_mp8.median_paired_overhead_lt_5pct
14:30:19 PASS vite_build.median_paired_overhead_lt_5pct
14:30:19 PASS native_exe_x300.median_paired_overhead_lt_5pct
14:30:19 verdict PASS
