19:07:09 graduation: user=runner base=/home/runner/whyfs-graduation-ws
19:07:12 functional: static binary
19:07:12 functional: parallel build #1 (clean)
19:07:13 functional: header change -> build #2
19:07:14 functional: source change -> build #3
19:07:14 functional: vite build + postbuild
19:07:14 functional: copy / rename / move chain
19:07:19 perf make_j8_36_units warmup off: 0.245s
19:07:23 perf make_j8_36_units warmup on: 0.253s
19:07:24 perf make_j8_36_units warmup off: 0.252s
19:07:27 perf make_j8_36_units warmup on: 0.252s
19:07:28 perf make_j8_36_units off: 0.257s
19:07:32 perf make_j8_36_units on: 0.253s
19:07:36 perf make_j8_36_units on: 0.254s
19:07:36 perf make_j8_36_units off: 0.252s
19:07:36 perf make_j8_36_units off: 0.253s
19:07:40 perf make_j8_36_units on: 0.256s
19:07:44 perf make_j8_36_units on: 0.262s
19:07:44 perf make_j8_36_units off: 0.251s
19:07:45 perf make_j8_36_units off: 0.254s
19:07:49 perf make_j8_36_units on: 0.258s
19:07:53 perf make_j8_36_units on: 0.287s
19:07:53 perf make_j8_36_units off: 0.247s
19:07:53 perf make_j8_36_units off: 0.249s
19:07:57 perf make_j8_36_units on: 0.260s
19:08:01 perf make_j8_36_units on: 0.258s
19:08:02 perf make_j8_36_units off: 0.257s
19:08:02 perf make_j8_36_units off: 0.278s
19:08:06 perf make_j8_36_units on: 0.254s
19:08:10 perf make_j8_36_units on: 0.261s
19:08:10 perf make_j8_36_units off: 0.258s
19:08:10 perf make_j8_36_units off: 0.257s
19:08:14 perf make_j8_36_units on: 0.259s
19:08:18 perf make_j8_36_units on: 0.257s
19:08:19 perf make_j8_36_units off: 0.257s
19:08:19 perf make_j8_36_units off: 0.260s
19:08:23 perf make_j8_36_units on: 0.261s
19:08:27 perf make_j8_36_units on: 0.268s
19:08:27 perf make_j8_36_units off: 0.258s
19:08:28 perf make_j8_36_units off: 0.259s
19:08:32 perf make_j8_36_units on: 0.260s
19:08:36 perf make_j8_36_units on: 0.259s
19:08:36 perf make_j8_36_units off: 0.255s
19:08:36 perf make_j8_36_units off: 0.261s
19:08:40 perf make_j8_36_units on: 0.267s
19:08:44 perf make_j8_36_units on: 0.267s
19:08:45 perf make_j8_36_units off: 0.260s
19:08:45 perf make_j8_36_units off: 0.253s
19:08:49 perf make_j8_36_units on: 0.275s
19:08:53 perf make_j8_36_units on: 0.256s
19:08:53 perf make_j8_36_units off: 0.257s
19:08:54 perf vite_build warmup off: 0.257s
19:08:58 perf vite_build warmup on: 0.251s
19:08:58 perf vite_build warmup off: 0.247s
19:09:02 perf vite_build warmup on: 0.252s
19:09:02 perf vite_build off: 0.254s
19:09:06 perf vite_build on: 0.251s
19:09:10 perf vite_build on: 0.254s
19:09:10 perf vite_build off: 0.245s
19:09:11 perf vite_build off: 0.257s
19:09:14 perf vite_build on: 0.249s
19:09:18 perf vite_build on: 0.250s
19:09:19 perf vite_build off: 0.250s
19:09:19 perf vite_build off: 0.249s
19:09:23 perf vite_build on: 0.259s
19:09:27 perf vite_build on: 0.254s
19:09:27 perf vite_build off: 0.251s
19:09:27 perf vite_build off: 0.251s
19:09:31 perf vite_build on: 0.259s
19:09:35 perf vite_build on: 0.250s
19:09:36 perf vite_build off: 0.251s
19:09:36 perf vite_build off: 0.252s
19:09:40 perf vite_build on: 0.242s
19:09:44 perf vite_build on: 0.259s
19:09:44 perf vite_build off: 0.253s
19:09:44 perf vite_build off: 0.260s
19:09:48 perf vite_build on: 0.257s
19:09:52 perf vite_build on: 0.249s
19:09:53 perf vite_build off: 0.258s
19:09:53 perf vite_build off: 0.246s
19:09:57 perf vite_build on: 0.252s
19:10:01 perf vite_build on: 0.251s
19:10:01 perf vite_build off: 0.250s
19:10:01 perf vite_build off: 0.248s
19:10:05 perf vite_build on: 0.242s
19:10:09 perf vite_build on: 0.254s
19:10:10 perf vite_build off: 0.248s
19:10:10 perf vite_build off: 0.249s
19:10:14 perf vite_build on: 0.247s
19:10:18 perf vite_build on: 0.255s
19:10:18 perf vite_build off: 0.249s
19:10:18 perf vite_build off: 0.250s
19:10:22 perf vite_build on: 0.249s
19:10:26 perf vite_build on: 0.249s
19:10:26 perf vite_build off: 0.242s
19:10:27 perf static_binary_x300 warmup off: 0.139s
19:10:30 perf static_binary_x300 warmup on: 0.142s
19:10:31 perf static_binary_x300 warmup off: 0.142s
19:10:34 perf static_binary_x300 warmup on: 0.140s
19:10:34 perf static_binary_x300 off: 0.136s
19:10:38 perf static_binary_x300 on: 0.142s
19:10:42 perf static_binary_x300 on: 0.135s
19:10:42 perf static_binary_x300 off: 0.136s
19:10:42 perf static_binary_x300 off: 0.136s
19:10:46 perf static_binary_x300 on: 0.141s
19:10:50 perf static_binary_x300 on: 0.137s
19:10:50 perf static_binary_x300 off: 0.139s
19:10:50 perf static_binary_x300 off: 0.138s
19:10:54 perf static_binary_x300 on: 0.138s
19:10:58 perf static_binary_x300 on: 0.140s
19:10:58 perf static_binary_x300 off: 0.138s
19:10:58 perf static_binary_x300 off: 0.133s
19:11:02 perf static_binary_x300 on: 0.136s
19:11:05 perf static_binary_x300 on: 0.138s
19:11:06 perf static_binary_x300 off: 0.140s
19:11:06 perf static_binary_x300 off: 0.136s
19:11:10 perf static_binary_x300 on: 0.139s
19:11:13 perf static_binary_x300 on: 0.142s
19:11:13 perf static_binary_x300 off: 0.132s
19:11:14 perf static_binary_x300 off: 0.138s
19:11:17 perf static_binary_x300 on: 0.140s
19:11:21 perf static_binary_x300 on: 0.143s
19:11:21 perf static_binary_x300 off: 0.136s
19:11:21 perf static_binary_x300 off: 0.137s
19:11:25 perf static_binary_x300 on: 0.146s
19:11:29 perf static_binary_x300 on: 0.140s
19:11:29 perf static_binary_x300 off: 0.132s
19:11:29 perf static_binary_x300 off: 0.135s
19:11:33 perf static_binary_x300 on: 0.145s
19:11:37 perf static_binary_x300 on: 0.142s
19:11:37 perf static_binary_x300 off: 0.132s
19:11:37 perf static_binary_x300 off: 0.137s
19:11:41 perf static_binary_x300 on: 0.140s
19:11:45 perf static_binary_x300 on: 0.141s
19:11:45 perf static_binary_x300 off: 0.135s
19:11:45 perf static_binary_x300 off: 0.135s
19:11:49 perf static_binary_x300 on: 0.144s
19:11:53 perf static_binary_x300 on: 0.148s
19:11:54 perf static_binary_x300 off: 0.140s
19:11:57 verdict PASS; failed: []
