09:58:27 git HEAD 16b0e2b dirty=0
09:58:27 == workload static
09:58:30   agent pid 60878 store worker 60879 src /home/ftmon/whyfs/src batched_handoff=True
09:58:33   agent pid 60889 store worker 60890 src /home/ftmon/whyfs/src batched_handoff=True
09:58:37   agent pid 60900 store worker 60901 src /home/ftmon/whyfs/src batched_handoff=True
09:58:44     round 0: A=125.3 M0=130.6 M1=134.0 M2=133.7
09:59:21     round 5: A=124.4 M0=128.1 M1=132.6 M2=130.1
09:59:57     round 10: A=126.8 M0=130.6 M1=131.7 M2=132.9
10:00:33     round 15: A=126.7 M0=133.7 M1=130.1 M2=127.3
10:01:09     round 20: A=124.0 M0=131.8 M1=131.9 M2=129.6
10:01:44     round 25: A=122.4 M0=127.8 M1=132.1 M2=131.0
10:02:20     round 30: A=123.5 M0=133.0 M1=133.6 M2=130.2
10:02:56     round 35: A=123.8 M0=129.1 M1=131.0 M2=134.6
10:03:32     round 40: A=123.4 M0=133.4 M1=127.0 M2=130.0
10:03:32     added ms: M0 +6.36  M1 +5.57  M2 +5.66  | M0-M1 +0.39 (CI90 -0.71..+1.91)  | M0-M2 +1.69 (CI90 +0.14..+2.05)
10:03:32     records received/submitted per run: M0 3748/3014  M1 3748/3014  M2 3748/3014
10:03:39     BPF run time M0: 3.016 ms/run (open 1257 us, perm 885 us)
10:03:46     BPF run time M1: 2.921 ms/run (open 1163 us, perm 904 us)
10:03:53     BPF run time M2: 2.913 ms/run (open 842 us, perm 1189 us)
10:03:53 == workload make
10:03:56   agent pid 19648 store worker 19649 src /home/ftmon/whyfs/src batched_handoff=True
10:03:59   agent pid 19659 store worker 19660 src /home/ftmon/whyfs/src batched_handoff=True
10:04:03   agent pid 19670 store worker 19671 src /home/ftmon/whyfs/src batched_handoff=True
10:04:10     round 0: A=85.2 M0=91.4 M1=96.3 M2=99.0
10:04:45     round 5: A=109.9 M0=98.0 M1=96.7 M2=102.9
10:05:19     round 10: A=88.6 M0=94.9 M1=99.1 M2=90.2
10:05:54     round 15: A=93.1 M0=99.3 M1=91.1 M2=95.3
10:06:30     round 20: A=93.5 M0=102.0 M1=94.6 M2=89.7
10:07:04     round 25: A=98.0 M0=96.6 M1=97.6 M2=92.3
10:07:40     round 30: A=90.3 M0=100.5 M1=102.3 M2=101.6
10:07:40     added ms: M0 +6.79  M1 +5.96  M2 +1.77  | M0-M1 +0.91 (CI90 -1.69..+3.70)  | M0-M2 +4.51 (CI90 +1.29..+6.69)
10:07:40     records received/submitted per run: M0 4793/808  M1 4793/808  M2 4793/808
10:07:46     BPF run time M0: 6.106 ms/run (open 3065 us, perm 1490 us)
10:07:52     BPF run time M1: 5.499 ms/run (open 2590 us, perm 1488 us)
10:07:58     BPF run time M2: 5.623 ms/run (open 1988 us, perm 1950 us)
10:07:59 == workload vite
10:08:02   agent pid 38309 store worker 38310 src /home/ftmon/whyfs/src batched_handoff=True
10:08:06   agent pid 38320 store worker 38321 src /home/ftmon/whyfs/src batched_handoff=True
10:08:09   agent pid 38331 store worker 38332 src /home/ftmon/whyfs/src batched_handoff=True
10:08:17     round 0: A=317.1 M0=313.8 M1=299.1 M2=316.8
10:08:56     round 5: A=320.6 M0=316.1 M1=308.8 M2=311.1
10:09:36     round 10: A=316.9 M0=303.1 M1=303.1 M2=312.4
10:10:15     round 15: A=315.7 M0=307.5 M1=309.4 M2=311.4
10:10:55     round 20: A=313.3 M0=308.8 M1=312.6 M2=313.1
10:11:34     round 25: A=314.7 M0=313.2 M1=316.8 M2=306.7
10:12:14     round 30: A=334.1 M0=314.0 M1=316.9 M2=331.2
10:12:14     added ms: M0 -0.55  M1 +3.02  M2 +0.74  | M0-M1 -2.00 (CI90 -3.79..-0.08)  | M0-M2 -0.87 (CI90 -3.95..+0.84)
10:12:14     records received/submitted per run: M0 881/91  M1 881/91  M2 879/91
10:12:23     BPF run time M0: 0.911 ms/run (open 437 us, perm 251 us)
10:12:33     BPF run time M1: 0.839 ms/run (open 392 us, perm 248 us)
10:12:42     BPF run time M2: 0.794 ms/run (open 259 us, perm 301 us)
10:12:43 wrote /home/ftmon/whyfs-ioseen/exp-16b0e2b
