11:17:47   agent pid 27682 store worker 27683 src /home/ftmon/whyfs/src batched_handoff=True
11:17:48 rotated rounds A / B / E / N0 / NF
11:17:57   round 0: A=126.5 B=134.5 E=129.3 N0=132.3 NF=132.4
11:18:45   round 5: A=132.0 B=129.1 E=131.8 N0=132.4 NF=137.2
11:19:32   round 10: A=123.6 B=128.0 E=127.4 N0=136.9 NF=136.1
11:20:19   round 15: A=125.1 B=126.5 E=129.5 N0=127.7 NF=129.6
11:21:07   round 20: A=121.6 B=132.8 E=128.8 N0=131.8 NF=130.7
11:21:54   round 25: A=127.5 B=132.6 E=128.7 N0=131.8 NF=130.7
11:22:41   round 30: A=124.0 B=131.5 E=134.9 N0=133.4 NF=133.5
11:23:30   round 35: A=126.9 B=128.6 E=131.9 N0=133.5 NF=131.9
11:24:17   round 40: A=122.3 B=131.6 E=132.1 N0=131.1 NF=132.0
11:24:17   B-A: +3.99 ms (CI90 +2.36..+5.13)
11:24:17   E-A: +4.12 ms (CI90 +2.92..+5.26)
11:24:17   N0-A: +4.43 ms (CI90 +3.66..+5.77)
11:24:17   NF-A: +6.07 ms (CI90 +5.22..+8.14)
11:24:17   E-B: +0.43 ms (CI90 -0.61..+1.59)
11:24:17   NF-N0: +1.76 ms (CI90 +0.12..+2.70)
11:24:17   N0-B: +0.05 ms (CI90 -0.62..+2.26)
11:24:17   E-NF: -2.12 ms (CI90 -3.48..-1.66)
11:24:17   overhead B: +3.16% (CI90 +1.80..+4.04)
11:24:17   overhead E: +3.28% (CI90 +2.32..+4.19)
11:24:17   overhead N0: +3.53% (CI90 +2.91..+4.59)
11:24:17   overhead NF: +4.84% (CI90 +4.07..+6.42)
11:24:17 wrote /tmp/v02-native-integrated
