07:01:18 cycle rate 4.386 GHz per processor, 2 processor(s)
07:01:25 normal off warmup: 1.422s busy 2121.78 ms collector None ms (+None after)
07:01:31 normal on warmup: 1.526s busy 2274.87 ms collector 12.25 ms (+0.04 after)
07:01:37 normal off: 1.388s busy 2072.55 ms collector None ms (+None after)
07:01:43 normal on: 1.771s busy 3168.84 ms collector 16.5 ms (+1.34 after)
07:01:47 normal on: 1.498s busy 2252.77 ms collector 29.66 ms (+2.21 after)
07:01:53 normal off: 1.395s busy 2086.67 ms collector None ms (+None after)
07:01:58 normal off: 1.394s busy 2081.78 ms collector None ms (+None after)
07:02:03 normal on: 1.462s busy 2186.29 ms collector 5.43 ms (+5.35 after)
07:02:08 normal on: 1.439s busy 2177.93 ms collector 28.7 ms (+1.72 after)
07:02:14 normal off: 1.379s busy 2080.44 ms collector None ms (+None after)
07:02:18 normal off: 1.426s busy 2114.64 ms collector None ms (+None after)
07:02:24 normal on: 1.446s busy 2163.05 ms collector 6.13 ms (+1.46 after)
07:02:29 normal on: 1.435s busy 2172.27 ms collector 28.64 ms (+1.68 after)
07:02:35 normal off: 1.356s busy 2037.11 ms collector None ms (+None after)
07:02:39 normal off: 1.376s busy 2067.56 ms collector None ms (+None after)
07:02:44 normal on: 1.473s busy 2231.53 ms collector 11.97 ms (+2.42 after)
07:02:49 normal on: 1.418s busy 2131.72 ms collector 19.75 ms (+13.21 after)
07:02:55 normal off: 1.365s busy 2034.28 ms collector None ms (+None after)
07:02:59 normal off: 1.349s busy 2039.49 ms collector None ms (+None after)
07:03:05 normal on: 1.366s busy 2044.69 ms collector 5.76 ms (+0.5 after)
07:03:09 normal on: 1.380s busy 2080.41 ms collector 21.2 ms (+1.13 after)
07:03:16 normal off: 1.350s busy 2014.81 ms collector None ms (+None after)
07:03:20 normal off: 1.322s busy 1985.31 ms collector None ms (+None after)
07:03:25 normal on: 1.394s busy 2086.41 ms collector 5.96 ms (+0.51 after)
07:03:30 normal on: 1.388s busy 2099.64 ms collector 21.95 ms (+14.1 after)
07:03:36 normal off: 1.349s busy 2008.45 ms collector None ms (+None after)
07:03:41 normal off: 1.364s busy 2042.98 ms collector None ms (+None after)
07:03:46 normal on: 1.371s busy 2055.43 ms collector 5.58 ms (+0.5 after)
07:03:51 normal on: 1.406s busy 2099.58 ms collector 22.06 ms (+12.81 after)
07:03:57 normal off: 1.353s busy 2041.53 ms collector None ms (+None after)
07:04:01 normal off: 1.337s busy 2008.24 ms collector None ms (+None after)
07:04:07 normal on: 1.367s busy 2047.63 ms collector 4.92 ms (+5.1 after)
07:04:11 normal on: 1.395s busy 2104.42 ms collector 27.23 ms (+7.27 after)
07:04:17 normal off: 1.301s busy 1940.4 ms collector None ms (+None after)
07:04:21 normal off: 1.310s busy 1957.61 ms collector None ms (+None after)
07:04:27 normal on: 1.401s busy 2097.73 ms collector 5.28 ms (+0.52 after)
07:04:31 normal on: 1.554s busy 2263.99 ms collector 43.01 ms (+1.6 after)
07:04:38 normal off: 1.294s busy 1929.05 ms collector None ms (+None after)
07:04:42 normal off: 1.387s busy 2051.94 ms collector None ms (+None after)
07:04:47 normal on: 1.363s busy 2044.57 ms collector 6.38 ms (+0.6 after)
07:04:52 normal on: 1.433s busy 2144.39 ms collector 29.68 ms (+1.69 after)
07:04:58 normal off: 1.298s busy 1939.78 ms collector None ms (+None after)
07:04:59 normal: median paired overhead 4.6%  {"collector": {"cpu_ms": 20.09, "ctx": 61.5, "write_ops": 0.0, "write_bytes": 0.0, "read_ops": 0.0}, "serve": {"cpu_ms": 0.07, "ctx": 2.0, "write_ops": 0.0, "write_bytes": 0.0, "read_ops": 0.0}, "svc": {"cpu_ms": 0.0, "ctx": 0.0, "write_ops": 0.0, "write_bytes": 0.0, "read_ops": 0.0}, "system": {"cpu_ms": 32.06, "ctx": 4809.5, "write_ops": 4.0, "write_bytes": 16384.0, "read_ops": 0.0}}
07:05:03 discard off warmup: 1.307s busy 1947.67 ms collector None ms (+None after)
07:05:09 discard on warmup: 1.399s busy 2082.29 ms collector 0.65 ms (+0.3 after)
07:05:15 discard off: 1.335s busy 2007.11 ms collector None ms (+None after)
07:05:20 discard on: 1.371s busy 2052.51 ms collector 0.64 ms (+0.35 after)
07:05:25 discard on: 1.408s busy 2101.95 ms collector 1.1 ms (+0.02 after)
07:05:30 discard off: 1.346s busy 2022.38 ms collector None ms (+None after)
07:05:35 discard off: 1.349s busy 2023.8 ms collector None ms (+None after)
07:05:40 discard on: 1.406s busy 2101.1 ms collector 0.73 ms (+0.33 after)
07:05:45 discard on: 1.377s busy 2059.03 ms collector 0.78 ms (+0.4 after)
07:05:50 discard off: 1.323s busy 1982.89 ms collector None ms (+None after)
07:05:54 discard off: 1.363s busy 2039.96 ms collector None ms (+None after)
07:06:00 discard on: 1.412s busy 2119.51 ms collector 0.69 ms (+0.01 after)
07:06:05 discard on: 1.375s busy 2049.7 ms collector 1.19 ms (+0.03 after)
07:06:10 discard off: 1.348s busy 2028.52 ms collector None ms (+None after)
07:06:14 discard off: 1.379s busy 2093.89 ms collector None ms (+None after)
07:06:20 discard on: 1.393s busy 2081.4 ms collector 0.81 ms (+0.01 after)
07:06:24 discard on: 1.380s busy 2063.47 ms collector 0.86 ms (+0.01 after)
07:06:30 discard off: 1.383s busy 2095.24 ms collector None ms (+None after)
07:06:34 discard off: 1.334s busy 1988.45 ms collector None ms (+None after)
07:06:40 discard on: 1.380s busy 2059.11 ms collector 0.69 ms (+0.28 after)
07:06:44 discard on: 1.395s busy 2088.62 ms collector 1.13 ms (+0.02 after)
07:06:50 discard off: 1.333s busy 1988.57 ms collector None ms (+None after)
07:06:54 discard off: 1.363s busy 2041.24 ms collector None ms (+None after)
07:06:59 discard on: 1.376s busy 2058.57 ms collector 0.8 ms (+0.32 after)
07:07:04 discard on: 1.372s busy 2048.57 ms collector 0.84 ms (+0.35 after)
07:07:10 discard off: 1.339s busy 1985.35 ms collector None ms (+None after)
07:07:14 discard off: 1.319s busy 1974.24 ms collector None ms (+None after)
07:07:19 discard on: 1.374s busy 2050.64 ms collector 0.8 ms (+0.34 after)
07:07:24 discard on: 1.384s busy 2068.55 ms collector 0.85 ms (+0.31 after)
07:07:29 discard off: 1.328s busy 1989.82 ms collector None ms (+None after)
07:07:33 discard off: 1.340s busy 1986.93 ms collector None ms (+None after)
07:07:39 discard on: 1.384s busy 2075.95 ms collector 0.62 ms (+0.32 after)
07:07:43 discard on: 1.371s busy 2052.35 ms collector 1.2 ms (+0.01 after)
07:07:49 discard off: 1.328s busy 1987.77 ms collector None ms (+None after)
07:07:53 discard off: 1.328s busy 1972.42 ms collector None ms (+None after)
07:07:59 discard on: 1.369s busy 2043.44 ms collector 0.73 ms (+0.02 after)
07:08:03 discard on: 1.363s busy 2034.55 ms collector 1.22 ms (+0.02 after)
07:08:09 discard off: 1.342s busy 2012.5 ms collector None ms (+None after)
07:08:13 discard off: 1.320s busy 1998.16 ms collector None ms (+None after)
07:08:18 discard on: 1.408s busy 2099.57 ms collector 0.75 ms (+0.31 after)
07:08:23 discard on: 1.364s busy 2037.06 ms collector 1.19 ms (+0.02 after)
07:08:28 discard off: 1.336s busy 1991.26 ms collector None ms (+None after)
07:08:29 discard: median paired overhead 3.25%  {"collector": {"cpu_ms": 1.12, "ctx": 33.0, "write_ops": 0.0, "write_bytes": 0.0, "read_ops": 0.0}, "serve": {"cpu_ms": 0.07, "ctx": 2.0, "write_ops": 0.0, "write_bytes": 0.0, "read_ops": 0.0}, "svc": {"cpu_ms": 0.0, "ctx": 0.0, "write_ops": 0.0, "write_bytes": 0.0, "read_ops": 0.0}, "system": {"cpu_ms": 34.06, "ctx": 4763.5, "write_ops": 4.0, "write_bytes": 16384.0, "read_ops": 0.0}}
07:08:34 no_write off warmup: 1.341s busy 2010.8 ms collector None ms (+None after)
07:08:39 no_write on warmup: 1.383s busy 2072.01 ms collector 5.62 ms (+3.58 after)
07:08:45 no_write off: 1.315s busy 1972.51 ms collector None ms (+None after)
07:08:50 no_write on: 1.374s busy 2061.94 ms collector 6.58 ms (+1.59 after)
07:08:55 no_write on: 1.385s busy 2096.9 ms collector 22.87 ms (+1.08 after)
07:09:00 no_write off: 1.386s busy 2056.47 ms collector None ms (+None after)
07:09:04 no_write off: 1.326s busy 1979.42 ms collector None ms (+None after)
07:09:10 no_write on: 1.368s busy 2051.37 ms collector 6.59 ms (+0.04 after)
07:09:14 no_write on: 1.368s busy 2059.76 ms collector 21.07 ms (+2.84 after)
07:09:20 no_write off: 1.325s busy 1976.8 ms collector None ms (+None after)
07:09:24 no_write off: 1.322s busy 1977.93 ms collector None ms (+None after)
07:09:30 no_write on: 1.407s busy 2094.05 ms collector 5.36 ms (+6.13 after)
07:09:34 no_write on: 1.392s busy 2094.88 ms collector 19.77 ms (+1.7 after)
07:09:40 no_write off: 1.326s busy 1994.62 ms collector None ms (+None after)
07:09:44 no_write off: 1.408s busy 2060.03 ms collector None ms (+None after)
07:09:49 no_write on: 1.371s busy 2051.69 ms collector 5.57 ms (+0.46 after)
07:09:54 no_write on: 1.419s busy 2110.59 ms collector 20.84 ms (+1.9 after)
07:10:00 no_write off: 1.334s busy 1978.57 ms collector None ms (+None after)
07:10:04 no_write off: 1.319s busy 1969.75 ms collector None ms (+None after)
07:10:09 no_write on: 1.372s busy 2059.23 ms collector 7.16 ms (+0.04 after)
07:10:14 no_write on: 1.378s busy 2079.19 ms collector 20.84 ms (+2.06 after)
07:10:19 no_write off: 1.315s busy 1965.53 ms collector None ms (+None after)
07:10:23 no_write off: 1.316s busy 1965.8 ms collector None ms (+None after)
07:10:29 no_write on: 1.376s busy 2061.67 ms collector 5.76 ms (+0.02 after)
07:10:33 no_write on: 1.386s busy 2090.95 ms collector 21.6 ms (+2.0 after)
07:10:39 no_write off: 1.327s busy 1988.2 ms collector None ms (+None after)
07:10:43 no_write off: 1.342s busy 2032.86 ms collector None ms (+None after)
07:10:48 no_write on: 1.368s busy 2054.38 ms collector 5.43 ms (+0.46 after)
07:10:53 no_write on: 1.383s busy 2077.2 ms collector 19.83 ms (+1.79 after)
07:10:59 no_write off: 1.470s busy 2142.74 ms collector None ms (+None after)
07:11:03 no_write off: 1.338s busy 1998.1 ms collector None ms (+None after)
07:11:08 no_write on: 1.382s busy 2067.33 ms collector 5.66 ms (+0.5 after)
07:11:13 no_write on: 1.403s busy 2138.36 ms collector 21.97 ms (+2.04 after)
07:11:19 no_write off: 1.328s busy 1993.03 ms collector None ms (+None after)
07:11:23 no_write off: 1.334s busy 1998.03 ms collector None ms (+None after)
07:11:28 no_write on: 1.385s busy 2069.22 ms collector 3.41 ms (+4.56 after)
07:11:33 no_write on: 1.402s busy 2113.7 ms collector 20.82 ms (+1.81 after)
07:11:38 no_write off: 1.367s busy 2085.26 ms collector None ms (+None after)
07:11:43 no_write off: 1.362s busy 2060.3 ms collector None ms (+None after)
07:11:48 no_write on: 1.413s busy 2119.09 ms collector 7.3 ms (+1.33 after)
07:11:53 no_write on: 1.426s busy 2141.87 ms collector 22.58 ms (+1.69 after)
07:11:58 no_write off: 1.385s busy 2062.71 ms collector None ms (+None after)
07:11:59 no_write: median paired overhead 3.78%  {"collector": {"cpu_ms": 16.48, "ctx": 55.0, "write_ops": 0.0, "write_bytes": 0.0, "read_ops": 0.0}, "serve": {"cpu_ms": 0.07, "ctx": 2.0, "write_ops": 0.0, "write_bytes": 0.0, "read_ops": 0.0}, "svc": {"cpu_ms": 0.0, "ctx": 0.0, "write_ops": 0.0, "write_bytes": 0.0, "read_ops": 0.0}, "system": {"cpu_ms": 34.51, "ctx": 4807.5, "write_ops": 4.0, "write_bytes": 16384.0, "read_ops": 0.0}}
