  PASS A.no_init_file_is_labelled
  PASS A.creator_is_the_writing_process
  PASS A.user_recorded
  PASS A.input_recorded
  PASS A.file_identity_matches
  PASS A.no_workspace_store_created
  PASS B.desktop_labelled
  PASS B.documents_labelled
  PASS B.source_labelled
  PASS B.custom_labelled
  PASS C.moved_file_keeps_provenance
  PASS C.original_writer_and_input_follow
  PASS C.identity_follows_the_move
  PASS C.old_path_not_labelled_as_existing
  PASS D.normal_app_labelled
  PASS D.no_agent_claimed
  PASS D.user_recorded
  PASS E.agent_output_labelled
  PASS E.actual_creator_is_the_generator
  PASS E.real_process_chain_kept
  PASS E.session_attached
  PASS E.evidence_says_both
  PASS E.default_root_session_attaches
  PASS F.second_agent_attributed_separately
  PASS F.files_by_agent_do_not_merge
  PASS F.b_read_a_output_is_an_input_not_an_attribution
  PASS F.sessions_ended_and_owned
  PASS G.unregistered_program_os_provenance
  PASS G.agent_unknown_not_invented
  PASS H.task_text_as_supplied
  PASS H.no_task_no_intent
  PASS P.secret_command_redacted
  PASS P.other_users_records_invisible
  PASS P.administrator_sees_all
  PASS P.store_free_of_secrets
  PASS label_text_renders
  PASS label_text_survives_a_pipe
  PASS U.file_manager_entries_installed
  PASS U.window_opens_from_menu_command
  PASS U.same_label_in_window_api_and_cli
  PASS U.label_answers_the_canonical_questions
  PASS U.search_by_name
  PASS U.search_by_agent_session
  PASS U.search_by_creator_and_time
  PASS U.impact_lists_generated_outputs
  PASS U.impact_never_claims_safe_removal
  PASS U.completeness_reported
  PASS zero_loss
product gate on Linux x86_64: 48/48 checks
