16:10:57 functional fixtures
16:11:09   PASS creator_attribution_ge_99pct
16:11:09   PASS useful_input_recall_ge_95pct
16:11:09   PASS no_unlabelled_false_lineage
16:11:09   PASS msvc_header_impact_reaches_all_includers_and_app
16:11:09   PASS msvc_header_impact_excludes_non_includer
16:11:09   PASS msvc_source_impact_reaches_its_object_and_app
16:11:09   PASS msvc_source_impact_other_objects_only_as_labelled_shared
16:11:09   PASS incremental_rebuild_history
16:11:09   PASS rename_chain_steps_recorded
16:11:09   PASS rename_impact_reaches_final_name
16:11:09   PASS recreate_history_two_writes
16:11:09   PASS parent_child_parent_is_cmd
16:11:09   PASS vite_human_view_hides_node_modules
16:11:09   PASS vite_raw_view_retains_dependency_reads
16:11:09   PASS vite_transitive_impact_to_postbuild
16:11:09   PASS paths_absolute_dos_and_in_scope
16:11:09   PASS no_state_dir_evidence
16:11:09   PASS zero_loss
16:11:09   PASS no_foreign_file_object_attribution
16:11:09   accuracy {'tested_outputs': 64, 'creator_attribution': 1.0, 'expected_inputs': 142, 'found_inputs': 142, 'useful_input_recall': 1.0, 'unlabelled_false_inputs': 0, 'foreign_file_objects_rejected': 5}
16:11:15 perf msvc_36_units_mp8 warmup off: 0.555s
16:11:18 perf msvc_36_units_mp8 warmup on: 0.427s
16:11:18 perf msvc_36_units_mp8 warmup off: 0.437s
16:11:21 perf msvc_36_units_mp8 warmup on: 0.410s
16:11:21 perf msvc_36_units_mp8 off: 0.409s
16:11:24 perf msvc_36_units_mp8 on: 0.411s
16:11:26 perf msvc_36_units_mp8 on: 0.218s
16:11:26 perf msvc_36_units_mp8 off: 0.405s
16:11:27 perf msvc_36_units_mp8 off: 0.366s
16:11:29 perf msvc_36_units_mp8 on: 0.209s
16:11:31 perf msvc_36_units_mp8 on: 0.207s
16:11:32 perf msvc_36_units_mp8 off: 0.400s
16:11:32 perf msvc_36_units_mp8 off: 0.405s
16:11:34 perf msvc_36_units_mp8 on: 0.198s
16:11:37 perf msvc_36_units_mp8 on: 0.421s
16:11:37 perf msvc_36_units_mp8 off: 0.404s
16:11:38 perf msvc_36_units_mp8 off: 0.367s
16:11:40 perf msvc_36_units_mp8 on: 0.227s
16:11:43 perf msvc_36_units_mp8 on: 0.347s
16:11:43 perf msvc_36_units_mp8 off: 0.390s
16:11:43 perf msvc_36_units_mp8 off: 0.203s
16:11:46 perf msvc_36_units_mp8 on: 0.392s
16:11:48 perf msvc_36_units_mp8 on: 0.222s
16:11:48 perf msvc_36_units_mp8 off: 0.411s
16:11:49 perf msvc_36_units_mp8 off: 0.284s
16:11:51 perf msvc_36_units_mp8 on: 0.217s
16:11:53 perf msvc_36_units_mp8 on: 0.212s
16:11:54 perf msvc_36_units_mp8 off: 0.401s
16:11:54 perf msvc_36_units_mp8 off: 0.411s
16:11:57 perf msvc_36_units_mp8 on: 0.267s
16:11:59 perf msvc_36_units_mp8 on: 0.388s
16:12:00 perf msvc_36_units_mp8 off: 0.423s
16:12:00 perf msvc_36_units_mp8 off: 0.445s
16:12:02 perf msvc_36_units_mp8 on: 0.206s
16:12:05 perf msvc_36_units_mp8 on: 0.474s
16:12:06 perf msvc_36_units_mp8 off: 0.443s
16:12:06 perf msvc_36_units_mp8 off: 0.423s
16:12:08 perf msvc_36_units_mp8 on: 0.223s
16:12:11 perf msvc_36_units_mp8 on: 0.414s
16:12:11 perf msvc_36_units_mp8 off: 0.446s
16:12:12 perf msvc_36_units_mp8 off: 0.232s
16:12:14 perf msvc_36_units_mp8 on: 0.454s
16:12:16 perf msvc_36_units_mp8 on: 0.218s
16:12:17 perf msvc_36_units_mp8 off: 0.394s
16:12:17 perf msvc_36_units_mp8: median paired overhead -36.65%, lost 0
16:12:18 perf vite_build warmup off: 1.371s
16:12:21 perf vite_build warmup on: 0.380s
16:12:21 perf vite_build warmup off: 0.381s
16:12:23 perf vite_build warmup on: 0.393s
16:12:24 perf vite_build off: 0.377s
16:12:26 perf vite_build on: 0.380s
16:12:29 perf vite_build on: 0.379s
16:12:29 perf vite_build off: 0.404s
16:12:29 perf vite_build off: 0.391s
16:12:32 perf vite_build on: 0.392s
16:12:34 perf vite_build on: 0.392s
16:12:35 perf vite_build off: 0.394s
16:12:35 perf vite_build off: 0.372s
16:12:37 perf vite_build on: 0.395s
16:12:40 perf vite_build on: 0.374s
16:12:40 perf vite_build off: 0.408s
16:12:41 perf vite_build off: 0.385s
16:12:43 perf vite_build on: 0.396s
16:12:45 perf vite_build on: 0.371s
16:12:46 perf vite_build off: 0.382s
16:12:46 perf vite_build off: 0.383s
16:12:49 perf vite_build on: 0.402s
16:12:51 perf vite_build on: 0.385s
16:12:51 perf vite_build off: 0.389s
16:12:52 perf vite_build off: 0.378s
16:12:54 perf vite_build on: 0.392s
16:12:57 perf vite_build on: 0.397s
16:12:57 perf vite_build off: 0.381s
16:12:57 perf vite_build off: 0.402s
16:13:00 perf vite_build on: 0.376s
16:13:02 perf vite_build on: 0.381s
16:13:03 perf vite_build off: 0.396s
16:13:03 perf vite_build off: 0.394s
16:13:05 perf vite_build on: 0.373s
16:13:08 perf vite_build on: 0.394s
16:13:08 perf vite_build off: 0.387s
16:13:09 perf vite_build off: 0.393s
16:13:11 perf vite_build on: 0.387s
16:13:13 perf vite_build on: 0.384s
16:13:14 perf vite_build off: 0.384s
16:13:14 perf vite_build off: 0.388s
16:13:17 perf vite_build on: 0.406s
16:13:19 perf vite_build on: 0.416s
16:13:19 perf vite_build off: 0.393s
16:13:19 perf vite_build: median paired overhead +0.20%, lost 0
16:13:22 perf native_exe_x300 warmup off: 2.454s
16:13:28 perf native_exe_x300 warmup on: 2.299s
16:13:31 perf native_exe_x300 warmup off: 2.339s
16:13:37 perf native_exe_x300 warmup on: 2.443s
16:13:40 perf native_exe_x300 off: 2.521s
16:13:46 perf native_exe_x300 on: 2.351s
16:13:53 perf native_exe_x300 on: 2.401s
16:13:55 perf native_exe_x300 off: 2.330s
16:13:58 perf native_exe_x300 off: 2.385s
16:14:04 perf native_exe_x300 on: 2.388s
16:14:11 perf native_exe_x300 on: 2.449s
16:14:13 perf native_exe_x300 off: 2.456s
16:14:16 perf native_exe_x300 off: 2.393s
16:14:22 perf native_exe_x300 on: 2.443s
16:14:29 perf native_exe_x300 on: 2.373s
16:14:31 perf native_exe_x300 off: 2.317s
16:14:34 perf native_exe_x300 off: 2.310s
16:14:40 perf native_exe_x300 on: 2.403s
16:14:47 perf native_exe_x300 on: 2.320s
16:14:49 perf native_exe_x300 off: 2.340s
16:14:51 perf native_exe_x300 off: 2.336s
16:14:58 perf native_exe_x300 on: 2.424s
16:15:05 perf native_exe_x300 on: 2.411s
16:15:07 perf native_exe_x300 off: 2.327s
16:15:09 perf native_exe_x300 off: 2.343s
16:15:16 perf native_exe_x300 on: 2.365s
16:15:23 perf native_exe_x300 on: 2.374s
16:15:25 perf native_exe_x300 off: 2.445s
16:15:27 perf native_exe_x300 off: 2.267s
16:15:34 perf native_exe_x300 on: 2.354s
16:15:41 perf native_exe_x300 on: 2.411s
16:15:43 perf native_exe_x300 off: 2.564s
16:15:46 perf native_exe_x300 off: 2.381s
16:15:52 perf native_exe_x300 on: 2.328s
16:15:59 perf native_exe_x300 on: 2.390s
16:16:01 perf native_exe_x300 off: 2.346s
16:16:03 perf native_exe_x300 off: 2.332s
16:16:10 perf native_exe_x300 on: 2.357s
16:16:17 perf native_exe_x300 on: 2.365s
16:16:19 perf native_exe_x300 off: 2.356s
16:16:21 perf native_exe_x300 off: 2.291s
16:16:28 perf native_exe_x300 on: 2.498s
16:16:35 perf native_exe_x300 on: 2.340s
16:16:37 perf native_exe_x300 off: 2.351s
16:16:37 perf native_exe_x300: median paired overhead +0.99%, lost 0
