  PASS sh -c wrapper: workload ran
  PASS sh -c wrapper: no secret in why/history/impact output
  PASS sh -c wrapper: command stored and redacted
  PASS sh -c wrapper: non-secret parts still shown
  PASS bash -c wrapper, quoted value: workload ran
  PASS bash -c wrapper, quoted value: no secret in why/history/impact output
  PASS bash -c wrapper, quoted value: command stored and redacted
  PASS bash -c wrapper, quoted value: non-secret parts still shown
  PASS bash -lc env prefix: workload ran
  PASS bash -lc env prefix: no secret in why/history/impact output
  PASS bash -lc env prefix: command stored and redacted
  PASS bash -lc env prefix: non-secret parts still shown
  PASS plain argv: workload ran
  PASS plain argv: no secret in why/history/impact output
  PASS plain argv: command stored and redacted
  PASS plain argv: non-secret parts still shown
  PASS state dir (db, wal, shm, daemon files, logs) free of secrets
  PASS collector logs free of secrets
  PASS wrapper (parent) command lines stored and redacted
  PASS wrapper env assignments shown with values redacted
  PASS zero loss
  PASS gate report free of secrets
  stored [sh -c wrapper]: python3 -c 'import sys; open(sys.argv[1] if len(sys.argv) > 1 and not sys.argv[1].startswith('"'"'-'"'"') else '"'"'o.txt'"'"','"'"'w'"'"').write(open('"'"'in.txt'"'"').read())' o1.txt --token '<redacted>' 'API_KEY=<redacted>'
  stored [bash -c wrapper, quoted value]: python3 -c 'import sys; open(sys.argv[1] if len(sys.argv) > 1 and not sys.argv[1].startswith('"'"'-'"'"') else '"'"'o.txt'"'"','"'"'w'"'"').write(open('"'"'in.txt'"'"').read())' o2.txt --password '<redacted>'
  stored [bash -lc env prefix]: python3 -c 'import sys; open(sys.argv[1] if len(sys.argv) > 1 and not sys.argv[1].startswith('"'"'-'"'"') else '"'"'o.txt'"'"','"'"'w'"'"').write(open('"'"'in.txt'"'"').read())' o3.txt --token '<redacted>'
  stored [plain argv]: python3 -c 'import sys; open(sys.argv[1] if len(sys.argv) > 1 and not sys.argv[1].startswith('"'"'-'"'"') else '"'"'o.txt'"'"','"'"'w'"'"').write(open('"'"'in.txt'"'"').read())' o4.txt --auth-token '<redacted>' 'db_password=<redacted>' '--api-key=<redacted>'
secret gate on Linux aarch64: 22/22 checks, 2 state files + 0 logs scanned, lost 0
