2026-09-28 19:01:23 whyfs service listening on \\.\pipe\whyfs-service
2026-09-28 19:01:23 machine labels: service process 4212 started
2026-09-28 19:01:40 start C:\Users\runneradmin\AppData\Local\Temp\whyfs-msi-user-ws pid 6704 session whyfs-201334dc62424c6d user S-1-5-21-2615846702-2260884330-149277722-500
2026-09-28 19:01:42 stop C:\Users\runneradmin\AppData\Local\Temp\whyfs-msi-user-ws exit 0
2026-09-28 19:01:44 machine labels: service process exited 0
2026-09-28 19:01:47 whyfs service listening on \\.\pipe\whyfs-service
2026-09-28 19:01:47 machine labels: service process 7252 started
2026-09-28 19:01:48 start C:\Users\runneradmin\AppData\Local\Temp\whyfs-upgrade-ws pid 10212 session whyfs-abe1fad5a47b91d8 user S-1-5-21-2615846702-2260884330-149277722-500
2026-09-28 19:01:50 stop C:\Users\runneradmin\AppData\Local\Temp\whyfs-upgrade-ws exit 0
2026-09-28 19:01:52 machine labels: service process exited 0
2026-09-28 19:01:53 whyfs service listening on \\.\pipe\whyfs-service
2026-09-28 19:01:53 machine labels: service process 7444 started
2026-09-28 19:01:54 start C:\Users\runneradmin\AppData\Local\Temp\whyfs-upgrade-ws pid 2892 session whyfs-abe1fad5a47b91d8 user S-1-5-21-2615846702-2260884330-149277722-500
2026-09-28 19:01:55 stop C:\Users\runneradmin\AppData\Local\Temp\whyfs-upgrade-ws exit 0
2026-09-28 19:01:58 machine labels: service process exited 0
2026-09-28 19:02:11 whyfs service listening on \\.\pipe\whyfs-service
2026-09-28 19:02:11 machine labels: service process 1600 started
2026-09-28 19:02:50 stopped orphaned ETW session whyfs-machine (rc 0)
2026-09-28 19:02:50 stopped orphaned ETW session whyfs-machine-sys (rc 0)
2026-09-28 19:02:50 whyfs service listening on \\.\pipe\whyfs-service
2026-09-28 19:02:50 machine labels: service process 8064 started
2026-09-28 19:03:06 start C:\Users\runneradmin\whyfs-outage-7e009c1b\workspace-capture pid 5468 session whyfs-0c57c091b184b96c user S-1-5-21-2615846702-2260884330-149277722-500
2026-09-28 19:03:07 stop C:\Users\runneradmin\whyfs-outage-7e009c1b\workspace-capture exit 0
2026-09-28 19:03:52 start C:\Users\runneradmin\AppData\Local\Temp\whyfs-corpus-nqrob9cg pid 1572 session whyfs-30a04164f2a4edc9 user S-1-5-21-2615846702-2260884330-149277722-500
2026-09-28 19:03:55 stop C:\Users\runneradmin\AppData\Local\Temp\whyfs-corpus-nqrob9cg exit 0
2026-09-28 19:03:56 start C:\Users\runneradmin\AppData\Local\Temp\whyfs-secret-d7ir9vtu pid 9084 session whyfs-1d243174304bb112 user S-1-5-21-2615846702-2260884330-149277722-500
2026-09-28 19:03:58 stop C:\Users\runneradmin\AppData\Local\Temp\whyfs-secret-d7ir9vtu exit 0
2026-09-28 19:04:07 start C:\Users\runneradmin\AppData\Local\Temp\whyfs-wingate\func pid 3412 session whyfs-a8996beb1407ddb0 user S-1-5-21-2615846702-2260884330-149277722-500
2026-09-28 19:04:11 stop C:\Users\runneradmin\AppData\Local\Temp\whyfs-wingate\func exit 0
