13:26:35 idle 10.0 min: collector CPU 0.28s (0.047% of a core), memory 73.2 MB, store +0 KiB, 0 events
13:26:49 msvc_240_units_mp8 warmup off: 2.571s
13:26:57 msvc_240_units_mp8 warmup on: 2.518s
13:27:05 msvc_240_units_mp8 warmup off: 2.579s
13:27:14 msvc_240_units_mp8 warmup on: 2.685s
13:27:22 msvc_240_units_mp8 off: 2.630s
13:27:30 msvc_240_units_mp8 on: 2.567s
13:27:37 msvc_240_units_mp8 on: 2.552s
13:27:45 msvc_240_units_mp8 off: 2.763s
13:27:52 msvc_240_units_mp8 off: 2.543s
13:28:00 msvc_240_units_mp8 on: 2.970s
13:28:08 msvc_240_units_mp8 on: 3.074s
13:28:16 msvc_240_units_mp8 off: 2.803s
13:28:22 msvc_240_units_mp8 off: 2.471s
13:28:32 msvc_240_units_mp8 on: 3.065s
13:28:40 msvc_240_units_mp8 on: 3.136s
13:28:49 msvc_240_units_mp8 off: 3.241s
13:28:56 msvc_240_units_mp8 off: 2.736s
13:29:04 msvc_240_units_mp8 on: 2.840s
13:29:12 msvc_240_units_mp8 on: 2.578s
13:29:21 msvc_240_units_mp8 off: 3.125s
13:29:28 msvc_240_units_mp8 off: 3.072s
13:29:37 msvc_240_units_mp8 on: 3.315s
13:29:45 msvc_240_units_mp8 on: 2.839s
13:29:53 msvc_240_units_mp8 off: 2.875s
13:30:00 msvc_240_units_mp8 off: 2.747s
13:30:09 msvc_240_units_mp8 on: 3.181s
13:30:16 msvc_240_units_mp8 on: 3.006s
13:30:25 msvc_240_units_mp8 off: 3.058s
13:30:32 msvc_240_units_mp8 off: 3.248s
13:30:41 msvc_240_units_mp8 on: 3.004s
13:30:48 msvc_240_units_mp8 on: 2.902s
13:30:57 msvc_240_units_mp8 off: 3.244s
13:31:04 msvc_240_units_mp8 off: 2.636s
13:31:12 msvc_240_units_mp8 on: 3.016s
13:31:20 msvc_240_units_mp8 on: 3.030s
13:31:30 msvc_240_units_mp8 off: 2.827s
13:31:36 msvc_240_units_mp8 off: 3.174s
13:31:45 msvc_240_units_mp8 on: 2.664s
13:31:53 msvc_240_units_mp8 on: 3.001s
13:32:03 msvc_240_units_mp8 off: 3.417s
13:32:10 msvc_240_units_mp8 off: 3.287s
13:32:19 msvc_240_units_mp8 on: 3.473s
13:32:27 msvc_240_units_mp8 on: 3.124s
13:32:35 msvc_240_units_mp8 off: 2.820s
13:32:35 msvc_240_units_mp8: median paired overhead +1.28% (CI90 -3.24 .. +7.90)
13:32:38 vite_build warmup off: 0.429s
13:32:42 vite_build warmup on: 0.374s
13:32:45 vite_build warmup off: 0.372s
13:32:49 vite_build warmup on: 0.365s
13:32:53 vite_build off: 0.407s
13:32:56 vite_build on: 0.378s
13:32:59 vite_build on: 0.379s
13:33:02 vite_build off: 0.405s
13:33:04 vite_build off: 0.375s
13:33:08 vite_build on: 0.357s
13:33:10 vite_build on: 0.367s
13:33:14 vite_build off: 0.393s
13:33:16 vite_build off: 0.391s
13:33:19 vite_build on: 0.395s
13:33:22 vite_build on: 0.390s
13:33:26 vite_build off: 0.395s
13:33:27 vite_build off: 0.382s
13:33:31 vite_build on: 0.366s
13:33:33 vite_build on: 0.364s
13:33:37 vite_build off: 0.381s
13:33:39 vite_build off: 0.375s
13:33:43 vite_build on: 0.359s
13:33:45 vite_build on: 0.381s
13:33:48 vite_build off: 0.360s
13:33:50 vite_build off: 0.382s
13:33:54 vite_build on: 0.361s
13:33:56 vite_build on: 0.364s
13:34:00 vite_build off: 0.442s
13:34:02 vite_build off: 0.375s
13:34:05 vite_build on: 0.378s
13:34:08 vite_build on: 0.396s
13:34:12 vite_build off: 0.386s
13:34:13 vite_build off: 0.405s
13:34:17 vite_build on: 0.422s
13:34:19 vite_build on: 0.356s
13:34:23 vite_build off: 0.394s
13:34:25 vite_build off: 0.386s
13:34:29 vite_build on: 0.374s
13:34:31 vite_build on: 0.349s
13:34:35 vite_build off: 0.401s
13:34:36 vite_build off: 0.349s
13:34:40 vite_build on: 0.399s
13:34:42 vite_build on: 0.383s
13:34:46 vite_build off: 0.392s
13:34:46 vite_build: median paired overhead -4.15% (CI90 -5.54 .. -1.39)
13:34:52 native_exe_x300 warmup off: 2.417s
13:34:59 native_exe_x300 warmup on: 2.447s
13:35:07 native_exe_x300 warmup off: 2.392s
13:35:15 native_exe_x300 warmup on: 2.410s
13:35:23 native_exe_x300 off: 2.335s
13:35:30 native_exe_x300 on: 2.475s
13:35:37 native_exe_x300 on: 2.371s
13:35:44 native_exe_x300 off: 2.429s
13:35:50 native_exe_x300 off: 2.340s
13:35:58 native_exe_x300 on: 2.466s
13:36:04 native_exe_x300 on: 2.390s
13:36:12 native_exe_x300 off: 2.330s
13:36:18 native_exe_x300 off: 2.391s
13:36:26 native_exe_x300 on: 2.408s
13:36:32 native_exe_x300 on: 2.411s
13:36:40 native_exe_x300 off: 2.451s
13:36:46 native_exe_x300 off: 2.362s
13:36:54 native_exe_x300 on: 2.373s
13:37:01 native_exe_x300 on: 2.466s
13:37:09 native_exe_x300 off: 2.454s
13:37:14 native_exe_x300 off: 2.315s
13:37:22 native_exe_x300 on: 2.304s
13:37:28 native_exe_x300 on: 2.321s
13:37:36 native_exe_x300 off: 2.341s
13:37:42 native_exe_x300 off: 2.508s
13:37:50 native_exe_x300 on: 2.432s
13:37:56 native_exe_x300 on: 2.421s
13:38:04 native_exe_x300 off: 2.323s
13:38:10 native_exe_x300 off: 2.278s
13:38:18 native_exe_x300 on: 2.338s
13:38:24 native_exe_x300 on: 2.357s
13:38:32 native_exe_x300 off: 2.453s
13:38:38 native_exe_x300 off: 2.377s
13:38:46 native_exe_x300 on: 2.467s
13:38:52 native_exe_x300 on: 2.295s
13:39:00 native_exe_x300 off: 2.328s
13:39:06 native_exe_x300 off: 2.501s
13:39:14 native_exe_x300 on: 2.418s
13:39:20 native_exe_x300 on: 2.351s
13:39:28 native_exe_x300 off: 2.433s
13:39:34 native_exe_x300 off: 2.406s
13:39:41 native_exe_x300 on: 2.348s
13:39:48 native_exe_x300 on: 2.298s
13:39:56 native_exe_x300 off: 2.399s
13:39:56 native_exe_x300: median paired overhead -0.68% (CI90 -2.40 .. +0.72)
13:40:16 PASS idle_cpu_below_1pct_of_a_core
13:40:16 PASS zero_loss
13:40:16 FAIL why_cli_median_lt_100ms
13:40:16 FAIL label_cli_median_lt_100ms
13:40:16 PASS msvc_240_units_mp8.median_paired_overhead_lt_5pct
13:40:16 PASS vite_build.median_paired_overhead_lt_5pct
13:40:16 PASS native_exe_x300.median_paired_overhead_lt_5pct
13:40:16 verdict FAIL
