13:11:47 functional fixtures
13:12:00   PASS creator_attribution_ge_99pct
13:12:00   PASS useful_input_recall_ge_95pct
13:12:00   PASS no_unlabelled_false_lineage
13:12:00   PASS msvc_header_impact_reaches_all_includers_and_app
13:12:00   PASS msvc_header_impact_excludes_non_includer
13:12:00   PASS msvc_source_impact_reaches_its_object_and_app
13:12:00   PASS msvc_source_impact_other_objects_only_as_labelled_shared
13:12:00   PASS incremental_rebuild_history
13:12:00   PASS rename_chain_steps_recorded
13:12:00   PASS rename_impact_reaches_final_name
13:12:00   PASS recreate_history_two_writes
13:12:00   PASS parent_child_parent_is_cmd
13:12:00   PASS vite_human_view_hides_node_modules
13:12:00   PASS vite_raw_view_retains_dependency_reads
13:12:00   PASS vite_transitive_impact_to_postbuild
13:12:00   PASS paths_absolute_dos_and_in_scope
13:12:00   PASS no_state_dir_evidence
13:12:00   PASS zero_loss
13:12:00   PASS secret_arguments_redacted
13:12:00   PASS case_insensitive_query
13:12:00   PASS outside_workspace_not_stored
13:12:00   PASS mmap_reads_attributed_to_link
13:12:00   PASS no_foreign_file_object_attribution
13:12:00   accuracy {'tested_outputs': 64, 'creator_attribution': 1.0, 'expected_inputs': 142, 'found_inputs': 142, 'useful_input_recall': 1.0, 'unlabelled_false_inputs': 0, 'foreign_file_objects_rejected': 7}
