02:22:06 graduation: user=runner base=/home/runner/whyfs-graduation-ws
02:22:09 functional: static binary
02:22:09 functional: parallel build #1 (clean)
02:22:10 functional: header change -> build #2
02:22:11 functional: source change -> build #3
02:22:11 functional: vite build + postbuild
02:22:11 functional: copy / rename / move chain
02:22:17 perf make_j8_36_units warmup off: 0.269s
02:22:21 perf make_j8_36_units warmup on: 0.280s
02:22:21 perf make_j8_36_units warmup off: 0.269s
02:22:25 perf make_j8_36_units warmup on: 0.285s
02:22:26 perf make_j8_36_units off: 0.284s
02:22:30 perf make_j8_36_units on: 0.287s
02:22:34 perf make_j8_36_units on: 0.286s
02:22:34 perf make_j8_36_units off: 0.279s
02:22:35 perf make_j8_36_units off: 0.276s
02:22:39 perf make_j8_36_units on: 0.278s
02:22:43 perf make_j8_36_units on: 0.288s
02:22:43 perf make_j8_36_units off: 0.284s
02:22:44 perf make_j8_36_units off: 0.278s
02:22:48 perf make_j8_36_units on: 0.284s
02:22:52 perf make_j8_36_units on: 0.287s
02:22:52 perf make_j8_36_units off: 0.273s
02:22:53 perf make_j8_36_units off: 0.274s
02:22:57 perf make_j8_36_units on: 0.285s
02:23:01 perf make_j8_36_units on: 0.286s
02:23:01 perf make_j8_36_units off: 0.275s
02:23:02 perf make_j8_36_units off: 0.282s
02:23:06 perf make_j8_36_units on: 0.283s
02:23:10 perf make_j8_36_units on: 0.282s
02:23:10 perf make_j8_36_units off: 0.279s
02:23:11 perf make_j8_36_units off: 0.279s
02:23:15 perf make_j8_36_units on: 0.279s
02:23:19 perf make_j8_36_units on: 0.275s
02:23:19 perf make_j8_36_units off: 0.276s
02:23:20 perf make_j8_36_units off: 0.283s
02:23:24 perf make_j8_36_units on: 0.325s
02:23:28 perf make_j8_36_units on: 0.274s
02:23:28 perf make_j8_36_units off: 0.279s
02:23:29 perf make_j8_36_units off: 0.273s
02:23:33 perf make_j8_36_units on: 0.280s
02:23:37 perf make_j8_36_units on: 0.277s
02:23:37 perf make_j8_36_units off: 0.266s
02:23:38 perf make_j8_36_units off: 0.272s
02:23:42 perf make_j8_36_units on: 0.279s
02:23:46 perf make_j8_36_units on: 0.276s
02:23:46 perf make_j8_36_units off: 0.273s
02:23:47 perf make_j8_36_units off: 0.268s
02:23:51 perf make_j8_36_units on: 0.266s
02:23:55 perf make_j8_36_units on: 0.277s
02:23:55 perf make_j8_36_units off: 0.266s
02:23:55 perf vite_build warmup off: 0.268s
02:24:00 perf vite_build warmup on: 0.255s
02:24:00 perf vite_build warmup off: 0.259s
02:24:04 perf vite_build warmup on: 0.257s
02:24:04 perf vite_build off: 0.261s
02:24:08 perf vite_build on: 0.257s
02:24:12 perf vite_build on: 0.260s
02:24:13 perf vite_build off: 0.260s
02:24:13 perf vite_build off: 0.257s
02:24:17 perf vite_build on: 0.262s
02:24:21 perf vite_build on: 0.257s
02:24:21 perf vite_build off: 0.265s
02:24:22 perf vite_build off: 0.253s
02:24:26 perf vite_build on: 0.254s
02:24:30 perf vite_build on: 0.264s
02:24:30 perf vite_build off: 0.256s
02:24:30 perf vite_build off: 0.265s
02:24:34 perf vite_build on: 0.253s
02:24:39 perf vite_build on: 0.262s
02:24:39 perf vite_build off: 0.263s
02:24:39 perf vite_build off: 0.263s
02:24:43 perf vite_build on: 0.260s
02:24:47 perf vite_build on: 0.251s
02:24:48 perf vite_build off: 0.263s
02:24:48 perf vite_build off: 0.273s
02:24:52 perf vite_build on: 0.268s
02:24:56 perf vite_build on: 0.261s
02:24:56 perf vite_build off: 0.257s
02:24:57 perf vite_build off: 0.268s
02:25:01 perf vite_build on: 0.269s
02:25:05 perf vite_build on: 0.267s
02:25:05 perf vite_build off: 0.248s
02:25:05 perf vite_build off: 0.255s
02:25:09 perf vite_build on: 0.261s
02:25:14 perf vite_build on: 0.256s
02:25:14 perf vite_build off: 0.254s
02:25:14 perf vite_build off: 0.269s
02:25:18 perf vite_build on: 0.266s
02:25:22 perf vite_build on: 0.261s
02:25:23 perf vite_build off: 0.276s
02:25:23 perf vite_build off: 0.258s
02:25:27 perf vite_build on: 0.261s
02:25:31 perf vite_build on: 0.264s
02:25:31 perf vite_build off: 0.262s
02:25:32 perf static_binary_x300 warmup off: 0.153s
02:25:36 perf static_binary_x300 warmup on: 0.155s
02:25:36 perf static_binary_x300 warmup off: 0.150s
02:25:40 perf static_binary_x300 warmup on: 0.157s
02:25:40 perf static_binary_x300 off: 0.152s
02:25:44 perf static_binary_x300 on: 0.156s
02:25:48 perf static_binary_x300 on: 0.155s
02:25:48 perf static_binary_x300 off: 0.150s
02:25:48 perf static_binary_x300 off: 0.149s
02:25:52 perf static_binary_x300 on: 0.155s
02:25:56 perf static_binary_x300 on: 0.156s
02:25:56 perf static_binary_x300 off: 0.151s
02:25:56 perf static_binary_x300 off: 0.153s
02:26:00 perf static_binary_x300 on: 0.155s
02:26:04 perf static_binary_x300 on: 0.156s
02:26:04 perf static_binary_x300 off: 0.152s
02:26:04 perf static_binary_x300 off: 0.152s
02:26:08 perf static_binary_x300 on: 0.158s
02:26:12 perf static_binary_x300 on: 0.156s
02:26:12 perf static_binary_x300 off: 0.153s
02:26:13 perf static_binary_x300 off: 0.151s
02:26:17 perf static_binary_x300 on: 0.159s
02:26:21 perf static_binary_x300 on: 0.154s
02:26:21 perf static_binary_x300 off: 0.154s
02:26:21 perf static_binary_x300 off: 0.154s
02:26:25 perf static_binary_x300 on: 0.159s
02:26:29 perf static_binary_x300 on: 0.156s
02:26:29 perf static_binary_x300 off: 0.153s
02:26:29 perf static_binary_x300 off: 0.154s
02:26:33 perf static_binary_x300 on: 0.161s
02:26:37 perf static_binary_x300 on: 0.157s
02:26:37 perf static_binary_x300 off: 0.153s
02:26:38 perf static_binary_x300 off: 0.153s
02:26:42 perf static_binary_x300 on: 0.155s
02:26:46 perf static_binary_x300 on: 0.153s
02:26:46 perf static_binary_x300 off: 0.152s
02:26:46 perf static_binary_x300 off: 0.152s
02:26:50 perf static_binary_x300 on: 0.158s
02:26:54 perf static_binary_x300 on: 0.157s
02:26:54 perf static_binary_x300 off: 0.151s
02:26:54 perf static_binary_x300 off: 0.151s
02:26:58 perf static_binary_x300 on: 0.159s
02:27:02 perf static_binary_x300 on: 0.157s
02:27:02 perf static_binary_x300 off: 0.154s
02:27:06 verdict PASS; failed: []
