07:58:26 idle 10.0 min: collector CPU 1.70s (0.283% of a core), memory 34.8 MB, store +3135 KiB, 2689 events
07:58:32 make_j8_36_units warmup off: 0.825s
07:58:36 make_j8_36_units warmup on: 0.723s
07:58:39 make_j8_36_units warmup off: 0.583s
07:58:43 make_j8_36_units warmup on: 0.688s
07:58:46 make_j8_36_units off: 0.642s
07:58:50 make_j8_36_units on: 0.805s
07:58:53 make_j8_36_units on: 0.699s
07:58:56 make_j8_36_units off: 0.640s
07:58:59 make_j8_36_units off: 0.593s
07:59:03 make_j8_36_units on: 0.708s
07:59:06 make_j8_36_units on: 0.559s
07:59:09 make_j8_36_units off: 0.662s
07:59:11 make_j8_36_units off: 0.554s
07:59:15 make_j8_36_units on: 0.885s
07:59:18 make_j8_36_units on: 0.939s
07:59:22 make_j8_36_units off: 0.582s
07:59:24 make_j8_36_units off: 0.677s
07:59:27 make_j8_36_units on: 0.592s
07:59:30 make_j8_36_units on: 0.662s
07:59:34 make_j8_36_units off: 0.776s
07:59:36 make_j8_36_units off: 0.705s
07:59:40 make_j8_36_units on: 0.731s
07:59:43 make_j8_36_units on: 0.871s
07:59:47 make_j8_36_units off: 0.587s
07:59:49 make_j8_36_units off: 0.603s
07:59:53 make_j8_36_units on: 0.623s
07:59:56 make_j8_36_units on: 0.572s
08:00:00 make_j8_36_units off: 1.164s
08:00:02 make_j8_36_units off: 0.646s
08:00:06 make_j8_36_units on: 0.665s
08:00:09 make_j8_36_units on: 0.977s
08:00:13 make_j8_36_units off: 0.758s
08:00:16 make_j8_36_units off: 0.675s
08:00:19 make_j8_36_units on: 0.694s
08:00:22 make_j8_36_units on: 0.750s
08:00:25 make_j8_36_units off: 0.648s
08:00:28 make_j8_36_units off: 0.596s
08:00:32 make_j8_36_units on: 0.717s
08:00:35 make_j8_36_units on: 0.675s
08:00:38 make_j8_36_units off: 0.560s
08:00:40 make_j8_36_units off: 0.619s
08:00:43 make_j8_36_units on: 0.602s
08:00:47 make_j8_36_units on: 0.830s
08:00:50 make_j8_36_units off: 0.824s
08:00:52 make_j8_36_units off: 0.525s
08:00:56 make_j8_36_units on: 0.786s
08:00:59 make_j8_36_units on: 0.566s
08:01:03 make_j8_36_units off: 0.651s
08:01:05 make_j8_36_units off: 0.579s
08:01:09 make_j8_36_units on: 0.661s
08:01:12 make_j8_36_units on: 0.635s
08:01:15 make_j8_36_units off: 0.553s
08:01:17 make_j8_36_units off: 0.557s
08:01:21 make_j8_36_units on: 0.642s
08:01:23 make_j8_36_units on: 0.700s
08:01:27 make_j8_36_units off: 0.756s
08:01:29 make_j8_36_units off: 0.876s
08:01:33 make_j8_36_units on: 0.580s
08:01:36 make_j8_36_units on: 0.663s
08:01:39 make_j8_36_units off: 0.616s
08:01:42 make_j8_36_units off: 0.570s
08:01:45 make_j8_36_units on: 0.606s
08:01:48 make_j8_36_units on: 0.599s
08:01:51 make_j8_36_units off: 0.622s
08:01:53 make_j8_36_units off: 0.594s
08:01:57 make_j8_36_units on: 0.726s
08:02:00 make_j8_36_units on: 1.047s
08:02:04 make_j8_36_units off: 0.607s
08:02:06 make_j8_36_units off: 0.789s
08:02:10 make_j8_36_units on: 0.643s
08:02:13 make_j8_36_units on: 0.630s
08:02:16 make_j8_36_units off: 0.614s
08:02:18 make_j8_36_units off: 0.656s
08:02:22 make_j8_36_units on: 0.553s
08:02:25 make_j8_36_units on: 0.679s
08:02:28 make_j8_36_units off: 0.670s
08:02:30 make_j8_36_units off: 0.741s
08:02:34 make_j8_36_units on: 0.465s
08:02:37 make_j8_36_units on: 0.721s
08:02:40 make_j8_36_units off: 0.652s
08:02:42 make_j8_36_units off: 0.556s
08:02:45 make_j8_36_units on: 0.558s
08:02:48 make_j8_36_units on: 0.618s
08:02:52 make_j8_36_units off: 0.685s
08:02:54 make_j8_36_units off: 0.513s
08:02:58 make_j8_36_units on: 0.676s
08:03:01 make_j8_36_units on: 0.693s
08:03:05 make_j8_36_units off: 0.756s
08:03:07 make_j8_36_units off: 0.490s
08:03:10 make_j8_36_units on: 0.419s
08:03:13 make_j8_36_units on: 0.441s
08:03:16 make_j8_36_units off: 0.511s
08:03:19 make_j8_36_units off: 0.609s
08:03:22 make_j8_36_units on: 0.622s
08:03:25 make_j8_36_units on: 0.656s
08:03:28 make_j8_36_units off: 0.552s
08:03:31 make_j8_36_units off: 0.819s
08:03:35 make_j8_36_units on: 0.583s
08:03:38 make_j8_36_units on: 0.774s
08:03:41 make_j8_36_units off: 0.569s
08:03:43 make_j8_36_units off: 0.573s
08:03:47 make_j8_36_units on: 0.557s
08:03:49 make_j8_36_units on: 0.706s
08:03:53 make_j8_36_units off: 0.463s
08:03:55 make_j8_36_units off: 0.496s
08:03:59 make_j8_36_units on: 0.484s
08:04:01 make_j8_36_units on: 0.608s
08:04:04 make_j8_36_units off: 0.379s
08:04:06 make_j8_36_units off: 0.505s
08:04:09 make_j8_36_units on: 0.463s
08:04:11 make_j8_36_units on: 0.512s
08:04:14 make_j8_36_units off: 0.491s
08:04:16 make_j8_36_units off: 0.489s
08:04:19 make_j8_36_units on: 0.543s
08:04:22 make_j8_36_units on: 0.798s
08:04:25 make_j8_36_units off: 0.470s
08:04:27 make_j8_36_units off: 0.492s
08:04:31 make_j8_36_units on: 0.657s
08:04:34 make_j8_36_units on: 0.666s
08:04:37 make_j8_36_units off: 0.583s
08:04:39 make_j8_36_units off: 0.611s
08:04:43 make_j8_36_units on: 0.581s
08:04:45 make_j8_36_units on: 0.577s
08:04:48 make_j8_36_units off: 0.444s
08:04:50 make_j8_36_units off: 0.495s
08:04:53 make_j8_36_units on: 0.470s
08:04:56 make_j8_36_units on: 0.442s
08:04:58 make_j8_36_units off: 0.451s
08:05:00 make_j8_36_units off: 0.555s
08:05:03 make_j8_36_units on: 0.401s
08:05:06 make_j8_36_units on: 0.454s
08:05:09 make_j8_36_units off: 0.442s
08:05:11 make_j8_36_units off: 0.426s
08:05:14 make_j8_36_units on: 0.453s
08:05:16 make_j8_36_units on: 0.402s
08:05:18 make_j8_36_units off: 0.441s
08:05:20 make_j8_36_units off: 0.433s
08:05:23 make_j8_36_units on: 0.436s
08:05:26 make_j8_36_units on: 0.506s
08:05:29 make_j8_36_units off: 0.424s
08:05:31 make_j8_36_units off: 0.537s
08:05:35 make_j8_36_units on: 0.723s
08:05:37 make_j8_36_units on: 0.444s
08:05:41 make_j8_36_units off: 0.476s
08:05:43 make_j8_36_units off: 0.486s
08:05:46 make_j8_36_units on: 0.399s
08:05:48 make_j8_36_units on: 0.427s
08:05:52 make_j8_36_units off: 0.658s
08:05:54 make_j8_36_units off: 0.573s
08:05:58 make_j8_36_units on: 0.603s
08:06:00 make_j8_36_units on: 0.631s
08:06:03 make_j8_36_units off: 0.621s
08:06:06 make_j8_36_units off: 0.726s
08:06:09 make_j8_36_units on: 0.538s
08:06:12 make_j8_36_units on: 0.548s
08:06:16 make_j8_36_units off: 0.674s
08:06:18 make_j8_36_units off: 0.563s
08:06:21 make_j8_36_units on: 0.499s
08:06:24 make_j8_36_units on: 0.519s
08:06:27 make_j8_36_units off: 0.479s
08:06:29 make_j8_36_units off: 0.463s
08:06:32 make_j8_36_units on: 0.453s
08:06:35 make_j8_36_units on: 0.461s
08:06:38 make_j8_36_units off: 0.370s
08:06:40 make_j8_36_units off: 0.394s
08:06:43 make_j8_36_units on: 0.367s
08:06:45 make_j8_36_units on: 0.468s
08:06:48 make_j8_36_units off: 0.445s
08:06:50 make_j8_36_units off: 0.373s
08:06:53 make_j8_36_units on: 0.404s
08:06:56 make_j8_36_units on: 0.637s
08:06:59 make_j8_36_units off: 0.416s
08:07:01 make_j8_36_units off: 0.409s
08:07:04 make_j8_36_units on: 0.408s
08:07:07 make_j8_36_units on: 0.369s
08:07:10 make_j8_36_units off: 0.381s
08:07:12 make_j8_36_units off: 0.365s
08:07:14 make_j8_36_units on: 0.370s
08:07:17 make_j8_36_units on: 0.410s
08:07:20 make_j8_36_units off: 0.404s
08:07:22 make_j8_36_units off: 0.383s
08:07:25 make_j8_36_units on: 0.377s
08:07:27 make_j8_36_units on: 0.374s
08:07:30 make_j8_36_units off: 0.361s
08:07:31 make_j8_36_units off: 0.431s
08:07:34 make_j8_36_units on: 0.439s
08:07:37 make_j8_36_units on: 0.451s
08:07:39 make_j8_36_units off: 0.393s
08:07:41 make_j8_36_units off: 0.399s
08:07:44 make_j8_36_units on: 0.383s
08:07:47 make_j8_36_units on: 0.395s
08:07:50 make_j8_36_units off: 0.443s
08:07:52 make_j8_36_units off: 0.415s
08:07:55 make_j8_36_units on: 0.439s
08:07:58 make_j8_36_units on: 0.569s
08:08:01 make_j8_36_units off: 0.460s
08:08:03 make_j8_36_units off: 0.402s
08:08:06 make_j8_36_units on: 0.478s
08:08:08 make_j8_36_units on: 0.445s
08:08:12 make_j8_36_units off: 0.477s
08:08:14 make_j8_36_units off: 0.464s
08:08:17 make_j8_36_units on: 0.418s
08:08:19 make_j8_36_units on: 0.408s
08:08:23 make_j8_36_units off: 0.371s
08:08:24 make_j8_36_units off: 0.368s
08:08:28 make_j8_36_units on: 0.371s
08:08:30 make_j8_36_units on: 0.433s
08:08:33 make_j8_36_units off: 0.401s
08:08:35 make_j8_36_units off: 0.385s
08:08:38 make_j8_36_units on: 0.412s
08:08:40 make_j8_36_units on: 0.380s
08:08:43 make_j8_36_units off: 0.405s
08:08:45 make_j8_36_units off: 0.440s
08:08:48 make_j8_36_units on: 0.527s
08:08:51 make_j8_36_units on: 0.465s
08:08:54 make_j8_36_units off: 0.382s
08:08:55 make_j8_36_units off: 0.379s
08:08:59 make_j8_36_units on: 0.388s
08:09:01 make_j8_36_units on: 0.374s
08:09:04 make_j8_36_units off: 0.399s
08:09:06 make_j8_36_units off: 0.376s
08:09:09 make_j8_36_units on: 0.573s
08:09:11 make_j8_36_units on: 0.373s
08:09:14 make_j8_36_units off: 0.378s
08:09:15 make_j8_36_units off: 0.404s
08:09:18 make_j8_36_units on: 0.449s
08:09:21 make_j8_36_units on: 0.374s
08:09:23 make_j8_36_units off: 0.390s
08:09:25 make_j8_36_units off: 0.429s
08:09:28 make_j8_36_units on: 0.441s
08:09:30 make_j8_36_units on: 0.369s
08:09:33 make_j8_36_units off: 0.387s
08:09:35 make_j8_36_units off: 0.374s
08:09:38 make_j8_36_units on: 0.393s
08:09:41 make_j8_36_units on: 0.426s
08:09:44 make_j8_36_units off: 0.413s
08:09:46 make_j8_36_units off: 0.366s
08:09:49 make_j8_36_units on: 0.386s
08:09:51 make_j8_36_units on: 0.415s
08:09:54 make_j8_36_units off: 0.380s
08:09:56 make_j8_36_units off: 0.382s
08:09:59 make_j8_36_units on: 0.380s
08:10:02 make_j8_36_units on: 0.449s
08:10:05 make_j8_36_units off: 0.478s
08:10:07 make_j8_36_units off: 0.396s
08:10:10 make_j8_36_units on: 0.413s
08:10:12 make_j8_36_units on: 0.359s
08:10:15 make_j8_36_units off: 0.425s
08:10:17 make_j8_36_units off: 0.363s
08:10:20 make_j8_36_units on: 0.536s
08:10:22 make_j8_36_units on: 0.380s
08:10:25 make_j8_36_units off: 0.377s
08:10:27 make_j8_36_units off: 0.401s
08:10:30 make_j8_36_units on: 0.474s
08:10:33 make_j8_36_units on: 0.372s
08:10:36 make_j8_36_units off: 0.458s
08:10:38 make_j8_36_units off: 0.421s
08:10:41 make_j8_36_units on: 0.433s
08:10:43 make_j8_36_units on: 0.429s
08:10:46 make_j8_36_units off: 0.431s
08:10:48 make_j8_36_units off: 0.375s
08:10:51 make_j8_36_units on: 0.461s
08:10:53 make_j8_36_units on: 0.393s
08:10:56 make_j8_36_units off: 0.403s
08:10:58 make_j8_36_units off: 0.500s
08:11:01 make_j8_36_units on: 0.476s
08:11:04 make_j8_36_units on: 0.536s
08:11:07 make_j8_36_units off: 0.512s
08:11:09 make_j8_36_units off: 0.619s
08:11:13 make_j8_36_units on: 0.523s
08:11:16 make_j8_36_units on: 0.577s
08:11:19 make_j8_36_units off: 0.557s
08:11:21 make_j8_36_units off: 0.567s
08:11:25 make_j8_36_units on: 0.509s
08:11:27 make_j8_36_units on: 0.547s
08:11:31 make_j8_36_units off: 0.841s
08:11:34 make_j8_36_units off: 0.526s
08:11:37 make_j8_36_units on: 0.552s
08:11:40 make_j8_36_units on: 0.488s
08:11:43 make_j8_36_units off: 0.610s
08:11:46 make_j8_36_units off: 0.549s
08:11:49 make_j8_36_units on: 0.519s
08:11:52 make_j8_36_units on: 0.491s
08:11:54 make_j8_36_units off: 0.525s
08:11:57 make_j8_36_units off: 0.542s
08:12:00 make_j8_36_units on: 0.564s
08:12:03 make_j8_36_units on: 0.666s
08:12:06 make_j8_36_units off: 0.660s
08:12:08 make_j8_36_units off: 0.422s
08:12:12 make_j8_36_units on: 0.554s
08:12:14 make_j8_36_units on: 0.521s
08:12:18 make_j8_36_units off: 0.661s
08:12:20 make_j8_36_units off: 0.441s
08:12:23 make_j8_36_units on: 0.560s
08:12:26 make_j8_36_units on: 0.587s
08:12:30 make_j8_36_units off: 0.566s
08:12:32 make_j8_36_units off: 0.454s
08:12:35 make_j8_36_units on: 0.530s
08:12:38 make_j8_36_units on: 0.506s
08:12:41 make_j8_36_units off: 0.541s
08:12:43 make_j8_36_units off: 0.538s
08:12:47 make_j8_36_units on: 0.555s
08:12:49 make_j8_36_units on: 0.492s
08:12:52 make_j8_36_units off: 0.461s
08:12:52 make_j8_36_units: median paired overhead +2.76% (CI90 +0.93 .. +3.75)
08:12:55 vite_build warmup off: 0.351s
08:12:58 vite_build warmup on: 0.353s
08:13:00 vite_build warmup off: 0.314s
08:13:03 vite_build warmup on: 0.300s
08:13:06 vite_build off: 0.450s
08:13:09 vite_build on: 0.375s
08:13:11 vite_build on: 0.290s
08:13:14 vite_build off: 0.345s
08:13:16 vite_build off: 0.385s
08:13:19 vite_build on: 0.333s
08:13:21 vite_build on: 0.331s
08:13:23 vite_build off: 0.382s
08:13:25 vite_build off: 0.359s
08:13:28 vite_build on: 0.345s
08:13:30 vite_build on: 0.355s
08:13:33 vite_build off: 0.350s
08:13:35 vite_build off: 0.406s
08:13:38 vite_build on: 0.383s
08:13:41 vite_build on: 0.402s
08:13:44 vite_build off: 0.352s
08:13:46 vite_build off: 0.328s
08:13:49 vite_build on: 0.365s
08:13:51 vite_build on: 0.373s
08:13:54 vite_build off: 0.385s
08:13:56 vite_build off: 0.309s
08:13:59 vite_build on: 0.386s
08:14:01 vite_build on: 0.384s
08:14:03 vite_build off: 0.366s
08:14:05 vite_build off: 0.395s
08:14:08 vite_build on: 0.354s
08:14:10 vite_build on: 0.349s
08:14:13 vite_build off: 0.379s
08:14:15 vite_build off: 0.450s
08:14:18 vite_build on: 0.388s
08:14:21 vite_build on: 0.433s
08:14:23 vite_build off: 0.358s
08:14:25 vite_build off: 0.407s
08:14:28 vite_build on: 0.395s
08:14:31 vite_build on: 0.319s
08:14:33 vite_build off: 0.317s
08:14:35 vite_build off: 0.322s
08:14:38 vite_build on: 0.494s
08:14:40 vite_build on: 0.280s
08:14:43 vite_build off: 0.331s
08:14:45 vite_build off: 0.369s
08:14:48 vite_build on: 0.366s
08:14:50 vite_build on: 0.309s
08:14:53 vite_build off: 0.344s
08:14:54 vite_build off: 0.318s
08:14:57 vite_build on: 0.315s
08:14:59 vite_build on: 0.347s
08:15:02 vite_build off: 0.304s
08:15:04 vite_build off: 0.366s
08:15:06 vite_build on: 0.261s
08:15:08 vite_build on: 0.290s
08:15:10 vite_build off: 0.328s
08:15:12 vite_build off: 0.317s
08:15:15 vite_build on: 0.285s
08:15:17 vite_build on: 0.308s
08:15:19 vite_build off: 0.321s
08:15:21 vite_build off: 0.329s
08:15:24 vite_build on: 0.314s
08:15:26 vite_build on: 0.357s
08:15:29 vite_build off: 0.333s
08:15:30 vite_build off: 0.365s
08:15:33 vite_build on: 0.312s
08:15:35 vite_build on: 0.290s
08:15:38 vite_build off: 0.426s
08:15:40 vite_build off: 0.396s
08:15:43 vite_build on: 0.386s
08:15:45 vite_build on: 0.355s
08:15:49 vite_build off: 0.366s
08:15:51 vite_build off: 0.368s
08:15:54 vite_build on: 0.371s
08:15:56 vite_build on: 0.364s
08:15:59 vite_build off: 0.377s
08:16:01 vite_build off: 0.332s
08:16:05 vite_build on: 0.330s
08:16:07 vite_build on: 0.475s
08:16:10 vite_build off: 0.425s
08:16:11 vite_build off: 0.320s
08:16:15 vite_build on: 0.371s
08:16:17 vite_build on: 0.347s
08:16:20 vite_build off: 0.361s
08:16:22 vite_build off: 0.373s
08:16:25 vite_build on: 0.333s
08:16:27 vite_build on: 0.368s
08:16:30 vite_build off: 0.299s
08:16:32 vite_build off: 0.351s
08:16:35 vite_build on: 0.409s
08:16:37 vite_build on: 0.384s
08:16:40 vite_build off: 0.370s
08:16:41 vite_build off: 0.329s
08:16:45 vite_build on: 0.332s
08:16:47 vite_build on: 0.337s
08:16:49 vite_build off: 0.304s
08:16:51 vite_build off: 0.373s
08:16:54 vite_build on: 0.378s
08:16:57 vite_build on: 0.391s
08:16:59 vite_build off: 0.374s
08:17:01 vite_build off: 0.374s
08:17:04 vite_build on: 0.373s
08:17:06 vite_build on: 0.438s
08:17:09 vite_build off: 0.394s
08:17:11 vite_build off: 0.388s
08:17:14 vite_build on: 0.374s
08:17:17 vite_build on: 0.428s
08:17:20 vite_build off: 0.424s
08:17:22 vite_build off: 0.364s
08:17:25 vite_build on: 0.454s
08:17:28 vite_build on: 0.385s
08:17:30 vite_build off: 0.400s
08:17:32 vite_build off: 0.402s
08:17:35 vite_build on: 0.342s
08:17:37 vite_build on: 0.322s
08:17:41 vite_build off: 0.283s
08:17:42 vite_build off: 0.274s
08:17:45 vite_build on: 0.476s
08:17:47 vite_build on: 0.309s
08:17:50 vite_build off: 0.277s
08:17:52 vite_build off: 0.276s
08:17:55 vite_build on: 0.276s
08:17:57 vite_build on: 0.326s
08:18:00 vite_build off: 0.474s
08:18:02 vite_build off: 0.382s
08:18:05 vite_build on: 0.331s
08:18:07 vite_build on: 0.325s
08:18:10 vite_build off: 0.316s
08:18:12 vite_build off: 0.403s
08:18:14 vite_build on: 0.353s
08:18:16 vite_build on: 0.317s
08:18:20 vite_build off: 0.390s
08:18:21 vite_build off: 0.355s
08:18:24 vite_build on: 0.311s
08:18:27 vite_build on: 0.346s
08:18:29 vite_build off: 0.305s
08:18:31 vite_build off: 0.365s
08:18:34 vite_build on: 0.399s
08:18:36 vite_build on: 0.276s
08:18:39 vite_build off: 0.305s
08:18:41 vite_build off: 0.385s
08:18:44 vite_build on: 0.411s
08:18:46 vite_build on: 0.356s
08:18:49 vite_build off: 0.405s
08:18:50 vite_build off: 0.401s
08:18:54 vite_build on: 0.474s
08:18:56 vite_build on: 0.349s
08:18:59 vite_build off: 0.399s
08:19:00 vite_build off: 0.426s
08:19:04 vite_build on: 0.424s
08:19:06 vite_build on: 0.314s
08:19:08 vite_build off: 0.353s
08:19:10 vite_build off: 0.335s
08:19:13 vite_build on: 0.294s
08:19:15 vite_build on: 0.348s
08:19:18 vite_build off: 0.422s
08:19:20 vite_build off: 0.330s
08:19:22 vite_build on: 0.326s
08:19:24 vite_build on: 0.332s
08:19:27 vite_build off: 0.263s
08:19:28 vite_build off: 0.318s
08:19:31 vite_build on: 0.266s
08:19:33 vite_build on: 0.273s
08:19:36 vite_build off: 0.299s
08:19:38 vite_build off: 0.277s
08:19:41 vite_build on: 0.280s
08:19:43 vite_build on: 0.277s
08:19:46 vite_build off: 0.321s
08:19:47 vite_build off: 0.309s
08:19:50 vite_build on: 0.313s
08:19:52 vite_build on: 0.281s
08:19:55 vite_build off: 0.279s
08:19:57 vite_build off: 0.280s
08:20:00 vite_build on: 0.294s
08:20:02 vite_build on: 0.280s
08:20:04 vite_build off: 0.285s
08:20:06 vite_build off: 0.290s
08:20:08 vite_build on: 0.289s
08:20:10 vite_build on: 0.280s
08:20:13 vite_build off: 0.306s
08:20:15 vite_build off: 0.277s
08:20:17 vite_build on: 0.288s
08:20:19 vite_build on: 0.278s
08:20:22 vite_build off: 0.280s
08:20:23 vite_build off: 0.301s
08:20:26 vite_build on: 0.278s
08:20:28 vite_build on: 0.296s
08:20:31 vite_build off: 0.306s
08:20:33 vite_build off: 0.368s
08:20:35 vite_build on: 0.291s
08:20:38 vite_build on: 0.297s
08:20:40 vite_build off: 0.295s
08:20:42 vite_build off: 0.309s
08:20:45 vite_build on: 0.398s
08:20:47 vite_build on: 0.316s
08:20:49 vite_build off: 0.346s
08:20:51 vite_build off: 0.398s
08:20:54 vite_build on: 0.374s
08:20:57 vite_build on: 0.296s
08:21:00 vite_build off: 0.381s
08:21:01 vite_build off: 0.312s
08:21:04 vite_build on: 0.393s
08:21:06 vite_build on: 0.336s
08:21:09 vite_build off: 0.345s
08:21:11 vite_build off: 0.352s
08:21:14 vite_build on: 0.336s
08:21:17 vite_build on: 0.468s
08:21:20 vite_build off: 0.415s
08:21:22 vite_build off: 0.366s
08:21:25 vite_build on: 0.389s
08:21:27 vite_build on: 0.366s
08:21:30 vite_build off: 0.336s
08:21:32 vite_build off: 0.357s
08:21:35 vite_build on: 0.383s
08:21:37 vite_build on: 0.312s
08:21:40 vite_build off: 0.385s
08:21:42 vite_build off: 0.428s
08:21:45 vite_build on: 0.284s
08:21:47 vite_build on: 0.363s
08:21:50 vite_build off: 0.383s
08:21:52 vite_build off: 0.305s
08:21:55 vite_build on: 0.270s
08:21:57 vite_build on: 0.281s
08:21:59 vite_build off: 0.376s
08:22:01 vite_build off: 0.400s
08:22:04 vite_build on: 0.368s
08:22:06 vite_build on: 0.375s
08:22:09 vite_build off: 0.461s
08:22:11 vite_build off: 0.441s
08:22:14 vite_build on: 0.410s
08:22:17 vite_build on: 0.351s
08:22:19 vite_build off: 0.414s
08:22:21 vite_build off: 0.385s
08:22:24 vite_build on: 0.343s
08:22:27 vite_build on: 0.334s
08:22:29 vite_build off: 0.352s
08:22:31 vite_build off: 0.389s
08:22:34 vite_build on: 0.354s
08:22:36 vite_build on: 0.309s
08:22:39 vite_build off: 0.360s
08:22:41 vite_build off: 0.340s
08:22:44 vite_build on: 0.312s
08:22:46 vite_build on: 0.302s
08:22:49 vite_build off: 0.297s
08:22:51 vite_build off: 0.286s
08:22:54 vite_build on: 0.304s
08:22:56 vite_build on: 0.326s
08:22:59 vite_build off: 0.336s
08:23:00 vite_build off: 0.326s
08:23:03 vite_build on: 0.321s
08:23:05 vite_build on: 0.405s
08:23:09 vite_build off: 0.331s
08:23:10 vite_build off: 0.341s
08:23:14 vite_build on: 0.416s
08:23:16 vite_build on: 0.355s
08:23:19 vite_build off: 0.371s
08:23:21 vite_build off: 0.505s
08:23:24 vite_build on: 0.363s
08:23:26 vite_build on: 0.312s
08:23:29 vite_build off: 0.414s
08:23:30 vite_build off: 0.398s
08:23:33 vite_build on: 0.349s
08:23:36 vite_build on: 0.333s
08:23:39 vite_build off: 0.380s
08:23:40 vite_build off: 0.331s
08:23:43 vite_build on: 0.320s
08:23:46 vite_build on: 0.342s
08:23:49 vite_build off: 0.332s
08:23:50 vite_build off: 0.338s
08:23:54 vite_build on: 0.377s
08:23:56 vite_build on: 0.360s
08:23:59 vite_build off: 0.546s
08:24:01 vite_build off: 0.309s
08:24:04 vite_build on: 0.336s
08:24:06 vite_build on: 0.340s
08:24:09 vite_build off: 0.365s
08:24:11 vite_build off: 0.395s
08:24:14 vite_build on: 0.345s
08:24:16 vite_build on: 0.335s
08:24:18 vite_build off: 0.347s
08:24:20 vite_build off: 0.329s
08:24:23 vite_build on: 0.374s
08:24:26 vite_build on: 0.415s
08:24:29 vite_build off: 0.476s
08:24:30 vite_build off: 0.445s
08:24:34 vite_build on: 0.482s
08:24:36 vite_build on: 0.374s
08:24:39 vite_build off: 0.348s
08:24:41 vite_build off: 0.374s
08:24:44 vite_build on: 0.324s
08:24:46 vite_build on: 0.304s
08:24:48 vite_build off: 0.322s
08:24:50 vite_build off: 0.372s
08:24:53 vite_build on: 0.325s
08:24:55 vite_build on: 0.408s
08:24:58 vite_build off: 0.389s
08:25:00 vite_build off: 0.451s
08:25:03 vite_build on: 0.403s
08:25:05 vite_build on: 0.311s
08:25:08 vite_build off: 0.309s
08:25:10 vite_build off: 0.368s
08:25:13 vite_build on: 0.353s
08:25:15 vite_build on: 0.368s
08:25:18 vite_build off: 0.322s
08:25:18 vite_build: median paired overhead -3.30% (CI90 -4.31 .. -1.02)
08:25:22 copy_program_x300 warmup off: 1.160s
08:25:27 copy_program_x300 warmup on: 1.164s
08:25:31 copy_program_x300 warmup off: 1.148s
08:25:36 copy_program_x300 warmup on: 1.201s
08:25:41 copy_program_x300 off: 1.355s
08:25:46 copy_program_x300 on: 1.334s
08:25:51 copy_program_x300 on: 1.193s
08:25:55 copy_program_x300 off: 1.173s
08:25:58 copy_program_x300 off: 1.125s
08:26:03 copy_program_x300 on: 1.258s
08:26:07 copy_program_x300 on: 1.209s
08:26:11 copy_program_x300 off: 1.185s
08:26:15 copy_program_x300 off: 1.124s
08:26:19 copy_program_x300 on: 1.127s
08:26:23 copy_program_x300 on: 1.104s
08:26:28 copy_program_x300 off: 1.137s
08:26:32 copy_program_x300 off: 1.032s
08:26:37 copy_program_x300 on: 1.147s
08:26:40 copy_program_x300 on: 1.136s
08:26:44 copy_program_x300 off: 1.123s
08:26:48 copy_program_x300 off: 1.558s
08:26:53 copy_program_x300 on: 1.574s
08:26:58 copy_program_x300 on: 1.201s
08:27:03 copy_program_x300 off: 1.247s
08:27:06 copy_program_x300 off: 1.187s
08:27:12 copy_program_x300 on: 1.267s
08:27:16 copy_program_x300 on: 1.237s
08:27:20 copy_program_x300 off: 1.187s
08:27:24 copy_program_x300 off: 1.103s
08:27:29 copy_program_x300 on: 1.195s
08:27:33 copy_program_x300 on: 1.360s
08:27:37 copy_program_x300 off: 1.174s
08:27:41 copy_program_x300 off: 1.148s
08:27:46 copy_program_x300 on: 1.306s
08:27:50 copy_program_x300 on: 1.155s
08:27:55 copy_program_x300 off: 1.217s
08:27:58 copy_program_x300 off: 1.167s
08:28:03 copy_program_x300 on: 1.107s
08:28:08 copy_program_x300 on: 1.396s
08:28:12 copy_program_x300 off: 1.238s
08:28:16 copy_program_x300 off: 1.402s
08:28:21 copy_program_x300 on: 1.155s
08:28:25 copy_program_x300 on: 1.197s
08:28:29 copy_program_x300 off: 1.130s
08:28:32 copy_program_x300 off: 1.095s
08:28:37 copy_program_x300 on: 1.226s
08:28:41 copy_program_x300 on: 1.262s
08:28:46 copy_program_x300 off: 1.165s
08:28:50 copy_program_x300 off: 1.119s
08:28:55 copy_program_x300 on: 1.194s
08:28:58 copy_program_x300 on: 1.161s
08:29:03 copy_program_x300 off: 1.167s
08:29:07 copy_program_x300 off: 1.051s
08:29:11 copy_program_x300 on: 1.229s
08:29:15 copy_program_x300 on: 1.240s
08:29:20 copy_program_x300 off: 1.161s
08:29:23 copy_program_x300 off: 1.168s
08:29:28 copy_program_x300 on: 1.159s
08:29:32 copy_program_x300 on: 1.202s
08:29:37 copy_program_x300 off: 1.137s
08:29:40 copy_program_x300 off: 1.136s
08:29:45 copy_program_x300 on: 1.296s
08:29:49 copy_program_x300 on: 1.297s
08:29:53 copy_program_x300 off: 1.179s
08:29:57 copy_program_x300 off: 1.184s
08:30:01 copy_program_x300 on: 1.147s
08:30:05 copy_program_x300 on: 1.269s
08:30:10 copy_program_x300 off: 0.982s
08:30:13 copy_program_x300 off: 1.039s
08:30:17 copy_program_x300 on: 1.080s
08:30:21 copy_program_x300 on: 1.223s
08:30:26 copy_program_x300 off: 1.129s
08:30:30 copy_program_x300 off: 1.090s
08:30:35 copy_program_x300 on: 1.266s
08:30:38 copy_program_x300 on: 1.211s
08:30:43 copy_program_x300 off: 1.136s
08:30:46 copy_program_x300 off: 1.169s
08:30:51 copy_program_x300 on: 1.136s
08:30:55 copy_program_x300 on: 1.167s
08:30:59 copy_program_x300 off: 1.050s
08:31:03 copy_program_x300 off: 0.974s
08:31:08 copy_program_x300 on: 1.348s
08:31:12 copy_program_x300 on: 1.169s
08:31:16 copy_program_x300 off: 1.100s
08:31:19 copy_program_x300 off: 0.907s
08:31:24 copy_program_x300 on: 1.223s
08:31:29 copy_program_x300 on: 1.311s
08:31:33 copy_program_x300 off: 1.054s
08:31:36 copy_program_x300 off: 0.861s
08:31:41 copy_program_x300 on: 1.337s
08:31:45 copy_program_x300 on: 1.210s
08:31:50 copy_program_x300 off: 1.168s
08:31:53 copy_program_x300 off: 1.170s
08:31:59 copy_program_x300 on: 1.261s
08:32:03 copy_program_x300 on: 1.287s
08:32:08 copy_program_x300 off: 1.151s
08:32:11 copy_program_x300 off: 1.216s
08:32:16 copy_program_x300 on: 1.209s
08:32:20 copy_program_x300 on: 1.056s
08:32:24 copy_program_x300 off: 1.098s
08:32:27 copy_program_x300 off: 0.937s
08:32:32 copy_program_x300 on: 0.988s
08:32:35 copy_program_x300 on: 0.846s
08:32:39 copy_program_x300 off: 0.884s
08:32:42 copy_program_x300 off: 0.790s
08:32:46 copy_program_x300 on: 1.099s
08:32:49 copy_program_x300 on: 0.953s
08:32:53 copy_program_x300 off: 0.925s
08:32:56 copy_program_x300 off: 0.892s
08:33:01 copy_program_x300 on: 0.937s
08:33:04 copy_program_x300 on: 0.864s
08:33:08 copy_program_x300 off: 0.873s
08:33:11 copy_program_x300 off: 0.977s
08:33:15 copy_program_x300 on: 0.898s
08:33:18 copy_program_x300 on: 0.832s
08:33:22 copy_program_x300 off: 0.812s
08:33:24 copy_program_x300 off: 0.792s
08:33:29 copy_program_x300 on: 1.060s
08:33:33 copy_program_x300 on: 0.950s
08:33:36 copy_program_x300 off: 1.058s
08:33:40 copy_program_x300 off: 1.128s
08:33:44 copy_program_x300 on: 0.997s
08:33:48 copy_program_x300 on: 1.068s
08:33:52 copy_program_x300 off: 0.982s
08:33:55 copy_program_x300 off: 0.938s
08:34:00 copy_program_x300 on: 1.000s
08:34:03 copy_program_x300 on: 1.191s
08:34:08 copy_program_x300 off: 1.117s
08:34:11 copy_program_x300 off: 1.125s
08:34:16 copy_program_x300 on: 1.294s
08:34:19 copy_program_x300 on: 0.868s
08:34:23 copy_program_x300 off: 0.989s
08:34:26 copy_program_x300 off: 1.298s
08:34:31 copy_program_x300 on: 1.246s
08:34:35 copy_program_x300 on: 1.289s
08:34:40 copy_program_x300 off: 1.210s
08:34:44 copy_program_x300 off: 1.294s
08:34:49 copy_program_x300 on: 1.478s
08:34:53 copy_program_x300 on: 1.293s
08:34:58 copy_program_x300 off: 1.189s
08:35:02 copy_program_x300 off: 1.097s
08:35:07 copy_program_x300 on: 1.028s
08:35:11 copy_program_x300 on: 1.185s
08:35:16 copy_program_x300 off: 1.131s
08:35:19 copy_program_x300 off: 0.947s
08:35:25 copy_program_x300 on: 1.045s
08:35:28 copy_program_x300 on: 0.884s
08:35:32 copy_program_x300 off: 0.870s
08:35:35 copy_program_x300 off: 0.916s
08:35:39 copy_program_x300 on: 1.010s
08:35:43 copy_program_x300 on: 1.007s
08:35:47 copy_program_x300 off: 0.911s
08:35:50 copy_program_x300 off: 0.880s
08:35:55 copy_program_x300 on: 0.992s
08:35:58 copy_program_x300 on: 0.881s
08:36:02 copy_program_x300 off: 0.878s
08:36:05 copy_program_x300 off: 0.932s
08:36:10 copy_program_x300 on: 0.953s
08:36:13 copy_program_x300 on: 0.905s
08:36:17 copy_program_x300 off: 0.962s
08:36:20 copy_program_x300 off: 0.927s
08:36:25 copy_program_x300 on: 1.330s
08:36:28 copy_program_x300 on: 1.044s
08:36:32 copy_program_x300 off: 0.902s
08:36:35 copy_program_x300 off: 0.921s
08:36:40 copy_program_x300 on: 1.151s
08:36:43 copy_program_x300 on: 1.083s
08:36:48 copy_program_x300 off: 1.057s
08:36:51 copy_program_x300 off: 1.047s
08:36:56 copy_program_x300 on: 1.004s
08:36:59 copy_program_x300 on: 0.895s
08:37:04 copy_program_x300 off: 0.864s
08:37:06 copy_program_x300 off: 0.901s
08:37:11 copy_program_x300 on: 1.169s
08:37:15 copy_program_x300 on: 0.937s
08:37:18 copy_program_x300 off: 1.038s
08:37:21 copy_program_x300 off: 0.912s
08:37:26 copy_program_x300 on: 0.922s
08:37:29 copy_program_x300 on: 0.865s
08:37:34 copy_program_x300 off: 0.899s
08:37:37 copy_program_x300 off: 0.832s
08:37:42 copy_program_x300 on: 0.893s
08:37:45 copy_program_x300 on: 1.136s
08:37:49 copy_program_x300 off: 0.846s
08:37:52 copy_program_x300 off: 0.850s
08:37:56 copy_program_x300 on: 1.001s
08:38:00 copy_program_x300 on: 0.853s
08:38:04 copy_program_x300 off: 0.930s
08:38:07 copy_program_x300 off: 0.809s
08:38:11 copy_program_x300 on: 0.879s
08:38:14 copy_program_x300 on: 0.907s
08:38:18 copy_program_x300 off: 0.871s
08:38:21 copy_program_x300 off: 0.853s
08:38:26 copy_program_x300 on: 0.972s
08:38:29 copy_program_x300 on: 0.956s
08:38:33 copy_program_x300 off: 0.818s
08:38:36 copy_program_x300 off: 0.877s
08:38:40 copy_program_x300 on: 1.016s
08:38:44 copy_program_x300 on: 0.990s
08:38:49 copy_program_x300 off: 1.008s
08:38:52 copy_program_x300 off: 1.084s
08:38:58 copy_program_x300 on: 0.904s
08:39:01 copy_program_x300 on: 0.873s
08:39:05 copy_program_x300 off: 1.110s
08:39:08 copy_program_x300 off: 0.944s
08:39:13 copy_program_x300 on: 0.961s
08:39:17 copy_program_x300 on: 1.015s
08:39:21 copy_program_x300 off: 1.094s
08:39:25 copy_program_x300 off: 1.096s
08:39:30 copy_program_x300 on: 1.170s
08:39:33 copy_program_x300 on: 1.069s
08:39:38 copy_program_x300 off: 1.292s
08:39:42 copy_program_x300 off: 1.078s
08:39:47 copy_program_x300 on: 1.140s
08:39:50 copy_program_x300 on: 0.927s
08:39:55 copy_program_x300 off: 1.011s
08:39:58 copy_program_x300 off: 1.023s
08:40:04 copy_program_x300 on: 1.086s
08:40:07 copy_program_x300 on: 0.948s
08:40:11 copy_program_x300 off: 0.962s
08:40:14 copy_program_x300 off: 0.968s
08:40:19 copy_program_x300 on: 1.086s
08:40:23 copy_program_x300 on: 1.112s
08:40:28 copy_program_x300 off: 1.051s
08:40:31 copy_program_x300 off: 1.107s
08:40:36 copy_program_x300 on: 1.168s
08:40:39 copy_program_x300 on: 1.095s
08:40:44 copy_program_x300 off: 1.160s
08:40:47 copy_program_x300 off: 1.012s
08:40:52 copy_program_x300 on: 1.177s
08:40:57 copy_program_x300 on: 1.208s
08:41:01 copy_program_x300 off: 1.113s
08:41:05 copy_program_x300 off: 1.102s
08:41:10 copy_program_x300 on: 1.117s
08:41:14 copy_program_x300 on: 1.211s
08:41:19 copy_program_x300 off: 0.999s
08:41:22 copy_program_x300 off: 1.035s
08:41:29 copy_program_x300 on: 1.515s
08:41:33 copy_program_x300 on: 1.144s
08:41:36 copy_program_x300 off: 0.856s
08:41:39 copy_program_x300 off: 0.974s
08:41:44 copy_program_x300 on: 1.234s
08:41:49 copy_program_x300 on: 1.254s
08:41:54 copy_program_x300 off: 1.153s
08:41:57 copy_program_x300 off: 1.244s
08:42:04 copy_program_x300 on: 1.308s
08:42:09 copy_program_x300 on: 1.267s
08:42:13 copy_program_x300 off: 1.148s
08:42:16 copy_program_x300 off: 1.130s
08:42:23 copy_program_x300 on: 0.990s
08:42:26 copy_program_x300 on: 1.026s
08:42:30 copy_program_x300 off: 1.090s
08:42:33 copy_program_x300 off: 0.866s
08:42:39 copy_program_x300 on: 0.873s
08:42:42 copy_program_x300 on: 0.861s
08:42:46 copy_program_x300 off: 1.176s
08:42:49 copy_program_x300 off: 0.907s
08:42:55 copy_program_x300 on: 1.157s
08:42:58 copy_program_x300 on: 0.868s
08:43:02 copy_program_x300 off: 1.005s
08:43:05 copy_program_x300 off: 0.888s
08:43:10 copy_program_x300 on: 1.046s
08:43:13 copy_program_x300 on: 0.956s
08:43:17 copy_program_x300 off: 0.925s
08:43:20 copy_program_x300 off: 0.840s
08:43:24 copy_program_x300 on: 0.985s
08:43:28 copy_program_x300 on: 0.914s
08:43:32 copy_program_x300 off: 0.976s
08:43:35 copy_program_x300 off: 0.895s
08:43:40 copy_program_x300 on: 0.950s
08:43:44 copy_program_x300 on: 0.924s
08:43:47 copy_program_x300 off: 0.927s
08:43:50 copy_program_x300 off: 0.872s
08:43:56 copy_program_x300 on: 1.080s
08:44:00 copy_program_x300 on: 1.024s
08:44:04 copy_program_x300 off: 0.963s
08:44:07 copy_program_x300 off: 0.903s
08:44:12 copy_program_x300 on: 0.998s
08:44:16 copy_program_x300 on: 1.190s
08:44:21 copy_program_x300 off: 1.022s
08:44:24 copy_program_x300 off: 0.877s
08:44:29 copy_program_x300 on: 0.946s
08:44:33 copy_program_x300 on: 0.864s
08:44:37 copy_program_x300 off: 0.888s
08:44:40 copy_program_x300 off: 0.999s
08:44:47 copy_program_x300 on: 1.055s
08:44:50 copy_program_x300 on: 0.901s
08:44:53 copy_program_x300 off: 0.822s
08:44:56 copy_program_x300 off: 0.837s
08:45:01 copy_program_x300 on: 1.079s
08:45:04 copy_program_x300 on: 0.891s
08:45:09 copy_program_x300 off: 1.273s
08:45:12 copy_program_x300 off: 1.198s
08:45:18 copy_program_x300 on: 1.298s
08:45:23 copy_program_x300 on: 1.685s
08:45:28 copy_program_x300 off: 1.241s
08:45:31 copy_program_x300 off: 1.226s
08:45:39 copy_program_x300 on: 1.320s
08:45:43 copy_program_x300 on: 1.128s
08:45:47 copy_program_x300 off: 1.035s
08:45:51 copy_program_x300 off: 1.031s
08:45:58 copy_program_x300 on: 1.133s
08:46:02 copy_program_x300 on: 1.167s
08:46:05 copy_program_x300 off: 1.002s
08:46:05 copy_program_x300: median paired overhead +6.29% (CI90 +5.32 .. +7.52)
08:46:14 PASS idle_cpu_below_1pct_of_a_core
08:46:14 PASS zero_loss
08:46:14 PASS why_cli_median_lt_100ms
08:46:14 PASS label_cli_median_lt_100ms
08:46:14 PASS make_j8_36_units.median_paired_overhead_lt_5pct
08:46:14 PASS vite_build.median_paired_overhead_lt_5pct
08:46:14 FAIL copy_program_x300.median_paired_overhead_lt_5pct
08:46:14 verdict FAIL
