2026-09-28 03:35:06 whyfs service listening on \\.\pipe\whyfs-service
2026-09-28 03:35:06 machine labels: service process 5488 started
2026-09-28 03:35:21 start C:\Users\runneradmin\AppData\Local\Temp\whyfs-msi-user-ws pid 6132 session whyfs-201334dc62424c6d user S-1-5-21-1535354919-3125631827-3241930664-500
2026-09-28 03:35:23 stop C:\Users\runneradmin\AppData\Local\Temp\whyfs-msi-user-ws exit 0
2026-09-28 03:35:25 machine labels: service process exited 0
2026-09-28 03:35:28 whyfs service listening on \\.\pipe\whyfs-service
2026-09-28 03:35:28 machine labels: service process 4320 started
2026-09-28 03:35:29 start C:\Users\runneradmin\AppData\Local\Temp\whyfs-upgrade-ws pid 7252 session whyfs-abe1fad5a47b91d8 user S-1-5-21-1535354919-3125631827-3241930664-500
2026-09-28 03:35:31 stop C:\Users\runneradmin\AppData\Local\Temp\whyfs-upgrade-ws exit 0
2026-09-28 03:35:32 machine labels: service process exited 0
2026-09-28 03:35:33 whyfs service listening on \\.\pipe\whyfs-service
2026-09-28 03:35:33 machine labels: service process 5660 started
2026-09-28 03:35:34 start C:\Users\runneradmin\AppData\Local\Temp\whyfs-upgrade-ws pid 6584 session whyfs-abe1fad5a47b91d8 user S-1-5-21-1535354919-3125631827-3241930664-500
2026-09-28 03:35:36 stop C:\Users\runneradmin\AppData\Local\Temp\whyfs-upgrade-ws exit 0
2026-09-28 03:35:38 machine labels: service process exited 0
2026-09-28 03:35:53 whyfs service listening on \\.\pipe\whyfs-service
2026-09-28 03:35:53 machine labels: service process 7916 started
2026-09-28 03:36:31 stopped orphaned ETW session whyfs-machine (rc 0)
2026-09-28 03:36:31 stopped orphaned ETW session whyfs-machine-sys (rc 0)
2026-09-28 03:36:31 whyfs service listening on \\.\pipe\whyfs-service
2026-09-28 03:36:31 machine labels: service process 2664 started
2026-09-28 03:36:47 start C:\Users\runneradmin\whyfs-outage-a0afea87\workspace-capture pid 5840 session whyfs-35a2f549a89ad982 user S-1-5-21-1535354919-3125631827-3241930664-500
2026-09-28 03:36:47 stop C:\Users\runneradmin\whyfs-outage-a0afea87\workspace-capture exit 0
2026-09-28 03:37:32 start C:\Users\runneradmin\AppData\Local\Temp\whyfs-corpus-yg7q1yh2 pid 5768 session whyfs-29ae1122fd1cb90c user S-1-5-21-1535354919-3125631827-3241930664-500
2026-09-28 03:37:35 stop C:\Users\runneradmin\AppData\Local\Temp\whyfs-corpus-yg7q1yh2 exit 0
2026-09-28 03:37:36 start C:\Users\runneradmin\AppData\Local\Temp\whyfs-secret-gkk4n21z pid 7684 session whyfs-d51548e4f8fee4f2 user S-1-5-21-1535354919-3125631827-3241930664-500
2026-09-28 03:37:39 stop C:\Users\runneradmin\AppData\Local\Temp\whyfs-secret-gkk4n21z exit 0
2026-09-28 03:37:45 start C:\Users\runneradmin\AppData\Local\Temp\whyfs-wingate\func pid 7644 session whyfs-a8996beb1407ddb0 user S-1-5-21-1535354919-3125631827-3241930664-500
2026-09-28 03:37:49 stop C:\Users\runneradmin\AppData\Local\Temp\whyfs-wingate\func exit 0
2026-09-28 03:47:55 machine labels: service process exited 0
2026-09-28 03:48:11 whyfs service listening on \\.\pipe\whyfs-service
2026-09-28 03:48:11 machine labels: service process 2876 started
2026-09-28 03:48:29 machine labels: service process exited 0
2026-09-28 03:48:46 whyfs service listening on \\.\pipe\whyfs-service
2026-09-28 03:48:46 machine labels: service process 3468 started
2026-09-28 03:49:04 machine labels: service process exited 0
2026-09-28 03:49:21 whyfs service listening on \\.\pipe\whyfs-service
2026-09-28 03:49:21 machine labels: service process 1020 started
2026-09-28 03:49:55 machine labels: service process exited 0
2026-09-28 03:50:28 whyfs service listening on \\.\pipe\whyfs-service
2026-09-28 03:50:28 machine labels: service process 2972 started
2026-09-28 03:51:03 machine labels: service process exited 0
2026-09-28 03:51:34 whyfs service listening on \\.\pipe\whyfs-service
2026-09-28 03:51:34 machine labels: service process 2260 started
2026-09-28 03:52:10 machine labels: service process exited 0
2026-09-28 03:52:42 whyfs service listening on \\.\pipe\whyfs-service
2026-09-28 03:52:42 machine labels: service process 3272 started
2026-09-28 03:53:17 machine labels: service process exited 0
2026-09-28 03:53:49 whyfs service listening on \\.\pipe\whyfs-service
2026-09-28 03:53:49 machine labels: service process 6904 started
2026-09-28 03:54:25 machine labels: service process exited 0
2026-09-28 03:54:56 whyfs service listening on \\.\pipe\whyfs-service
2026-09-28 03:54:56 machine labels: service process 4988 started
2026-09-28 03:55:32 machine labels: service process exited 0
2026-09-28 03:56:04 whyfs service listening on \\.\pipe\whyfs-service
2026-09-28 03:56:04 machine labels: service process 3476 started
2026-09-28 03:56:40 machine labels: service process exited 0
2026-09-28 03:57:12 whyfs service listening on \\.\pipe\whyfs-service
2026-09-28 03:57:12 machine labels: service process 6840 started
2026-09-28 03:57:47 machine labels: service process exited 0
2026-09-28 03:58:19 whyfs service listening on \\.\pipe\whyfs-service
2026-09-28 03:58:19 machine labels: service process 8104 started
2026-09-28 03:58:55 machine labels: service process exited 0
2026-09-28 03:59:26 whyfs service listening on \\.\pipe\whyfs-service
2026-09-28 03:59:26 machine labels: service process 3796 started
2026-09-28 04:00:02 machine labels: service process exited 0
2026-09-28 04:00:21 whyfs service listening on \\.\pipe\whyfs-service
2026-09-28 04:00:21 machine labels: service process 552 started
2026-09-28 04:00:26 machine labels: service process exited 0
2026-09-28 04:00:29 whyfs service listening on \\.\pipe\whyfs-service
2026-09-28 04:00:29 machine labels: service process 6152 started
2026-09-28 04:00:33 machine labels: service process exited 0
2026-09-28 04:00:36 whyfs service listening on \\.\pipe\whyfs-service
2026-09-28 04:00:36 machine labels: service process 7200 started
2026-09-28 04:00:44 machine labels: service process exited 0
2026-09-28 04:00:49 whyfs service listening on \\.\pipe\whyfs-service
2026-09-28 04:00:49 machine labels: service process 6392 started
2026-09-28 04:00:56 machine labels: service process exited 0
2026-09-28 04:01:01 whyfs service listening on \\.\pipe\whyfs-service
2026-09-28 04:01:01 machine labels: service process 6836 started
2026-09-28 04:01:08 machine labels: service process exited 0
2026-09-28 04:01:13 whyfs service listening on \\.\pipe\whyfs-service
2026-09-28 04:01:13 machine labels: service process 4792 started
2026-09-28 04:01:21 machine labels: service process exited 0
2026-09-28 04:01:26 whyfs service listening on \\.\pipe\whyfs-service
2026-09-28 04:01:26 machine labels: service process 3928 started
2026-09-28 04:01:33 machine labels: service process exited 0
2026-09-28 04:01:38 whyfs service listening on \\.\pipe\whyfs-service
2026-09-28 04:01:38 machine labels: service process 2560 started
2026-09-28 04:01:46 machine labels: service process exited 0
2026-09-28 04:01:51 whyfs service listening on \\.\pipe\whyfs-service
2026-09-28 04:01:51 machine labels: service process 5944 started
2026-09-28 04:01:58 machine labels: service process exited 0
2026-09-28 04:02:03 whyfs service listening on \\.\pipe\whyfs-service
2026-09-28 04:02:03 machine labels: service process 1604 started
2026-09-28 04:02:11 machine labels: service process exited 0
2026-09-28 04:02:16 whyfs service listening on \\.\pipe\whyfs-service
2026-09-28 04:02:16 machine labels: service process 6852 started
2026-09-28 04:02:24 machine labels: service process exited 0
2026-09-28 04:02:29 whyfs service listening on \\.\pipe\whyfs-service
2026-09-28 04:02:29 machine labels: service process 5676 started
2026-09-28 04:02:36 machine labels: service process exited 0
2026-09-28 04:02:43 whyfs service listening on \\.\pipe\whyfs-service
2026-09-28 04:02:43 machine labels: service process 6004 started
2026-09-28 04:02:50 machine labels: service process exited 0
2026-09-28 04:02:55 whyfs service listening on \\.\pipe\whyfs-service
2026-09-28 04:02:55 machine labels: service process 2112 started
2026-09-28 04:03:01 machine labels: service process exited 0
2026-09-28 04:03:06 whyfs service listening on \\.\pipe\whyfs-service
2026-09-28 04:03:06 machine labels: service process 7624 started
2026-09-28 04:03:17 machine labels: service process exited 0
2026-09-28 04:03:25 whyfs service listening on \\.\pipe\whyfs-service
2026-09-28 04:03:25 machine labels: service process 3572 started
2026-09-28 04:03:37 machine labels: service process exited 0
2026-09-28 04:03:45 whyfs service listening on \\.\pipe\whyfs-service
2026-09-28 04:03:45 machine labels: service process 7484 started
2026-09-28 04:03:57 machine labels: service process exited 0
2026-09-28 04:04:05 whyfs service listening on \\.\pipe\whyfs-service
2026-09-28 04:04:05 machine labels: service process 2264 started
2026-09-28 04:04:17 machine labels: service process exited 0
2026-09-28 04:04:25 whyfs service listening on \\.\pipe\whyfs-service
2026-09-28 04:04:25 machine labels: service process 7616 started
2026-09-28 04:04:37 machine labels: service process exited 0
2026-09-28 04:04:45 whyfs service listening on \\.\pipe\whyfs-service
2026-09-28 04:04:45 machine labels: service process 7888 started
2026-09-28 04:04:58 machine labels: service process exited 0
2026-09-28 04:05:06 whyfs service listening on \\.\pipe\whyfs-service
2026-09-28 04:05:06 machine labels: service process 1140 started
2026-09-28 04:05:19 machine labels: service process exited 0
2026-09-28 04:05:27 whyfs service listening on \\.\pipe\whyfs-service
2026-09-28 04:05:27 machine labels: service process 5208 started
2026-09-28 04:05:39 machine labels: service process exited 0
2026-09-28 04:05:47 whyfs service listening on \\.\pipe\whyfs-service
2026-09-28 04:05:47 machine labels: service process 1036 started
2026-09-28 04:06:00 machine labels: service process exited 0
2026-09-28 04:06:08 whyfs service listening on \\.\pipe\whyfs-service
2026-09-28 04:06:08 machine labels: service process 6940 started
2026-09-28 04:06:21 machine labels: service process exited 0
2026-09-28 04:06:25 whyfs service listening on \\.\pipe\whyfs-service
2026-09-28 04:06:25 machine labels: service process 6668 started
