2026-09-27 19:42:44 whyfs service listening on \\.\pipe\whyfs-service
2026-09-27 19:42:44 machine labels: service process 6152 started
2026-09-27 19:43:01 start C:\Users\runneradmin\AppData\Local\Temp\whyfs-msi-user-ws pid 9324 session whyfs-201334dc62424c6d user S-1-5-21-2615846702-2260884330-149277722-500
2026-09-27 19:43:03 stop C:\Users\runneradmin\AppData\Local\Temp\whyfs-msi-user-ws exit 0
2026-09-27 19:43:05 machine labels: service process exited 0
2026-09-27 19:43:09 whyfs service listening on \\.\pipe\whyfs-service
2026-09-27 19:43:09 machine labels: service process 9676 started
2026-09-27 19:43:10 start C:\Users\runneradmin\AppData\Local\Temp\whyfs-upgrade-ws pid 9156 session whyfs-abe1fad5a47b91d8 user S-1-5-21-2615846702-2260884330-149277722-500
2026-09-27 19:43:11 stop C:\Users\runneradmin\AppData\Local\Temp\whyfs-upgrade-ws exit 0
2026-09-27 19:43:13 machine labels: service process exited 0
2026-09-27 19:43:14 whyfs service listening on \\.\pipe\whyfs-service
2026-09-27 19:43:14 machine labels: service process 7096 started
2026-09-27 19:43:15 start C:\Users\runneradmin\AppData\Local\Temp\whyfs-upgrade-ws pid 1808 session whyfs-abe1fad5a47b91d8 user S-1-5-21-2615846702-2260884330-149277722-500
2026-09-27 19:43:17 stop C:\Users\runneradmin\AppData\Local\Temp\whyfs-upgrade-ws exit 0
2026-09-27 19:43:19 machine labels: service process exited 0
2026-09-27 19:43:36 whyfs service listening on \\.\pipe\whyfs-service
2026-09-27 19:43:36 machine labels: service process 1940 started
2026-09-27 19:44:15 stopped orphaned ETW session whyfs-machine (rc 0)
2026-09-27 19:44:15 stopped orphaned ETW session whyfs-machine-sys (rc 0)
2026-09-27 19:44:15 whyfs service listening on \\.\pipe\whyfs-service
2026-09-27 19:44:15 machine labels: service process 7608 started
2026-09-27 19:44:31 start C:\Users\runneradmin\whyfs-outage-922f2f00\workspace-capture pid 4184 session whyfs-7e651ea0beb6f4b8 user S-1-5-21-2615846702-2260884330-149277722-500
2026-09-27 19:44:31 stop C:\Users\runneradmin\whyfs-outage-922f2f00\workspace-capture exit 0
2026-09-27 19:45:18 start C:\Users\runneradmin\AppData\Local\Temp\whyfs-corpus-3i97m9uw pid 7152 session whyfs-927ac35d43c5866e user S-1-5-21-2615846702-2260884330-149277722-500
2026-09-27 19:45:21 stop C:\Users\runneradmin\AppData\Local\Temp\whyfs-corpus-3i97m9uw exit 0
2026-09-27 19:45:22 start C:\Users\runneradmin\AppData\Local\Temp\whyfs-secret-ojrhmeyj pid 8168 session whyfs-91d82d105a9ff592 user S-1-5-21-2615846702-2260884330-149277722-500
2026-09-27 19:45:25 stop C:\Users\runneradmin\AppData\Local\Temp\whyfs-secret-ojrhmeyj exit 0
2026-09-27 19:45:34 start C:\Users\runneradmin\AppData\Local\Temp\whyfs-wingate\func pid 6416 session whyfs-a8996beb1407ddb0 user S-1-5-21-2615846702-2260884330-149277722-500
2026-09-27 19:45:39 stop C:\Users\runneradmin\AppData\Local\Temp\whyfs-wingate\func exit 0
2026-09-27 19:55:46 machine labels: service process exited 0
2026-09-27 19:56:04 whyfs service listening on \\.\pipe\whyfs-service
2026-09-27 19:56:04 machine labels: service process 7612 started
2026-09-27 19:56:19 machine labels: service process exited 0
2026-09-27 19:56:35 whyfs service listening on \\.\pipe\whyfs-service
2026-09-27 19:56:35 machine labels: service process 812 started
2026-09-27 19:56:51 machine labels: service process exited 0
2026-09-27 19:57:06 whyfs service listening on \\.\pipe\whyfs-service
2026-09-27 19:57:06 machine labels: service process 2420 started
2026-09-27 19:57:39 machine labels: service process exited 0
2026-09-27 19:58:08 whyfs service listening on \\.\pipe\whyfs-service
2026-09-27 19:58:08 machine labels: service process 6124 started
2026-09-27 19:58:42 machine labels: service process exited 0
2026-09-27 19:59:12 whyfs service listening on \\.\pipe\whyfs-service
2026-09-27 19:59:12 machine labels: service process 2364 started
2026-09-27 19:59:45 machine labels: service process exited 0
2026-09-27 20:00:13 whyfs service listening on \\.\pipe\whyfs-service
2026-09-27 20:00:13 machine labels: service process 6444 started
2026-09-27 20:00:47 machine labels: service process exited 0
2026-09-27 20:01:14 whyfs service listening on \\.\pipe\whyfs-service
2026-09-27 20:01:14 machine labels: service process 3220 started
2026-09-27 20:01:46 machine labels: service process exited 0
2026-09-27 20:02:15 whyfs service listening on \\.\pipe\whyfs-service
2026-09-27 20:02:15 machine labels: service process 1816 started
2026-09-27 20:02:49 machine labels: service process exited 0
2026-09-27 20:03:18 whyfs service listening on \\.\pipe\whyfs-service
2026-09-27 20:03:18 machine labels: service process 7736 started
2026-09-27 20:03:50 machine labels: service process exited 0
2026-09-27 20:04:18 whyfs service listening on \\.\pipe\whyfs-service
2026-09-27 20:04:18 machine labels: service process 9716 started
2026-09-27 20:04:51 machine labels: service process exited 0
2026-09-27 20:05:20 whyfs service listening on \\.\pipe\whyfs-service
2026-09-27 20:05:20 machine labels: service process 4572 started
2026-09-27 20:05:52 machine labels: service process exited 0
2026-09-27 20:06:22 whyfs service listening on \\.\pipe\whyfs-service
2026-09-27 20:06:22 machine labels: service process 3144 started
2026-09-27 20:06:55 machine labels: service process exited 0
2026-09-27 20:07:15 whyfs service listening on \\.\pipe\whyfs-service
2026-09-27 20:07:15 machine labels: service process 688 started
2026-09-27 20:07:20 machine labels: service process exited 0
2026-09-27 20:07:23 whyfs service listening on \\.\pipe\whyfs-service
2026-09-27 20:07:23 machine labels: service process 2228 started
2026-09-27 20:07:28 machine labels: service process exited 0
2026-09-27 20:07:31 whyfs service listening on \\.\pipe\whyfs-service
2026-09-27 20:07:31 machine labels: service process 1556 started
2026-09-27 20:07:39 machine labels: service process exited 0
2026-09-27 20:07:45 whyfs service listening on \\.\pipe\whyfs-service
2026-09-27 20:07:45 machine labels: service process 8148 started
2026-09-27 20:07:52 machine labels: service process exited 0
2026-09-27 20:07:58 whyfs service listening on \\.\pipe\whyfs-service
2026-09-27 20:07:58 machine labels: service process 7792 started
2026-09-27 20:08:06 machine labels: service process exited 0
2026-09-27 20:08:12 whyfs service listening on \\.\pipe\whyfs-service
2026-09-27 20:08:12 machine labels: service process 5984 started
2026-09-27 20:08:21 machine labels: service process exited 0
2026-09-27 20:08:27 whyfs service listening on \\.\pipe\whyfs-service
2026-09-27 20:08:27 machine labels: service process 8416 started
2026-09-27 20:08:35 machine labels: service process exited 0
2026-09-27 20:08:42 whyfs service listening on \\.\pipe\whyfs-service
2026-09-27 20:08:42 machine labels: service process 2964 started
2026-09-27 20:08:49 machine labels: service process exited 0
2026-09-27 20:08:55 whyfs service listening on \\.\pipe\whyfs-service
2026-09-27 20:08:55 machine labels: service process 4940 started
2026-09-27 20:09:03 machine labels: service process exited 0
2026-09-27 20:09:09 whyfs service listening on \\.\pipe\whyfs-service
2026-09-27 20:09:09 machine labels: service process 2644 started
2026-09-27 20:09:17 machine labels: service process exited 0
2026-09-27 20:09:23 whyfs service listening on \\.\pipe\whyfs-service
2026-09-27 20:09:23 machine labels: service process 9964 started
2026-09-27 20:09:31 machine labels: service process exited 0
2026-09-27 20:09:37 whyfs service listening on \\.\pipe\whyfs-service
2026-09-27 20:09:37 machine labels: service process 9092 started
2026-09-27 20:09:44 machine labels: service process exited 0
2026-09-27 20:09:58 whyfs service listening on \\.\pipe\whyfs-service
2026-09-27 20:09:58 machine labels: service process 6348 started
2026-09-27 20:10:11 machine labels: service process exited 0
2026-09-27 20:10:21 whyfs service listening on \\.\pipe\whyfs-service
2026-09-27 20:10:21 machine labels: service process 424 started
2026-09-27 20:10:34 machine labels: service process exited 0
2026-09-27 20:10:45 whyfs service listening on \\.\pipe\whyfs-service
2026-09-27 20:10:45 machine labels: service process 1292 started
2026-09-27 20:11:10 machine labels: service process exited 0
2026-09-27 20:11:29 whyfs service listening on \\.\pipe\whyfs-service
2026-09-27 20:11:29 machine labels: service process 1908 started
2026-09-27 20:11:54 machine labels: service process exited 0
2026-09-27 20:12:15 whyfs service listening on \\.\pipe\whyfs-service
2026-09-27 20:12:15 machine labels: service process 1356 started
2026-09-27 20:12:40 machine labels: service process exited 0
2026-09-27 20:13:00 whyfs service listening on \\.\pipe\whyfs-service
2026-09-27 20:13:00 machine labels: service process 9856 started
2026-09-27 20:13:26 machine labels: service process exited 0
2026-09-27 20:13:47 whyfs service listening on \\.\pipe\whyfs-service
2026-09-27 20:13:47 machine labels: service process 5080 started
2026-09-27 20:14:12 machine labels: service process exited 0
2026-09-27 20:14:32 whyfs service listening on \\.\pipe\whyfs-service
2026-09-27 20:14:32 machine labels: service process 7260 started
2026-09-27 20:14:58 machine labels: service process exited 0
2026-09-27 20:15:20 whyfs service listening on \\.\pipe\whyfs-service
2026-09-27 20:15:20 machine labels: service process 5552 started
2026-09-27 20:15:43 machine labels: service process exited 0
2026-09-27 20:16:05 whyfs service listening on \\.\pipe\whyfs-service
2026-09-27 20:16:05 machine labels: service process 7100 started
2026-09-27 20:16:29 machine labels: service process exited 0
2026-09-27 20:16:52 whyfs service listening on \\.\pipe\whyfs-service
2026-09-27 20:16:52 machine labels: service process 7424 started
2026-09-27 20:17:15 machine labels: service process exited 0
2026-09-27 20:17:35 whyfs service listening on \\.\pipe\whyfs-service
2026-09-27 20:17:35 machine labels: service process 7048 started
2026-09-27 20:17:59 machine labels: service process exited 0
2026-09-27 20:18:11 whyfs service listening on \\.\pipe\whyfs-service
2026-09-27 20:18:11 machine labels: service process 4448 started
