15:31:20 normal off warmup: 0.175s collector None ms writer None ms
15:31:25 normal on warmup: 0.185s collector 3.5 ms writer 0.0 ms
15:31:27 normal off: 0.177s collector None ms writer None ms
15:31:32 normal on: 0.185s collector 4.77 ms writer 0.0 ms
15:31:34 normal on: 0.184s collector 4.89 ms writer 0.0 ms
15:31:36 normal off: 0.170s collector None ms writer None ms
15:31:37 normal off: 0.175s collector None ms writer None ms
15:31:42 normal on: 0.181s collector 3.54 ms writer 0.0 ms
15:31:44 normal on: 0.184s collector 4.15 ms writer 0.0 ms
15:31:46 normal off: 0.178s collector None ms writer None ms
15:31:47 normal off: 0.183s collector None ms writer None ms
15:31:53 normal on: 0.180s collector 4.37 ms writer 0.0 ms
15:31:54 normal on: 0.185s collector 4.05 ms writer 0.0 ms
15:31:56 normal off: 0.173s collector None ms writer None ms
15:31:58 normal off: 0.175s collector None ms writer None ms
15:32:03 normal on: 0.184s collector 3.44 ms writer 0.0 ms
15:32:04 normal on: 0.184s collector 5.04 ms writer 0.0 ms
15:32:06 normal off: 0.177s collector None ms writer None ms
15:32:08 normal off: 0.170s collector None ms writer None ms
15:32:13 normal on: 0.182s collector 4.01 ms writer 0.0 ms
15:32:15 normal on: 0.183s collector 5.83 ms writer 0.0 ms
15:32:17 normal off: 0.176s collector None ms writer None ms
15:32:18 normal off: 0.176s collector None ms writer None ms
15:32:23 normal on: 0.183s collector 5.22 ms writer 0.0 ms
15:32:25 normal on: 0.183s collector 4.63 ms writer 0.0 ms
15:32:27 normal off: 0.176s collector None ms writer None ms
15:32:29 normal off: 0.176s collector None ms writer None ms
15:32:34 normal on: 0.187s collector 3.82 ms writer 0.0 ms
15:32:35 normal on: 0.181s collector 5.42 ms writer 0.0 ms
15:32:37 normal off: 0.174s collector None ms writer None ms
15:32:39 normal off: 0.177s collector None ms writer None ms
15:32:44 normal on: 0.182s collector 4.34 ms writer 0.0 ms
15:32:46 normal on: 0.183s collector 5.78 ms writer 0.0 ms
15:32:48 normal off: 0.174s collector None ms writer None ms
15:32:49 normal off: 0.177s collector None ms writer None ms
15:32:54 normal on: 0.184s collector 5.11 ms writer 0.0 ms
15:32:56 normal on: 0.187s collector 4.93 ms writer 0.0 ms
15:32:58 normal off: 0.176s collector None ms writer None ms
15:33:00 normal off: 0.178s collector None ms writer None ms
15:33:05 normal on: 0.185s collector 5.21 ms writer 0.0 ms
15:33:06 normal on: 0.185s collector 4.64 ms writer 0.0 ms
15:33:08 normal off: 0.178s collector None ms writer None ms
15:33:25 verify: {'checked': 300, 'labelled': 300, 'creator_ok': 300, 'complete': 300, 'identity_match': 300, 'failures': [], 'ok': True}
15:33:26 normal: median paired overhead 4.02%  {"collector": {"cpu_ms": 5.19, "ctx": 10.0, "write_ops": 0.0, "write_bytes": 0.0, "read_ops": 0.0}, "writer": {"cpu_ms": 0.0, "ctx": 0.0, "write_ops": 0.0, "write_bytes": 0.0, "read_ops": 0.0}, "daemon": {"cpu_ms": 0.15, "ctx": 2.0, "write_ops": 0.0, "write_bytes": 0.0, "read_ops": 0.0}}
15:33:27 discard off warmup: 0.178s collector None ms writer None ms
15:33:33 discard on warmup: 0.182s collector 0.26 ms writer None ms
15:33:35 discard off: 0.178s collector None ms writer None ms
15:33:40 discard on: 0.182s collector 0.28 ms writer None ms
15:33:41 discard on: 0.182s collector 0.25 ms writer None ms
15:33:43 discard off: 0.171s collector None ms writer None ms
15:33:45 discard off: 0.172s collector None ms writer None ms
15:33:50 discard on: 0.183s collector 0.25 ms writer None ms
15:33:52 discard on: 0.183s collector 0.27 ms writer None ms
15:33:54 discard off: 0.217s collector None ms writer None ms
15:33:55 discard off: 0.174s collector None ms writer None ms
15:34:00 discard on: 0.181s collector 0.25 ms writer None ms
15:34:02 discard on: 0.179s collector 0.3 ms writer None ms
15:34:04 discard off: 0.175s collector None ms writer None ms
15:34:06 discard off: 0.176s collector None ms writer None ms
15:34:11 discard on: 0.185s collector 0.25 ms writer None ms
15:34:12 discard on: 0.183s collector 0.26 ms writer None ms
15:34:14 discard off: 0.179s collector None ms writer None ms
15:34:16 discard off: 0.176s collector None ms writer None ms
15:34:21 discard on: 0.183s collector 0.23 ms writer None ms
15:34:23 discard on: 0.182s collector 0.24 ms writer None ms
15:34:25 discard off: 0.178s collector None ms writer None ms
15:34:26 discard off: 0.176s collector None ms writer None ms
15:34:31 discard on: 0.180s collector 0.28 ms writer None ms
15:34:33 discard on: 0.180s collector 0.25 ms writer None ms
15:34:35 discard off: 0.173s collector None ms writer None ms
15:34:37 discard off: 0.176s collector None ms writer None ms
15:34:42 discard on: 0.179s collector 0.22 ms writer None ms
15:34:43 discard on: 0.178s collector 0.28 ms writer None ms
15:34:45 discard off: 0.175s collector None ms writer None ms
15:34:47 discard off: 0.177s collector None ms writer None ms
15:34:52 discard on: 0.179s collector 0.19 ms writer None ms
15:34:54 discard on: 0.182s collector 0.2 ms writer None ms
15:34:56 discard off: 0.180s collector None ms writer None ms
15:34:57 discard off: 0.178s collector None ms writer None ms
15:35:02 discard on: 0.182s collector 0.25 ms writer None ms
15:35:04 discard on: 0.172s collector 0.26 ms writer None ms
15:35:06 discard off: 0.170s collector None ms writer None ms
15:35:07 discard off: 0.173s collector None ms writer None ms
15:35:13 discard on: 0.181s collector 0.24 ms writer None ms
15:35:14 discard on: 0.177s collector 0.26 ms writer None ms
15:35:16 discard off: 0.171s collector None ms writer None ms
15:35:16 discard: median paired overhead 2.34%  {"collector": {"cpu_ms": 0.35, "ctx": 8.0, "write_ops": 0.0, "write_bytes": 0.0, "read_ops": 0.0}, "writer": {"cpu_ms": null, "ctx": null, "write_ops": null, "write_bytes": null, "read_ops": null}, "daemon": {"cpu_ms": 0.12, "ctx": 1.0, "write_ops": 0.0, "write_bytes": 0.0, "read_ops": 0.0}}
15:35:18 no_store off warmup: 0.176s collector None ms writer None ms
15:35:23 no_store on warmup: 0.182s collector 5.05 ms writer None ms
15:35:25 no_store off: 0.177s collector None ms writer None ms
15:35:30 no_store on: 0.182s collector 4.2 ms writer None ms
15:35:32 no_store on: 0.184s collector 5.24 ms writer None ms
15:35:34 no_store off: 0.173s collector None ms writer None ms
15:35:35 no_store off: 0.176s collector None ms writer None ms
15:35:40 no_store on: 0.183s collector 5.83 ms writer None ms
15:35:42 no_store on: 0.184s collector 4.88 ms writer None ms
15:35:44 no_store off: 0.175s collector None ms writer None ms
15:35:46 no_store off: 0.177s collector None ms writer None ms
15:35:51 no_store on: 0.187s collector 4.84 ms writer None ms
15:35:52 no_store on: 0.183s collector 4.87 ms writer None ms
15:35:54 no_store off: 0.177s collector None ms writer None ms
15:35:56 no_store off: 0.178s collector None ms writer None ms
15:36:01 no_store on: 0.190s collector 6.06 ms writer None ms
15:36:03 no_store on: 0.184s collector 5.99 ms writer None ms
15:36:05 no_store off: 0.177s collector None ms writer None ms
15:36:06 no_store off: 0.175s collector None ms writer None ms
15:36:11 no_store on: 0.184s collector 4.57 ms writer None ms
15:36:13 no_store on: 0.183s collector 4.53 ms writer None ms
15:36:15 no_store off: 0.175s collector None ms writer None ms
15:36:17 no_store off: 0.176s collector None ms writer None ms
15:36:22 no_store on: 0.182s collector 5.26 ms writer None ms
15:36:23 no_store on: 0.184s collector 5.7 ms writer None ms
15:36:25 no_store off: 0.177s collector None ms writer None ms
15:36:27 no_store off: 0.179s collector None ms writer None ms
15:36:32 no_store on: 0.184s collector 3.87 ms writer None ms
15:36:34 no_store on: 0.185s collector 3.96 ms writer None ms
15:36:36 no_store off: 0.173s collector None ms writer None ms
15:36:37 no_store off: 0.177s collector None ms writer None ms
15:36:42 no_store on: 0.181s collector 3.99 ms writer None ms
15:36:44 no_store on: 0.185s collector 4.98 ms writer None ms
15:36:46 no_store off: 0.175s collector None ms writer None ms
15:36:47 no_store off: 0.181s collector None ms writer None ms
15:36:53 no_store on: 0.183s collector 4.52 ms writer None ms
15:36:54 no_store on: 0.184s collector 4.51 ms writer None ms
15:36:56 no_store off: 0.176s collector None ms writer None ms
15:36:58 no_store off: 0.177s collector None ms writer None ms
15:37:03 no_store on: 0.183s collector 6.04 ms writer None ms
15:37:05 no_store on: 0.183s collector 4.34 ms writer None ms
15:37:07 no_store off: 0.177s collector None ms writer None ms
15:37:07 no_store: median paired overhead 4.15%  {"collector": {"cpu_ms": 5.42, "ctx": 11.0, "write_ops": 0.0, "write_bytes": 0.0, "read_ops": 0.0}, "writer": {"cpu_ms": null, "ctx": null, "write_ops": null, "write_bytes": null, "read_ops": null}, "daemon": {"cpu_ms": 0.13, "ctx": 1.0, "write_ops": 0.0, "write_bytes": 0.0, "read_ops": 0.0}}
