00:28:06 functional fixtures
00:28:12   PASS creator_attribution_ge_99pct
00:28:12   PASS useful_input_recall_ge_95pct
00:28:12   PASS no_unlabelled_false_lineage
00:28:12   PASS msvc_header_impact_reaches_all_includers_and_app
00:28:12   PASS msvc_header_impact_excludes_non_includer
00:28:12   PASS msvc_source_impact_reaches_its_object_and_app
00:28:12   PASS msvc_source_impact_other_objects_only_as_labelled_shared
00:28:12   PASS incremental_rebuild_history
00:28:12   PASS rename_chain_steps_recorded
00:28:12   PASS rename_impact_reaches_final_name
00:28:12   PASS recreate_history_two_writes
00:28:12   PASS parent_child_parent_is_cmd
00:28:12   PASS vite_human_view_hides_node_modules
00:28:12   PASS vite_raw_view_retains_dependency_reads
00:28:12   PASS vite_transitive_impact_to_postbuild
00:28:12   PASS paths_absolute_dos_and_in_scope
00:28:12   PASS no_state_dir_evidence
00:28:12   PASS zero_loss
00:28:12   PASS secret_arguments_redacted
00:28:12   PASS case_insensitive_query
00:28:12   PASS outside_workspace_not_stored
00:28:12   PASS mmap_reads_attributed_to_link
00:28:12   PASS no_foreign_file_object_attribution
00:28:12   accuracy {'tested_outputs': 64, 'creator_attribution': 1.0, 'expected_inputs': 142, 'found_inputs': 142, 'useful_input_recall': 1.0, 'unlabelled_false_inputs': 0, 'foreign_file_objects_rejected': 7}
