19:01:24 graduation: user=runner base=/home/runner/whyfs-graduation-ws
19:01:27 functional: static binary
19:01:27 functional: parallel build #1 (clean)
19:01:27 functional: header change -> build #2
19:01:28 functional: source change -> build #3
19:01:28 functional: vite build + postbuild
19:01:29 functional: copy / rename / move chain
19:01:33 perf make_j8_36_units warmup off: 0.288s
19:01:37 perf make_j8_36_units warmup on: 0.296s
19:01:37 perf make_j8_36_units warmup off: 0.283s
19:01:40 perf make_j8_36_units warmup on: 0.292s
19:01:41 perf make_j8_36_units off: 0.287s
19:01:44 perf make_j8_36_units on: 0.298s
19:01:47 perf make_j8_36_units on: 0.303s
19:01:48 perf make_j8_36_units off: 0.288s
19:01:48 perf make_j8_36_units off: 0.288s
19:01:51 perf make_j8_36_units on: 0.293s
19:01:55 perf make_j8_36_units on: 0.289s
19:01:55 perf make_j8_36_units off: 0.280s
19:01:56 perf make_j8_36_units off: 0.471s
19:01:59 perf make_j8_36_units on: 0.295s
19:02:03 perf make_j8_36_units on: 0.293s
19:02:03 perf make_j8_36_units off: 0.279s
19:02:03 perf make_j8_36_units off: 0.278s
19:02:07 perf make_j8_36_units on: 0.283s
19:02:10 perf make_j8_36_units on: 0.290s
19:02:10 perf make_j8_36_units off: 0.296s
19:02:11 perf make_j8_36_units off: 0.285s
19:02:14 perf make_j8_36_units on: 0.299s
19:02:17 perf make_j8_36_units on: 0.294s
19:02:18 perf make_j8_36_units off: 0.286s
19:02:18 perf make_j8_36_units off: 0.289s
19:02:21 perf make_j8_36_units on: 0.285s
19:02:25 perf make_j8_36_units on: 0.294s
19:02:25 perf make_j8_36_units off: 0.289s
19:02:25 perf make_j8_36_units off: 0.290s
19:02:29 perf make_j8_36_units on: 0.292s
19:02:32 perf make_j8_36_units on: 0.284s
19:02:32 perf make_j8_36_units off: 0.284s
19:02:33 perf make_j8_36_units off: 0.292s
19:02:36 perf make_j8_36_units on: 0.285s
19:02:40 perf make_j8_36_units on: 0.288s
19:02:40 perf make_j8_36_units off: 0.299s
19:02:40 perf make_j8_36_units off: 0.284s
19:02:44 perf make_j8_36_units on: 0.297s
19:02:47 perf make_j8_36_units on: 0.290s
19:02:47 perf make_j8_36_units off: 0.282s
19:02:48 perf make_j8_36_units off: 0.288s
19:02:51 perf make_j8_36_units on: 0.292s
19:02:54 perf make_j8_36_units on: 0.290s
19:02:55 perf make_j8_36_units off: 0.288s
19:02:55 perf vite_build warmup off: 0.259s
19:02:58 perf vite_build warmup on: 0.251s
19:02:59 perf vite_build warmup off: 0.256s
19:03:02 perf vite_build warmup on: 0.242s
19:03:02 perf vite_build off: 0.247s
19:03:05 perf vite_build on: 0.251s
19:03:09 perf vite_build on: 0.248s
19:03:09 perf vite_build off: 0.245s
19:03:09 perf vite_build off: 0.246s
19:03:12 perf vite_build on: 0.254s
19:03:16 perf vite_build on: 0.250s
19:03:16 perf vite_build off: 0.262s
19:03:16 perf vite_build off: 0.269s
19:03:20 perf vite_build on: 0.240s
19:03:23 perf vite_build on: 0.252s
19:03:23 perf vite_build off: 0.250s
19:03:23 perf vite_build off: 0.247s
19:03:27 perf vite_build on: 0.257s
19:03:30 perf vite_build on: 0.267s
19:03:30 perf vite_build off: 0.251s
19:03:30 perf vite_build off: 0.262s
19:03:34 perf vite_build on: 0.273s
19:03:37 perf vite_build on: 0.273s
19:03:38 perf vite_build off: 0.270s
19:03:38 perf vite_build off: 0.271s
19:03:41 perf vite_build on: 0.277s
19:03:45 perf vite_build on: 0.270s
19:03:45 perf vite_build off: 0.273s
19:03:46 perf vite_build off: 0.272s
19:03:49 perf vite_build on: 0.230s
19:03:52 perf vite_build on: 0.265s
19:03:53 perf vite_build off: 0.271s
19:03:53 perf vite_build off: 0.268s
19:03:57 perf vite_build on: 0.264s
19:04:00 perf vite_build on: 0.244s
19:04:01 perf vite_build off: 0.311s
19:04:01 perf vite_build off: 0.293s
19:04:04 perf vite_build on: 0.265s
19:04:08 perf vite_build on: 0.270s
19:04:08 perf vite_build off: 0.239s
19:04:08 perf vite_build off: 0.249s
19:04:12 perf vite_build on: 0.249s
19:04:15 perf vite_build on: 0.275s
19:04:15 perf vite_build off: 0.274s
19:04:16 perf static_binary_x300 warmup off: 0.148s
19:04:19 perf static_binary_x300 warmup on: 0.140s
19:04:19 perf static_binary_x300 warmup off: 0.140s
19:04:22 perf static_binary_x300 warmup on: 0.140s
19:04:23 perf static_binary_x300 off: 0.143s
19:04:26 perf static_binary_x300 on: 0.152s
19:04:29 perf static_binary_x300 on: 0.152s
19:04:30 perf static_binary_x300 off: 0.148s
19:04:30 perf static_binary_x300 off: 0.147s
19:04:33 perf static_binary_x300 on: 0.152s
19:04:37 perf static_binary_x300 on: 0.138s
19:04:37 perf static_binary_x300 off: 0.149s
19:04:37 perf static_binary_x300 off: 0.148s
19:04:40 perf static_binary_x300 on: 0.140s
19:04:43 perf static_binary_x300 on: 0.144s
19:04:43 perf static_binary_x300 off: 0.142s
19:04:43 perf static_binary_x300 off: 0.141s
19:04:46 perf static_binary_x300 on: 0.150s
19:04:49 perf static_binary_x300 on: 0.146s
19:04:50 perf static_binary_x300 off: 0.146s
19:04:50 perf static_binary_x300 off: 0.149s
19:04:53 perf static_binary_x300 on: 0.144s
19:04:57 perf static_binary_x300 on: 0.149s
19:04:57 perf static_binary_x300 off: 0.144s
19:04:57 perf static_binary_x300 off: 0.144s
19:05:00 perf static_binary_x300 on: 0.144s
19:05:04 perf static_binary_x300 on: 0.149s
19:05:04 perf static_binary_x300 off: 0.141s
19:05:04 perf static_binary_x300 off: 0.144s
19:05:07 perf static_binary_x300 on: 0.149s
19:05:11 perf static_binary_x300 on: 0.141s
19:05:11 perf static_binary_x300 off: 0.144s
19:05:11 perf static_binary_x300 off: 0.148s
19:05:15 perf static_binary_x300 on: 0.149s
19:05:18 perf static_binary_x300 on: 0.138s
19:05:18 perf static_binary_x300 off: 0.142s
19:05:18 perf static_binary_x300 off: 0.140s
19:05:22 perf static_binary_x300 on: 0.141s
19:05:25 perf static_binary_x300 on: 0.149s
19:05:25 perf static_binary_x300 off: 0.151s
19:05:26 perf static_binary_x300 off: 0.204s
19:05:29 perf static_binary_x300 on: 0.151s
19:05:32 perf static_binary_x300 on: 0.145s
19:05:32 perf static_binary_x300 off: 0.135s
19:05:35 verdict PASS; failed: []
