15:31:37 normal off warmup: 0.158s collector None ms writer None ms
15:31:42 normal on warmup: 0.167s collector 2.13 ms writer 0.0 ms
15:31:44 normal off: 0.158s collector None ms writer None ms
15:31:48 normal on: 0.159s collector 2.8 ms writer 0.0 ms
15:31:50 normal on: 0.165s collector 2.28 ms writer 0.0 ms
15:31:52 normal off: 0.157s collector None ms writer None ms
15:31:53 normal off: 0.170s collector None ms writer None ms
15:31:58 normal on: 0.160s collector 1.98 ms writer 0.0 ms
15:32:00 normal on: 0.174s collector 2.24 ms writer 0.0 ms
15:32:02 normal off: 0.155s collector None ms writer None ms
15:32:03 normal off: 0.169s collector None ms writer None ms
15:32:08 normal on: 0.159s collector 2.37 ms writer 0.0 ms
15:32:10 normal on: 0.159s collector 2.46 ms writer 0.0 ms
15:32:12 normal off: 0.157s collector None ms writer None ms
15:32:13 normal off: 0.157s collector None ms writer None ms
15:32:18 normal on: 0.168s collector 2.67 ms writer 0.0 ms
15:32:20 normal on: 0.168s collector 2.97 ms writer 0.0 ms
15:32:22 normal off: 0.158s collector None ms writer None ms
15:32:23 normal off: 0.161s collector None ms writer None ms
15:32:28 normal on: 0.155s collector 2.49 ms writer 0.0 ms
15:32:30 normal on: 0.157s collector 2.22 ms writer 0.0 ms
15:32:31 normal off: 0.149s collector None ms writer None ms
15:32:33 normal off: 0.150s collector None ms writer None ms
15:32:37 normal on: 0.161s collector 2.43 ms writer 0.0 ms
15:32:39 normal on: 0.161s collector 3.06 ms writer 0.0 ms
15:32:41 normal off: 0.156s collector None ms writer None ms
15:32:42 normal off: 0.151s collector None ms writer None ms
15:32:47 normal on: 0.162s collector 2.55 ms writer 0.0 ms
15:32:48 normal on: 0.160s collector 2.99 ms writer 0.0 ms
15:32:50 normal off: 0.155s collector None ms writer None ms
15:32:52 normal off: 0.156s collector None ms writer None ms
15:32:56 normal on: 0.164s collector 2.87 ms writer 0.0 ms
15:32:58 normal on: 0.164s collector 2.81 ms writer 0.0 ms
15:33:00 normal off: 0.158s collector None ms writer None ms
15:33:01 normal off: 0.158s collector None ms writer None ms
15:33:06 normal on: 0.168s collector 2.47 ms writer 0.0 ms
15:33:08 normal on: 0.165s collector 2.61 ms writer 0.0 ms
15:33:10 normal off: 0.160s collector None ms writer None ms
15:33:11 normal off: 0.157s collector None ms writer None ms
15:33:16 normal on: 0.169s collector 2.87 ms writer 0.0 ms
15:33:18 normal on: 0.164s collector 3.02 ms writer 0.0 ms
15:33:20 normal off: 0.156s collector None ms writer None ms
15:33:36 verify: {'checked': 300, 'labelled': 300, 'creator_ok': 300, 'complete': 300, 'identity_match': 300, 'failures': [], 'ok': True}
15:33:36 normal: median paired overhead 5.13%  {"collector": {"cpu_ms": 3.11, "ctx": 8.5, "write_ops": 0.0, "write_bytes": 0.0, "read_ops": 0.0}, "writer": {"cpu_ms": 0.0, "ctx": 0.0, "write_ops": 0.0, "write_bytes": 0.0, "read_ops": 0.0}, "daemon": {"cpu_ms": 0.16, "ctx": 2.0, "write_ops": 0.0, "write_bytes": 0.0, "read_ops": 0.0}}
15:33:38 discard off warmup: 0.173s collector None ms writer None ms
15:33:43 discard on warmup: 0.160s collector 0.2 ms writer None ms
15:33:45 discard off: 0.156s collector None ms writer None ms
15:33:50 discard on: 0.162s collector 0.24 ms writer None ms
15:33:51 discard on: 0.161s collector 0.24 ms writer None ms
15:33:53 discard off: 0.163s collector None ms writer None ms
15:33:55 discard off: 0.160s collector None ms writer None ms
15:34:00 discard on: 0.156s collector 0.2 ms writer None ms
15:34:01 discard on: 0.213s collector 0.3 ms writer None ms
15:34:03 discard off: 0.160s collector None ms writer None ms
15:34:05 discard off: 0.154s collector None ms writer None ms
15:34:10 discard on: 0.157s collector 0.22 ms writer None ms
15:34:11 discard on: 0.160s collector 0.22 ms writer None ms
15:34:13 discard off: 0.156s collector None ms writer None ms
15:34:15 discard off: 0.156s collector None ms writer None ms
15:34:19 discard on: 0.159s collector 0.2 ms writer None ms
15:34:20 discard on: 0.162s collector 0.22 ms writer None ms
15:34:22 discard off: 0.158s collector None ms writer None ms
15:34:24 discard off: 0.163s collector None ms writer None ms
15:34:29 discard on: 0.168s collector 0.23 ms writer None ms
15:34:30 discard on: 0.163s collector 0.21 ms writer None ms
15:34:32 discard off: 0.150s collector None ms writer None ms
15:34:34 discard off: 0.155s collector None ms writer None ms
15:34:38 discard on: 0.157s collector 0.2 ms writer None ms
15:34:40 discard on: 0.161s collector 0.21 ms writer None ms
15:34:42 discard off: 0.155s collector None ms writer None ms
15:34:43 discard off: 0.158s collector None ms writer None ms
15:34:47 discard on: 0.157s collector 0.21 ms writer None ms
15:34:49 discard on: 0.161s collector 0.21 ms writer None ms
15:34:51 discard off: 0.157s collector None ms writer None ms
15:34:52 discard off: 0.154s collector None ms writer None ms
15:34:57 discard on: 0.159s collector 0.21 ms writer None ms
15:34:58 discard on: 0.157s collector 0.21 ms writer None ms
15:35:00 discard off: 0.150s collector None ms writer None ms
15:35:02 discard off: 0.156s collector None ms writer None ms
15:35:06 discard on: 0.160s collector 0.18 ms writer None ms
15:35:08 discard on: 0.153s collector 0.2 ms writer None ms
15:35:10 discard off: 0.157s collector None ms writer None ms
15:35:11 discard off: 0.161s collector None ms writer None ms
15:35:15 discard on: 0.159s collector 0.23 ms writer None ms
15:35:17 discard on: 0.156s collector 0.26 ms writer None ms
15:35:19 discard off: 0.153s collector None ms writer None ms
15:35:19 discard: median paired overhead 2.46%  {"collector": {"cpu_ms": 0.35, "ctx": 7.0, "write_ops": 0.0, "write_bytes": 0.0, "read_ops": 0.0}, "writer": {"cpu_ms": null, "ctx": null, "write_ops": null, "write_bytes": null, "read_ops": null}, "daemon": {"cpu_ms": 0.16, "ctx": 1.0, "write_ops": 0.0, "write_bytes": 0.0, "read_ops": 0.0}}
15:35:20 no_store off warmup: 0.153s collector None ms writer None ms
15:35:25 no_store on warmup: 0.158s collector 2.06 ms writer None ms
15:35:27 no_store off: 0.155s collector None ms writer None ms
15:35:31 no_store on: 0.159s collector 2.4 ms writer None ms
15:35:33 no_store on: 0.161s collector 2.63 ms writer None ms
15:35:35 no_store off: 0.154s collector None ms writer None ms
15:35:36 no_store off: 0.162s collector None ms writer None ms
15:35:40 no_store on: 0.160s collector 2.14 ms writer None ms
15:35:42 no_store on: 0.156s collector 2.53 ms writer None ms
15:35:44 no_store off: 0.149s collector None ms writer None ms
15:35:45 no_store off: 0.151s collector None ms writer None ms
15:35:50 no_store on: 0.157s collector 2.41 ms writer None ms
15:35:51 no_store on: 0.159s collector 3.01 ms writer None ms
15:35:53 no_store off: 0.152s collector None ms writer None ms
15:35:55 no_store off: 0.150s collector None ms writer None ms
15:35:59 no_store on: 0.156s collector 2.58 ms writer None ms
15:36:01 no_store on: 0.155s collector 2.42 ms writer None ms
15:36:02 no_store off: 0.154s collector None ms writer None ms
15:36:04 no_store off: 0.153s collector None ms writer None ms
15:36:08 no_store on: 0.159s collector 2.26 ms writer None ms
15:36:10 no_store on: 0.155s collector 2.8 ms writer None ms
15:36:12 no_store off: 0.146s collector None ms writer None ms
15:36:13 no_store off: 0.159s collector None ms writer None ms
15:36:18 no_store on: 0.159s collector 2.26 ms writer None ms
15:36:19 no_store on: 0.157s collector 2.67 ms writer None ms
15:36:21 no_store off: 0.154s collector None ms writer None ms
15:36:23 no_store off: 0.154s collector None ms writer None ms
15:36:27 no_store on: 0.159s collector 2.6 ms writer None ms
15:36:29 no_store on: 0.157s collector 2.22 ms writer None ms
15:36:30 no_store off: 0.153s collector None ms writer None ms
15:36:32 no_store off: 0.156s collector None ms writer None ms
15:36:36 no_store on: 0.156s collector 2.67 ms writer None ms
15:36:38 no_store on: 0.160s collector 2.27 ms writer None ms
15:36:40 no_store off: 0.155s collector None ms writer None ms
15:36:41 no_store off: 0.151s collector None ms writer None ms
15:36:46 no_store on: 0.159s collector 2.61 ms writer None ms
15:36:47 no_store on: 0.156s collector 2.25 ms writer None ms
15:36:49 no_store off: 0.149s collector None ms writer None ms
15:36:51 no_store off: 0.151s collector None ms writer None ms
15:36:55 no_store on: 0.160s collector 2.44 ms writer None ms
15:36:56 no_store on: 0.163s collector 2.64 ms writer None ms
15:36:58 no_store off: 0.151s collector None ms writer None ms
15:36:58 no_store: median paired overhead 3.78%  {"collector": {"cpu_ms": 3.0, "ctx": 8.0, "write_ops": 0.0, "write_bytes": 0.0, "read_ops": 0.0}, "writer": {"cpu_ms": null, "ctx": null, "write_ops": null, "write_bytes": null, "read_ops": null}, "daemon": {"cpu_ms": 0.15, "ctx": 1.0, "write_ops": 0.0, "write_bytes": 0.0, "read_ops": 0.0}}
