05:56:09 cycle rate 4.757 GHz per processor, 2 processor(s)
05:56:23 normal off warmup: 1.333s busy 2044.53 ms collector None ms (+None after)
05:56:36 normal on warmup: 1.401s busy 2137.91 ms collector 5.1 ms (+49.22 after)
05:56:48 normal off: 1.343s busy 2067.53 ms collector None ms (+None after)
05:57:01 normal on: 1.384s busy 2127.49 ms collector 8.34 ms (+38.72 after)
05:57:12 normal on: 1.410s busy 2191.44 ms collector 7.72 ms (+43.21 after)
05:57:25 normal off: 1.351s busy 2070.26 ms collector None ms (+None after)
05:57:36 normal off: 1.342s busy 2069.97 ms collector None ms (+None after)
05:57:48 normal on: 1.378s busy 2121.78 ms collector 5.16 ms (+42.32 after)
05:57:59 normal on: 1.418s busy 2207.33 ms collector 10.58 ms (+43.01 after)
05:58:12 normal off: 1.356s busy 2083.02 ms collector None ms (+None after)
05:58:23 normal off: 1.341s busy 2057.26 ms collector None ms (+None after)
05:58:35 normal on: 1.386s busy 2136.84 ms collector 4.99 ms (+46.51 after)
05:58:47 normal on: 1.380s busy 2122.28 ms collector 3.42 ms (+49.17 after)
05:58:59 normal off: 1.347s busy 2064.5 ms collector None ms (+None after)
05:59:10 normal off: 1.368s busy 2134.88 ms collector None ms (+None after)
05:59:23 normal on: 1.417s busy 2169.54 ms collector 4.52 ms (+51.47 after)
05:59:34 normal on: 1.393s busy 2141.85 ms collector 10.63 ms (+46.72 after)
05:59:47 normal off: 1.345s busy 2060.41 ms collector None ms (+None after)
05:59:58 normal off: 1.340s busy 2058.59 ms collector None ms (+None after)
06:00:10 normal on: 1.420s busy 2215.41 ms collector 11.58 ms (+49.38 after)
06:00:22 normal on: 1.432s busy 2227.95 ms collector 11.33 ms (+49.29 after)
06:00:34 normal off: 1.331s busy 2040.15 ms collector None ms (+None after)
06:00:35 normal: median paired overhead 3.6%  {"collector": {"cpu_ms": 53.09, "ctx": 330.5, "write_ops": 2530.0, "write_bytes": 6284780.0, "read_ops": 810.0}, "serve": {"cpu_ms": 1.37, "ctx": 11.5, "write_ops": 2.0, "write_bytes": 4120.0, "read_ops": 6.0}, "svc": {"cpu_ms": 0.0, "ctx": 0.0, "write_ops": 0.0, "write_bytes": 0.0, "read_ops": 0.0}, "system": {"cpu_ms": 47.7, "ctx": 5602.5, "write_ops": 4.0, "write_bytes": 16384.0, "read_ops": 0.0}}
06:00:46 no_write off warmup: 1.336s busy 2047.21 ms collector None ms (+None after)
06:00:59 no_write on warmup: 1.440s busy 2193.69 ms collector 7.2 ms (+26.19 after)
06:01:11 no_write off: 1.345s busy 2081.69 ms collector None ms (+None after)
06:01:24 no_write on: 1.393s busy 2140.68 ms collector 7.89 ms (+25.94 after)
06:01:35 no_write on: 1.387s busy 2131.64 ms collector 6.36 ms (+25.9 after)
06:01:47 no_write off: 1.342s busy 2051.95 ms collector None ms (+None after)
06:01:58 no_write off: 1.336s busy 2060.81 ms collector None ms (+None after)
06:02:11 no_write on: 1.384s busy 2131.67 ms collector 4.27 ms (+28.34 after)
06:02:22 no_write on: 1.381s busy 2123.16 ms collector 9.45 ms (+24.13 after)
06:02:35 no_write off: 1.329s busy 2044.68 ms collector None ms (+None after)
06:02:46 no_write off: 1.337s busy 2051.87 ms collector None ms (+None after)
06:02:58 no_write on: 1.405s busy 2167.83 ms collector 4.36 ms (+27.52 after)
06:03:09 no_write on: 1.389s busy 2133.45 ms collector 5.01 ms (+29.64 after)
06:03:22 no_write off: 1.352s busy 2071.12 ms collector None ms (+None after)
06:03:32 no_write off: 1.332s busy 2034.65 ms collector None ms (+None after)
06:03:45 no_write on: 1.379s busy 2125.96 ms collector 5.16 ms (+27.11 after)
06:03:56 no_write on: 1.395s busy 2165.04 ms collector 5.32 ms (+26.73 after)
06:04:09 no_write off: 1.349s busy 2079.56 ms collector None ms (+None after)
06:04:20 no_write off: 1.338s busy 2063.65 ms collector None ms (+None after)
06:04:32 no_write on: 1.398s busy 2141.91 ms collector 9.25 ms (+24.89 after)
06:04:43 no_write on: 1.391s busy 2143.34 ms collector 8.58 ms (+25.17 after)
06:04:56 no_write off: 1.330s busy 2047.27 ms collector None ms (+None after)
06:04:56 no_write: median paired overhead 3.59%  {"collector": {"cpu_ms": 33.09, "ctx": 162.5, "write_ops": 0.0, "write_bytes": 0.0, "read_ops": 0.0}, "serve": {"cpu_ms": 1.33, "ctx": 10.5, "write_ops": 2.0, "write_bytes": 4120.0, "read_ops": 6.0}, "svc": {"cpu_ms": 0.0, "ctx": 0.0, "write_ops": 0.0, "write_bytes": 0.0, "read_ops": 0.0}, "system": {"cpu_ms": 53.1, "ctx": 5563.0, "write_ops": 4.5, "write_bytes": 18432.0, "read_ops": 0.0}}
06:05:08 discard off warmup: 1.339s busy 2057.15 ms collector None ms (+None after)
06:05:20 discard on warmup: 1.406s busy 2159.87 ms collector 0.56 ms (+1.32 after)
06:05:33 discard off: 1.340s busy 2063.54 ms collector None ms (+None after)
06:05:45 discard on: 1.406s busy 2162.57 ms collector 0.8 ms (+1.19 after)
06:05:56 discard on: 1.380s busy 2123.5 ms collector 1.11 ms (+0.75 after)
06:06:09 discard off: 1.333s busy 2043.79 ms collector None ms (+None after)
06:06:20 discard off: 1.357s busy 2093.29 ms collector None ms (+None after)
06:06:32 discard on: 1.393s busy 2138.27 ms collector 0.61 ms (+1.16 after)
06:06:43 discard on: 1.393s busy 2145.35 ms collector 0.48 ms (+1.31 after)
06:06:56 discard off: 1.344s busy 2063.93 ms collector None ms (+None after)
06:07:07 discard off: 1.348s busy 2084.0 ms collector None ms (+None after)
06:07:19 discard on: 1.382s busy 2125.16 ms collector 0.79 ms (+0.98 after)
06:07:30 discard on: 1.398s busy 2157.27 ms collector 0.94 ms (+0.87 after)
06:07:43 discard off: 1.365s busy 2099.66 ms collector None ms (+None after)
06:07:54 discard off: 1.340s busy 2064.81 ms collector None ms (+None after)
06:08:06 discard on: 1.412s busy 2163.1 ms collector 0.61 ms (+1.52 after)
06:08:18 discard on: 1.418s busy 2172.64 ms collector 1.01 ms (+1.0 after)
06:08:30 discard off: 1.344s busy 2067.32 ms collector None ms (+None after)
06:08:41 discard off: 1.337s busy 2053.75 ms collector None ms (+None after)
06:08:53 discard on: 1.405s busy 2170.23 ms collector 0.69 ms (+1.08 after)
06:09:05 discard on: 1.408s busy 2155.22 ms collector 0.93 ms (+0.99 after)
06:09:17 discard off: 1.337s busy 2045.51 ms collector None ms (+None after)
06:09:18 discard: median paired overhead 4.3%  {"collector": {"cpu_ms": 1.83, "ctx": 112.0, "write_ops": 0.0, "write_bytes": 0.0, "read_ops": 0.0}, "serve": {"cpu_ms": 1.39, "ctx": 12.5, "write_ops": 2.0, "write_bytes": 4120.0, "read_ops": 6.0}, "svc": {"cpu_ms": 0.0, "ctx": 0.0, "write_ops": 0.0, "write_bytes": 0.0, "read_ops": 0.0}, "system": {"cpu_ms": 54.06, "ctx": 5605.0, "write_ops": 4.0, "write_bytes": 16384.0, "read_ops": 0.0}}
