02:21:15 graduation: user=runner base=/home/runner/whyfs-graduation-ws
02:21:17 functional: static binary
02:21:17 functional: parallel build #1 (clean)
02:21:18 functional: header change -> build #2
02:21:19 functional: source change -> build #3
02:21:19 functional: vite build + postbuild
02:21:19 functional: copy / rename / move chain
02:21:23 perf make_j8_36_units warmup off: 0.285s
02:21:26 perf make_j8_36_units warmup on: 0.240s
02:21:27 perf make_j8_36_units warmup off: 0.264s
02:21:30 perf make_j8_36_units warmup on: 0.236s
02:21:30 perf make_j8_36_units off: 0.239s
02:21:33 perf make_j8_36_units on: 0.291s
02:21:36 perf make_j8_36_units on: 0.295s
02:21:37 perf make_j8_36_units off: 0.234s
02:21:37 perf make_j8_36_units off: 0.234s
02:21:40 perf make_j8_36_units on: 0.279s
02:21:43 perf make_j8_36_units on: 0.238s
02:21:43 perf make_j8_36_units off: 0.300s
02:21:44 perf make_j8_36_units off: 0.647s
02:21:47 perf make_j8_36_units on: 0.264s
02:21:51 perf make_j8_36_units on: 0.238s
02:21:51 perf make_j8_36_units off: 0.305s
02:21:51 perf make_j8_36_units off: 0.239s
02:21:54 perf make_j8_36_units on: 0.234s
02:21:57 perf make_j8_36_units on: 0.234s
02:21:58 perf make_j8_36_units off: 0.333s
02:21:58 perf make_j8_36_units off: 0.478s
02:22:01 perf make_j8_36_units on: 0.235s
02:22:05 perf make_j8_36_units on: 0.262s
02:22:05 perf make_j8_36_units off: 0.373s
02:22:06 perf make_j8_36_units off: 0.455s
02:22:09 perf make_j8_36_units on: 0.240s
02:22:12 perf make_j8_36_units on: 0.324s
02:22:12 perf make_j8_36_units off: 0.239s
02:22:12 perf make_j8_36_units off: 0.237s
02:22:15 perf make_j8_36_units on: 0.253s
02:22:19 perf make_j8_36_units on: 0.262s
02:22:19 perf make_j8_36_units off: 0.233s
02:22:19 perf make_j8_36_units off: 0.281s
02:22:22 perf make_j8_36_units on: 0.240s
02:22:25 perf make_j8_36_units on: 0.240s
02:22:25 perf make_j8_36_units off: 0.238s
02:22:26 perf make_j8_36_units off: 0.258s
02:22:30 perf make_j8_36_units on: 0.420s
02:22:33 perf make_j8_36_units on: 0.258s
02:22:33 perf make_j8_36_units off: 0.244s
02:22:33 perf make_j8_36_units off: 0.246s
02:22:37 perf make_j8_36_units on: 0.285s
02:22:40 perf make_j8_36_units on: 0.328s
02:22:40 perf make_j8_36_units off: 0.260s
02:22:40 perf vite_build warmup off: 0.252s
02:22:43 perf vite_build warmup on: 0.259s
02:22:44 perf vite_build warmup off: 0.252s
02:22:47 perf vite_build warmup on: 0.254s
02:22:47 perf vite_build off: 0.261s
02:22:50 perf vite_build on: 0.255s
02:22:53 perf vite_build on: 0.258s
02:22:54 perf vite_build off: 0.251s
02:22:54 perf vite_build off: 0.255s
02:22:57 perf vite_build on: 0.256s
02:23:00 perf vite_build on: 0.285s
02:23:00 perf vite_build off: 0.283s
02:23:01 perf vite_build off: 0.301s
02:23:04 perf vite_build on: 0.280s
02:23:07 perf vite_build on: 0.257s
02:23:07 perf vite_build off: 0.255s
02:23:08 perf vite_build off: 0.251s
02:23:11 perf vite_build on: 0.253s
02:23:14 perf vite_build on: 0.281s
02:23:14 perf vite_build off: 0.280s
02:23:15 perf vite_build off: 0.280s
02:23:18 perf vite_build on: 0.254s
02:23:21 perf vite_build on: 0.264s
02:23:21 perf vite_build off: 0.268s
02:23:21 perf vite_build off: 0.245s
02:23:24 perf vite_build on: 0.251s
02:23:27 perf vite_build on: 0.255s
02:23:28 perf vite_build off: 0.254s
02:23:28 perf vite_build off: 0.257s
02:23:31 perf vite_build on: 0.249s
02:23:34 perf vite_build on: 0.255s
02:23:34 perf vite_build off: 0.255s
02:23:35 perf vite_build off: 0.256s
02:23:38 perf vite_build on: 0.250s
02:23:41 perf vite_build on: 0.270s
02:23:41 perf vite_build off: 0.270s
02:23:41 perf vite_build off: 0.282s
02:23:45 perf vite_build on: 0.255s
02:23:48 perf vite_build on: 0.260s
02:23:48 perf vite_build off: 0.257s
02:23:48 perf vite_build off: 0.255s
02:23:51 perf vite_build on: 0.255s
02:23:54 perf vite_build on: 0.281s
02:23:55 perf vite_build off: 0.276s
02:23:55 perf static_binary_x300 warmup off: 0.113s
02:23:58 perf static_binary_x300 warmup on: 0.102s
02:23:58 perf static_binary_x300 warmup off: 0.098s
02:24:01 perf static_binary_x300 warmup on: 0.103s
02:24:01 perf static_binary_x300 off: 0.100s
02:24:04 perf static_binary_x300 on: 0.105s
02:24:07 perf static_binary_x300 on: 0.105s
02:24:07 perf static_binary_x300 off: 0.101s
02:24:07 perf static_binary_x300 off: 0.098s
02:24:10 perf static_binary_x300 on: 0.114s
02:24:13 perf static_binary_x300 on: 0.106s
02:24:13 perf static_binary_x300 off: 0.102s
02:24:13 perf static_binary_x300 off: 0.102s
02:24:16 perf static_binary_x300 on: 0.103s
02:24:18 perf static_binary_x300 on: 0.106s
02:24:19 perf static_binary_x300 off: 0.115s
02:24:19 perf static_binary_x300 off: 0.112s
02:24:22 perf static_binary_x300 on: 0.102s
02:24:24 perf static_binary_x300 on: 0.105s
02:24:24 perf static_binary_x300 off: 0.101s
02:24:25 perf static_binary_x300 off: 0.101s
02:24:27 perf static_binary_x300 on: 0.101s
02:24:30 perf static_binary_x300 on: 0.104s
02:24:31 perf static_binary_x300 off: 0.104s
02:24:31 perf static_binary_x300 off: 0.099s
02:24:34 perf static_binary_x300 on: 0.101s
02:24:37 perf static_binary_x300 on: 0.121s
02:24:37 perf static_binary_x300 off: 0.110s
02:24:37 perf static_binary_x300 off: 0.110s
02:24:40 perf static_binary_x300 on: 0.114s
02:24:43 perf static_binary_x300 on: 0.116s
02:24:43 perf static_binary_x300 off: 0.102s
02:24:43 perf static_binary_x300 off: 0.097s
02:24:46 perf static_binary_x300 on: 0.101s
02:24:49 perf static_binary_x300 on: 0.103s
02:24:49 perf static_binary_x300 off: 0.110s
02:24:49 perf static_binary_x300 off: 0.112s
02:24:53 perf static_binary_x300 on: 0.102s
02:24:56 perf static_binary_x300 on: 0.101s
02:24:56 perf static_binary_x300 off: 0.105s
02:24:56 perf static_binary_x300 off: 0.101s
02:24:59 perf static_binary_x300 on: 0.104s
02:25:02 perf static_binary_x300 on: 0.104s
02:25:02 perf static_binary_x300 off: 0.103s
02:25:04 verdict PASS; failed: []
