2026-09-27 17:19:43 whyfs service listening on \\.\pipe\whyfs-service
2026-09-27 17:19:43 machine labels: service process 4664 started
2026-09-27 17:19:59 start C:\Users\runneradmin\AppData\Local\Temp\whyfs-msi-user-ws pid 6436 session whyfs-201334dc62424c6d user S-1-5-21-2615846702-2260884330-149277722-500
2026-09-27 17:20:01 stop C:\Users\runneradmin\AppData\Local\Temp\whyfs-msi-user-ws exit 0
2026-09-27 17:20:01 stopped orphaned ETW session whyfs-machine (rc 0)
2026-09-27 17:20:01 stopped orphaned ETW session whyfs-machine-sys (rc 0)
2026-09-27 17:20:03 machine labels: service process exited 0
2026-09-27 17:20:06 whyfs service listening on \\.\pipe\whyfs-service
2026-09-27 17:20:06 machine labels: service process 4860 started
2026-09-27 17:20:07 start C:\Users\runneradmin\AppData\Local\Temp\whyfs-upgrade-ws pid 6908 session whyfs-abe1fad5a47b91d8 user S-1-5-21-2615846702-2260884330-149277722-500
2026-09-27 17:20:08 stop C:\Users\runneradmin\AppData\Local\Temp\whyfs-upgrade-ws exit 0
2026-09-27 17:20:08 stopped orphaned ETW session whyfs-machine (rc 0)
2026-09-27 17:20:08 stopped orphaned ETW session whyfs-machine-sys (rc 0)
2026-09-27 17:20:10 machine labels: service process exited 0
2026-09-27 17:20:11 whyfs service listening on \\.\pipe\whyfs-service
2026-09-27 17:20:11 machine labels: service process 6616 started
2026-09-27 17:20:12 start C:\Users\runneradmin\AppData\Local\Temp\whyfs-upgrade-ws pid 8524 session whyfs-abe1fad5a47b91d8 user S-1-5-21-2615846702-2260884330-149277722-500
2026-09-27 17:20:14 stop C:\Users\runneradmin\AppData\Local\Temp\whyfs-upgrade-ws exit 0
2026-09-27 17:20:14 stopped orphaned ETW session whyfs-machine (rc 0)
2026-09-27 17:20:14 stopped orphaned ETW session whyfs-machine-sys (rc 0)
2026-09-27 17:20:16 machine labels: service process exited 0
2026-09-27 17:20:32 whyfs service listening on \\.\pipe\whyfs-service
2026-09-27 17:20:32 machine labels: service process 6820 started
2026-09-27 17:21:04 machine labels: service process exited 1
2026-09-27 17:21:09 stopped orphaned ETW session whyfs-machine (rc 0)
2026-09-27 17:21:09 stopped orphaned ETW session whyfs-machine-sys (rc 0)
2026-09-27 17:21:09 whyfs service listening on \\.\pipe\whyfs-service
2026-09-27 17:21:09 machine labels: service process 10004 started
2026-09-27 17:21:37 start C:\Users\runneradmin\AppData\Local\Temp\whyfs-corpus-x70bh9bi pid 4016 session whyfs-109b325b4998567d user S-1-5-21-2615846702-2260884330-149277722-500
2026-09-27 17:21:40 stop C:\Users\runneradmin\AppData\Local\Temp\whyfs-corpus-x70bh9bi exit 0
2026-09-27 17:21:40 stopped orphaned ETW session whyfs-machine (rc 0)
2026-09-27 17:21:40 stopped orphaned ETW session whyfs-machine-sys (rc 0)
2026-09-27 17:21:41 start C:\Users\runneradmin\AppData\Local\Temp\whyfs-secret-j4z3w0jf pid 9508 session whyfs-94cf6000e5228f3e user S-1-5-21-2615846702-2260884330-149277722-500
2026-09-27 17:21:43 stop C:\Users\runneradmin\AppData\Local\Temp\whyfs-secret-j4z3w0jf exit 0
2026-09-27 17:21:51 start C:\Users\runneradmin\AppData\Local\Temp\whyfs-wingate\func pid 6152 session whyfs-a8996beb1407ddb0 user S-1-5-21-2615846702-2260884330-149277722-500
2026-09-27 17:21:56 stop C:\Users\runneradmin\AppData\Local\Temp\whyfs-wingate\func exit 0
2026-09-27 17:32:02 machine labels: service process exited 0
2026-09-27 17:32:19 whyfs service listening on \\.\pipe\whyfs-service
2026-09-27 17:32:19 machine labels: service process 3476 started
2026-09-27 17:32:34 machine labels: service process exited 0
2026-09-27 17:32:48 whyfs service listening on \\.\pipe\whyfs-service
2026-09-27 17:32:48 machine labels: service process 8660 started
2026-09-27 17:33:03 machine labels: service process exited 0
2026-09-27 17:33:17 whyfs service listening on \\.\pipe\whyfs-service
2026-09-27 17:33:17 machine labels: service process 10096 started
2026-09-27 17:33:47 machine labels: service process exited 0
2026-09-27 17:34:14 whyfs service listening on \\.\pipe\whyfs-service
2026-09-27 17:34:14 machine labels: service process 8312 started
2026-09-27 17:34:42 machine labels: service process exited 0
2026-09-27 17:35:09 whyfs service listening on \\.\pipe\whyfs-service
2026-09-27 17:35:09 machine labels: service process 5304 started
2026-09-27 17:35:38 machine labels: service process exited 0
2026-09-27 17:36:05 whyfs service listening on \\.\pipe\whyfs-service
2026-09-27 17:36:05 machine labels: service process 2208 started
2026-09-27 17:36:34 machine labels: service process exited 0
2026-09-27 17:37:01 whyfs service listening on \\.\pipe\whyfs-service
2026-09-27 17:37:01 machine labels: service process 2700 started
2026-09-27 17:37:31 machine labels: service process exited 0
2026-09-27 17:37:56 whyfs service listening on \\.\pipe\whyfs-service
2026-09-27 17:37:56 machine labels: service process 8572 started
2026-09-27 17:38:26 machine labels: service process exited 0
2026-09-27 17:38:52 whyfs service listening on \\.\pipe\whyfs-service
2026-09-27 17:38:52 machine labels: service process 7484 started
2026-09-27 17:39:21 machine labels: service process exited 0
2026-09-27 17:39:47 whyfs service listening on \\.\pipe\whyfs-service
2026-09-27 17:39:47 machine labels: service process 6812 started
2026-09-27 17:40:18 machine labels: service process exited 0
2026-09-27 17:40:43 whyfs service listening on \\.\pipe\whyfs-service
2026-09-27 17:40:43 machine labels: service process 1360 started
2026-09-27 17:41:14 machine labels: service process exited 0
2026-09-27 17:41:40 whyfs service listening on \\.\pipe\whyfs-service
2026-09-27 17:41:40 machine labels: service process 5880 started
2026-09-27 17:42:11 machine labels: service process exited 0
2026-09-27 17:42:26 whyfs service listening on \\.\pipe\whyfs-service
2026-09-27 17:42:26 machine labels: service process 3128 started
2026-09-27 17:42:31 machine labels: service process exited 0
2026-09-27 17:42:34 whyfs service listening on \\.\pipe\whyfs-service
2026-09-27 17:42:34 machine labels: service process 7288 started
2026-09-27 17:42:38 machine labels: service process exited 0
2026-09-27 17:42:41 whyfs service listening on \\.\pipe\whyfs-service
2026-09-27 17:42:41 machine labels: service process 7316 started
2026-09-27 17:42:48 machine labels: service process exited 0
2026-09-27 17:42:54 whyfs service listening on \\.\pipe\whyfs-service
2026-09-27 17:42:54 machine labels: service process 3216 started
2026-09-27 17:43:01 machine labels: service process exited 0
2026-09-27 17:43:07 whyfs service listening on \\.\pipe\whyfs-service
2026-09-27 17:43:07 machine labels: service process 2576 started
2026-09-27 17:43:14 machine labels: service process exited 0
2026-09-27 17:43:20 whyfs service listening on \\.\pipe\whyfs-service
2026-09-27 17:43:20 machine labels: service process 6084 started
2026-09-27 17:43:27 machine labels: service process exited 0
2026-09-27 17:43:32 whyfs service listening on \\.\pipe\whyfs-service
2026-09-27 17:43:32 machine labels: service process 9208 started
2026-09-27 17:43:40 machine labels: service process exited 0
2026-09-27 17:43:45 whyfs service listening on \\.\pipe\whyfs-service
2026-09-27 17:43:45 machine labels: service process 1528 started
2026-09-27 17:43:53 machine labels: service process exited 0
2026-09-27 17:43:58 whyfs service listening on \\.\pipe\whyfs-service
2026-09-27 17:43:58 machine labels: service process 7964 started
2026-09-27 17:44:05 machine labels: service process exited 0
2026-09-27 17:44:11 whyfs service listening on \\.\pipe\whyfs-service
2026-09-27 17:44:11 machine labels: service process 9836 started
2026-09-27 17:44:18 machine labels: service process exited 0
2026-09-27 17:44:24 whyfs service listening on \\.\pipe\whyfs-service
2026-09-27 17:44:24 machine labels: service process 9192 started
2026-09-27 17:44:32 machine labels: service process exited 0
2026-09-27 17:44:37 whyfs service listening on \\.\pipe\whyfs-service
2026-09-27 17:44:37 machine labels: service process 10196 started
2026-09-27 17:44:45 machine labels: service process exited 0
2026-09-27 17:44:57 whyfs service listening on \\.\pipe\whyfs-service
2026-09-27 17:44:57 machine labels: service process 6480 started
2026-09-27 17:45:09 machine labels: service process exited 0
2026-09-27 17:45:18 whyfs service listening on \\.\pipe\whyfs-service
2026-09-27 17:45:18 machine labels: service process 3328 started
2026-09-27 17:45:29 machine labels: service process exited 0
2026-09-27 17:45:39 whyfs service listening on \\.\pipe\whyfs-service
2026-09-27 17:45:39 machine labels: service process 3056 started
2026-09-27 17:46:01 machine labels: service process exited 0
2026-09-27 17:46:19 whyfs service listening on \\.\pipe\whyfs-service
2026-09-27 17:46:19 machine labels: service process 5316 started
2026-09-27 17:46:40 machine labels: service process exited 0
2026-09-27 17:46:58 whyfs service listening on \\.\pipe\whyfs-service
2026-09-27 17:46:58 machine labels: service process 3576 started
2026-09-27 17:47:20 machine labels: service process exited 0
2026-09-27 17:47:39 whyfs service listening on \\.\pipe\whyfs-service
2026-09-27 17:47:39 machine labels: service process 5988 started
2026-09-27 17:48:00 machine labels: service process exited 0
2026-09-27 17:48:19 whyfs service listening on \\.\pipe\whyfs-service
2026-09-27 17:48:20 machine labels: service process 3520 started
2026-09-27 17:48:39 machine labels: service process exited 0
2026-09-27 17:48:58 whyfs service listening on \\.\pipe\whyfs-service
2026-09-27 17:48:58 machine labels: service process 8476 started
2026-09-27 17:49:18 machine labels: service process exited 0
2026-09-27 17:49:37 whyfs service listening on \\.\pipe\whyfs-service
2026-09-27 17:49:37 machine labels: service process 6168 started
2026-09-27 17:49:57 machine labels: service process exited 0
2026-09-27 17:50:16 whyfs service listening on \\.\pipe\whyfs-service
2026-09-27 17:50:16 machine labels: service process 5712 started
2026-09-27 17:50:37 machine labels: service process exited 0
2026-09-27 17:50:54 whyfs service listening on \\.\pipe\whyfs-service
2026-09-27 17:50:54 machine labels: service process 1440 started
2026-09-27 17:51:15 machine labels: service process exited 0
2026-09-27 17:51:34 whyfs service listening on \\.\pipe\whyfs-service
2026-09-27 17:51:34 machine labels: service process 9472 started
2026-09-27 17:51:54 machine labels: service process exited 0
2026-09-27 17:52:04 whyfs service listening on \\.\pipe\whyfs-service
2026-09-27 17:52:04 machine labels: service process 3216 started
