08:19:44 cycle rate 4.658 GHz per processor, 16 processor(s)
08:19:59 normal off warmup: 2.259s busy 21206.89 ms collector None ms (+None after)
08:20:14 normal on warmup: 2.323s busy 21867.17 ms collector 22.46 ms (+81.67 after)
08:20:29 normal off: 2.303s busy 21444.83 ms collector None ms (+None after)
08:20:44 normal on: 2.250s busy 20923.8 ms collector 21.68 ms (+125.28 after)
08:20:57 normal on: 2.331s busy 21003.36 ms collector 9.41 ms (+158.31 after)
08:21:11 normal off: 2.254s busy 20369.61 ms collector None ms (+None after)
08:21:24 normal off: 2.345s busy 21165.74 ms collector None ms (+None after)
08:21:39 normal on: 2.317s busy 20931.33 ms collector 21.18 ms (+181.19 after)
08:21:52 normal on: 2.336s busy 21023.89 ms collector 12.95 ms (+158.07 after)
08:22:07 normal off: 2.331s busy 21088.59 ms collector None ms (+None after)
08:22:20 normal off: 2.338s busy 21158.28 ms collector None ms (+None after)
08:22:35 normal on: 2.356s busy 21280.17 ms collector 24.9 ms (+185.74 after)
08:22:48 normal on: 2.336s busy 21113.7 ms collector 15.23 ms (+181.9 after)
08:23:02 normal off: 2.262s busy 20385.01 ms collector None ms (+None after)
08:23:15 normal off: 2.284s busy 20606.87 ms collector None ms (+None after)
08:23:30 normal on: 2.313s busy 21049.75 ms collector 22.35 ms (+177.22 after)
08:23:43 normal on: 2.300s busy 20755.4 ms collector 15.39 ms (+182.59 after)
08:23:58 normal off: 2.269s busy 20492.0 ms collector None ms (+None after)
08:24:11 normal off: 2.274s busy 20747.54 ms collector None ms (+None after)
08:24:26 normal on: 2.293s busy 20805.57 ms collector 26.93 ms (+177.06 after)
08:24:39 normal on: 2.348s busy 21223.71 ms collector 15.44 ms (+179.58 after)
08:24:53 normal off: 2.371s busy 21336.7 ms collector None ms (+None after)
08:24:54 normal: median paired overhead 0.81%  {"collector": {"cpu_ms": 197.56, "ctx": 390.0, "write_ops": 3768.0, "write_bytes": 7760052.0, "read_ops": 829.0}, "serve": {"cpu_ms": 16.45, "ctx": 585.5, "write_ops": 778.0, "write_bytes": 3182616.0, "read_ops": 783.5}, "svc": {"cpu_ms": 0.0, "ctx": 0.0, "write_ops": 0.0, "write_bytes": 0.0, "read_ops": 0.0}, "system": {"cpu_ms": 449.01, "ctx": 74599.5, "write_ops": 7.0, "write_bytes": 223232.0, "read_ops": 0.0}}
