07:54:18 cycle rate 4.523 GHz per processor, 16 processor(s)
07:54:26 normal off warmup: 2.270s busy 21002.88 ms collector None ms (+None after)
07:54:34 normal on warmup: 2.292s busy 21079.48 ms collector 19.58 ms (+1.45 after)
07:54:42 normal off: 2.356s busy 21691.0 ms collector None ms (+None after)
07:54:50 normal on: 2.404s busy 22329.86 ms collector 21.01 ms (+4.36 after)
07:54:57 normal on: 2.409s busy 23670.84 ms collector 42.12 ms (+1.48 after)
07:55:04 normal off: 2.226s busy 20473.42 ms collector None ms (+None after)
07:55:10 normal off: 2.368s busy 21708.3 ms collector None ms (+None after)
07:55:19 normal on: 2.306s busy 20524.09 ms collector 23.43 ms (+0.91 after)
07:55:25 normal on: 2.304s busy 20397.57 ms collector 29.64 ms (+6.79 after)
07:55:33 normal off: 2.305s busy 20438.61 ms collector None ms (+None after)
07:55:39 normal off: 2.402s busy 22681.95 ms collector None ms (+None after)
07:55:47 normal on: 2.283s busy 20115.48 ms collector 25.88 ms (+12.72 after)
07:55:54 normal on: 2.323s busy 20551.54 ms collector 24.96 ms (+19.35 after)
07:56:01 normal off: 2.270s busy 20071.88 ms collector None ms (+None after)
07:56:07 normal off: 2.288s busy 20221.11 ms collector None ms (+None after)
07:56:15 normal on: 2.337s busy 20649.41 ms collector 20.42 ms (+4.03 after)
07:56:22 normal on: 2.396s busy 21376.17 ms collector 27.18 ms (+16.84 after)
07:56:30 normal off: 2.277s busy 19996.3 ms collector None ms (+None after)
07:56:36 normal off: 2.347s busy 20620.87 ms collector None ms (+None after)
07:56:44 normal on: 2.302s busy 20289.89 ms collector 28.53 ms (+3.93 after)
07:56:50 normal on: 2.313s busy 20391.41 ms collector 24.97 ms (+24.22 after)
07:56:58 normal off: 2.373s busy 20854.6 ms collector None ms (+None after)
07:57:04 normal off: 2.312s busy 20409.17 ms collector None ms (+None after)
07:57:12 normal on: 2.382s busy 21250.5 ms collector 29.55 ms (+4.55 after)
07:57:19 normal on: 2.372s busy 20807.77 ms collector 37.14 ms (+7.38 after)
07:57:27 normal off: 2.259s busy 19880.49 ms collector None ms (+None after)
07:57:33 normal off: 2.337s busy 20602.64 ms collector None ms (+None after)
07:57:41 normal on: 2.341s busy 20701.55 ms collector 24.55 ms (+4.0 after)
07:57:47 normal on: 2.393s busy 21047.05 ms collector 33.41 ms (+3.57 after)
07:57:55 normal off: 2.452s busy 21708.12 ms collector None ms (+None after)
07:58:01 normal off: 2.293s busy 20259.97 ms collector None ms (+None after)
07:58:10 normal on: 2.318s busy 20463.47 ms collector 20.14 ms (+1.95 after)
07:58:16 normal on: 2.330s busy 20626.57 ms collector 36.91 ms (+20.97 after)
07:58:24 normal off: 2.278s busy 20182.85 ms collector None ms (+None after)
07:58:30 normal off: 2.274s busy 20094.92 ms collector None ms (+None after)
07:58:38 normal on: 2.298s busy 20252.15 ms collector 21.99 ms (+5.3 after)
07:58:44 normal on: 2.319s busy 20459.23 ms collector 35.23 ms (+8.72 after)
07:58:52 normal off: 2.337s busy 20698.75 ms collector None ms (+None after)
07:58:58 normal off: 2.461s busy 21767.53 ms collector None ms (+None after)
07:59:06 normal on: 2.288s busy 20222.97 ms collector 22.74 ms (+3.37 after)
07:59:13 normal on: 2.290s busy 20330.53 ms collector 32.87 ms (+5.05 after)
07:59:20 normal off: 2.295s busy 20298.69 ms collector None ms (+None after)
07:59:21 normal: median paired overhead 0.59%  {"collector": {"cpu_ms": 36.7, "ctx": 141.0, "write_ops": 944.0, "write_bytes": 1944640.0, "read_ops": 160.0}, "serve": {"cpu_ms": 0.08, "ctx": 2.5, "write_ops": 0.0, "write_bytes": 0.0, "read_ops": 0.0}, "svc": {"cpu_ms": 0.0, "ctx": 0.0, "write_ops": 0.0, "write_bytes": 0.0, "read_ops": 0.0}, "system": {"cpu_ms": 126.52, "ctx": 18026.0, "write_ops": 4.0, "write_bytes": 57344.0, "read_ops": 0.0}}
07:59:27 discard off warmup: 2.346s busy 20824.1 ms collector None ms (+None after)
07:59:35 discard on warmup: 2.305s busy 20332.51 ms collector 2.58 ms (+0.03 after)
07:59:43 discard off: 2.302s busy 20268.21 ms collector None ms (+None after)
07:59:51 discard on: 2.256s busy 19839.18 ms collector 1.54 ms (+0.04 after)
07:59:57 discard on: 2.311s busy 20416.28 ms collector 1.94 ms (+4.34 after)
08:00:05 discard off: 2.328s busy 20514.2 ms collector None ms (+None after)
08:00:11 discard off: 2.319s busy 20392.12 ms collector None ms (+None after)
08:00:19 discard on: 2.378s busy 20936.45 ms collector 1.33 ms (+0.08 after)
08:00:26 discard on: 2.292s busy 20176.4 ms collector 2.12 ms (+1.24 after)
08:00:33 discard off: 2.270s busy 20004.09 ms collector None ms (+None after)
08:00:39 discard off: 2.260s busy 19967.37 ms collector None ms (+None after)
08:00:47 discard on: 2.295s busy 20202.15 ms collector 1.42 ms (+0.06 after)
08:00:54 discard on: 2.278s busy 20175.59 ms collector 2.35 ms (+8.19 after)
08:01:01 discard off: 2.421s busy 21541.33 ms collector None ms (+None after)
08:01:07 discard off: 2.314s busy 20359.61 ms collector None ms (+None after)
08:01:16 discard on: 2.317s busy 20447.84 ms collector 1.57 ms (+0.04 after)
08:01:22 discard on: 2.336s busy 20611.37 ms collector 6.13 ms (+5.92 after)
08:01:29 discard off: 2.271s busy 20032.27 ms collector None ms (+None after)
08:01:35 discard off: 2.250s busy 19773.26 ms collector None ms (+None after)
08:01:44 discard on: 2.376s busy 20889.07 ms collector 1.26 ms (+0.04 after)
08:01:50 discard on: 2.300s busy 20265.35 ms collector 4.37 ms (+4.73 after)
08:01:58 discard off: 2.266s busy 20017.8 ms collector None ms (+None after)
08:02:04 discard off: 2.450s busy 21687.14 ms collector None ms (+None after)
08:02:12 discard on: 2.320s busy 20326.93 ms collector 1.58 ms (+0.04 after)
08:02:19 discard on: 2.311s busy 20372.89 ms collector 3.11 ms (+1.77 after)
08:02:26 discard off: 2.281s busy 20188.91 ms collector None ms (+None after)
08:02:32 discard off: 2.316s busy 20365.35 ms collector None ms (+None after)
08:02:40 discard on: 2.316s busy 20295.66 ms collector 1.44 ms (+0.05 after)
08:02:47 discard on: 2.391s busy 21138.7 ms collector 2.29 ms (+1.1 after)
08:02:55 discard off: 2.312s busy 20388.72 ms collector None ms (+None after)
08:03:01 discard off: 2.299s busy 20234.69 ms collector None ms (+None after)
08:03:09 discard on: 2.355s busy 20693.18 ms collector 3.5 ms (+0.04 after)
08:03:15 discard on: 2.339s busy 20614.99 ms collector 2.86 ms (+0.05 after)
08:03:23 discard off: 2.318s busy 20608.72 ms collector None ms (+None after)
08:03:29 discard off: 2.311s busy 20411.35 ms collector None ms (+None after)
08:03:37 discard on: 2.410s busy 21244.24 ms collector 1.37 ms (+0.02 after)
08:03:44 discard on: 2.326s busy 20455.23 ms collector 1.63 ms (+7.33 after)
08:03:51 discard off: 2.344s busy 20753.38 ms collector None ms (+None after)
08:03:57 discard off: 2.293s busy 20261.36 ms collector None ms (+None after)
08:04:05 discard on: 2.337s busy 20619.58 ms collector 1.86 ms (+0.02 after)
08:04:12 discard on: 2.350s busy 20732.88 ms collector 2.13 ms (+3.81 after)
08:04:20 discard off: 2.323s busy 20457.53 ms collector None ms (+None after)
08:04:20 discard: median paired overhead 1.23%  {"collector": {"cpu_ms": 3.13, "ctx": 42.0, "write_ops": 0.0, "write_bytes": 0.0, "read_ops": 0.0}, "serve": {"cpu_ms": 0.1, "ctx": 3.0, "write_ops": 0.0, "write_bytes": 0.0, "read_ops": 0.0}, "svc": {"cpu_ms": 0.0, "ctx": 0.0, "write_ops": 0.0, "write_bytes": 0.0, "read_ops": 0.0}, "system": {"cpu_ms": 127.12, "ctx": 18447.5, "write_ops": 4.0, "write_bytes": 57344.0, "read_ops": 0.0}}
08:04:27 no_write off warmup: 2.323s busy 20430.7 ms collector None ms (+None after)
08:04:35 no_write on warmup: 2.321s busy 20453.05 ms collector 24.28 ms (+3.52 after)
08:04:43 no_write off: 2.276s busy 20055.63 ms collector None ms (+None after)
08:04:51 no_write on: 2.332s busy 20514.78 ms collector 22.54 ms (+1.37 after)
08:04:57 no_write on: 2.316s busy 20361.13 ms collector 17.98 ms (+12.44 after)
08:05:05 no_write off: 2.280s busy 20067.67 ms collector None ms (+None after)
08:05:11 no_write off: 2.251s busy 19851.91 ms collector None ms (+None after)
08:05:19 no_write on: 2.284s busy 20174.61 ms collector 20.95 ms (+3.32 after)
08:05:26 no_write on: 2.349s busy 20651.82 ms collector 25.25 ms (+7.1 after)
08:05:33 no_write off: 2.312s busy 20392.74 ms collector None ms (+None after)
08:05:39 no_write off: 2.415s busy 21493.43 ms collector None ms (+None after)
08:05:48 no_write on: 2.309s busy 20493.74 ms collector 25.01 ms (+4.44 after)
08:05:54 no_write on: 2.238s busy 19777.53 ms collector 18.31 ms (+14.29 after)
08:06:02 no_write off: 2.272s busy 20120.44 ms collector None ms (+None after)
08:06:08 no_write off: 2.314s busy 20354.47 ms collector None ms (+None after)
08:06:16 no_write on: 2.364s busy 21052.77 ms collector 26.26 ms (+1.37 after)
08:06:22 no_write on: 2.320s busy 21115.94 ms collector 13.91 ms (+15.74 after)
08:06:30 no_write off: 2.304s busy 20364.85 ms collector None ms (+None after)
08:06:36 no_write off: 2.323s busy 20314.54 ms collector None ms (+None after)
08:06:44 no_write on: 2.341s busy 20615.9 ms collector 21.6 ms (+3.58 after)
08:06:51 no_write on: 2.282s busy 20110.56 ms collector 15.13 ms (+20.67 after)
08:06:58 no_write off: 2.358s busy 20676.65 ms collector None ms (+None after)
08:07:04 no_write off: 2.298s busy 20190.94 ms collector None ms (+None after)
08:07:12 no_write on: 2.317s busy 20646.95 ms collector 18.54 ms (+4.37 after)
08:07:19 no_write on: 2.283s busy 20137.38 ms collector 19.8 ms (+15.98 after)
08:07:26 no_write off: 2.287s busy 20190.46 ms collector None ms (+None after)
08:07:32 no_write off: 2.311s busy 20372.45 ms collector None ms (+None after)
08:07:40 no_write on: 2.312s busy 20391.08 ms collector 20.47 ms (+3.8 after)
08:07:47 no_write on: 2.248s busy 19870.87 ms collector 16.04 ms (+5.29 after)
08:07:54 no_write off: 2.302s busy 22880.96 ms collector None ms (+None after)
08:08:00 no_write off: 2.278s busy 20126.39 ms collector None ms (+None after)
08:08:08 no_write on: 2.281s busy 20074.16 ms collector 22.51 ms (+3.33 after)
08:08:15 no_write on: 2.381s busy 21319.57 ms collector 17.02 ms (+12.8 after)
08:08:23 no_write off: 2.323s busy 20590.22 ms collector None ms (+None after)
08:08:28 no_write off: 2.259s busy 19881.69 ms collector None ms (+None after)
08:08:37 no_write on: 2.367s busy 20812.86 ms collector 20.12 ms (+5.33 after)
08:08:43 no_write on: 2.302s busy 20323.31 ms collector 15.23 ms (+7.62 after)
08:08:51 no_write off: 2.330s busy 20404.96 ms collector None ms (+None after)
08:08:57 no_write off: 2.276s busy 20090.61 ms collector None ms (+None after)
08:09:05 no_write on: 2.285s busy 20135.21 ms collector 23.79 ms (+5.36 after)
08:09:11 no_write on: 2.366s busy 20728.47 ms collector 19.52 ms (+25.93 after)
08:09:19 no_write off: 2.301s busy 20279.57 ms collector None ms (+None after)
08:09:20 no_write: median paired overhead 0.75%  {"collector": {"cpu_ms": 28.39, "ctx": 102.5, "write_ops": 0.0, "write_bytes": 0.0, "read_ops": 0.0}, "serve": {"cpu_ms": 0.09, "ctx": 2.5, "write_ops": 0.0, "write_bytes": 0.0, "read_ops": 0.0}, "svc": {"cpu_ms": 0.0, "ctx": 0.0, "write_ops": 0.0, "write_bytes": 0.0, "read_ops": 0.0}, "system": {"cpu_ms": 123.35, "ctx": 18579.0, "write_ops": 4.0, "write_bytes": 57344.0, "read_ops": 0.0}}
