08:09:31 cycle rate 4.678 GHz per processor, 16 processor(s)
08:09:39 discard off warmup: 2.239s busy 21038.8 ms collector None ms (+None after)
08:09:47 discard on warmup: 2.283s busy 21392.63 ms collector 1.99 ms (+0.02 after)
08:09:55 discard off: 2.259s busy 21190.8 ms collector None ms (+None after)
08:10:03 discard on: 2.273s busy 21307.48 ms collector 1.21 ms (+0.01 after)
08:10:09 discard on: 2.287s busy 21436.69 ms collector 1.47 ms (+0.01 after)
08:10:17 discard off: 2.266s busy 21174.4 ms collector None ms (+None after)
08:10:23 discard off: 2.256s busy 21172.88 ms collector None ms (+None after)
08:10:31 discard on: 2.316s busy 20990.36 ms collector 1.54 ms (+0.07 after)
08:10:37 discard on: 2.312s busy 20914.52 ms collector 1.16 ms (+3.58 after)
08:10:45 discard off: 2.337s busy 21110.32 ms collector None ms (+None after)
08:10:51 discard off: 2.433s busy 22153.17 ms collector None ms (+None after)
08:10:59 discard on: 2.294s busy 20748.69 ms collector 1.93 ms (+0.04 after)
08:11:05 discard on: 2.323s busy 21058.85 ms collector 2.31 ms (+3.29 after)
08:11:13 discard off: 2.280s busy 20683.14 ms collector None ms (+None after)
08:11:19 discard off: 2.337s busy 21053.05 ms collector None ms (+None after)
08:11:27 discard on: 2.298s busy 20806.79 ms collector 2.0 ms (+0.06 after)
08:11:34 discard on: 2.329s busy 21070.6 ms collector 1.5 ms (+10.62 after)
08:11:42 discard off: 2.288s busy 20677.3 ms collector None ms (+None after)
08:11:48 discard off: 2.317s busy 20945.95 ms collector None ms (+None after)
08:11:56 discard on: 2.304s busy 20914.51 ms collector 1.7 ms (+0.05 after)
08:12:02 discard on: 2.371s busy 21486.81 ms collector 4.57 ms (+0.03 after)
08:12:10 discard off: 2.352s busy 21187.44 ms collector None ms (+None after)
08:12:16 discard off: 2.238s busy 20355.8 ms collector None ms (+None after)
08:12:24 discard on: 2.402s busy 21763.91 ms collector 1.19 ms (+0.04 after)
08:12:31 discard on: 2.322s busy 20984.04 ms collector 1.54 ms (+6.96 after)
08:12:38 discard off: 2.333s busy 21096.15 ms collector None ms (+None after)
08:12:44 discard off: 2.308s busy 20820.13 ms collector None ms (+None after)
08:12:52 discard on: 2.370s busy 21567.67 ms collector 1.48 ms (+0.03 after)
08:12:59 discard on: 2.355s busy 21180.19 ms collector 2.49 ms (+0.03 after)
08:13:07 discard off: 2.350s busy 21253.15 ms collector None ms (+None after)
08:13:13 discard off: 2.316s busy 20863.39 ms collector None ms (+None after)
08:13:21 discard on: 2.370s busy 21357.94 ms collector 1.2 ms (+0.05 after)
08:13:27 discard on: 2.325s busy 20948.77 ms collector 1.49 ms (+4.88 after)
08:13:35 discard off: 2.289s busy 20642.24 ms collector None ms (+None after)
08:13:41 discard off: 2.309s busy 20807.97 ms collector None ms (+None after)
08:13:49 discard on: 2.367s busy 21404.53 ms collector 2.09 ms (+0.03 after)
08:13:56 discard on: 2.409s busy 21987.58 ms collector 2.53 ms (+0.04 after)
08:14:03 discard off: 2.307s busy 20853.9 ms collector None ms (+None after)
08:14:09 discard off: 2.279s busy 20658.02 ms collector None ms (+None after)
08:14:17 discard on: 2.342s busy 21259.9 ms collector 3.31 ms (+0.01 after)
08:14:24 discard on: 2.298s busy 20912.37 ms collector 1.75 ms (+3.69 after)
08:14:32 discard off: 2.337s busy 21061.14 ms collector None ms (+None after)
08:14:32 discard: median paired overhead 1.25%  {"collector": {"cpu_ms": 2.32, "ctx": 46.5, "write_ops": 0.0, "write_bytes": 0.0, "read_ops": 0.0}, "serve": {"cpu_ms": 0.08, "ctx": 2.5, "write_ops": 0.0, "write_bytes": 0.0, "read_ops": 0.0}, "svc": {"cpu_ms": 0.0, "ctx": 0.0, "write_ops": 0.0, "write_bytes": 0.0, "read_ops": 0.0}, "system": {"cpu_ms": 123.94, "ctx": 17566.5, "write_ops": 4.0, "write_bytes": 57344.0, "read_ops": 0.0}}
08:14:39 normal off warmup: 2.312s busy 20924.16 ms collector None ms (+None after)
08:14:47 normal on warmup: 2.316s busy 20884.02 ms collector 24.52 ms (+2.49 after)
08:14:55 normal off: 2.296s busy 20763.49 ms collector None ms (+None after)
08:15:03 normal on: 2.297s busy 20798.04 ms collector 27.95 ms (+3.31 after)
08:15:09 normal on: 2.362s busy 21353.61 ms collector 32.22 ms (+6.69 after)
08:15:17 normal off: 2.279s busy 20615.06 ms collector None ms (+None after)
08:15:23 normal off: 2.311s busy 21080.35 ms collector None ms (+None after)
08:15:31 normal on: 2.392s busy 21581.3 ms collector 19.5 ms (+12.02 after)
08:15:38 normal on: 2.376s busy 21439.4 ms collector 27.94 ms (+3.94 after)
08:15:46 normal off: 2.340s busy 21073.99 ms collector None ms (+None after)
08:15:52 normal off: 2.338s busy 21176.15 ms collector None ms (+None after)
08:16:00 normal on: 2.416s busy 22024.25 ms collector 19.99 ms (+21.87 after)
08:16:06 normal on: 2.333s busy 21161.0 ms collector 32.78 ms (+9.25 after)
08:16:14 normal off: 2.246s busy 20440.86 ms collector None ms (+None after)
08:16:20 normal off: 2.264s busy 20461.27 ms collector None ms (+None after)
08:16:28 normal on: 2.345s busy 21194.9 ms collector 21.75 ms (+2.89 after)
08:16:35 normal on: 2.302s busy 20857.13 ms collector 32.38 ms (+18.38 after)
08:16:42 normal off: 2.305s busy 20895.24 ms collector None ms (+None after)
08:16:48 normal off: 2.338s busy 21095.08 ms collector None ms (+None after)
08:16:56 normal on: 2.302s busy 20866.1 ms collector 24.58 ms (+6.0 after)
08:17:03 normal on: 2.383s busy 21833.26 ms collector 28.65 ms (+10.1 after)
08:17:10 normal off: 2.279s busy 20613.32 ms collector None ms (+None after)
08:17:16 normal off: 2.274s busy 20597.33 ms collector None ms (+None after)
08:17:25 normal on: 2.310s busy 20928.38 ms collector 18.41 ms (+13.07 after)
08:17:31 normal on: 2.297s busy 20848.27 ms collector 27.33 ms (+10.8 after)
08:17:39 normal off: 2.309s busy 20804.84 ms collector None ms (+None after)
08:17:45 normal off: 2.335s busy 21165.8 ms collector None ms (+None after)
08:17:53 normal on: 2.314s busy 21173.87 ms collector 18.48 ms (+2.63 after)
08:17:59 normal on: 2.367s busy 21413.59 ms collector 29.4 ms (+18.63 after)
08:18:07 normal off: 2.289s busy 20686.77 ms collector None ms (+None after)
08:18:13 normal off: 2.254s busy 20481.56 ms collector None ms (+None after)
08:18:21 normal on: 2.373s busy 21525.19 ms collector 21.89 ms (+14.03 after)
08:18:28 normal on: 2.327s busy 21022.7 ms collector 28.24 ms (+24.1 after)
08:18:36 normal off: 2.439s busy 22206.15 ms collector None ms (+None after)
08:18:42 normal off: 2.277s busy 20616.38 ms collector None ms (+None after)
08:18:50 normal on: 2.273s busy 20572.96 ms collector 24.49 ms (+4.4 after)
08:18:56 normal on: 2.327s busy 21002.45 ms collector 32.31 ms (+13.77 after)
08:19:04 normal off: 2.295s busy 20845.31 ms collector None ms (+None after)
08:19:10 normal off: 2.340s busy 21091.62 ms collector None ms (+None after)
08:19:18 normal on: 2.293s busy 20721.25 ms collector 20.91 ms (+1.71 after)
08:19:24 normal on: 2.287s busy 20704.53 ms collector 28.76 ms (+23.36 after)
08:19:32 normal off: 2.367s busy 21662.29 ms collector None ms (+None after)
08:19:33 normal: median paired overhead 1.48%  {"collector": {"cpu_ms": 37.02, "ctx": 130.5, "write_ops": 980.0, "write_bytes": 2018800.0, "read_ops": 255.0}, "serve": {"cpu_ms": 0.1, "ctx": 3.0, "write_ops": 0.0, "write_bytes": 0.0, "read_ops": 0.0}, "svc": {"cpu_ms": 0.0, "ctx": 0.0, "write_ops": 0.0, "write_bytes": 0.0, "read_ops": 0.0}, "system": {"cpu_ms": 128.98, "ctx": 22191.0, "write_ops": 4.0, "write_bytes": 57344.0, "read_ops": 0.0}}
