07:40:18 idle 10.0 min: collector CPU 4.34s (0.723% of a core), memory 131.1 MB, store +4903 KiB, 2249 events
07:40:36 msvc_240_units_mp8 warmup off: 2.621s
07:40:45 msvc_240_units_mp8 warmup on: 2.670s
07:40:53 msvc_240_units_mp8 warmup off: 2.837s
07:41:02 msvc_240_units_mp8 warmup on: 2.732s
07:41:10 msvc_240_units_mp8 off: 2.594s
07:41:19 msvc_240_units_mp8 on: 2.493s
07:41:26 msvc_240_units_mp8 on: 2.714s
07:41:34 msvc_240_units_mp8 off: 2.750s
07:41:41 msvc_240_units_mp8 off: 2.614s
07:41:49 msvc_240_units_mp8 on: 2.548s
07:41:56 msvc_240_units_mp8 on: 2.618s
07:42:04 msvc_240_units_mp8 off: 2.249s
07:42:09 msvc_240_units_mp8 off: 2.304s
07:42:18 msvc_240_units_mp8 on: 2.693s
07:42:25 msvc_240_units_mp8 on: 2.462s
07:42:33 msvc_240_units_mp8 off: 2.566s
07:42:39 msvc_240_units_mp8 off: 2.475s
07:42:48 msvc_240_units_mp8 on: 2.666s
07:42:55 msvc_240_units_mp8 on: 2.538s
07:43:03 msvc_240_units_mp8 off: 2.636s
07:43:09 msvc_240_units_mp8 off: 2.540s
07:43:18 msvc_240_units_mp8 on: 2.679s
07:43:24 msvc_240_units_mp8 on: 2.506s
07:43:32 msvc_240_units_mp8 off: 2.561s
07:43:38 msvc_240_units_mp8 off: 2.451s
07:43:47 msvc_240_units_mp8 on: 2.489s
07:43:53 msvc_240_units_mp8 on: 2.377s
07:44:01 msvc_240_units_mp8 off: 2.501s
07:44:07 msvc_240_units_mp8 off: 2.236s
07:44:15 msvc_240_units_mp8 on: 2.531s
07:44:22 msvc_240_units_mp8 on: 2.741s
07:44:30 msvc_240_units_mp8 off: 2.419s
07:44:37 msvc_240_units_mp8 off: 2.674s
07:44:45 msvc_240_units_mp8 on: 2.602s
07:44:52 msvc_240_units_mp8 on: 2.642s
07:45:00 msvc_240_units_mp8 off: 2.411s
07:45:06 msvc_240_units_mp8 off: 2.524s
07:45:15 msvc_240_units_mp8 on: 2.899s
07:45:22 msvc_240_units_mp8 on: 2.435s
07:45:30 msvc_240_units_mp8 off: 2.421s
07:45:36 msvc_240_units_mp8 off: 2.762s
07:45:44 msvc_240_units_mp8 on: 2.373s
07:45:51 msvc_240_units_mp8 on: 2.308s
07:45:59 msvc_240_units_mp8 off: 2.528s
07:45:59 msvc_240_units_mp8: median paired overhead -0.35% (CI90 -2.69 .. +7.72)
07:46:02 vite_build warmup off: 0.387s
07:46:06 vite_build warmup on: 0.346s
07:46:10 vite_build warmup off: 0.365s
07:46:14 vite_build warmup on: 0.351s
07:46:18 vite_build off: 0.407s
07:46:22 vite_build on: 0.362s
07:46:24 vite_build on: 0.356s
07:46:28 vite_build off: 0.359s
07:46:30 vite_build off: 0.357s
07:46:34 vite_build on: 0.347s
07:46:36 vite_build on: 0.376s
07:46:40 vite_build off: 0.393s
07:46:41 vite_build off: 0.368s
07:46:46 vite_build on: 0.349s
07:46:48 vite_build on: 0.358s
07:46:51 vite_build off: 0.366s
07:46:53 vite_build off: 0.369s
07:46:57 vite_build on: 0.376s
07:47:00 vite_build on: 0.385s
07:47:03 vite_build off: 0.374s
07:47:05 vite_build off: 0.386s
07:47:09 vite_build on: 0.397s
07:47:12 vite_build on: 0.383s
07:47:15 vite_build off: 0.358s
07:47:17 vite_build off: 0.390s
07:47:21 vite_build on: 0.362s
07:47:24 vite_build on: 0.387s
07:47:27 vite_build off: 0.361s
07:47:29 vite_build off: 0.379s
07:47:33 vite_build on: 0.373s
07:47:36 vite_build on: 0.358s
07:47:39 vite_build off: 0.358s
07:47:41 vite_build off: 0.367s
07:47:45 vite_build on: 0.352s
07:47:47 vite_build on: 0.350s
07:47:51 vite_build off: 0.382s
07:47:53 vite_build off: 0.380s
07:47:57 vite_build on: 0.393s
07:47:59 vite_build on: 0.363s
07:48:03 vite_build off: 0.360s
07:48:05 vite_build off: 0.354s
07:48:09 vite_build on: 0.361s
07:48:11 vite_build on: 0.376s
07:48:15 vite_build off: 0.377s
07:48:15 vite_build: median paired overhead -0.54% (CI90 -2.82 .. +1.91)
07:48:21 native_exe_x300 warmup off: 2.332s
07:48:29 native_exe_x300 warmup on: 2.364s
07:48:37 native_exe_x300 warmup off: 2.407s
07:48:45 native_exe_x300 warmup on: 2.258s
07:48:52 native_exe_x300 off: 2.341s
07:49:01 native_exe_x300 on: 2.370s
07:49:07 native_exe_x300 on: 2.342s
07:49:14 native_exe_x300 off: 2.283s
07:49:20 native_exe_x300 off: 2.356s
07:49:28 native_exe_x300 on: 2.317s
07:49:35 native_exe_x300 on: 2.302s
07:49:42 native_exe_x300 off: 2.331s
07:49:48 native_exe_x300 off: 2.328s
07:49:56 native_exe_x300 on: 2.325s
07:50:03 native_exe_x300 on: 2.360s
07:50:10 native_exe_x300 off: 2.438s
07:50:16 native_exe_x300 off: 2.300s
07:50:24 native_exe_x300 on: 2.252s
07:50:31 native_exe_x300 on: 2.320s
07:50:38 native_exe_x300 off: 2.407s
07:50:44 native_exe_x300 off: 2.359s
07:50:52 native_exe_x300 on: 2.307s
07:50:59 native_exe_x300 on: 2.328s
07:51:07 native_exe_x300 off: 2.369s
07:51:13 native_exe_x300 off: 2.497s
07:51:21 native_exe_x300 on: 2.387s
07:51:27 native_exe_x300 on: 2.290s
07:51:35 native_exe_x300 off: 2.317s
07:51:40 native_exe_x300 off: 2.328s
07:51:49 native_exe_x300 on: 2.322s
07:51:55 native_exe_x300 on: 2.343s
07:52:03 native_exe_x300 off: 2.335s
07:52:08 native_exe_x300 off: 2.335s
07:52:17 native_exe_x300 on: 2.319s
07:52:23 native_exe_x300 on: 2.323s
07:52:31 native_exe_x300 off: 2.317s
07:52:36 native_exe_x300 off: 2.277s
07:52:45 native_exe_x300 on: 2.324s
07:52:51 native_exe_x300 on: 2.307s
07:52:59 native_exe_x300 off: 2.267s
07:53:04 native_exe_x300 off: 2.309s
07:53:13 native_exe_x300 on: 2.360s
07:53:19 native_exe_x300 on: 2.280s
07:53:26 native_exe_x300 off: 2.296s
07:53:26 native_exe_x300: median paired overhead -0.70% (CI90 -1.67 .. +0.27)
07:53:45 PASS idle_cpu_below_1pct_of_a_core
07:53:45 PASS zero_loss
07:53:45 PASS why_cli_median_lt_100ms
07:53:45 PASS label_cli_median_lt_100ms
07:53:45 PASS msvc_240_units_mp8.median_paired_overhead_lt_5pct
07:53:45 PASS vite_build.median_paired_overhead_lt_5pct
07:53:45 PASS native_exe_x300.median_paired_overhead_lt_5pct
07:53:45 verdict PASS
