08:16:04 graduation: user=ftmon base=/home/ftmon/whyfs-graduation-ws
08:16:08 functional: static binary
08:16:08 functional: parallel build #1 (clean)
08:16:09 functional: header change -> build #2
08:16:09 functional: source change -> build #3
08:16:09 functional: vite build + postbuild
08:16:10 functional: copy / rename / move chain
08:16:17 perf make_j8_36_units warmup off: 0.106s
08:16:21 perf make_j8_36_units warmup on: 0.095s
08:16:21 perf make_j8_36_units warmup off: 0.090s
08:16:25 perf make_j8_36_units warmup on: 0.092s
08:16:25 perf make_j8_36_units off: 0.090s
08:16:30 perf make_j8_36_units on: 0.094s
08:16:34 perf make_j8_36_units on: 0.093s
08:16:34 perf make_j8_36_units off: 0.097s
08:16:34 perf make_j8_36_units off: 0.091s
08:16:38 perf make_j8_36_units on: 0.094s
08:16:42 perf make_j8_36_units on: 0.093s
08:16:42 perf make_j8_36_units off: 0.095s
08:16:42 perf make_j8_36_units off: 0.092s
08:16:47 perf make_j8_36_units on: 0.096s
08:16:51 perf make_j8_36_units on: 0.093s
08:16:51 perf make_j8_36_units off: 0.092s
08:16:51 perf make_j8_36_units off: 0.086s
08:16:55 perf make_j8_36_units on: 0.092s
08:16:59 perf make_j8_36_units on: 0.093s
08:17:00 perf make_j8_36_units off: 0.104s
08:17:00 perf make_j8_36_units off: 0.089s
08:17:04 perf make_j8_36_units on: 0.092s
08:17:08 perf make_j8_36_units on: 0.095s
08:17:08 perf make_j8_36_units off: 0.098s
08:17:08 perf make_j8_36_units off: 0.095s
08:17:13 perf make_j8_36_units on: 0.093s
08:17:17 perf make_j8_36_units on: 0.093s
08:17:17 perf make_j8_36_units off: 0.095s
08:17:17 perf make_j8_36_units off: 0.089s
08:17:21 perf make_j8_36_units on: 0.092s
08:17:25 perf make_j8_36_units on: 0.095s
08:17:25 perf make_j8_36_units off: 0.095s
08:17:26 perf make_j8_36_units off: 0.093s
08:17:30 perf make_j8_36_units on: 0.092s
08:17:34 perf make_j8_36_units on: 0.095s
08:17:34 perf make_j8_36_units off: 0.102s
08:17:34 perf make_j8_36_units off: 0.087s
08:17:38 perf make_j8_36_units on: 0.097s
08:17:43 perf make_j8_36_units on: 0.092s
08:17:43 perf make_j8_36_units off: 0.092s
08:17:43 perf make_j8_36_units off: 0.091s
08:17:47 perf make_j8_36_units on: 0.092s
08:17:51 perf make_j8_36_units on: 0.091s
08:17:51 perf make_j8_36_units off: 0.090s
08:17:52 perf vite_build warmup off: 0.319s
08:17:56 perf vite_build warmup on: 0.316s
08:17:56 perf vite_build warmup off: 0.309s
08:18:01 perf vite_build warmup on: 0.319s
08:18:02 perf vite_build off: 0.317s
08:18:06 perf vite_build on: 0.321s
08:18:11 perf vite_build on: 0.324s
08:18:11 perf vite_build off: 0.334s
08:18:11 perf vite_build off: 0.342s
08:18:16 perf vite_build on: 0.312s
08:18:21 perf vite_build on: 0.311s
08:18:21 perf vite_build off: 0.306s
08:18:21 perf vite_build off: 0.315s
08:18:26 perf vite_build on: 0.310s
08:18:31 perf vite_build on: 0.311s
08:18:31 perf vite_build off: 0.342s
08:18:31 perf vite_build off: 0.318s
08:18:36 perf vite_build on: 0.311s
08:18:41 perf vite_build on: 0.316s
08:18:41 perf vite_build off: 0.313s
08:18:41 perf vite_build off: 0.304s
08:18:46 perf vite_build on: 0.310s
08:18:51 perf vite_build on: 0.322s
08:18:51 perf vite_build off: 0.311s
08:18:51 perf vite_build off: 0.314s
08:18:56 perf vite_build on: 0.319s
08:19:01 perf vite_build on: 0.311s
08:19:01 perf vite_build off: 0.322s
08:19:01 perf vite_build off: 0.320s
08:19:06 perf vite_build on: 0.310s
08:19:10 perf vite_build on: 0.314s
08:19:11 perf vite_build off: 0.319s
08:19:11 perf vite_build off: 0.314s
08:19:16 perf vite_build on: 0.306s
08:19:21 perf vite_build on: 0.318s
08:19:21 perf vite_build off: 0.305s
08:19:21 perf vite_build off: 0.318s
08:19:26 perf vite_build on: 0.314s
08:19:30 perf vite_build on: 0.323s
08:19:31 perf vite_build off: 0.316s
08:19:31 perf vite_build off: 0.311s
08:19:36 perf vite_build on: 0.314s
08:19:41 perf vite_build on: 0.310s
08:19:41 perf vite_build off: 0.324s
08:19:41 perf static_binary_x300 warmup off: 0.132s
08:19:45 perf static_binary_x300 warmup on: 0.134s
08:19:45 perf static_binary_x300 warmup off: 0.129s
08:19:50 perf static_binary_x300 warmup on: 0.135s
08:19:50 perf static_binary_x300 off: 0.132s
08:19:54 perf static_binary_x300 on: 0.136s
08:19:59 perf static_binary_x300 on: 0.134s
08:19:59 perf static_binary_x300 off: 0.132s
08:19:59 perf static_binary_x300 off: 0.128s
08:20:03 perf static_binary_x300 on: 0.136s
08:20:07 perf static_binary_x300 on: 0.133s
08:20:07 perf static_binary_x300 off: 0.130s
08:20:08 perf static_binary_x300 off: 0.128s
08:20:12 perf static_binary_x300 on: 0.139s
08:20:16 perf static_binary_x300 on: 0.145s
08:20:16 perf static_binary_x300 off: 0.135s
08:20:16 perf static_binary_x300 off: 0.131s
08:20:21 perf static_binary_x300 on: 0.140s
08:20:25 perf static_binary_x300 on: 0.135s
08:20:25 perf static_binary_x300 off: 0.130s
08:20:25 perf static_binary_x300 off: 0.132s
08:20:29 perf static_binary_x300 on: 0.137s
08:20:34 perf static_binary_x300 on: 0.136s
08:20:34 perf static_binary_x300 off: 0.130s
08:20:34 perf static_binary_x300 off: 0.133s
08:20:38 perf static_binary_x300 on: 0.142s
08:20:42 perf static_binary_x300 on: 0.140s
08:20:42 perf static_binary_x300 off: 0.129s
08:20:43 perf static_binary_x300 off: 0.132s
08:20:47 perf static_binary_x300 on: 0.140s
08:20:51 perf static_binary_x300 on: 0.143s
08:20:51 perf static_binary_x300 off: 0.127s
08:20:51 perf static_binary_x300 off: 0.128s
08:20:56 perf static_binary_x300 on: 0.133s
08:21:00 perf static_binary_x300 on: 0.135s
08:21:00 perf static_binary_x300 off: 0.133s
08:21:00 perf static_binary_x300 off: 0.132s
08:21:04 perf static_binary_x300 on: 0.140s
08:21:09 perf static_binary_x300 on: 0.139s
08:21:09 perf static_binary_x300 off: 0.130s
08:21:09 perf static_binary_x300 off: 0.128s
08:21:13 perf static_binary_x300 on: 0.137s
08:21:17 perf static_binary_x300 on: 0.140s
08:21:18 perf static_binary_x300 off: 0.138s
08:21:19 verdict FAIL; failed: ['perf.static_binary_x300.median_overhead_lt_5pct']
