  PASS cmd /c wrapper: workload ran
  PASS cmd /c wrapper: no secret in why/history/impact output
  PASS cmd /c wrapper: command stored and redacted
  PASS cmd /c wrapper: non-secret parts still shown
  PASS cmd /c set + &&: workload ran
  PASS cmd /c set + &&: no secret in why/history/impact output
  PASS cmd /c set + &&: command stored and redacted
  PASS cmd /c set + &&: non-secret parts still shown
  PASS PowerShell -Command: workload ran
  PASS PowerShell -Command: no secret in why/history/impact output
  PASS PowerShell -Command: command stored and redacted
  PASS PowerShell -Command: non-secret parts still shown
  PASS plain argv: workload ran
  PASS plain argv: no secret in why/history/impact output
  PASS plain argv: command stored and redacted
  PASS plain argv: non-secret parts still shown
  PASS state dir (db, wal, shm, daemon files, logs) free of secrets
  PASS collector logs free of secrets
  PASS wrapper (parent) command lines stored and redacted
  PASS wrapper env assignments shown with values redacted
  PASS zero loss
  PASS gate report free of secrets
  stored [cmd /c wrapper]: "C:\Python313\python.exe"  -c "import sys; open(sys.argv[1] if len(sys.argv) > 1 and not sys.argv[1].startswith('-') else 'o.txt','w').write(open('in.txt').read())" o1.txt --password <redacted> API_KEY=<redacted> /token:<redacted>
  stored [cmd /c set + &&]: "C:\Python313\python.exe"  -c "import sys; open(sys.argv[1] if len(sys.argv) > 1 and not sys.argv[1].startswith('-') else 'o.txt','w').write(open('in.txt').read())" o2.txt --api-key "<redacted>"
  stored [PowerShell -Command]: "C:\Python313\python.exe" -c "import sys; open(sys.argv[1] if len(sys.argv) > 1 and not sys.argv[1].startswith('-') else 'o.txt','w').write(open('in.txt').read())" o3.txt -Token <redacted> -Password:<redacted>
  stored [plain argv]: C:\Python313\python.exe -c "import sys; open(sys.argv[1] if len(sys.argv) > 1 and not sys.argv[1].startswith('-') else 'o.txt','w').write(open('in.txt').read())" o4.txt --auth-token <redacted> PRIVATE_KEY=<redacted>
secret gate on Windows AMD64: 22/22 checks, 1 state files + 33 logs scanned, lost 0
