13:57:52 idle 10.0 min: collector CPU 1.71s (0.285% of a core), memory 254.8 MB, store +-926 KiB, 793 events
13:57:55 make_j8_36_units warmup off: 0.095s
13:57:59 make_j8_36_units warmup on: 0.104s
13:58:01 make_j8_36_units warmup off: 0.105s
13:58:05 make_j8_36_units warmup on: 0.106s
13:58:07 make_j8_36_units off: 0.101s
13:58:11 make_j8_36_units on: 0.093s
13:58:12 make_j8_36_units on: 0.090s
13:58:15 make_j8_36_units off: 0.119s
13:58:16 make_j8_36_units off: 0.098s
13:58:20 make_j8_36_units on: 0.091s
13:58:21 make_j8_36_units on: 0.093s
13:58:24 make_j8_36_units off: 0.097s
13:58:25 make_j8_36_units off: 0.097s
13:58:29 make_j8_36_units on: 0.091s
13:58:30 make_j8_36_units on: 0.108s
13:58:33 make_j8_36_units off: 0.096s
13:58:34 make_j8_36_units off: 0.094s
13:58:38 make_j8_36_units on: 0.105s
13:58:39 make_j8_36_units on: 0.107s
13:58:41 make_j8_36_units off: 0.085s
13:58:43 make_j8_36_units off: 0.104s
13:58:47 make_j8_36_units on: 0.111s
13:58:48 make_j8_36_units on: 0.089s
13:58:51 make_j8_36_units off: 0.108s
13:58:52 make_j8_36_units off: 0.089s
13:58:55 make_j8_36_units on: 0.087s
13:58:57 make_j8_36_units on: 0.091s
13:58:59 make_j8_36_units off: 0.101s
13:59:00 make_j8_36_units off: 0.099s
13:59:04 make_j8_36_units on: 0.085s
13:59:05 make_j8_36_units on: 0.087s
13:59:07 make_j8_36_units off: 0.102s
13:59:09 make_j8_36_units off: 0.110s
13:59:12 make_j8_36_units on: 0.090s
13:59:14 make_j8_36_units on: 0.094s
13:59:16 make_j8_36_units off: 0.099s
13:59:17 make_j8_36_units off: 0.099s
13:59:21 make_j8_36_units on: 0.102s
13:59:22 make_j8_36_units on: 0.089s
13:59:25 make_j8_36_units off: 0.090s
13:59:26 make_j8_36_units off: 0.095s
13:59:29 make_j8_36_units on: 0.091s
13:59:31 make_j8_36_units on: 0.094s
13:59:33 make_j8_36_units off: 0.094s
13:59:33 make_j8_36_units: median paired overhead -4.33% (CI90 -8.66 .. -0.67)
13:59:35 vite_build warmup off: 0.301s
13:59:39 vite_build warmup on: 0.329s
13:59:42 vite_build warmup off: 0.318s
13:59:46 vite_build warmup on: 0.315s
13:59:49 vite_build off: 0.327s
13:59:53 vite_build on: 0.304s
13:59:55 vite_build on: 0.301s
13:59:58 vite_build off: 0.316s
14:00:00 vite_build off: 0.315s
14:00:04 vite_build on: 0.309s
14:00:05 vite_build on: 0.315s
14:00:08 vite_build off: 0.315s
14:00:10 vite_build off: 0.308s
14:00:14 vite_build on: 0.296s
14:00:16 vite_build on: 0.310s
14:00:18 vite_build off: 0.328s
14:00:20 vite_build off: 0.300s
14:00:25 vite_build on: 0.321s
14:00:26 vite_build on: 0.308s
14:00:29 vite_build off: 0.298s
14:00:31 vite_build off: 0.306s
14:00:35 vite_build on: 0.333s
14:00:37 vite_build on: 0.332s
14:00:40 vite_build off: 0.313s
14:00:42 vite_build off: 0.310s
14:00:46 vite_build on: 0.305s
14:00:48 vite_build on: 0.305s
14:00:50 vite_build off: 0.322s
14:00:52 vite_build off: 0.310s
14:00:56 vite_build on: 0.293s
14:00:58 vite_build on: 0.301s
14:01:01 vite_build off: 0.312s
14:01:02 vite_build off: 0.311s
14:01:06 vite_build on: 0.305s
14:01:08 vite_build on: 0.311s
14:01:11 vite_build off: 0.333s
14:01:13 vite_build off: 0.299s
14:01:17 vite_build on: 0.304s
14:01:19 vite_build on: 0.318s
14:01:22 vite_build off: 0.318s
14:01:23 vite_build off: 0.300s
14:01:28 vite_build on: 0.299s
14:01:29 vite_build on: 0.305s
14:01:32 vite_build off: 0.294s
14:01:32 vite_build: median paired overhead -1.64% (CI90 -3.76 .. +0.23)
14:01:33 static_binary_x300 warmup off: 0.144s
14:01:37 static_binary_x300 warmup on: 0.129s
14:01:40 static_binary_x300 warmup off: 0.153s
14:01:44 static_binary_x300 warmup on: 0.139s
14:01:46 static_binary_x300 off: 0.129s
14:01:50 static_binary_x300 on: 0.122s
14:01:51 static_binary_x300 on: 0.114s
14:01:54 static_binary_x300 off: 0.128s
14:01:55 static_binary_x300 off: 0.134s
14:01:59 static_binary_x300 on: 0.137s
14:02:00 static_binary_x300 on: 0.131s
14:02:03 static_binary_x300 off: 0.134s
14:02:04 static_binary_x300 off: 0.133s
14:02:08 static_binary_x300 on: 0.125s
14:02:09 static_binary_x300 on: 0.126s
14:02:11 static_binary_x300 off: 0.145s
14:02:13 static_binary_x300 off: 0.118s
14:02:16 static_binary_x300 on: 0.131s
14:02:18 static_binary_x300 on: 0.121s
14:02:20 static_binary_x300 off: 0.138s
14:02:21 static_binary_x300 off: 0.128s
14:02:25 static_binary_x300 on: 0.131s
14:02:27 static_binary_x300 on: 0.132s
14:02:29 static_binary_x300 off: 0.133s
14:02:30 static_binary_x300 off: 0.129s
14:02:34 static_binary_x300 on: 0.119s
14:02:35 static_binary_x300 on: 0.135s
14:02:38 static_binary_x300 off: 0.136s
14:02:39 static_binary_x300 off: 0.130s
14:02:43 static_binary_x300 on: 0.130s
14:02:44 static_binary_x300 on: 0.131s
14:02:47 static_binary_x300 off: 0.129s
14:02:48 static_binary_x300 off: 0.132s
14:02:52 static_binary_x300 on: 0.124s
14:02:54 static_binary_x300 on: 0.128s
14:02:56 static_binary_x300 off: 0.136s
14:02:57 static_binary_x300 off: 0.134s
14:03:01 static_binary_x300 on: 0.128s
14:03:03 static_binary_x300 on: 0.128s
14:03:05 static_binary_x300 off: 0.119s
14:03:06 static_binary_x300 off: 0.122s
14:03:10 static_binary_x300 on: 0.130s
14:03:12 static_binary_x300 on: 0.138s
14:03:14 static_binary_x300 off: 0.126s
14:03:14 static_binary_x300: median paired overhead -1.79% (CI90 -5.42 .. +1.19)
14:03:22 PASS idle_cpu_below_1pct_of_a_core
14:03:22 PASS zero_loss
14:03:22 PASS why_cli_median_lt_100ms
14:03:22 PASS label_cli_median_lt_100ms
14:03:22 PASS make_j8_36_units.median_paired_overhead_lt_5pct
14:03:22 PASS vite_build.median_paired_overhead_lt_5pct
14:03:22 PASS static_binary_x300.median_paired_overhead_lt_5pct
14:03:22 verdict PASS
