08:28:41 graduation: user=runner base=/home/runner/whyfs-graduation-ws
08:28:44 functional: static binary
08:28:44 functional: parallel build #1 (clean)
08:28:45 functional: header change -> build #2
08:28:46 functional: source change -> build #3
08:28:46 functional: vite build + postbuild
08:28:46 functional: copy / rename / move chain
08:28:52 perf make_j8_36_units warmup off: 0.300s
08:28:56 perf make_j8_36_units warmup on: 0.293s
08:28:56 perf make_j8_36_units warmup off: 0.288s
08:29:00 perf make_j8_36_units warmup on: 0.300s
08:29:01 perf make_j8_36_units off: 0.292s
08:29:05 perf make_j8_36_units on: 0.301s
08:29:09 perf make_j8_36_units on: 0.299s
08:29:10 perf make_j8_36_units off: 0.292s
08:29:10 perf make_j8_36_units off: 0.292s
08:29:14 perf make_j8_36_units on: 0.294s
08:29:19 perf make_j8_36_units on: 0.288s
08:29:19 perf make_j8_36_units off: 0.286s
08:29:19 perf make_j8_36_units off: 0.288s
08:29:23 perf make_j8_36_units on: 0.297s
08:29:28 perf make_j8_36_units on: 0.294s
08:29:28 perf make_j8_36_units off: 0.288s
08:29:28 perf make_j8_36_units off: 0.279s
08:29:33 perf make_j8_36_units on: 0.288s
08:29:37 perf make_j8_36_units on: 0.286s
08:29:37 perf make_j8_36_units off: 0.286s
08:29:38 perf make_j8_36_units off: 0.289s
08:29:42 perf make_j8_36_units on: 0.283s
08:29:46 perf make_j8_36_units on: 0.292s
08:29:46 perf make_j8_36_units off: 0.286s
08:29:47 perf make_j8_36_units off: 0.287s
08:29:51 perf make_j8_36_units on: 0.291s
08:29:55 perf make_j8_36_units on: 0.290s
08:29:55 perf make_j8_36_units off: 0.291s
08:29:56 perf make_j8_36_units off: 0.284s
08:30:00 perf make_j8_36_units on: 0.288s
08:30:04 perf make_j8_36_units on: 0.292s
08:30:05 perf make_j8_36_units off: 0.292s
08:30:05 perf make_j8_36_units off: 0.292s
08:30:09 perf make_j8_36_units on: 0.289s
08:30:13 perf make_j8_36_units on: 0.294s
08:30:14 perf make_j8_36_units off: 0.286s
08:30:14 perf make_j8_36_units off: 0.286s
08:30:18 perf make_j8_36_units on: 0.282s
08:30:22 perf make_j8_36_units on: 0.291s
08:30:23 perf make_j8_36_units off: 0.287s
08:30:23 perf make_j8_36_units off: 0.294s
08:30:27 perf make_j8_36_units on: 0.293s
08:30:32 perf make_j8_36_units on: 0.303s
08:30:32 perf make_j8_36_units off: 0.297s
08:30:32 perf vite_build warmup off: 0.276s
08:30:37 perf vite_build warmup on: 0.286s
08:30:37 perf vite_build warmup off: 0.281s
08:30:41 perf vite_build warmup on: 0.282s
08:30:41 perf vite_build off: 0.270s
08:30:45 perf vite_build on: 0.280s
08:30:50 perf vite_build on: 0.269s
08:30:50 perf vite_build off: 0.272s
08:30:50 perf vite_build off: 0.277s
08:30:55 perf vite_build on: 0.279s
08:30:59 perf vite_build on: 0.269s
08:30:59 perf vite_build off: 0.267s
08:30:59 perf vite_build off: 0.268s
08:31:04 perf vite_build on: 0.278s
08:31:08 perf vite_build on: 0.272s
08:31:08 perf vite_build off: 0.277s
08:31:08 perf vite_build off: 0.268s
08:31:13 perf vite_build on: 0.281s
08:31:17 perf vite_build on: 0.293s
08:31:17 perf vite_build off: 0.271s
08:31:17 perf vite_build off: 0.266s
08:31:22 perf vite_build on: 0.274s
08:31:26 perf vite_build on: 0.277s
08:31:26 perf vite_build off: 0.270s
08:31:26 perf vite_build off: 0.273s
08:31:31 perf vite_build on: 0.273s
08:31:35 perf vite_build on: 0.272s
08:31:35 perf vite_build off: 0.269s
08:31:35 perf vite_build off: 0.274s
08:31:40 perf vite_build on: 0.269s
08:31:44 perf vite_build on: 0.268s
08:31:44 perf vite_build off: 0.266s
08:31:44 perf vite_build off: 0.267s
08:31:49 perf vite_build on: 0.268s
08:31:53 perf vite_build on: 0.274s
08:31:53 perf vite_build off: 0.268s
08:31:54 perf vite_build off: 0.271s
08:31:58 perf vite_build on: 0.267s
08:32:02 perf vite_build on: 0.269s
08:32:02 perf vite_build off: 0.264s
08:32:03 perf vite_build off: 0.275s
08:32:07 perf vite_build on: 0.260s
08:32:11 perf vite_build on: 0.265s
08:32:11 perf vite_build off: 0.267s
08:32:11 perf static_binary_x300 warmup off: 0.155s
08:32:16 perf static_binary_x300 warmup on: 0.162s
08:32:16 perf static_binary_x300 warmup off: 0.156s
08:32:20 perf static_binary_x300 warmup on: 0.159s
08:32:20 perf static_binary_x300 off: 0.158s
08:32:24 perf static_binary_x300 on: 0.159s
08:32:28 perf static_binary_x300 on: 0.160s
08:32:28 perf static_binary_x300 off: 0.156s
08:32:28 perf static_binary_x300 off: 0.155s
08:32:32 perf static_binary_x300 on: 0.162s
08:32:36 perf static_binary_x300 on: 0.161s
08:32:36 perf static_binary_x300 off: 0.158s
08:32:37 perf static_binary_x300 off: 0.158s
08:32:41 perf static_binary_x300 on: 0.161s
08:32:45 perf static_binary_x300 on: 0.160s
08:32:45 perf static_binary_x300 off: 0.155s
08:32:45 perf static_binary_x300 off: 0.159s
08:32:49 perf static_binary_x300 on: 0.160s
08:32:53 perf static_binary_x300 on: 0.161s
08:32:53 perf static_binary_x300 off: 0.156s
08:32:53 perf static_binary_x300 off: 0.157s
08:32:57 perf static_binary_x300 on: 0.163s
08:33:01 perf static_binary_x300 on: 0.160s
08:33:02 perf static_binary_x300 off: 0.158s
08:33:02 perf static_binary_x300 off: 0.157s
08:33:06 perf static_binary_x300 on: 0.159s
08:33:10 perf static_binary_x300 on: 0.160s
08:33:10 perf static_binary_x300 off: 0.156s
08:33:10 perf static_binary_x300 off: 0.155s
08:33:14 perf static_binary_x300 on: 0.159s
08:33:18 perf static_binary_x300 on: 0.159s
08:33:19 perf static_binary_x300 off: 0.158s
08:33:19 perf static_binary_x300 off: 0.157s
08:33:23 perf static_binary_x300 on: 0.162s
08:33:27 perf static_binary_x300 on: 0.161s
08:33:27 perf static_binary_x300 off: 0.156s
08:33:27 perf static_binary_x300 off: 0.158s
08:33:31 perf static_binary_x300 on: 0.161s
08:33:35 perf static_binary_x300 on: 0.160s
08:33:36 perf static_binary_x300 off: 0.159s
08:33:36 perf static_binary_x300 off: 0.162s
08:33:40 perf static_binary_x300 on: 0.162s
08:33:44 perf static_binary_x300 on: 0.162s
08:33:44 perf static_binary_x300 off: 0.163s
08:33:48 verdict PASS; failed: []
