2026-09-27 21:20:42 whyfs service listening on \\.\pipe\whyfs-service
2026-09-27 21:20:42 machine labels: service process 788 started
2026-09-27 21:21:00 start C:\Users\runneradmin\AppData\Local\Temp\whyfs-msi-user-ws pid 5052 session whyfs-201334dc62424c6d user S-1-5-21-2615846702-2260884330-149277722-500
2026-09-27 21:21:02 stop C:\Users\runneradmin\AppData\Local\Temp\whyfs-msi-user-ws exit 0
2026-09-27 21:21:04 machine labels: service process exited 0
2026-09-27 21:21:08 whyfs service listening on \\.\pipe\whyfs-service
2026-09-27 21:21:08 machine labels: service process 4724 started
2026-09-27 21:21:09 start C:\Users\runneradmin\AppData\Local\Temp\whyfs-upgrade-ws pid 6716 session whyfs-abe1fad5a47b91d8 user S-1-5-21-2615846702-2260884330-149277722-500
2026-09-27 21:21:10 stop C:\Users\runneradmin\AppData\Local\Temp\whyfs-upgrade-ws exit 0
2026-09-27 21:21:12 machine labels: service process exited 0
2026-09-27 21:21:13 whyfs service listening on \\.\pipe\whyfs-service
2026-09-27 21:21:13 machine labels: service process 7636 started
2026-09-27 21:21:14 start C:\Users\runneradmin\AppData\Local\Temp\whyfs-upgrade-ws pid 6272 session whyfs-abe1fad5a47b91d8 user S-1-5-21-2615846702-2260884330-149277722-500
2026-09-27 21:21:16 stop C:\Users\runneradmin\AppData\Local\Temp\whyfs-upgrade-ws exit 0
2026-09-27 21:21:18 machine labels: service process exited 0
2026-09-27 21:21:35 whyfs service listening on \\.\pipe\whyfs-service
2026-09-27 21:21:35 machine labels: service process 5500 started
2026-09-27 21:22:13 stopped orphaned ETW session whyfs-machine (rc 0)
2026-09-27 21:22:13 stopped orphaned ETW session whyfs-machine-sys (rc 0)
2026-09-27 21:22:13 whyfs service listening on \\.\pipe\whyfs-service
2026-09-27 21:22:13 machine labels: service process 6972 started
2026-09-27 21:22:29 start C:\Users\runneradmin\whyfs-outage-1b2343be\workspace-capture pid 5944 session whyfs-47c23c9fa7942907 user S-1-5-21-2615846702-2260884330-149277722-500
2026-09-27 21:22:29 stop C:\Users\runneradmin\whyfs-outage-1b2343be\workspace-capture exit 0
2026-09-27 21:23:16 start C:\Users\runneradmin\AppData\Local\Temp\whyfs-corpus-b3rm8uk5 pid 7092 session whyfs-eb299430ccae4aa9 user S-1-5-21-2615846702-2260884330-149277722-500
2026-09-27 21:23:19 stop C:\Users\runneradmin\AppData\Local\Temp\whyfs-corpus-b3rm8uk5 exit 0
2026-09-27 21:23:20 start C:\Users\runneradmin\AppData\Local\Temp\whyfs-secret-c1ps7kdl pid 8552 session whyfs-342d437427150c2f user S-1-5-21-2615846702-2260884330-149277722-500
2026-09-27 21:23:22 stop C:\Users\runneradmin\AppData\Local\Temp\whyfs-secret-c1ps7kdl exit 0
2026-09-27 21:23:31 start C:\Users\runneradmin\AppData\Local\Temp\whyfs-wingate\func pid 2528 session whyfs-a8996beb1407ddb0 user S-1-5-21-2615846702-2260884330-149277722-500
2026-09-27 21:23:36 stop C:\Users\runneradmin\AppData\Local\Temp\whyfs-wingate\func exit 0
2026-09-27 21:33:42 machine labels: service process exited 0
2026-09-27 21:33:59 whyfs service listening on \\.\pipe\whyfs-service
2026-09-27 21:33:59 machine labels: service process 3352 started
2026-09-27 21:34:15 machine labels: service process exited 0
2026-09-27 21:34:29 whyfs service listening on \\.\pipe\whyfs-service
2026-09-27 21:34:29 machine labels: service process 2156 started
2026-09-27 21:34:45 machine labels: service process exited 0
2026-09-27 21:35:00 whyfs service listening on \\.\pipe\whyfs-service
2026-09-27 21:35:00 machine labels: service process 10040 started
2026-09-27 21:35:30 machine labels: service process exited 0
2026-09-27 21:35:59 whyfs service listening on \\.\pipe\whyfs-service
2026-09-27 21:36:00 machine labels: service process 5952 started
2026-09-27 21:36:30 machine labels: service process exited 0
2026-09-27 21:36:59 whyfs service listening on \\.\pipe\whyfs-service
2026-09-27 21:36:59 machine labels: service process 5256 started
2026-09-27 21:37:33 machine labels: service process exited 0
2026-09-27 21:38:01 whyfs service listening on \\.\pipe\whyfs-service
2026-09-27 21:38:01 machine labels: service process 5192 started
2026-09-27 21:38:33 machine labels: service process exited 0
2026-09-27 21:39:00 whyfs service listening on \\.\pipe\whyfs-service
2026-09-27 21:39:00 machine labels: service process 4760 started
2026-09-27 21:39:31 machine labels: service process exited 0
2026-09-27 21:40:00 whyfs service listening on \\.\pipe\whyfs-service
2026-09-27 21:40:00 machine labels: service process 3332 started
2026-09-27 21:40:32 machine labels: service process exited 0
2026-09-27 21:41:01 whyfs service listening on \\.\pipe\whyfs-service
2026-09-27 21:41:01 machine labels: service process 7932 started
2026-09-27 21:41:32 machine labels: service process exited 0
2026-09-27 21:42:00 whyfs service listening on \\.\pipe\whyfs-service
2026-09-27 21:42:00 machine labels: service process 4636 started
2026-09-27 21:42:33 machine labels: service process exited 0
2026-09-27 21:43:01 whyfs service listening on \\.\pipe\whyfs-service
2026-09-27 21:43:01 machine labels: service process 3136 started
2026-09-27 21:43:33 machine labels: service process exited 0
2026-09-27 21:44:00 whyfs service listening on \\.\pipe\whyfs-service
2026-09-27 21:44:00 machine labels: service process 2312 started
2026-09-27 21:44:33 machine labels: service process exited 0
2026-09-27 21:44:49 whyfs service listening on \\.\pipe\whyfs-service
2026-09-27 21:44:49 machine labels: service process 1012 started
2026-09-27 21:44:54 machine labels: service process exited 0
2026-09-27 21:44:58 whyfs service listening on \\.\pipe\whyfs-service
2026-09-27 21:44:58 machine labels: service process 9740 started
2026-09-27 21:45:02 machine labels: service process exited 0
2026-09-27 21:45:05 whyfs service listening on \\.\pipe\whyfs-service
2026-09-27 21:45:06 machine labels: service process 2312 started
2026-09-27 21:45:13 machine labels: service process exited 0
2026-09-27 21:45:19 whyfs service listening on \\.\pipe\whyfs-service
2026-09-27 21:45:19 machine labels: service process 3928 started
2026-09-27 21:45:27 machine labels: service process exited 0
2026-09-27 21:45:33 whyfs service listening on \\.\pipe\whyfs-service
2026-09-27 21:45:33 machine labels: service process 392 started
2026-09-27 21:45:40 machine labels: service process exited 0
2026-09-27 21:45:46 whyfs service listening on \\.\pipe\whyfs-service
2026-09-27 21:45:46 machine labels: service process 1592 started
2026-09-27 21:45:54 machine labels: service process exited 0
2026-09-27 21:46:00 whyfs service listening on \\.\pipe\whyfs-service
2026-09-27 21:46:00 machine labels: service process 6980 started
2026-09-27 21:46:07 machine labels: service process exited 0
2026-09-27 21:46:13 whyfs service listening on \\.\pipe\whyfs-service
2026-09-27 21:46:13 machine labels: service process 4944 started
2026-09-27 21:46:21 machine labels: service process exited 0
2026-09-27 21:46:27 whyfs service listening on \\.\pipe\whyfs-service
2026-09-27 21:46:27 machine labels: service process 1556 started
2026-09-27 21:46:34 machine labels: service process exited 0
2026-09-27 21:46:40 whyfs service listening on \\.\pipe\whyfs-service
2026-09-27 21:46:40 machine labels: service process 8136 started
2026-09-27 21:46:48 machine labels: service process exited 0
2026-09-27 21:46:53 whyfs service listening on \\.\pipe\whyfs-service
2026-09-27 21:46:53 machine labels: service process 8576 started
2026-09-27 21:47:01 machine labels: service process exited 0
2026-09-27 21:47:07 whyfs service listening on \\.\pipe\whyfs-service
2026-09-27 21:47:07 machine labels: service process 956 started
2026-09-27 21:47:15 machine labels: service process exited 0
2026-09-27 21:47:28 whyfs service listening on \\.\pipe\whyfs-service
2026-09-27 21:47:28 machine labels: service process 6896 started
2026-09-27 21:47:41 machine labels: service process exited 0
2026-09-27 21:47:50 whyfs service listening on \\.\pipe\whyfs-service
2026-09-27 21:47:50 machine labels: service process 6168 started
2026-09-27 21:48:02 machine labels: service process exited 0
2026-09-27 21:48:13 whyfs service listening on \\.\pipe\whyfs-service
2026-09-27 21:48:13 machine labels: service process 2036 started
2026-09-27 21:48:36 machine labels: service process exited 0
2026-09-27 21:48:57 whyfs service listening on \\.\pipe\whyfs-service
2026-09-27 21:48:57 machine labels: service process 3920 started
2026-09-27 21:49:18 machine labels: service process exited 0
2026-09-27 21:49:38 whyfs service listening on \\.\pipe\whyfs-service
2026-09-27 21:49:38 machine labels: service process 9528 started
2026-09-27 21:50:00 machine labels: service process exited 0
2026-09-27 21:50:21 whyfs service listening on \\.\pipe\whyfs-service
2026-09-27 21:50:21 machine labels: service process 9992 started
2026-09-27 21:50:41 machine labels: service process exited 0
2026-09-27 21:51:03 whyfs service listening on \\.\pipe\whyfs-service
2026-09-27 21:51:03 machine labels: service process 2080 started
2026-09-27 21:51:26 machine labels: service process exited 0
2026-09-27 21:51:46 whyfs service listening on \\.\pipe\whyfs-service
2026-09-27 21:51:46 machine labels: service process 8576 started
2026-09-27 21:52:08 machine labels: service process exited 0
2026-09-27 21:52:29 whyfs service listening on \\.\pipe\whyfs-service
2026-09-27 21:52:29 machine labels: service process 2876 started
2026-09-27 21:52:52 machine labels: service process exited 0
2026-09-27 21:53:13 whyfs service listening on \\.\pipe\whyfs-service
2026-09-27 21:53:13 machine labels: service process 8496 started
2026-09-27 21:53:36 machine labels: service process exited 0
2026-09-27 21:53:56 whyfs service listening on \\.\pipe\whyfs-service
2026-09-27 21:53:56 machine labels: service process 392 started
2026-09-27 21:54:19 machine labels: service process exited 0
2026-09-27 21:54:40 whyfs service listening on \\.\pipe\whyfs-service
2026-09-27 21:54:40 machine labels: service process 9892 started
2026-09-27 21:55:02 machine labels: service process exited 0
2026-09-27 21:55:12 whyfs service listening on \\.\pipe\whyfs-service
2026-09-27 21:55:12 machine labels: service process 3856 started
