18:12:34 functional fixtures
18:12:48   PASS creator_attribution_ge_99pct
18:12:48   PASS useful_input_recall_ge_95pct
18:12:48   PASS no_unlabelled_false_lineage
18:12:48   PASS msvc_header_impact_reaches_all_includers_and_app
18:12:48   PASS msvc_header_impact_excludes_non_includer
18:12:48   PASS msvc_source_impact_reaches_its_object_and_app
18:12:48   PASS msvc_source_impact_other_objects_only_as_labelled_shared
18:12:48   PASS incremental_rebuild_history
18:12:48   PASS rename_chain_steps_recorded
18:12:48   PASS rename_impact_reaches_final_name
18:12:48   PASS recreate_history_two_writes
18:12:48   PASS parent_child_parent_is_cmd
18:12:48   PASS vite_human_view_hides_node_modules
18:12:48   PASS vite_raw_view_retains_dependency_reads
18:12:48   PASS vite_transitive_impact_to_postbuild
18:12:48   PASS paths_absolute_dos_and_in_scope
18:12:48   PASS no_state_dir_evidence
18:12:48   PASS zero_loss
18:12:48   PASS no_foreign_file_object_attribution
18:12:48   accuracy {'tested_outputs': 64, 'creator_attribution': 1.0, 'expected_inputs': 142, 'found_inputs': 142, 'useful_input_recall': 1.0, 'unlabelled_false_inputs': 0, 'foreign_file_objects_rejected': 5}
18:13:01 perf msvc_240_units_mp8 warmup off: 2.790s
18:13:10 perf msvc_240_units_mp8 warmup on: 2.816s
18:13:16 perf msvc_240_units_mp8 warmup off: 2.832s
18:13:25 perf msvc_240_units_mp8 warmup on: 2.760s
18:13:32 perf msvc_240_units_mp8 off: 2.780s
18:13:41 perf msvc_240_units_mp8 on: 2.938s
18:13:49 perf msvc_240_units_mp8 on: 2.842s
18:13:55 perf msvc_240_units_mp8 off: 2.705s
18:14:02 perf msvc_240_units_mp8 off: 2.892s
18:14:10 perf msvc_240_units_mp8 on: 2.798s
18:14:19 perf msvc_240_units_mp8 on: 2.798s
18:14:26 perf msvc_240_units_mp8 off: 2.674s
18:14:32 perf msvc_240_units_mp8 off: 2.716s
18:14:40 perf msvc_240_units_mp8 on: 2.797s
18:14:49 perf msvc_240_units_mp8 on: 2.744s
18:14:55 perf msvc_240_units_mp8 off: 2.903s
18:15:02 perf msvc_240_units_mp8 off: 2.919s
18:15:11 perf msvc_240_units_mp8 on: 2.948s
18:15:19 perf msvc_240_units_mp8 on: 2.614s
18:15:25 perf msvc_240_units_mp8 off: 2.633s
18:15:32 perf msvc_240_units_mp8 off: 2.519s
18:15:40 perf msvc_240_units_mp8 on: 3.054s
18:15:49 perf msvc_240_units_mp8 on: 2.683s
18:15:56 perf msvc_240_units_mp8 off: 2.800s
18:16:02 perf msvc_240_units_mp8 off: 2.902s
18:16:11 perf msvc_240_units_mp8 on: 2.868s
18:16:20 perf msvc_240_units_mp8 on: 3.072s
18:16:26 perf msvc_240_units_mp8 off: 2.904s
18:16:33 perf msvc_240_units_mp8 off: 2.689s
18:16:42 perf msvc_240_units_mp8 on: 2.841s
18:16:50 perf msvc_240_units_mp8 on: 3.003s
18:16:57 perf msvc_240_units_mp8 off: 2.746s
18:17:04 perf msvc_240_units_mp8 off: 2.899s
18:17:12 perf msvc_240_units_mp8 on: 2.819s
18:17:20 perf msvc_240_units_mp8 on: 2.758s
18:17:27 perf msvc_240_units_mp8 off: 2.682s
18:17:33 perf msvc_240_units_mp8 off: 2.624s
18:17:42 perf msvc_240_units_mp8 on: 2.691s
18:17:50 perf msvc_240_units_mp8 on: 2.674s
18:17:57 perf msvc_240_units_mp8 off: 2.716s
18:18:03 perf msvc_240_units_mp8 off: 2.711s
18:18:12 perf msvc_240_units_mp8 on: 2.825s
18:18:20 perf msvc_240_units_mp8 on: 2.973s
18:18:27 perf msvc_240_units_mp8 off: 2.817s
18:18:27 perf msvc_240_units_mp8: median paired overhead +2.90%, lost 0
18:18:30 perf vite_build warmup off: 0.410s
18:18:33 perf vite_build warmup on: 0.389s
18:18:35 perf vite_build warmup off: 0.405s
18:18:38 perf vite_build warmup on: 0.417s
18:18:40 perf vite_build off: 0.408s
18:18:44 perf vite_build on: 0.397s
18:18:47 perf vite_build on: 0.382s
18:18:49 perf vite_build off: 0.396s
18:18:51 perf vite_build off: 0.384s
18:18:54 perf vite_build on: 0.405s
18:18:58 perf vite_build on: 0.427s
18:18:59 perf vite_build off: 0.377s
18:19:01 perf vite_build off: 0.406s
18:19:05 perf vite_build on: 0.411s
18:19:08 perf vite_build on: 0.403s
18:19:10 perf vite_build off: 0.403s
18:19:12 perf vite_build off: 0.387s
18:19:15 perf vite_build on: 0.391s
18:19:19 perf vite_build on: 0.416s
18:19:21 perf vite_build off: 0.390s
18:19:22 perf vite_build off: 0.393s
18:19:26 perf vite_build on: 0.389s
18:19:29 perf vite_build on: 0.393s
18:19:31 perf vite_build off: 0.391s
18:19:33 perf vite_build off: 0.404s
18:19:36 perf vite_build on: 0.394s
18:19:40 perf vite_build on: 0.420s
18:19:42 perf vite_build off: 0.381s
18:19:44 perf vite_build off: 0.408s
18:19:47 perf vite_build on: 0.403s
18:19:51 perf vite_build on: 0.421s
18:19:52 perf vite_build off: 0.383s
18:19:54 perf vite_build off: 0.388s
18:19:58 perf vite_build on: 0.400s
18:20:01 perf vite_build on: 0.382s
18:20:03 perf vite_build off: 0.402s
18:20:05 perf vite_build off: 0.422s
18:20:08 perf vite_build on: 0.386s
18:20:12 perf vite_build on: 0.377s
18:20:14 perf vite_build off: 0.401s
18:20:15 perf vite_build off: 0.421s
18:20:19 perf vite_build on: 0.406s
18:20:23 perf vite_build on: 0.402s
18:20:24 perf vite_build off: 0.393s
18:20:24 perf vite_build: median paired overhead +0.20%, lost 0
18:20:30 perf native_exe_x300 warmup off: 2.356s
18:20:38 perf native_exe_x300 warmup on: 2.346s
18:20:43 perf native_exe_x300 warmup off: 2.353s
18:20:51 perf native_exe_x300 warmup on: 2.364s
18:20:57 perf native_exe_x300 off: 2.421s
18:21:04 perf native_exe_x300 on: 2.395s
18:21:12 perf native_exe_x300 on: 2.340s
18:21:18 perf native_exe_x300 off: 2.603s
18:21:24 perf native_exe_x300 off: 2.337s
18:21:31 perf native_exe_x300 on: 2.335s
18:21:39 perf native_exe_x300 on: 2.512s
18:21:45 perf native_exe_x300 off: 2.401s
18:21:51 perf native_exe_x300 off: 2.353s
18:21:58 perf native_exe_x300 on: 2.365s
18:22:06 perf native_exe_x300 on: 2.352s
18:22:12 perf native_exe_x300 off: 2.296s
18:22:18 perf native_exe_x300 off: 2.377s
18:22:26 perf native_exe_x300 on: 2.411s
18:22:33 perf native_exe_x300 on: 2.348s
18:22:39 perf native_exe_x300 off: 2.399s
18:22:45 perf native_exe_x300 off: 2.448s
18:22:52 perf native_exe_x300 on: 2.323s
18:23:00 perf native_exe_x300 on: 2.375s
18:23:06 perf native_exe_x300 off: 2.360s
18:23:12 perf native_exe_x300 off: 2.474s
18:23:19 perf native_exe_x300 on: 2.363s
18:23:27 perf native_exe_x300 on: 2.431s
18:23:33 perf native_exe_x300 off: 2.322s
18:23:38 perf native_exe_x300 off: 2.404s
18:23:46 perf native_exe_x300 on: 2.382s
18:23:54 perf native_exe_x300 on: 2.484s
18:23:59 perf native_exe_x300 off: 2.320s
18:24:05 perf native_exe_x300 off: 2.395s
18:24:13 perf native_exe_x300 on: 2.321s
18:24:20 perf native_exe_x300 on: 2.390s
18:24:26 perf native_exe_x300 off: 2.398s
18:24:32 perf native_exe_x300 off: 2.358s
18:24:40 perf native_exe_x300 on: 2.359s
18:24:47 perf native_exe_x300 on: 2.431s
18:24:53 perf native_exe_x300 off: 2.307s
18:24:59 perf native_exe_x300 off: 2.314s
18:25:06 perf native_exe_x300 on: 2.304s
18:25:14 perf native_exe_x300 on: 2.410s
18:25:20 perf native_exe_x300 off: 2.328s
18:25:20 perf native_exe_x300: median paired overhead -0.02%, lost 0
