00:39:17 graduation: user=runner base=/home/runner/whyfs-graduation-ws
00:39:21 functional: static binary
00:39:21 functional: parallel build #1 (clean)
00:39:22 functional: header change -> build #2
00:39:22 functional: source change -> build #3
00:39:22 functional: vite build + postbuild
00:39:23 functional: copy / rename / move chain
00:39:28 perf make_j8_36_units warmup off: 0.270s
00:39:32 perf make_j8_36_units warmup on: 0.273s
00:39:33 perf make_j8_36_units warmup off: 0.271s
00:39:37 perf make_j8_36_units warmup on: 0.285s
00:39:37 perf make_j8_36_units off: 0.288s
00:39:41 perf make_j8_36_units on: 0.272s
00:39:46 perf make_j8_36_units on: 0.276s
00:39:46 perf make_j8_36_units off: 0.270s
00:39:46 perf make_j8_36_units off: 0.268s
00:39:50 perf make_j8_36_units on: 0.274s
00:39:55 perf make_j8_36_units on: 0.278s
00:39:55 perf make_j8_36_units off: 0.275s
00:39:55 perf make_j8_36_units off: 0.273s
00:39:59 perf make_j8_36_units on: 0.281s
00:40:04 perf make_j8_36_units on: 0.280s
00:40:04 perf make_j8_36_units off: 0.270s
00:40:04 perf make_j8_36_units off: 0.269s
00:40:08 perf make_j8_36_units on: 0.274s
00:40:13 perf make_j8_36_units on: 0.278s
00:40:13 perf make_j8_36_units off: 0.273s
00:40:13 perf make_j8_36_units off: 0.284s
00:40:17 perf make_j8_36_units on: 0.277s
00:40:22 perf make_j8_36_units on: 0.297s
00:40:22 perf make_j8_36_units off: 0.292s
00:40:22 perf make_j8_36_units off: 0.293s
00:40:27 perf make_j8_36_units on: 0.278s
00:40:31 perf make_j8_36_units on: 0.272s
00:40:31 perf make_j8_36_units off: 0.269s
00:40:31 perf make_j8_36_units off: 0.269s
00:40:36 perf make_j8_36_units on: 0.286s
00:40:40 perf make_j8_36_units on: 0.288s
00:40:40 perf make_j8_36_units off: 0.276s
00:40:41 perf make_j8_36_units off: 0.277s
00:40:45 perf make_j8_36_units on: 0.281s
00:40:49 perf make_j8_36_units on: 0.285s
00:40:49 perf make_j8_36_units off: 0.279s
00:40:50 perf make_j8_36_units off: 0.282s
00:40:54 perf make_j8_36_units on: 0.293s
00:40:58 perf make_j8_36_units on: 0.279s
00:40:59 perf make_j8_36_units off: 0.279s
00:40:59 perf make_j8_36_units off: 0.277s
00:41:03 perf make_j8_36_units on: 0.281s
00:41:07 perf make_j8_36_units on: 0.288s
00:41:08 perf make_j8_36_units off: 0.283s
00:41:08 perf vite_build warmup off: 0.267s
00:41:12 perf vite_build warmup on: 0.266s
00:41:13 perf vite_build warmup off: 0.266s
00:41:17 perf vite_build warmup on: 0.271s
00:41:17 perf vite_build off: 0.263s
00:41:21 perf vite_build on: 0.265s
00:41:25 perf vite_build on: 0.268s
00:41:26 perf vite_build off: 0.264s
00:41:26 perf vite_build off: 0.265s
00:41:30 perf vite_build on: 0.265s
00:41:34 perf vite_build on: 0.264s
00:41:35 perf vite_build off: 0.270s
00:41:35 perf vite_build off: 0.269s
00:41:39 perf vite_build on: 0.260s
00:41:43 perf vite_build on: 0.269s
00:41:43 perf vite_build off: 0.266s
00:41:44 perf vite_build off: 0.271s
00:41:48 perf vite_build on: 0.260s
00:41:52 perf vite_build on: 0.260s
00:41:52 perf vite_build off: 0.271s
00:41:53 perf vite_build off: 0.263s
00:41:57 perf vite_build on: 0.259s
00:42:01 perf vite_build on: 0.267s
00:42:01 perf vite_build off: 0.256s
00:42:01 perf vite_build off: 0.267s
00:42:06 perf vite_build on: 0.255s
00:42:10 perf vite_build on: 0.264s
00:42:10 perf vite_build off: 0.263s
00:42:10 perf vite_build off: 0.260s
00:42:15 perf vite_build on: 0.258s
00:42:19 perf vite_build on: 0.252s
00:42:19 perf vite_build off: 0.264s
00:42:19 perf vite_build off: 0.259s
00:42:23 perf vite_build on: 0.255s
00:42:28 perf vite_build on: 0.254s
00:42:28 perf vite_build off: 0.268s
00:42:28 perf vite_build off: 0.261s
00:42:32 perf vite_build on: 0.257s
00:42:37 perf vite_build on: 0.263s
00:42:37 perf vite_build off: 0.262s
00:42:37 perf vite_build off: 0.262s
00:42:41 perf vite_build on: 0.263s
00:42:45 perf vite_build on: 0.255s
00:42:46 perf vite_build off: 0.263s
00:42:46 perf static_binary_x300 warmup off: 0.160s
00:42:50 perf static_binary_x300 warmup on: 0.158s
00:42:50 perf static_binary_x300 warmup off: 0.156s
00:42:54 perf static_binary_x300 warmup on: 0.160s
00:42:54 perf static_binary_x300 off: 0.153s
00:42:58 perf static_binary_x300 on: 0.164s
00:43:02 perf static_binary_x300 on: 0.161s
00:43:03 perf static_binary_x300 off: 0.157s
00:43:03 perf static_binary_x300 off: 0.158s
00:43:07 perf static_binary_x300 on: 0.160s
00:43:11 perf static_binary_x300 on: 0.158s
00:43:11 perf static_binary_x300 off: 0.154s
00:43:11 perf static_binary_x300 off: 0.150s
00:43:15 perf static_binary_x300 on: 0.159s
00:43:19 perf static_binary_x300 on: 0.163s
00:43:19 perf static_binary_x300 off: 0.155s
00:43:20 perf static_binary_x300 off: 0.154s
00:43:24 perf static_binary_x300 on: 0.157s
00:43:27 perf static_binary_x300 on: 0.162s
00:43:28 perf static_binary_x300 off: 0.159s
00:43:28 perf static_binary_x300 off: 0.154s
00:43:32 perf static_binary_x300 on: 0.159s
00:43:36 perf static_binary_x300 on: 0.159s
00:43:36 perf static_binary_x300 off: 0.156s
00:43:36 perf static_binary_x300 off: 0.156s
00:43:40 perf static_binary_x300 on: 0.164s
00:43:44 perf static_binary_x300 on: 0.159s
00:43:44 perf static_binary_x300 off: 0.153s
00:43:45 perf static_binary_x300 off: 0.157s
00:43:49 perf static_binary_x300 on: 0.156s
00:43:53 perf static_binary_x300 on: 0.156s
00:43:53 perf static_binary_x300 off: 0.152s
00:43:53 perf static_binary_x300 off: 0.152s
00:43:57 perf static_binary_x300 on: 0.160s
00:44:01 perf static_binary_x300 on: 0.160s
00:44:01 perf static_binary_x300 off: 0.157s
00:44:01 perf static_binary_x300 off: 0.155s
00:44:05 perf static_binary_x300 on: 0.160s
00:44:10 perf static_binary_x300 on: 0.158s
00:44:10 perf static_binary_x300 off: 0.153s
00:44:10 perf static_binary_x300 off: 0.157s
00:44:14 perf static_binary_x300 on: 0.161s
00:44:18 perf static_binary_x300 on: 0.164s
00:44:18 perf static_binary_x300 off: 0.159s
00:44:22 verdict PASS; failed: []
