16:43:02 graduation: user=runner base=/home/runner/whyfs-graduation-ws
16:43:05 functional: static binary
16:43:05 functional: parallel build #1 (clean)
16:43:06 functional: header change -> build #2
16:43:07 functional: source change -> build #3
16:43:07 functional: vite build + postbuild
16:43:08 functional: copy / rename / move chain
16:43:14 perf make_j8_36_units warmup off: 0.375s
16:43:19 perf make_j8_36_units warmup on: 0.387s
16:43:19 perf make_j8_36_units warmup off: 0.375s
16:43:24 perf make_j8_36_units warmup on: 0.385s
16:43:24 perf make_j8_36_units off: 0.371s
16:43:29 perf make_j8_36_units on: 0.381s
16:43:34 perf make_j8_36_units on: 0.387s
16:43:34 perf make_j8_36_units off: 0.370s
16:43:34 perf make_j8_36_units off: 0.367s
16:43:39 perf make_j8_36_units on: 0.374s
16:43:44 perf make_j8_36_units on: 0.384s
16:43:44 perf make_j8_36_units off: 0.367s
16:43:44 perf make_j8_36_units off: 0.365s
16:43:49 perf make_j8_36_units on: 0.374s
16:43:54 perf make_j8_36_units on: 0.385s
16:43:54 perf make_j8_36_units off: 0.367s
16:43:55 perf make_j8_36_units off: 0.374s
16:43:59 perf make_j8_36_units on: 0.378s
16:44:04 perf make_j8_36_units on: 0.389s
16:44:04 perf make_j8_36_units off: 0.367s
16:44:05 perf make_j8_36_units off: 0.367s
16:44:09 perf make_j8_36_units on: 0.381s
16:44:14 perf make_j8_36_units on: 0.389s
16:44:14 perf make_j8_36_units off: 0.366s
16:44:15 perf make_j8_36_units off: 0.365s
16:44:19 perf make_j8_36_units on: 0.375s
16:44:24 perf make_j8_36_units on: 0.388s
16:44:24 perf make_j8_36_units off: 0.367s
16:44:25 perf make_j8_36_units off: 0.370s
16:44:30 perf make_j8_36_units on: 0.373s
16:44:34 perf make_j8_36_units on: 0.381s
16:44:35 perf make_j8_36_units off: 0.365s
16:44:35 perf make_j8_36_units off: 0.367s
16:44:40 perf make_j8_36_units on: 0.377s
16:44:44 perf make_j8_36_units on: 0.437s
16:44:45 perf make_j8_36_units off: 0.367s
16:44:45 perf make_j8_36_units off: 0.366s
16:44:50 perf make_j8_36_units on: 0.375s
16:44:54 perf make_j8_36_units on: 0.384s
16:44:55 perf make_j8_36_units off: 0.366s
16:44:55 perf make_j8_36_units off: 0.365s
16:45:00 perf make_j8_36_units on: 0.373s
16:45:04 perf make_j8_36_units on: 0.385s
16:45:05 perf make_j8_36_units off: 0.366s
16:45:05 perf vite_build warmup off: 0.372s
16:45:10 perf vite_build warmup on: 0.364s
16:45:10 perf vite_build warmup off: 0.380s
16:45:15 perf vite_build warmup on: 0.377s
16:45:15 perf vite_build off: 0.362s
16:45:20 perf vite_build on: 0.364s
16:45:24 perf vite_build on: 0.384s
16:45:25 perf vite_build off: 0.370s
16:45:25 perf vite_build off: 0.365s
16:45:30 perf vite_build on: 0.367s
16:45:34 perf vite_build on: 0.378s
16:45:35 perf vite_build off: 0.369s
16:45:35 perf vite_build off: 0.364s
16:45:40 perf vite_build on: 0.361s
16:45:44 perf vite_build on: 0.379s
16:45:45 perf vite_build off: 0.375s
16:45:45 perf vite_build off: 0.367s
16:45:50 perf vite_build on: 0.374s
16:45:54 perf vite_build on: 0.371s
16:45:55 perf vite_build off: 0.369s
16:45:55 perf vite_build off: 0.367s
16:46:00 perf vite_build on: 0.368s
16:46:04 perf vite_build on: 0.379s
16:46:05 perf vite_build off: 0.375s
16:46:05 perf vite_build off: 0.367s
16:46:10 perf vite_build on: 0.368s
16:46:14 perf vite_build on: 0.374s
16:46:15 perf vite_build off: 0.371s
16:46:15 perf vite_build off: 0.366s
16:46:20 perf vite_build on: 0.367s
16:46:24 perf vite_build on: 0.376s
16:46:25 perf vite_build off: 0.366s
16:46:25 perf vite_build off: 0.372s
16:46:30 perf vite_build on: 0.368s
16:46:34 perf vite_build on: 0.366s
16:46:35 perf vite_build off: 0.368s
16:46:35 perf vite_build off: 0.362s
16:46:39 perf vite_build on: 0.367s
16:46:44 perf vite_build on: 0.372s
16:46:45 perf vite_build off: 0.370s
16:46:45 perf vite_build off: 0.367s
16:46:50 perf vite_build on: 0.374s
16:46:54 perf vite_build on: 0.370s
16:46:55 perf vite_build off: 0.367s
16:46:55 perf static_binary_x300 warmup off: 0.185s
16:46:59 perf static_binary_x300 warmup on: 0.189s
16:46:59 perf static_binary_x300 warmup off: 0.182s
16:47:04 perf static_binary_x300 warmup on: 0.186s
16:47:04 perf static_binary_x300 off: 0.185s
16:47:08 perf static_binary_x300 on: 0.188s
16:47:12 perf static_binary_x300 on: 0.191s
16:47:13 perf static_binary_x300 off: 0.183s
16:47:13 perf static_binary_x300 off: 0.180s
16:47:17 perf static_binary_x300 on: 0.192s
16:47:21 perf static_binary_x300 on: 0.190s
16:47:22 perf static_binary_x300 off: 0.184s
16:47:22 perf static_binary_x300 off: 0.184s
16:47:26 perf static_binary_x300 on: 0.190s
16:47:30 perf static_binary_x300 on: 0.186s
16:47:31 perf static_binary_x300 off: 0.183s
16:47:31 perf static_binary_x300 off: 0.182s
16:47:35 perf static_binary_x300 on: 0.186s
16:47:39 perf static_binary_x300 on: 0.190s
16:47:40 perf static_binary_x300 off: 0.182s
16:47:40 perf static_binary_x300 off: 0.185s
16:47:44 perf static_binary_x300 on: 0.190s
16:47:49 perf static_binary_x300 on: 0.191s
16:47:49 perf static_binary_x300 off: 0.184s
16:47:49 perf static_binary_x300 off: 0.182s
16:47:53 perf static_binary_x300 on: 0.190s
16:47:58 perf static_binary_x300 on: 0.188s
16:47:58 perf static_binary_x300 off: 0.182s
16:47:58 perf static_binary_x300 off: 0.183s
16:48:02 perf static_binary_x300 on: 0.190s
16:48:07 perf static_binary_x300 on: 0.189s
16:48:07 perf static_binary_x300 off: 0.182s
16:48:07 perf static_binary_x300 off: 0.183s
16:48:11 perf static_binary_x300 on: 0.190s
16:48:16 perf static_binary_x300 on: 0.189s
16:48:16 perf static_binary_x300 off: 0.181s
16:48:16 perf static_binary_x300 off: 0.185s
16:48:20 perf static_binary_x300 on: 0.187s
16:48:25 perf static_binary_x300 on: 0.186s
16:48:25 perf static_binary_x300 off: 0.184s
16:48:25 perf static_binary_x300 off: 0.183s
16:48:30 perf static_binary_x300 on: 0.189s
16:48:34 perf static_binary_x300 on: 0.186s
16:48:34 perf static_binary_x300 off: 0.183s
16:48:39 verdict PASS; failed: []
