08:47:02 git HEAD 14f630b5fd991df69c6de43bb0e6cb423d2245b4 dirty=0
08:47:02 phase cal: perf stat -a overhead on the baseline workload
08:47:06   cal perf - plain: +4.94 ms (CI90 +3.07..+8.92)
08:47:06   perf stat -a DISABLED for the remaining phases
08:47:10   agent pid 74757 store worker 74758
08:47:13 phase R: rotated A/B/C/D/E rounds
08:47:23   R round 0: A=130.8 B=133.4 C=130.6 D=128.2 E=134.0
08:48:10   R round 5: A=124.1 B=130.2 C=132.4 D=132.1 E=130.4
08:48:58   R round 10: A=121.9 B=127.3 C=134.0 D=129.6 E=129.6
08:49:45   R round 15: A=129.2 B=126.1 C=130.5 D=129.5 E=131.7
08:50:31   R round 20: A=117.2 B=133.5 C=133.7 D=132.1 E=132.7
08:51:19   R round 25: A=134.3 B=132.5 C=136.3 D=129.9 E=132.5
08:52:06   R round 30: A=125.9 B=126.5 C=142.3 D=132.8 E=131.8
08:52:54   R round 35: A=129.5 B=128.7 C=130.4 D=134.2 E=134.5
08:53:40   R round 40: A=128.3 B=129.6 C=129.6 D=129.9 E=131.1
08:53:40   R B_minus_A: +3.91 ms (CI90 +1.55..+5.26)
08:53:40   R D_minus_B: +3.34 ms (CI90 +2.36..+4.01)
08:53:40   R E_minus_D: +0.95 ms (CI90 +0.11..+1.78)
08:53:40   R E_minus_A: +6.33 ms (CI90 +5.67..+7.54)
08:53:40   R C_minus_A: +5.59 ms (CI90 +4.14..+7.39)
08:53:40   R E_minus_C: +1.33 ms (CI90 -0.49..+2.54)
08:53:40 phase S: BPF run time per run (agent, full mode, bpf_stats on)
08:53:48   S BPF run time: 3.27 ms/run (idle-subtracted)
08:53:48 phase F1: persistent real daemon, 25 consecutive runs (bpf_stats off)
08:53:53   F1 run  1: 131.8 ms  events+2416  daemon cpu 0.090s minflt 448
08:53:53   F1 run  2: 131.9 ms  events+2416  daemon cpu 0.080s minflt 36
08:53:54   F1 run  3: 135.2 ms  events+2416  daemon cpu 0.100s minflt 43
08:53:54   F1 run  4: 133.0 ms  events+2416  daemon cpu 0.100s minflt 133
08:53:55   F1 run  5: 133.6 ms  events+2416  daemon cpu 0.090s minflt 14
08:53:56   F1 run  6: 134.1 ms  events+2416  daemon cpu 0.080s minflt 147
08:53:56   F1 run  7: 137.9 ms  events+2416  daemon cpu 0.100s minflt 3
08:53:57   F1 run  8: 130.5 ms  events+2416  daemon cpu 0.080s minflt 91
08:53:57   F1 run  9: 134.2 ms  events+2416  daemon cpu 0.110s minflt 16
08:53:58   F1 run 10: 132.5 ms  events+2416  daemon cpu 0.080s minflt 120
08:53:58   F1 run 11: 133.0 ms  events+2416  daemon cpu 0.110s minflt 17
08:53:59   F1 run 12: 131.2 ms  events+2416  daemon cpu 0.080s minflt 139
08:53:59   F1 run 13: 130.7 ms  events+2416  daemon cpu 0.110s minflt 6
08:54:00   F1 run 14: 143.9 ms  events+2416  daemon cpu 0.080s minflt 75
08:54:01   F1 run 15: 137.3 ms  events+2416  daemon cpu 0.120s minflt 15
08:54:01   F1 run 16: 129.1 ms  events+2416  daemon cpu 0.080s minflt 145
08:54:02   F1 run 17: 132.8 ms  events+2416  daemon cpu 0.090s minflt 23
08:54:02   F1 run 18: 133.8 ms  events+2416  daemon cpu 0.100s minflt 92
08:54:03   F1 run 19: 134.3 ms  events+2416  daemon cpu 0.100s minflt 19
08:54:03   F1 run 20: 130.5 ms  events+2416  daemon cpu 0.080s minflt 106
08:54:04   F1 run 21: 132.8 ms  events+2416  daemon cpu 0.100s minflt 14
08:54:05   F1 run 22: 131.3 ms  events+2416  daemon cpu 0.080s minflt 142
08:54:05   F1 run 23: 135.6 ms  events+2416  daemon cpu 0.110s minflt 4
08:54:06   F1 run 24: 134.5 ms  events+2416  daemon cpu 0.100s minflt 107
08:54:06   F1 run 25: 133.2 ms  events+2416  daemon cpu 0.080s minflt 11
08:54:09 phase F2: persistent real daemon, 25 consecutive runs (bpf_stats on)
08:54:13   F2 run  1: 130.5 ms  events+2416  daemon cpu 0.080s minflt 447  bpf 3.34 ms
08:54:14   F2 run  2: 165.6 ms  events+2416  daemon cpu 0.110s minflt 26  bpf 5.31 ms
08:54:15   F2 run  3: 130.1 ms  events+2416  daemon cpu 0.080s minflt 107  bpf 3.31 ms
08:54:15   F2 run  4: 133.6 ms  events+2416  daemon cpu 0.090s minflt 34  bpf 3.70 ms
08:54:16   F2 run  5: 134.5 ms  events+2416  daemon cpu 0.080s minflt 138  bpf 3.43 ms
08:54:16   F2 run  6: 132.6 ms  events+2416  daemon cpu 0.100s minflt 2  bpf 3.46 ms
08:54:17   F2 run  7: 136.0 ms  events+2416  daemon cpu 0.110s minflt 45  bpf 3.49 ms
08:54:17   F2 run  8: 134.6 ms  events+2416  daemon cpu 0.090s minflt 121  bpf 3.48 ms
08:54:18   F2 run  9: 136.1 ms  events+2416  daemon cpu 0.100s minflt 2  bpf 3.99 ms
08:54:18   F2 run 10: 133.8 ms  events+2416  daemon cpu 0.080s minflt 136  bpf 3.66 ms
08:54:19   F2 run 11: 135.9 ms  events+2416  daemon cpu 0.110s minflt 13  bpf 3.69 ms
08:54:20   F2 run 12: 130.5 ms  events+2416  daemon cpu 0.080s minflt 124  bpf 3.53 ms
08:54:20   F2 run 13: 138.7 ms  events+2416  daemon cpu 0.090s minflt 7  bpf 3.70 ms
08:54:21   F2 run 14: 135.9 ms  events+2416  daemon cpu 0.100s minflt 85  bpf 3.56 ms
08:54:21   F2 run 15: 137.9 ms  events+2416  daemon cpu 0.100s minflt 20  bpf 3.60 ms
08:54:22   F2 run 16: 136.2 ms  events+2416  daemon cpu 0.090s minflt 140  bpf 3.67 ms
08:54:22   F2 run 17: 128.5 ms  events+2416  daemon cpu 0.100s minflt 8  bpf 3.53 ms
08:54:23   F2 run 18: 134.3 ms  events+2416  daemon cpu 0.110s minflt 47  bpf 3.74 ms
08:54:23   F2 run 19: 133.4 ms  events+2416  daemon cpu 0.080s minflt 137  bpf 3.69 ms
08:54:24   F2 run 20: 135.6 ms  events+2416  daemon cpu 0.110s minflt 9  bpf 3.54 ms
08:54:25   F2 run 21: 133.6 ms  events+2416  daemon cpu 0.080s minflt 131  bpf 3.35 ms
08:54:25   F2 run 22: 141.0 ms  events+2416  daemon cpu 0.100s minflt 6  bpf 3.63 ms
08:54:26   F2 run 23: 140.5 ms  events+2416  daemon cpu 0.100s minflt 128  bpf 3.61 ms
08:54:26   F2 run 24: 141.9 ms  events+2416  daemon cpu 0.090s minflt 3  bpf 3.65 ms
08:54:27   F2 run 25: 141.0 ms  events+2416  daemon cpu 0.090s minflt 96  bpf 3.75 ms
08:54:29 phase G: harness pattern (fresh daemon per measured build)
08:54:34   G pair 0 (warm-up): off 125.3 first 134.8 on 135.2 -> +7.92%
08:54:38   G pair 1 (warm-up): off 122.5 first 127.6 on 133.7 -> +9.11%
08:54:43   G pair 2: off 126.8 first 131.3 on 135.2 -> +6.61%
08:54:47   G pair 3: off 124.4 first 138.4 on 138.4 -> +11.22%
08:54:52   G pair 4: off 124.8 first 140.8 on 139.2 -> +11.61%
08:54:56   G pair 5: off 126.4 first 131.9 on 138.9 -> +9.88%
08:55:01   G pair 6: off 123.0 first 133.9 on 136.0 -> +10.57%
08:55:05   G pair 7: off 124.6 first 130.9 on 137.3 -> +10.15%
08:55:09   G pair 8: off 127.9 first 132.3 on 137.0 -> +7.08%
08:55:14   G pair 9: off 125.7 first 132.2 on 134.2 -> +6.84%
08:55:19   G pair 10: off 127.2 first 139.2 on 134.0 -> +5.30%
08:55:23   G pair 11: off 125.7 first 135.1 on 136.2 -> +8.35%
08:55:27   G pair 12: off 125.5 first 132.6 on 136.0 -> +8.39%
08:55:32   G pair 13: off 125.9 first 129.3 on 131.2 -> +4.26%
08:55:37   G pair 14: off 126.8 first 133.4 on 133.8 -> +5.52%
08:55:41   G pair 15: off 118.6 first 130.4 on 137.1 -> +15.63%
08:55:45   G pair 16: off 127.9 first 132.5 on 135.4 -> +5.87%
08:55:50   G pair 17: off 125.9 first 134.9 on 134.4 -> +6.73%
08:55:54   G pair 18: off 127.0 first 136.2 on 135.6 -> +6.81%
08:55:59   G pair 19: off 126.7 first 133.6 on 139.1 -> +9.79%
08:56:03   G pair 20: off 122.5 first 134.9 on 131.3 -> +7.24%
08:56:08   G pair 21: off 113.4 first 131.0 on 134.2 -> +18.32%
08:56:08   G median paired overhead 7.80% (CI90 6.81..9.88); delta +9.78 ms
08:56:08 phase K: lifecycle control (daemon stopped before measured build)
08:56:12   K pair 0 (warm-up): off 125.5 first 131.0 on 128.1 -> +2.06%
08:56:16   K pair 1 (warm-up): off 127.0 first 132.0 on 121.4 -> -4.45%
08:56:20   K pair 2: off 124.6 first 130.5 on 125.4 -> +0.64%
08:56:24   K pair 3: off 125.7 first 133.9 on 128.4 -> +2.15%
08:56:28   K pair 4: off 129.6 first 133.5 on 121.8 -> -6.02%
08:56:33   K pair 5: off 126.0 first 136.4 on 127.4 -> +1.10%
08:56:37   K pair 6: off 127.4 first 144.8 on 128.6 -> +0.95%
08:56:41   K pair 7: off 125.3 first 130.5 on 125.2 -> -0.04%
08:56:45   K pair 8: off 126.2 first 136.0 on 124.8 -> -1.10%
08:56:49   K pair 9: off 123.5 first 134.8 on 128.3 -> +3.89%
08:56:53   K pair 10: off 122.2 first 134.7 on 125.6 -> +2.76%
08:56:57   K pair 11: off 127.3 first 137.5 on 126.5 -> -0.66%
08:57:01   K pair 12: off 126.5 first 135.4 on 120.9 -> -4.41%
08:57:05   K pair 13: off 151.4 first 129.5 on 124.4 -> -17.82%
08:57:10   K pair 14: off 129.5 first 139.5 on 124.0 -> -4.21%
08:57:14   K pair 15: off 127.2 first 133.4 on 139.4 -> +9.59%
08:57:18   K pair 16: off 126.7 first 135.0 on 127.5 -> +0.62%
08:57:22   K pair 17: off 123.3 first 132.0 on 120.4 -> -2.39%
08:57:27   K pair 18: off 120.6 first 135.4 on 125.6 -> +4.16%
08:57:31   K pair 19: off 126.1 first 133.6 on 128.5 -> +1.94%
08:57:35   K pair 20: off 122.3 first 135.3 on 122.0 -> -0.23%
08:57:39   K pair 21: off 124.4 first 139.0 on 127.7 -> +2.67%
08:57:39   K median paired overhead 0.63% (CI90 -0.66..1.94); delta +0.79 ms
08:57:39 wrote /home/ftmon/whyfs-daemon-gap/20260926-gap-14f630b
