10:53:30   agent pid 56181 store worker 56182 src /home/ftmon/whyfs/src batched_handoff=True
10:53:30 rotated rounds A / B / E / N0 / N1
10:53:40   round 0: A=126.2 B=128.0 E=140.3 N0=128.1 N1=128.7
10:54:27   round 5: A=125.5 B=136.4 E=133.5 N0=131.1 N1=131.7
10:55:14   round 10: A=126.1 B=128.0 E=131.3 N0=129.1 N1=131.0
10:56:01   round 15: A=125.7 B=131.6 E=127.5 N0=129.7 N1=133.9
10:56:48   round 20: A=127.6 B=139.0 E=137.9 N0=129.7 N1=128.4
10:57:36   round 25: A=129.8 B=134.2 E=135.1 N0=131.8 N1=128.1
10:58:23   round 30: A=124.9 B=130.3 E=136.7 N0=130.8 N1=131.7
10:59:12   round 35: A=127.5 B=131.3 E=134.9 N0=129.4 N1=129.1
10:59:59   round 40: A=126.6 B=127.2 E=135.3 N0=131.3 N1=129.1
10:59:59   B-A: +5.41 ms (CI90 +4.06..+6.47)
10:59:59   E-A: +5.49 ms (CI90 +4.83..+6.69)
10:59:59   N0-A: +3.88 ms (CI90 +2.55..+4.87)
10:59:59   N1-A: +4.74 ms (CI90 +3.57..+5.81)
10:59:59   E-B: +0.04 ms (CI90 -0.95..+1.78)
10:59:59   N1-N0: +0.79 ms (CI90 -0.23..+1.65)
10:59:59   N0-B: -1.93 ms (CI90 -2.29..-0.61)
10:59:59   E-N1: +1.09 ms (CI90 +0.33..+1.58)
10:59:59   overhead B: +4.29% (CI90 +3.25..+5.13)
10:59:59   overhead E: +4.39% (CI90 +3.77..+5.37)
10:59:59   overhead N0: +3.11% (CI90 +1.99..+3.87)
10:59:59   overhead N1: +3.78% (CI90 +2.79..+4.61)
11:00:00 wrote /tmp/v02-native-spike
