16:00:11 cycle rate 4.839 GHz per processor, 2 processor(s)
16:00:26 normal off warmup: 1.362s busy 2111.45 ms collector None ms (+None after)
16:00:38 normal on warmup: 1.424s busy 2200.03 ms collector 7.53 ms (+43.36 after)
16:00:50 normal off: 1.367s busy 2118.57 ms collector None ms (+None after)
16:01:03 normal on: 1.387s busy 2141.04 ms collector 4.49 ms (+40.18 after)
16:01:14 normal on: 1.397s busy 2162.9 ms collector 10.01 ms (+37.43 after)
16:01:27 normal off: 1.365s busy 2113.02 ms collector None ms (+None after)
16:01:38 normal off: 1.395s busy 2147.46 ms collector None ms (+None after)
16:01:51 normal on: 1.432s busy 2214.77 ms collector 10.59 ms (+37.35 after)
16:02:02 normal on: 1.534s busy 2330.92 ms collector 7.05 ms (+40.91 after)
16:02:15 normal off: 1.356s busy 2076.92 ms collector None ms (+None after)
16:02:26 normal off: 1.380s busy 2111.65 ms collector None ms (+None after)
16:02:39 normal on: 1.397s busy 2156.67 ms collector 4.62 ms (+44.9 after)
16:02:50 normal on: 1.390s busy 2162.49 ms collector 10.6 ms (+39.94 after)
16:03:03 normal off: 1.336s busy 2062.41 ms collector None ms (+None after)
16:03:14 normal off: 1.336s busy 2064.36 ms collector None ms (+None after)
16:03:26 normal on: 1.422s busy 2188.97 ms collector 5.61 ms (+43.97 after)
16:03:38 normal on: 1.408s busy 2186.27 ms collector 6.49 ms (+43.3 after)
16:03:50 normal off: 1.368s busy 2093.46 ms collector None ms (+None after)
16:04:01 normal off: 1.371s busy 2093.55 ms collector None ms (+None after)
16:04:14 normal on: 1.400s busy 2157.75 ms collector 4.46 ms (+45.27 after)
16:04:25 normal on: 1.376s busy 2123.69 ms collector 5.55 ms (+42.32 after)
16:04:38 normal off: 1.495s busy 2231.83 ms collector None ms (+None after)
16:04:55 verify: {'checked': 300, 'labelled': 300, 'creator_ok': 300, 'complete': 300, 'identity_match': 300, 'failures': [], 'ok': True}
16:04:57 normal: median paired overhead 2.51%  {"collector": {"cpu_ms": 48.74, "ctx": 172.5, "write_ops": 2293.5, "write_bytes": 4723596.0, "read_ops": 298.0}, "serve": {"cpu_ms": 5.86, "ctx": 159.5, "write_ops": 564.0, "write_bytes": 2306072.0, "read_ops": 568.0}, "svc": {"cpu_ms": 0.0, "ctx": 0.0, "write_ops": 0.0, "write_bytes": 0.0, "read_ops": 0.0}, "system": {"cpu_ms": 49.59, "ctx": 5597.0, "write_ops": 4.0, "write_bytes": 16384.0, "read_ops": 0.0}}
