08:31:22 cycle rate 5.251 GHz per processor, 2 processor(s)
08:31:36 normal off warmup: 4.958s busy 9436.57 ms collector None ms (+None after)
08:31:47 normal on warmup: 3.857s busy 6289.69 ms collector 25.67 ms (+4.04 after)
08:31:59 normal off: 4.924s busy 9416.27 ms collector None ms (+None after)
08:32:11 normal on: 3.858s busy 6283.0 ms collector 22.64 ms (+2.39 after)
08:32:21 normal on: 3.884s busy 6309.58 ms collector 27.0 ms (+1.09 after)
08:32:34 normal off: 4.853s busy 9133.39 ms collector None ms (+None after)
08:32:44 normal off: 3.734s busy 6080.16 ms collector None ms (+None after)
08:32:55 normal on: 4.584s busy 8376.71 ms collector 32.24 ms (+0.68 after)
08:33:07 normal on: 4.959s busy 9215.89 ms collector 31.37 ms (+0.58 after)
08:33:18 normal off: 3.734s busy 6018.72 ms collector None ms (+None after)
08:33:28 normal off: 4.761s busy 8869.65 ms collector None ms (+None after)
08:33:42 normal on: 5.294s busy 10097.56 ms collector 30.99 ms (+0.29 after)
08:33:53 normal on: 4.064s busy 6936.2 ms collector 30.36 ms (+0.09 after)
08:34:07 normal off: 4.961s busy 9246.59 ms collector None ms (+None after)
08:34:16 normal off: 3.808s busy 6278.57 ms collector None ms (+None after)
08:34:30 normal on: 5.672s busy 10495.93 ms collector 52.93 ms (+0.9 after)
08:34:41 normal on: 3.865s busy 6231.2 ms collector 29.19 ms (+0.6 after)
08:34:52 normal off: 3.717s busy 6056.08 ms collector None ms (+None after)
08:35:02 normal off: 4.735s busy 8840.84 ms collector None ms (+None after)
08:35:15 normal on: 4.775s busy 8930.86 ms collector 33.15 ms (+0.84 after)
08:35:26 normal on: 3.909s busy 6440.68 ms collector 29.27 ms (+0.51 after)
08:35:37 normal off: 3.767s busy 6045.68 ms collector None ms (+None after)
08:35:48 normal off: 4.632s busy 8595.81 ms collector None ms (+None after)
08:35:58 normal on: 3.646s busy 5917.47 ms collector 25.54 ms (+1.14 after)
08:36:08 normal on: 3.673s busy 5938.65 ms collector 32.94 ms (+1.03 after)
08:36:20 normal off: 4.344s busy 8029.96 ms collector None ms (+None after)
08:36:29 normal off: 3.540s busy 5736.77 ms collector None ms (+None after)
08:36:40 normal on: 4.154s busy 7422.58 ms collector 34.12 ms (+5.94 after)
08:36:52 normal on: 4.636s busy 8739.36 ms collector 37.45 ms (+0.1 after)
08:37:03 normal off: 3.630s busy 5861.76 ms collector None ms (+None after)
08:37:13 normal off: 4.545s busy 8594.09 ms collector None ms (+None after)
08:37:24 normal on: 4.063s busy 7127.89 ms collector 29.97 ms (+2.0 after)
08:37:33 normal on: 3.620s busy 5876.47 ms collector 31.65 ms (+2.35 after)
08:37:47 normal off: 4.881s busy 9066.61 ms collector None ms (+None after)
08:37:57 normal off: 3.957s busy 6470.03 ms collector None ms (+None after)
08:38:09 normal on: 4.175s busy 6742.38 ms collector 41.26 ms (+0.06 after)
08:38:22 normal on: 5.309s busy 10026.56 ms collector 40.22 ms (+0.68 after)
08:38:33 normal off: 3.827s busy 6210.32 ms collector None ms (+None after)
08:38:43 normal off: 4.602s busy 8442.08 ms collector None ms (+None after)
08:38:56 normal on: 4.993s busy 9326.93 ms collector 39.88 ms (+0.5 after)
08:39:10 normal on: 7.141s busy 13463.61 ms collector 54.37 ms (+0.41 after)
08:39:22 normal off: 3.638s busy 5894.05 ms collector None ms (+None after)
08:39:41 verify: {'checked': 300, 'labelled': 300, 'creator_ok': 300, 'complete': 300, 'identity_match': 300, 'failures': [], 'ok': True}
08:39:43 normal: median paired overhead 4.75%  {"collector": {"cpu_ms": 33.45, "ctx": 201.5, "write_ops": 1497.0, "write_bytes": 3083820.0, "read_ops": 157.5}, "serve": {"cpu_ms": 1.52, "ctx": 8.5, "write_ops": 2.0, "write_bytes": 4120.0, "read_ops": 6.0}, "svc": {"cpu_ms": 0.0, "ctx": 0.0, "write_ops": 0.0, "write_bytes": 0.0, "read_ops": 0.0}, "system": {"cpu_ms": 114.44, "ctx": 8780.5, "write_ops": 11.5, "write_bytes": 356352.0, "read_ops": 0.0}}
08:39:55 discard off warmup: 4.635s busy 8568.2 ms collector None ms (+None after)
08:40:05 discard on warmup: 4.618s busy 8566.44 ms collector 1.42 ms (+0.15 after)
08:40:18 discard off: 4.702s busy 8705.44 ms collector None ms (+None after)
08:40:29 discard on: 3.777s busy 6390.22 ms collector 1.53 ms (+0.09 after)
08:40:39 discard on: 3.877s busy 6300.85 ms collector 1.43 ms (+0.02 after)
08:40:52 discard off: 4.731s busy 8837.79 ms collector None ms (+None after)
08:41:02 discard off: 3.924s busy 6272.69 ms collector None ms (+None after)
08:41:13 discard on: 4.820s busy 8946.89 ms collector 1.71 ms (+0.27 after)
08:41:25 discard on: 4.753s busy 8783.74 ms collector 1.65 ms (+0.02 after)
08:41:36 discard off: 4.193s busy 7366.43 ms collector None ms (+None after)
08:41:47 discard off: 4.879s busy 9073.29 ms collector None ms (+None after)
08:42:00 discard on: 4.978s busy 9350.29 ms collector 1.72 ms (+0.02 after)
08:42:10 discard on: 3.801s busy 6162.94 ms collector 1.24 ms (+0.02 after)
08:42:21 discard off: 3.853s busy 6272.76 ms collector None ms (+None after)
08:42:32 discard off: 4.652s busy 8545.15 ms collector None ms (+None after)
08:42:43 discard on: 3.769s busy 6123.19 ms collector 1.34 ms (+0.21 after)
08:42:52 discard on: 3.738s busy 6075.57 ms collector 1.44 ms (+0.02 after)
08:43:05 discard off: 4.788s busy 8765.14 ms collector None ms (+None after)
08:43:16 discard off: 4.661s busy 8523.66 ms collector None ms (+None after)
08:43:27 discard on: 3.873s busy 6294.33 ms collector 1.34 ms (+0.02 after)
08:43:37 discard on: 3.857s busy 6256.66 ms collector 1.14 ms (+0.14 after)
08:43:49 discard off: 4.598s busy 8409.41 ms collector None ms (+None after)
08:44:00 discard off: 4.649s busy 8526.32 ms collector None ms (+None after)
08:44:11 discard on: 4.712s busy 8713.14 ms collector 1.68 ms (+0.12 after)
08:44:22 discard on: 4.656s busy 8506.66 ms collector 1.78 ms (+0.02 after)
08:44:34 discard off: 4.514s busy 8252.86 ms collector None ms (+None after)
08:44:43 discard off: 3.642s busy 5910.29 ms collector None ms (+None after)
08:44:54 discard on: 4.278s busy 7621.73 ms collector 1.57 ms (+0.02 after)
08:45:05 discard on: 4.570s busy 8413.46 ms collector 1.6 ms (+0.02 after)
08:45:18 discard off: 4.648s busy 8547.14 ms collector None ms (+None after)
08:45:27 discard off: 3.620s busy 5877.84 ms collector None ms (+None after)
08:45:37 discard on: 3.607s busy 5846.07 ms collector 1.25 ms (+0.02 after)
08:45:48 discard on: 4.551s busy 8286.43 ms collector 1.95 ms (+0.02 after)
08:45:59 discard off: 3.626s busy 5874.88 ms collector None ms (+None after)
08:46:09 discard off: 4.633s busy 8505.47 ms collector None ms (+None after)
08:46:21 discard on: 4.877s busy 8932.84 ms collector 1.73 ms (+0.01 after)
08:46:33 discard on: 4.924s busy 8997.4 ms collector 1.67 ms (+0.02 after)
08:46:44 discard off: 3.948s busy 6430.71 ms collector None ms (+None after)
08:46:54 discard off: 4.910s busy 9065.17 ms collector None ms (+None after)
08:47:07 discard on: 4.962s busy 9109.91 ms collector 1.79 ms (+0.02 after)
08:47:19 discard on: 4.895s busy 9009.42 ms collector 1.63 ms (+0.02 after)
08:47:29 discard off: 3.838s busy 6243.4 ms collector None ms (+None after)
08:47:30 discard: median paired overhead 1.21%  {"collector": {"cpu_ms": 1.64, "ctx": 74.5, "write_ops": 0.0, "write_bytes": 0.0, "read_ops": 0.0}, "serve": {"cpu_ms": 0.2, "ctx": 6.0, "write_ops": 0.0, "write_bytes": 0.0, "read_ops": 0.0}, "svc": {"cpu_ms": 0.0, "ctx": 0.0, "write_ops": 0.0, "write_bytes": 0.0, "read_ops": 0.0}, "system": {"cpu_ms": 113.3, "ctx": 8982.0, "write_ops": 6.0, "write_bytes": 24576.0, "read_ops": 0.0}}
08:47:41 no_write off warmup: 4.841s busy 8939.18 ms collector None ms (+None after)
08:47:53 no_write on warmup: 4.629s busy 8030.04 ms collector 23.95 ms (+0.12 after)
08:48:05 no_write off: 4.446s busy 7653.27 ms collector None ms (+None after)
08:48:18 no_write on: 5.272s busy 9767.67 ms collector 26.04 ms (+0.75 after)
08:48:31 no_write on: 5.133s busy 9421.87 ms collector 25.56 ms (+0.61 after)
08:48:43 no_write off: 4.228s busy 6954.79 ms collector None ms (+None after)
08:48:54 no_write off: 4.817s busy 8795.47 ms collector None ms (+None after)
08:49:06 no_write on: 4.902s busy 8989.44 ms collector 25.25 ms (+0.06 after)
08:49:18 no_write on: 5.282s busy 9743.0 ms collector 26.92 ms (+0.65 after)
08:49:31 no_write off: 4.074s busy 6628.35 ms collector None ms (+None after)
08:49:41 no_write off: 4.476s busy 7721.39 ms collector None ms (+None after)
08:49:54 no_write on: 4.908s busy 8977.51 ms collector 24.27 ms (+0.24 after)
08:50:05 no_write on: 4.729s busy 8577.89 ms collector 24.88 ms (+0.04 after)
08:50:17 no_write off: 4.912s busy 9062.19 ms collector None ms (+None after)
08:50:28 no_write off: 4.694s busy 8591.0 ms collector None ms (+None after)
08:50:40 no_write on: 4.788s busy 8787.56 ms collector 24.96 ms (+0.02 after)
08:50:50 no_write on: 3.986s busy 6559.66 ms collector 22.11 ms (+0.17 after)
08:51:02 no_write off: 4.647s busy 8553.89 ms collector None ms (+None after)
08:51:12 no_write off: 4.563s busy 8361.22 ms collector None ms (+None after)
08:51:22 no_write on: 3.816s busy 6192.8 ms collector 18.61 ms (+0.94 after)
08:51:33 no_write on: 4.892s busy 8855.45 ms collector 25.47 ms (+0.04 after)
08:51:46 no_write off: 4.686s busy 8628.29 ms collector None ms (+None after)
08:51:57 no_write off: 4.748s busy 8720.8 ms collector None ms (+None after)
08:52:08 no_write on: 3.963s busy 6454.4 ms collector 21.52 ms (+0.83 after)
08:52:18 no_write on: 4.039s busy 6584.19 ms collector 22.41 ms (+0.14 after)
08:52:31 no_write off: 5.011s busy 9256.96 ms collector None ms (+None after)
08:52:41 no_write off: 3.987s busy 6488.97 ms collector None ms (+None after)
08:52:52 no_write on: 4.557s busy 8145.37 ms collector 22.63 ms (+0.04 after)
08:53:04 no_write on: 4.728s busy 8656.77 ms collector 24.78 ms (+1.55 after)
08:53:17 no_write off: 4.744s busy 8723.59 ms collector None ms (+None after)
08:53:26 no_write off: 3.697s busy 5994.94 ms collector None ms (+None after)
08:53:36 no_write on: 3.800s busy 6315.31 ms collector 18.83 ms (+0.88 after)
08:53:48 no_write on: 4.665s busy 8604.95 ms collector 25.44 ms (+0.02 after)
08:54:00 no_write off: 4.714s busy 8662.7 ms collector None ms (+None after)
08:54:10 no_write off: 3.905s busy 6389.09 ms collector None ms (+None after)
08:54:22 no_write on: 4.712s busy 8678.24 ms collector 25.14 ms (+0.04 after)
08:54:33 no_write on: 4.671s busy 8496.24 ms collector 26.06 ms (+0.1 after)
08:54:46 no_write off: 4.662s busy 8495.53 ms collector None ms (+None after)
08:54:56 no_write off: 3.795s busy 6645.02 ms collector None ms (+None after)
08:55:07 no_write on: 4.598s busy 8339.65 ms collector 24.88 ms (+0.09 after)
08:55:19 no_write on: 4.887s busy 8978.04 ms collector 25.45 ms (+2.44 after)
08:55:32 no_write off: 4.971s busy 9441.76 ms collector None ms (+None after)
08:55:32 no_write: median paired overhead 1.88%  {"collector": {"cpu_ms": 25.08, "ctx": 169.0, "write_ops": 0.0, "write_bytes": 0.0, "read_ops": 0.0}, "serve": {"cpu_ms": 1.45, "ctx": 7.5, "write_ops": 2.0, "write_bytes": 4120.0, "read_ops": 6.0}, "svc": {"cpu_ms": 0.0, "ctx": 0.0, "write_ops": 0.0, "write_bytes": 0.0, "read_ops": 0.0}, "system": {"cpu_ms": 112.74, "ctx": 9128.5, "write_ops": 6.0, "write_bytes": 24576.0, "read_ops": 0.0}}
