09:27:16 after tree 96b9b9f (dirty 0); before tree 816b6c5
09:27:20   agent pid 80535 store worker 80536 src /home/ftmon/whyfs-before/src batched_handoff=False
09:27:23   agent pid 80546 store worker 80547 src /home/ftmon/whyfs/src batched_handoff=True
09:27:23 rotated rounds A / B / Eb / Ea
09:27:30   round 0: A=124.7 B=130.4 Eb=129.0 Ea=131.4
09:28:06   round 5: A=119.6 B=126.1 Eb=130.1 Ea=133.3
09:28:42   round 10: A=127.1 B=129.4 Eb=137.4 Ea=128.9
09:29:18   round 15: A=124.9 B=128.6 Eb=128.7 Ea=127.9
09:29:54   round 20: A=122.1 B=127.5 Eb=134.1 Ea=132.5
09:30:30   round 25: A=121.4 B=136.9 Eb=132.5 Ea=134.7
09:31:07   round 30: A=125.5 B=129.2 Eb=127.3 Ea=128.5
09:31:42   round 35: A=124.2 B=128.0 Eb=131.4 Ea=133.9
09:32:18   round 40: A=124.4 B=131.8 Eb=133.2 Ea=129.5
09:32:18   B_minus_A: +3.83 ms (CI90 +3.64..+4.68)
09:32:18   Eb_minus_A: +6.97 ms (CI90 +6.15..+7.49)
09:32:18   Ea_minus_A: +6.51 ms (CI90 +5.47..+8.65)
09:32:18   Eb_minus_B: +1.94 ms (CI90 +0.96..+3.05)
09:32:18   Ea_minus_B: +1.87 ms (CI90 +0.34..+3.01)
09:32:18   Eb_minus_Ea: -0.50 ms (CI90 -1.27..+0.81)
09:32:18 visibility latency
09:35:03   latency before: idle median 257.3 ms p95 325.2 max 326.9; under load median 217.1 p95 242.6 max 257.2; missing 0/0
09:35:03   latency after: idle median 253.0 ms p95 307.4 max 312.0; under load median 215.3 p95 241.8 max 252.2; missing 0/0
09:35:03 wrote /home/ftmon/whyfs-handoff/20260926-handoff-96b9b9f
