2026-09-28 02:02:11 whyfs service listening on \\.\pipe\whyfs-service
2026-09-28 02:02:11 machine labels: service process 7144 started
2026-09-28 02:02:26 start C:\Users\runneradmin\AppData\Local\Temp\whyfs-msi-user-ws pid 2360 session whyfs-201334dc62424c6d user S-1-5-21-1535354919-3125631827-3241930664-500
2026-09-28 02:02:28 stop C:\Users\runneradmin\AppData\Local\Temp\whyfs-msi-user-ws exit 0
2026-09-28 02:02:30 machine labels: service process exited 0
2026-09-28 02:02:34 whyfs service listening on \\.\pipe\whyfs-service
2026-09-28 02:02:34 machine labels: service process 5916 started
2026-09-28 02:02:34 start C:\Users\runneradmin\AppData\Local\Temp\whyfs-upgrade-ws pid 2828 session whyfs-abe1fad5a47b91d8 user S-1-5-21-1535354919-3125631827-3241930664-500
2026-09-28 02:02:36 stop C:\Users\runneradmin\AppData\Local\Temp\whyfs-upgrade-ws exit 0
2026-09-28 02:02:37 machine labels: service process exited 0
2026-09-28 02:02:39 whyfs service listening on \\.\pipe\whyfs-service
2026-09-28 02:02:39 machine labels: service process 6012 started
2026-09-28 02:02:40 start C:\Users\runneradmin\AppData\Local\Temp\whyfs-upgrade-ws pid 2956 session whyfs-abe1fad5a47b91d8 user S-1-5-21-1535354919-3125631827-3241930664-500
2026-09-28 02:02:41 stop C:\Users\runneradmin\AppData\Local\Temp\whyfs-upgrade-ws exit 0
2026-09-28 02:02:44 machine labels: service process exited 0
2026-09-28 02:03:00 whyfs service listening on \\.\pipe\whyfs-service
2026-09-28 02:03:00 machine labels: service process 5272 started
2026-09-28 02:03:32 machine labels: service process exited 1
2026-09-28 02:03:37 stopped orphaned ETW session whyfs-machine (rc 0)
2026-09-28 02:03:37 stopped orphaned ETW session whyfs-machine-sys (rc 0)
2026-09-28 02:03:37 whyfs service listening on \\.\pipe\whyfs-service
2026-09-28 02:03:37 machine labels: service process 4448 started
2026-09-28 02:03:53 start C:\Users\runneradmin\whyfs-outage-6774788c\workspace-capture pid 5396 session whyfs-951c80763286f255 user S-1-5-21-1535354919-3125631827-3241930664-500
2026-09-28 02:03:54 stop C:\Users\runneradmin\whyfs-outage-6774788c\workspace-capture exit 0
2026-09-28 02:04:39 start C:\Users\runneradmin\AppData\Local\Temp\whyfs-corpus-3i9rk413 pid 820 session whyfs-491824b48a5816e8 user S-1-5-21-1535354919-3125631827-3241930664-500
2026-09-28 02:04:41 stop C:\Users\runneradmin\AppData\Local\Temp\whyfs-corpus-3i9rk413 exit 0
2026-09-28 02:04:42 start C:\Users\runneradmin\AppData\Local\Temp\whyfs-secret-x1bi_kyz pid 2176 session whyfs-5443499457d2fc7f user S-1-5-21-1535354919-3125631827-3241930664-500
2026-09-28 02:04:45 stop C:\Users\runneradmin\AppData\Local\Temp\whyfs-secret-x1bi_kyz exit 0
2026-09-28 02:04:51 start C:\Users\runneradmin\AppData\Local\Temp\whyfs-wingate\func pid 5720 session whyfs-a8996beb1407ddb0 user S-1-5-21-1535354919-3125631827-3241930664-500
2026-09-28 02:04:56 stop C:\Users\runneradmin\AppData\Local\Temp\whyfs-wingate\func exit 0
2026-09-28 02:15:01 machine labels: service process exited 0
2026-09-28 02:15:18 whyfs service listening on \\.\pipe\whyfs-service
2026-09-28 02:15:18 machine labels: service process 5872 started
2026-09-28 02:15:36 machine labels: service process exited 0
2026-09-28 02:15:53 whyfs service listening on \\.\pipe\whyfs-service
2026-09-28 02:15:53 machine labels: service process 5552 started
2026-09-28 02:16:12 machine labels: service process exited 0
2026-09-28 02:16:28 whyfs service listening on \\.\pipe\whyfs-service
2026-09-28 02:16:28 machine labels: service process 3280 started
2026-09-28 02:17:03 machine labels: service process exited 0
2026-09-28 02:17:35 whyfs service listening on \\.\pipe\whyfs-service
2026-09-28 02:17:35 machine labels: service process 2068 started
2026-09-28 02:18:12 machine labels: service process exited 0
2026-09-28 02:18:44 whyfs service listening on \\.\pipe\whyfs-service
2026-09-28 02:18:44 machine labels: service process 2972 started
2026-09-28 02:19:19 machine labels: service process exited 0
2026-09-28 02:19:51 whyfs service listening on \\.\pipe\whyfs-service
2026-09-28 02:19:51 machine labels: service process 6752 started
2026-09-28 02:20:27 machine labels: service process exited 0
2026-09-28 02:20:59 whyfs service listening on \\.\pipe\whyfs-service
2026-09-28 02:20:59 machine labels: service process 1396 started
2026-09-28 02:21:35 machine labels: service process exited 0
2026-09-28 02:22:08 whyfs service listening on \\.\pipe\whyfs-service
2026-09-28 02:22:08 machine labels: service process 1744 started
2026-09-28 02:22:44 machine labels: service process exited 0
2026-09-28 02:23:17 whyfs service listening on \\.\pipe\whyfs-service
2026-09-28 02:23:17 machine labels: service process 3480 started
2026-09-28 02:23:54 machine labels: service process exited 0
2026-09-28 02:24:27 whyfs service listening on \\.\pipe\whyfs-service
2026-09-28 02:24:27 machine labels: service process 932 started
2026-09-28 02:25:03 machine labels: service process exited 0
2026-09-28 02:25:35 whyfs service listening on \\.\pipe\whyfs-service
2026-09-28 02:25:35 machine labels: service process 4020 started
2026-09-28 02:26:12 machine labels: service process exited 0
2026-09-28 02:26:44 whyfs service listening on \\.\pipe\whyfs-service
2026-09-28 02:26:44 machine labels: service process 2404 started
2026-09-28 02:27:21 machine labels: service process exited 0
2026-09-28 02:27:39 whyfs service listening on \\.\pipe\whyfs-service
2026-09-28 02:27:39 machine labels: service process 3964 started
2026-09-28 02:27:44 machine labels: service process exited 0
2026-09-28 02:27:46 whyfs service listening on \\.\pipe\whyfs-service
2026-09-28 02:27:46 machine labels: service process 1256 started
2026-09-28 02:27:51 machine labels: service process exited 0
2026-09-28 02:27:54 whyfs service listening on \\.\pipe\whyfs-service
2026-09-28 02:27:54 machine labels: service process 6924 started
2026-09-28 02:28:02 machine labels: service process exited 0
2026-09-28 02:28:07 whyfs service listening on \\.\pipe\whyfs-service
2026-09-28 02:28:07 machine labels: service process 2216 started
2026-09-28 02:28:14 machine labels: service process exited 0
2026-09-28 02:28:20 whyfs service listening on \\.\pipe\whyfs-service
2026-09-28 02:28:20 machine labels: service process 5428 started
2026-09-28 02:28:28 machine labels: service process exited 0
2026-09-28 02:28:33 whyfs service listening on \\.\pipe\whyfs-service
2026-09-28 02:28:33 machine labels: service process 5652 started
2026-09-28 02:28:40 machine labels: service process exited 0
2026-09-28 02:28:46 whyfs service listening on \\.\pipe\whyfs-service
2026-09-28 02:28:46 machine labels: service process 5368 started
2026-09-28 02:28:53 machine labels: service process exited 0
2026-09-28 02:28:58 whyfs service listening on \\.\pipe\whyfs-service
2026-09-28 02:28:58 machine labels: service process 4684 started
2026-09-28 02:29:06 machine labels: service process exited 0
2026-09-28 02:29:11 whyfs service listening on \\.\pipe\whyfs-service
2026-09-28 02:29:11 machine labels: service process 5188 started
2026-09-28 02:29:18 machine labels: service process exited 0
2026-09-28 02:29:24 whyfs service listening on \\.\pipe\whyfs-service
2026-09-28 02:29:24 machine labels: service process 6152 started
2026-09-28 02:29:31 machine labels: service process exited 0
2026-09-28 02:29:36 whyfs service listening on \\.\pipe\whyfs-service
2026-09-28 02:29:36 machine labels: service process 3780 started
2026-09-28 02:29:44 machine labels: service process exited 0
2026-09-28 02:29:49 whyfs service listening on \\.\pipe\whyfs-service
2026-09-28 02:29:49 machine labels: service process 4616 started
2026-09-28 02:29:56 machine labels: service process exited 0
2026-09-28 02:30:03 whyfs service listening on \\.\pipe\whyfs-service
2026-09-28 02:30:03 machine labels: service process 5384 started
2026-09-28 02:30:10 machine labels: service process exited 0
2026-09-28 02:30:15 whyfs service listening on \\.\pipe\whyfs-service
2026-09-28 02:30:15 machine labels: service process 2420 started
2026-09-28 02:30:22 machine labels: service process exited 0
2026-09-28 02:30:26 whyfs service listening on \\.\pipe\whyfs-service
2026-09-28 02:30:26 machine labels: service process 2496 started
2026-09-28 02:30:38 machine labels: service process exited 0
2026-09-28 02:30:46 whyfs service listening on \\.\pipe\whyfs-service
2026-09-28 02:30:46 machine labels: service process 7044 started
2026-09-28 02:30:58 machine labels: service process exited 0
2026-09-28 02:31:07 whyfs service listening on \\.\pipe\whyfs-service
2026-09-28 02:31:07 machine labels: service process 6012 started
2026-09-28 02:31:20 machine labels: service process exited 0
2026-09-28 02:31:28 whyfs service listening on \\.\pipe\whyfs-service
2026-09-28 02:31:28 machine labels: service process 2640 started
2026-09-28 02:31:41 machine labels: service process exited 0
2026-09-28 02:31:49 whyfs service listening on \\.\pipe\whyfs-service
2026-09-28 02:31:49 machine labels: service process 2404 started
2026-09-28 02:32:02 machine labels: service process exited 0
2026-09-28 02:32:11 whyfs service listening on \\.\pipe\whyfs-service
2026-09-28 02:32:11 machine labels: service process 2412 started
2026-09-28 02:32:24 machine labels: service process exited 0
2026-09-28 02:32:32 whyfs service listening on \\.\pipe\whyfs-service
2026-09-28 02:32:32 machine labels: service process 6460 started
2026-09-28 02:32:46 machine labels: service process exited 0
2026-09-28 02:32:54 whyfs service listening on \\.\pipe\whyfs-service
2026-09-28 02:32:54 machine labels: service process 5780 started
2026-09-28 02:33:07 machine labels: service process exited 0
2026-09-28 02:33:16 whyfs service listening on \\.\pipe\whyfs-service
2026-09-28 02:33:16 machine labels: service process 5712 started
2026-09-28 02:33:29 machine labels: service process exited 0
2026-09-28 02:33:37 whyfs service listening on \\.\pipe\whyfs-service
2026-09-28 02:33:37 machine labels: service process 4152 started
2026-09-28 02:33:51 machine labels: service process exited 0
2026-09-28 02:33:55 whyfs service listening on \\.\pipe\whyfs-service
2026-09-28 02:33:55 machine labels: service process 896 started
