07:45:07 graduation: user=runner base=/home/runner/whyfs-graduation-ws
07:45:11 functional: static binary
07:45:11 functional: parallel build #1 (clean)
07:45:11 functional: header change -> build #2
07:45:12 functional: source change -> build #3
07:45:12 functional: vite build + postbuild
07:45:12 functional: copy / rename / move chain
07:45:18 perf make_j8_36_units warmup off: 0.272s
07:45:22 perf make_j8_36_units warmup on: 0.281s
07:45:23 perf make_j8_36_units warmup off: 0.279s
07:45:27 perf make_j8_36_units warmup on: 0.280s
07:45:27 perf make_j8_36_units off: 0.272s
07:45:31 perf make_j8_36_units on: 0.282s
07:45:36 perf make_j8_36_units on: 0.277s
07:45:36 perf make_j8_36_units off: 0.276s
07:45:36 perf make_j8_36_units off: 0.274s
07:45:40 perf make_j8_36_units on: 0.280s
07:45:45 perf make_j8_36_units on: 0.276s
07:45:45 perf make_j8_36_units off: 0.284s
07:45:45 perf make_j8_36_units off: 0.276s
07:45:49 perf make_j8_36_units on: 0.268s
07:45:53 perf make_j8_36_units on: 0.268s
07:45:54 perf make_j8_36_units off: 0.266s
07:45:54 perf make_j8_36_units off: 0.262s
07:45:58 perf make_j8_36_units on: 0.275s
07:46:02 perf make_j8_36_units on: 0.281s
07:46:03 perf make_j8_36_units off: 0.274s
07:46:03 perf make_j8_36_units off: 0.274s
07:46:07 perf make_j8_36_units on: 0.272s
07:46:11 perf make_j8_36_units on: 0.273s
07:46:12 perf make_j8_36_units off: 0.276s
07:46:12 perf make_j8_36_units off: 0.275s
07:46:16 perf make_j8_36_units on: 0.278s
07:46:20 perf make_j8_36_units on: 0.274s
07:46:21 perf make_j8_36_units off: 0.270s
07:46:21 perf make_j8_36_units off: 0.272s
07:46:25 perf make_j8_36_units on: 0.269s
07:46:29 perf make_j8_36_units on: 0.264s
07:46:30 perf make_j8_36_units off: 0.271s
07:46:30 perf make_j8_36_units off: 0.267s
07:46:34 perf make_j8_36_units on: 0.273s
07:46:39 perf make_j8_36_units on: 0.265s
07:46:39 perf make_j8_36_units off: 0.260s
07:46:39 perf make_j8_36_units off: 0.265s
07:46:43 perf make_j8_36_units on: 0.272s
07:46:47 perf make_j8_36_units on: 0.278s
07:46:48 perf make_j8_36_units off: 0.272s
07:46:48 perf make_j8_36_units off: 0.268s
07:46:52 perf make_j8_36_units on: 0.274s
07:46:56 perf make_j8_36_units on: 0.269s
07:46:57 perf make_j8_36_units off: 0.269s
07:46:57 perf vite_build warmup off: 0.269s
07:47:01 perf vite_build warmup on: 0.261s
07:47:01 perf vite_build warmup off: 0.269s
07:47:06 perf vite_build warmup on: 0.255s
07:47:06 perf vite_build off: 0.264s
07:47:10 perf vite_build on: 0.256s
07:47:14 perf vite_build on: 0.258s
07:47:14 perf vite_build off: 0.258s
07:47:15 perf vite_build off: 0.269s
07:47:19 perf vite_build on: 0.267s
07:47:23 perf vite_build on: 0.269s
07:47:23 perf vite_build off: 0.269s
07:47:23 perf vite_build off: 0.260s
07:47:28 perf vite_build on: 0.259s
07:47:32 perf vite_build on: 0.260s
07:47:32 perf vite_build off: 0.262s
07:47:32 perf vite_build off: 0.260s
07:47:36 perf vite_build on: 0.270s
07:47:41 perf vite_build on: 0.262s
07:47:41 perf vite_build off: 0.255s
07:47:41 perf vite_build off: 0.261s
07:47:45 perf vite_build on: 0.273s
07:47:50 perf vite_build on: 0.267s
07:47:50 perf vite_build off: 0.261s
07:47:50 perf vite_build off: 0.262s
07:47:54 perf vite_build on: 0.266s
07:47:58 perf vite_build on: 0.257s
07:47:59 perf vite_build off: 0.254s
07:47:59 perf vite_build off: 0.266s
07:48:03 perf vite_build on: 0.271s
07:48:07 perf vite_build on: 0.265s
07:48:07 perf vite_build off: 0.257s
07:48:08 perf vite_build off: 0.257s
07:48:12 perf vite_build on: 0.262s
07:48:16 perf vite_build on: 0.263s
07:48:16 perf vite_build off: 0.267s
07:48:17 perf vite_build off: 0.269s
07:48:21 perf vite_build on: 0.258s
07:48:25 perf vite_build on: 0.256s
07:48:25 perf vite_build off: 0.270s
07:48:26 perf vite_build off: 0.268s
07:48:30 perf vite_build on: 0.264s
07:48:34 perf vite_build on: 0.269s
07:48:34 perf vite_build off: 0.254s
07:48:34 perf static_binary_x300 warmup off: 0.157s
07:48:38 perf static_binary_x300 warmup on: 0.158s
07:48:39 perf static_binary_x300 warmup off: 0.154s
07:48:42 perf static_binary_x300 warmup on: 0.158s
07:48:43 perf static_binary_x300 off: 0.155s
07:48:47 perf static_binary_x300 on: 0.154s
07:48:51 perf static_binary_x300 on: 0.164s
07:48:51 perf static_binary_x300 off: 0.154s
07:48:51 perf static_binary_x300 off: 0.155s
07:48:55 perf static_binary_x300 on: 0.157s
07:48:59 perf static_binary_x300 on: 0.158s
07:48:59 perf static_binary_x300 off: 0.154s
07:48:59 perf static_binary_x300 off: 0.154s
07:49:03 perf static_binary_x300 on: 0.154s
07:49:07 perf static_binary_x300 on: 0.158s
07:49:08 perf static_binary_x300 off: 0.153s
07:49:08 perf static_binary_x300 off: 0.153s
07:49:12 perf static_binary_x300 on: 0.156s
07:49:16 perf static_binary_x300 on: 0.160s
07:49:16 perf static_binary_x300 off: 0.154s
07:49:16 perf static_binary_x300 off: 0.156s
07:49:20 perf static_binary_x300 on: 0.156s
07:49:24 perf static_binary_x300 on: 0.157s
07:49:24 perf static_binary_x300 off: 0.153s
07:49:24 perf static_binary_x300 off: 0.152s
07:49:28 perf static_binary_x300 on: 0.159s
07:49:32 perf static_binary_x300 on: 0.157s
07:49:32 perf static_binary_x300 off: 0.156s
07:49:33 perf static_binary_x300 off: 0.157s
07:49:37 perf static_binary_x300 on: 0.161s
07:49:41 perf static_binary_x300 on: 0.160s
07:49:41 perf static_binary_x300 off: 0.155s
07:49:41 perf static_binary_x300 off: 0.156s
07:49:45 perf static_binary_x300 on: 0.158s
07:49:49 perf static_binary_x300 on: 0.159s
07:49:49 perf static_binary_x300 off: 0.158s
07:49:49 perf static_binary_x300 off: 0.156s
07:49:54 perf static_binary_x300 on: 0.161s
07:49:58 perf static_binary_x300 on: 0.165s
07:49:58 perf static_binary_x300 off: 0.157s
07:49:58 perf static_binary_x300 off: 0.161s
07:50:02 perf static_binary_x300 on: 0.166s
07:50:06 perf static_binary_x300 on: 0.162s
07:50:06 perf static_binary_x300 off: 0.156s
07:50:10 verdict PASS; failed: []
