03:01:48 graduation: user=runner base=/home/runner/whyfs-graduation-ws
03:01:51 functional: static binary
03:01:51 functional: parallel build #1 (clean)
03:01:51 functional: header change -> build #2
03:01:52 functional: source change -> build #3
03:01:52 functional: vite build + postbuild
03:01:53 functional: copy / rename / move chain
03:01:58 perf make_j8_36_units warmup off: 0.315s
03:02:02 perf make_j8_36_units warmup on: 0.314s
03:02:02 perf make_j8_36_units warmup off: 0.311s
03:02:06 perf make_j8_36_units warmup on: 0.322s
03:02:06 perf make_j8_36_units off: 0.312s
03:02:10 perf make_j8_36_units on: 0.440s
03:02:14 perf make_j8_36_units on: 0.312s
03:02:14 perf make_j8_36_units off: 0.307s
03:02:15 perf make_j8_36_units off: 0.308s
03:02:18 perf make_j8_36_units on: 0.328s
03:02:22 perf make_j8_36_units on: 0.321s
03:02:23 perf make_j8_36_units off: 0.309s
03:02:23 perf make_j8_36_units off: 0.316s
03:02:27 perf make_j8_36_units on: 0.318s
03:02:31 perf make_j8_36_units on: 0.312s
03:02:31 perf make_j8_36_units off: 0.314s
03:02:31 perf make_j8_36_units off: 0.362s
03:02:35 perf make_j8_36_units on: 0.314s
03:02:39 perf make_j8_36_units on: 0.334s
03:02:39 perf make_j8_36_units off: 0.303s
03:02:40 perf make_j8_36_units off: 0.308s
03:02:44 perf make_j8_36_units on: 0.469s
03:02:47 perf make_j8_36_units on: 0.317s
03:02:48 perf make_j8_36_units off: 0.309s
03:02:48 perf make_j8_36_units off: 0.312s
03:02:52 perf make_j8_36_units on: 0.385s
03:02:56 perf make_j8_36_units on: 0.316s
03:02:56 perf make_j8_36_units off: 0.309s
03:02:56 perf make_j8_36_units off: 0.310s
03:03:00 perf make_j8_36_units on: 0.318s
03:03:04 perf make_j8_36_units on: 0.318s
03:03:04 perf make_j8_36_units off: 0.311s
03:03:05 perf make_j8_36_units off: 0.310s
03:03:08 perf make_j8_36_units on: 0.314s
03:03:12 perf make_j8_36_units on: 0.316s
03:03:13 perf make_j8_36_units off: 0.307s
03:03:13 perf make_j8_36_units off: 0.312s
03:03:17 perf make_j8_36_units on: 0.314s
03:03:21 perf make_j8_36_units on: 0.318s
03:03:21 perf make_j8_36_units off: 0.308s
03:03:21 perf make_j8_36_units off: 0.398s
03:03:25 perf make_j8_36_units on: 0.346s
03:03:29 perf make_j8_36_units on: 0.326s
03:03:29 perf make_j8_36_units off: 0.308s
03:03:30 perf vite_build warmup off: 0.292s
03:03:33 perf vite_build warmup on: 0.288s
03:03:34 perf vite_build warmup off: 0.293s
03:03:37 perf vite_build warmup on: 0.292s
03:03:38 perf vite_build off: 0.304s
03:03:41 perf vite_build on: 0.290s
03:03:45 perf vite_build on: 0.295s
03:03:46 perf vite_build off: 0.296s
03:03:46 perf vite_build off: 0.291s
03:03:50 perf vite_build on: 0.298s
03:03:54 perf vite_build on: 0.294s
03:03:54 perf vite_build off: 0.292s
03:03:54 perf vite_build off: 0.295s
03:03:58 perf vite_build on: 0.294s
03:04:02 perf vite_build on: 0.295s
03:04:02 perf vite_build off: 0.293s
03:04:02 perf vite_build off: 0.294s
03:04:06 perf vite_build on: 0.289s
03:04:10 perf vite_build on: 0.297s
03:04:11 perf vite_build off: 0.305s
03:04:11 perf vite_build off: 0.309s
03:04:15 perf vite_build on: 0.292s
03:04:19 perf vite_build on: 0.303s
03:04:19 perf vite_build off: 0.300s
03:04:19 perf vite_build off: 0.302s
03:04:23 perf vite_build on: 0.304s
03:04:27 perf vite_build on: 0.303s
03:04:27 perf vite_build off: 0.297s
03:04:28 perf vite_build off: 0.303s
03:04:32 perf vite_build on: 0.304s
03:04:36 perf vite_build on: 0.295s
03:04:36 perf vite_build off: 0.306s
03:04:36 perf vite_build off: 0.300s
03:04:40 perf vite_build on: 0.297s
03:04:44 perf vite_build on: 0.301s
03:04:44 perf vite_build off: 0.290s
03:04:45 perf vite_build off: 0.293s
03:04:48 perf vite_build on: 0.300s
03:04:52 perf vite_build on: 0.291s
03:04:52 perf vite_build off: 0.288s
03:04:53 perf vite_build off: 0.290s
03:04:57 perf vite_build on: 0.288s
03:05:00 perf vite_build on: 0.297s
03:05:01 perf vite_build off: 0.297s
03:05:01 perf static_binary_x300 warmup off: 0.154s
03:05:04 perf static_binary_x300 warmup on: 0.155s
03:05:05 perf static_binary_x300 warmup off: 0.153s
03:05:08 perf static_binary_x300 warmup on: 0.157s
03:05:08 perf static_binary_x300 off: 0.152s
03:05:12 perf static_binary_x300 on: 0.157s
03:05:16 perf static_binary_x300 on: 0.156s
03:05:16 perf static_binary_x300 off: 0.153s
03:05:16 perf static_binary_x300 off: 0.153s
03:05:19 perf static_binary_x300 on: 0.158s
03:05:23 perf static_binary_x300 on: 0.158s
03:05:23 perf static_binary_x300 off: 0.155s
03:05:24 perf static_binary_x300 off: 0.151s
03:05:27 perf static_binary_x300 on: 0.159s
03:05:31 perf static_binary_x300 on: 0.157s
03:05:31 perf static_binary_x300 off: 0.151s
03:05:31 perf static_binary_x300 off: 0.154s
03:05:35 perf static_binary_x300 on: 0.156s
03:05:38 perf static_binary_x300 on: 0.156s
03:05:38 perf static_binary_x300 off: 0.152s
03:05:39 perf static_binary_x300 off: 0.153s
03:05:42 perf static_binary_x300 on: 0.159s
03:05:46 perf static_binary_x300 on: 0.159s
03:05:46 perf static_binary_x300 off: 0.157s
03:05:46 perf static_binary_x300 off: 0.165s
03:05:50 perf static_binary_x300 on: 0.159s
03:05:54 perf static_binary_x300 on: 0.161s
03:05:54 perf static_binary_x300 off: 0.154s
03:05:54 perf static_binary_x300 off: 0.154s
03:05:58 perf static_binary_x300 on: 0.160s
03:06:02 perf static_binary_x300 on: 0.159s
03:06:02 perf static_binary_x300 off: 0.152s
03:06:02 perf static_binary_x300 off: 0.152s
03:06:06 perf static_binary_x300 on: 0.158s
03:06:10 perf static_binary_x300 on: 0.157s
03:06:10 perf static_binary_x300 off: 0.154s
03:06:10 perf static_binary_x300 off: 0.151s
03:06:14 perf static_binary_x300 on: 0.156s
03:06:18 perf static_binary_x300 on: 0.158s
03:06:18 perf static_binary_x300 off: 0.154s
03:06:18 perf static_binary_x300 off: 0.153s
03:06:22 perf static_binary_x300 on: 0.158s
03:06:26 perf static_binary_x300 on: 0.157s
03:06:26 perf static_binary_x300 off: 0.153s
03:06:29 verdict PASS; failed: []
