2026-09-28 04:19:55 whyfs service listening on \\.\pipe\whyfs-service
2026-09-28 04:19:55 machine labels: service process 6092 started
2026-09-28 04:20:11 start C:\Users\runneradmin\AppData\Local\Temp\whyfs-msi-user-ws pid 3852 session whyfs-201334dc62424c6d user S-1-5-21-1535354919-3125631827-3241930664-500
2026-09-28 04:20:12 stop C:\Users\runneradmin\AppData\Local\Temp\whyfs-msi-user-ws exit 0
2026-09-28 04:20:14 machine labels: service process exited 0
2026-09-28 04:20:18 whyfs service listening on \\.\pipe\whyfs-service
2026-09-28 04:20:18 machine labels: service process 2432 started
2026-09-28 04:20:18 start C:\Users\runneradmin\AppData\Local\Temp\whyfs-upgrade-ws pid 5448 session whyfs-abe1fad5a47b91d8 user S-1-5-21-1535354919-3125631827-3241930664-500
2026-09-28 04:20:20 stop C:\Users\runneradmin\AppData\Local\Temp\whyfs-upgrade-ws exit 0
2026-09-28 04:20:21 machine labels: service process exited 0
2026-09-28 04:20:23 whyfs service listening on \\.\pipe\whyfs-service
2026-09-28 04:20:23 machine labels: service process 692 started
2026-09-28 04:20:24 start C:\Users\runneradmin\AppData\Local\Temp\whyfs-upgrade-ws pid 4840 session whyfs-abe1fad5a47b91d8 user S-1-5-21-1535354919-3125631827-3241930664-500
2026-09-28 04:20:25 stop C:\Users\runneradmin\AppData\Local\Temp\whyfs-upgrade-ws exit 0
2026-09-28 04:20:28 machine labels: service process exited 0
2026-09-28 04:20:43 whyfs service listening on \\.\pipe\whyfs-service
2026-09-28 04:20:43 machine labels: service process 2908 started
2026-09-28 04:21:21 stopped orphaned ETW session whyfs-machine (rc 0)
2026-09-28 04:21:21 stopped orphaned ETW session whyfs-machine-sys (rc 0)
2026-09-28 04:21:21 whyfs service listening on \\.\pipe\whyfs-service
2026-09-28 04:21:21 machine labels: service process 4892 started
2026-09-28 04:21:37 start C:\Users\runneradmin\whyfs-outage-fb3c1186\workspace-capture pid 3688 session whyfs-91612c84edfc83e1 user S-1-5-21-1535354919-3125631827-3241930664-500
2026-09-28 04:21:37 stop C:\Users\runneradmin\whyfs-outage-fb3c1186\workspace-capture exit 0
2026-09-28 04:22:23 start C:\Users\runneradmin\AppData\Local\Temp\whyfs-corpus-ga_n9dtb pid 1252 session whyfs-3fe0ee0f93e5dd76 user S-1-5-21-1535354919-3125631827-3241930664-500
2026-09-28 04:22:26 stop C:\Users\runneradmin\AppData\Local\Temp\whyfs-corpus-ga_n9dtb exit 0
2026-09-28 04:22:27 start C:\Users\runneradmin\AppData\Local\Temp\whyfs-secret-e7ap8he_ pid 6624 session whyfs-9cadafda88459085 user S-1-5-21-1535354919-3125631827-3241930664-500
2026-09-28 04:22:30 stop C:\Users\runneradmin\AppData\Local\Temp\whyfs-secret-e7ap8he_ exit 0
2026-09-28 04:22:36 start C:\Users\runneradmin\AppData\Local\Temp\whyfs-wingate\func pid 1204 session whyfs-a8996beb1407ddb0 user S-1-5-21-1535354919-3125631827-3241930664-500
2026-09-28 04:22:40 stop C:\Users\runneradmin\AppData\Local\Temp\whyfs-wingate\func exit 0
2026-09-28 04:32:45 machine labels: service process exited 0
2026-09-28 04:33:02 whyfs service listening on \\.\pipe\whyfs-service
2026-09-28 04:33:02 machine labels: service process 3688 started
2026-09-28 04:33:21 machine labels: service process exited 0
2026-09-28 04:33:37 whyfs service listening on \\.\pipe\whyfs-service
2026-09-28 04:33:37 machine labels: service process 1108 started
2026-09-28 04:33:56 machine labels: service process exited 0
2026-09-28 04:34:13 whyfs service listening on \\.\pipe\whyfs-service
2026-09-28 04:34:13 machine labels: service process 5744 started
2026-09-28 04:34:48 machine labels: service process exited 0
2026-09-28 04:35:20 whyfs service listening on \\.\pipe\whyfs-service
2026-09-28 04:35:20 machine labels: service process 5500 started
2026-09-28 04:35:56 machine labels: service process exited 0
2026-09-28 04:36:29 whyfs service listening on \\.\pipe\whyfs-service
2026-09-28 04:36:29 machine labels: service process 6604 started
2026-09-28 04:37:05 machine labels: service process exited 0
2026-09-28 04:37:37 whyfs service listening on \\.\pipe\whyfs-service
2026-09-28 04:37:37 machine labels: service process 5236 started
2026-09-28 04:38:13 machine labels: service process exited 0
2026-09-28 04:38:46 whyfs service listening on \\.\pipe\whyfs-service
2026-09-28 04:38:46 machine labels: service process 4280 started
2026-09-28 04:39:22 machine labels: service process exited 0
2026-09-28 04:39:54 whyfs service listening on \\.\pipe\whyfs-service
2026-09-28 04:39:54 machine labels: service process 3712 started
2026-09-28 04:40:30 machine labels: service process exited 0
2026-09-28 04:41:03 whyfs service listening on \\.\pipe\whyfs-service
2026-09-28 04:41:03 machine labels: service process 3604 started
2026-09-28 04:41:39 machine labels: service process exited 0
2026-09-28 04:42:12 whyfs service listening on \\.\pipe\whyfs-service
2026-09-28 04:42:12 machine labels: service process 1732 started
2026-09-28 04:42:47 machine labels: service process exited 0
2026-09-28 04:43:20 whyfs service listening on \\.\pipe\whyfs-service
2026-09-28 04:43:20 machine labels: service process 5740 started
2026-09-28 04:43:56 machine labels: service process exited 0
2026-09-28 04:44:28 whyfs service listening on \\.\pipe\whyfs-service
2026-09-28 04:44:28 machine labels: service process 6120 started
2026-09-28 04:45:04 machine labels: service process exited 0
2026-09-28 04:45:23 whyfs service listening on \\.\pipe\whyfs-service
2026-09-28 04:45:23 machine labels: service process 2540 started
2026-09-28 04:45:28 machine labels: service process exited 0
2026-09-28 04:45:31 whyfs service listening on \\.\pipe\whyfs-service
2026-09-28 04:45:31 machine labels: service process 5564 started
2026-09-28 04:45:36 machine labels: service process exited 0
2026-09-28 04:45:38 whyfs service listening on \\.\pipe\whyfs-service
2026-09-28 04:45:38 machine labels: service process 3688 started
2026-09-28 04:45:46 machine labels: service process exited 0
2026-09-28 04:45:51 whyfs service listening on \\.\pipe\whyfs-service
2026-09-28 04:45:51 machine labels: service process 1108 started
2026-09-28 04:45:58 machine labels: service process exited 0
2026-09-28 04:46:03 whyfs service listening on \\.\pipe\whyfs-service
2026-09-28 04:46:03 machine labels: service process 1892 started
2026-09-28 04:46:11 machine labels: service process exited 0
2026-09-28 04:46:16 whyfs service listening on \\.\pipe\whyfs-service
2026-09-28 04:46:16 machine labels: service process 4892 started
2026-09-28 04:46:23 machine labels: service process exited 0
2026-09-28 04:46:28 whyfs service listening on \\.\pipe\whyfs-service
2026-09-28 04:46:28 machine labels: service process 4816 started
2026-09-28 04:46:36 machine labels: service process exited 0
2026-09-28 04:46:41 whyfs service listening on \\.\pipe\whyfs-service
2026-09-28 04:46:41 machine labels: service process 1160 started
2026-09-28 04:46:49 machine labels: service process exited 0
2026-09-28 04:46:54 whyfs service listening on \\.\pipe\whyfs-service
2026-09-28 04:46:54 machine labels: service process 4656 started
2026-09-28 04:47:01 machine labels: service process exited 0
2026-09-28 04:47:06 whyfs service listening on \\.\pipe\whyfs-service
2026-09-28 04:47:06 machine labels: service process 5036 started
2026-09-28 04:47:14 machine labels: service process exited 0
2026-09-28 04:47:19 whyfs service listening on \\.\pipe\whyfs-service
2026-09-28 04:47:19 machine labels: service process 4120 started
2026-09-28 04:47:26 machine labels: service process exited 0
2026-09-28 04:47:31 whyfs service listening on \\.\pipe\whyfs-service
2026-09-28 04:47:31 machine labels: service process 1140 started
2026-09-28 04:47:39 machine labels: service process exited 0
2026-09-28 04:47:46 whyfs service listening on \\.\pipe\whyfs-service
2026-09-28 04:47:46 machine labels: service process 6476 started
2026-09-28 04:47:53 machine labels: service process exited 0
2026-09-28 04:47:57 whyfs service listening on \\.\pipe\whyfs-service
2026-09-28 04:47:57 machine labels: service process 4816 started
2026-09-28 04:48:04 machine labels: service process exited 0
2026-09-28 04:48:09 whyfs service listening on \\.\pipe\whyfs-service
2026-09-28 04:48:09 machine labels: service process 2540 started
2026-09-28 04:48:20 machine labels: service process exited 0
2026-09-28 04:48:29 whyfs service listening on \\.\pipe\whyfs-service
2026-09-28 04:48:29 machine labels: service process 5820 started
2026-09-28 04:48:40 machine labels: service process exited 0
2026-09-28 04:48:49 whyfs service listening on \\.\pipe\whyfs-service
2026-09-28 04:48:49 machine labels: service process 4664 started
2026-09-28 04:49:01 machine labels: service process exited 0
2026-09-28 04:49:09 whyfs service listening on \\.\pipe\whyfs-service
2026-09-28 04:49:09 machine labels: service process 6348 started
2026-09-28 04:49:21 machine labels: service process exited 0
2026-09-28 04:49:30 whyfs service listening on \\.\pipe\whyfs-service
2026-09-28 04:49:30 machine labels: service process 3640 started
2026-09-28 04:49:42 machine labels: service process exited 0
2026-09-28 04:49:50 whyfs service listening on \\.\pipe\whyfs-service
2026-09-28 04:49:50 machine labels: service process 2688 started
2026-09-28 04:50:02 machine labels: service process exited 0
2026-09-28 04:50:11 whyfs service listening on \\.\pipe\whyfs-service
2026-09-28 04:50:11 machine labels: service process 2868 started
2026-09-28 04:50:23 machine labels: service process exited 0
2026-09-28 04:50:32 whyfs service listening on \\.\pipe\whyfs-service
2026-09-28 04:50:32 machine labels: service process 1700 started
2026-09-28 04:50:44 machine labels: service process exited 0
2026-09-28 04:50:53 whyfs service listening on \\.\pipe\whyfs-service
2026-09-28 04:50:53 machine labels: service process 5496 started
2026-09-28 04:51:05 machine labels: service process exited 0
2026-09-28 04:51:14 whyfs service listening on \\.\pipe\whyfs-service
2026-09-28 04:51:14 machine labels: service process 3124 started
2026-09-28 04:51:27 machine labels: service process exited 0
2026-09-28 04:51:32 whyfs service listening on \\.\pipe\whyfs-service
2026-09-28 04:51:32 machine labels: service process 6968 started
