2026-09-27 19:02:48 whyfs service listening on \\.\pipe\whyfs-service
2026-09-27 19:02:48 machine labels: service process 10212 started
2026-09-27 19:03:07 start C:\Users\runneradmin\AppData\Local\Temp\whyfs-msi-user-ws pid 6276 session whyfs-201334dc62424c6d user S-1-5-21-2615846702-2260884330-149277722-500
2026-09-27 19:03:09 stop C:\Users\runneradmin\AppData\Local\Temp\whyfs-msi-user-ws exit 0
2026-09-27 19:03:11 machine labels: service process exited 0
2026-09-27 19:03:14 whyfs service listening on \\.\pipe\whyfs-service
2026-09-27 19:03:15 machine labels: service process 4196 started
2026-09-27 19:03:15 start C:\Users\runneradmin\AppData\Local\Temp\whyfs-upgrade-ws pid 5140 session whyfs-abe1fad5a47b91d8 user S-1-5-21-2615846702-2260884330-149277722-500
2026-09-27 19:03:17 stop C:\Users\runneradmin\AppData\Local\Temp\whyfs-upgrade-ws exit 0
2026-09-27 19:03:19 machine labels: service process exited 0
2026-09-27 19:03:20 whyfs service listening on \\.\pipe\whyfs-service
2026-09-27 19:03:20 machine labels: service process 2080 started
2026-09-27 19:03:21 start C:\Users\runneradmin\AppData\Local\Temp\whyfs-upgrade-ws pid 6308 session whyfs-abe1fad5a47b91d8 user S-1-5-21-2615846702-2260884330-149277722-500
2026-09-27 19:03:23 stop C:\Users\runneradmin\AppData\Local\Temp\whyfs-upgrade-ws exit 0
2026-09-27 19:03:25 machine labels: service process exited 0
2026-09-27 19:03:42 whyfs service listening on \\.\pipe\whyfs-service
2026-09-27 19:03:42 machine labels: service process 6988 started
2026-09-27 19:04:19 stopped orphaned ETW session whyfs-machine (rc 0)
2026-09-27 19:04:19 stopped orphaned ETW session whyfs-machine-sys (rc 0)
2026-09-27 19:04:19 whyfs service listening on \\.\pipe\whyfs-service
2026-09-27 19:04:19 machine labels: service process 2088 started
2026-09-27 19:04:35 start C:\Users\runneradmin\whyfs-outage-b6d5e76f\workspace-capture pid 10060 session whyfs-e7dbf82beaf6b37c user S-1-5-21-2615846702-2260884330-149277722-500
2026-09-27 19:04:35 stop C:\Users\runneradmin\whyfs-outage-b6d5e76f\workspace-capture exit 0
2026-09-27 19:05:21 start C:\Users\runneradmin\AppData\Local\Temp\whyfs-corpus-52prbirm pid 8508 session whyfs-941d24822c6823f1 user S-1-5-21-2615846702-2260884330-149277722-500
2026-09-27 19:05:23 stop C:\Users\runneradmin\AppData\Local\Temp\whyfs-corpus-52prbirm exit 0
2026-09-27 19:05:25 start C:\Users\runneradmin\AppData\Local\Temp\whyfs-secret-cxrmpw3u pid 3020 session whyfs-5d5f0a3f9eae0c83 user S-1-5-21-2615846702-2260884330-149277722-500
2026-09-27 19:05:27 stop C:\Users\runneradmin\AppData\Local\Temp\whyfs-secret-cxrmpw3u exit 0
2026-09-27 19:05:36 start C:\Users\runneradmin\AppData\Local\Temp\whyfs-wingate\func pid 8968 session whyfs-a8996beb1407ddb0 user S-1-5-21-2615846702-2260884330-149277722-500
2026-09-27 19:05:41 stop C:\Users\runneradmin\AppData\Local\Temp\whyfs-wingate\func exit 0
2026-09-27 19:15:47 machine labels: service process exited 0
2026-09-27 19:16:04 whyfs service listening on \\.\pipe\whyfs-service
2026-09-27 19:16:04 machine labels: service process 9920 started
2026-09-27 19:16:18 machine labels: service process exited 0
2026-09-27 19:16:32 whyfs service listening on \\.\pipe\whyfs-service
2026-09-27 19:16:32 machine labels: service process 7080 started
2026-09-27 19:16:47 machine labels: service process exited 0
2026-09-27 19:17:02 whyfs service listening on \\.\pipe\whyfs-service
2026-09-27 19:17:02 machine labels: service process 4688 started
2026-09-27 19:17:32 machine labels: service process exited 0
2026-09-27 19:18:00 whyfs service listening on \\.\pipe\whyfs-service
2026-09-27 19:18:00 machine labels: service process 1728 started
2026-09-27 19:18:29 machine labels: service process exited 0
2026-09-27 19:18:57 whyfs service listening on \\.\pipe\whyfs-service
2026-09-27 19:18:57 machine labels: service process 2616 started
2026-09-27 19:19:26 machine labels: service process exited 0
2026-09-27 19:19:53 whyfs service listening on \\.\pipe\whyfs-service
2026-09-27 19:19:53 machine labels: service process 10072 started
2026-09-27 19:20:23 machine labels: service process exited 0
2026-09-27 19:20:51 whyfs service listening on \\.\pipe\whyfs-service
2026-09-27 19:20:51 machine labels: service process 7880 started
2026-09-27 19:21:20 machine labels: service process exited 0
2026-09-27 19:21:47 whyfs service listening on \\.\pipe\whyfs-service
2026-09-27 19:21:47 machine labels: service process 1308 started
2026-09-27 19:22:18 machine labels: service process exited 0
2026-09-27 19:22:45 whyfs service listening on \\.\pipe\whyfs-service
2026-09-27 19:22:45 machine labels: service process 1560 started
2026-09-27 19:23:16 machine labels: service process exited 0
2026-09-27 19:23:42 whyfs service listening on \\.\pipe\whyfs-service
2026-09-27 19:23:42 machine labels: service process 8652 started
2026-09-27 19:24:14 machine labels: service process exited 0
2026-09-27 19:24:40 whyfs service listening on \\.\pipe\whyfs-service
2026-09-27 19:24:40 machine labels: service process 1040 started
2026-09-27 19:25:11 machine labels: service process exited 0
2026-09-27 19:25:37 whyfs service listening on \\.\pipe\whyfs-service
2026-09-27 19:25:37 machine labels: service process 10072 started
2026-09-27 19:26:09 machine labels: service process exited 0
2026-09-27 19:26:24 whyfs service listening on \\.\pipe\whyfs-service
2026-09-27 19:26:24 machine labels: service process 7212 started
2026-09-27 19:26:29 machine labels: service process exited 0
2026-09-27 19:26:32 whyfs service listening on \\.\pipe\whyfs-service
2026-09-27 19:26:32 machine labels: service process 5376 started
2026-09-27 19:26:36 machine labels: service process exited 0
2026-09-27 19:26:39 whyfs service listening on \\.\pipe\whyfs-service
2026-09-27 19:26:39 machine labels: service process 2360 started
2026-09-27 19:26:48 machine labels: service process exited 0
2026-09-27 19:26:53 whyfs service listening on \\.\pipe\whyfs-service
2026-09-27 19:26:53 machine labels: service process 4120 started
2026-09-27 19:27:01 machine labels: service process exited 0
2026-09-27 19:27:06 whyfs service listening on \\.\pipe\whyfs-service
2026-09-27 19:27:06 machine labels: service process 6368 started
2026-09-27 19:27:14 machine labels: service process exited 0
2026-09-27 19:27:19 whyfs service listening on \\.\pipe\whyfs-service
2026-09-27 19:27:19 machine labels: service process 6464 started
2026-09-27 19:27:27 machine labels: service process exited 0
2026-09-27 19:27:32 whyfs service listening on \\.\pipe\whyfs-service
2026-09-27 19:27:32 machine labels: service process 5284 started
2026-09-27 19:27:40 machine labels: service process exited 0
2026-09-27 19:27:45 whyfs service listening on \\.\pipe\whyfs-service
2026-09-27 19:27:45 machine labels: service process 1052 started
2026-09-27 19:27:53 machine labels: service process exited 0
2026-09-27 19:27:58 whyfs service listening on \\.\pipe\whyfs-service
2026-09-27 19:27:58 machine labels: service process 4628 started
2026-09-27 19:28:06 machine labels: service process exited 0
2026-09-27 19:28:11 whyfs service listening on \\.\pipe\whyfs-service
2026-09-27 19:28:11 machine labels: service process 476 started
2026-09-27 19:28:19 machine labels: service process exited 0
2026-09-27 19:28:24 whyfs service listening on \\.\pipe\whyfs-service
2026-09-27 19:28:24 machine labels: service process 3304 started
2026-09-27 19:28:32 machine labels: service process exited 0
2026-09-27 19:28:37 whyfs service listening on \\.\pipe\whyfs-service
2026-09-27 19:28:37 machine labels: service process 4104 started
2026-09-27 19:28:45 machine labels: service process exited 0
2026-09-27 19:28:57 whyfs service listening on \\.\pipe\whyfs-service
2026-09-27 19:28:57 machine labels: service process 7836 started
2026-09-27 19:29:10 machine labels: service process exited 0
2026-09-27 19:29:19 whyfs service listening on \\.\pipe\whyfs-service
2026-09-27 19:29:19 machine labels: service process 1084 started
2026-09-27 19:29:31 machine labels: service process exited 0
2026-09-27 19:29:40 whyfs service listening on \\.\pipe\whyfs-service
2026-09-27 19:29:40 machine labels: service process 8424 started
2026-09-27 19:30:03 machine labels: service process exited 0
2026-09-27 19:30:21 whyfs service listening on \\.\pipe\whyfs-service
2026-09-27 19:30:21 machine labels: service process 1508 started
2026-09-27 19:30:44 machine labels: service process exited 0
2026-09-27 19:31:03 whyfs service listening on \\.\pipe\whyfs-service
2026-09-27 19:31:03 machine labels: service process 3144 started
2026-09-27 19:31:25 machine labels: service process exited 0
2026-09-27 19:31:44 whyfs service listening on \\.\pipe\whyfs-service
2026-09-27 19:31:44 machine labels: service process 2564 started
2026-09-27 19:32:08 machine labels: service process exited 0
2026-09-27 19:32:26 whyfs service listening on \\.\pipe\whyfs-service
2026-09-27 19:32:26 machine labels: service process 7280 started
2026-09-27 19:32:50 machine labels: service process exited 0
2026-09-27 19:33:10 whyfs service listening on \\.\pipe\whyfs-service
2026-09-27 19:33:10 machine labels: service process 6316 started
2026-09-27 19:33:32 machine labels: service process exited 0
2026-09-27 19:33:50 whyfs service listening on \\.\pipe\whyfs-service
2026-09-27 19:33:50 machine labels: service process 4808 started
2026-09-27 19:34:14 machine labels: service process exited 0
2026-09-27 19:34:33 whyfs service listening on \\.\pipe\whyfs-service
2026-09-27 19:34:33 machine labels: service process 3608 started
2026-09-27 19:34:55 machine labels: service process exited 0
2026-09-27 19:35:15 whyfs service listening on \\.\pipe\whyfs-service
2026-09-27 19:35:15 machine labels: service process 10208 started
2026-09-27 19:35:37 machine labels: service process exited 0
2026-09-27 19:35:56 whyfs service listening on \\.\pipe\whyfs-service
2026-09-27 19:35:56 machine labels: service process 9232 started
2026-09-27 19:36:17 machine labels: service process exited 0
2026-09-27 19:36:28 whyfs service listening on \\.\pipe\whyfs-service
2026-09-27 19:36:28 machine labels: service process 2788 started
