08:28:06 graduation: user=runner base=/home/runner/whyfs-graduation-ws
08:28:08 functional: static binary
08:28:08 functional: parallel build #1 (clean)
08:28:09 functional: header change -> build #2
08:28:10 functional: source change -> build #3
08:28:10 functional: vite build + postbuild
08:28:10 functional: copy / rename / move chain
08:28:16 perf make_j8_36_units warmup off: 0.353s
08:28:20 perf make_j8_36_units warmup on: 0.363s
08:28:20 perf make_j8_36_units warmup off: 0.380s
08:28:24 perf make_j8_36_units warmup on: 0.364s
08:28:25 perf make_j8_36_units off: 0.359s
08:28:29 perf make_j8_36_units on: 0.361s
08:28:33 perf make_j8_36_units on: 0.365s
08:28:33 perf make_j8_36_units off: 0.356s
08:28:33 perf make_j8_36_units off: 0.358s
08:28:37 perf make_j8_36_units on: 0.366s
08:28:41 perf make_j8_36_units on: 0.369s
08:28:42 perf make_j8_36_units off: 0.359s
08:28:42 perf make_j8_36_units off: 0.359s
08:28:46 perf make_j8_36_units on: 0.357s
08:28:50 perf make_j8_36_units on: 0.606s
08:28:51 perf make_j8_36_units off: 0.357s
08:28:51 perf make_j8_36_units off: 0.351s
08:28:55 perf make_j8_36_units on: 0.359s
08:28:59 perf make_j8_36_units on: 0.355s
08:28:59 perf make_j8_36_units off: 0.345s
08:29:00 perf make_j8_36_units off: 0.348s
08:29:03 perf make_j8_36_units on: 0.348s
08:29:07 perf make_j8_36_units on: 0.349s
08:29:08 perf make_j8_36_units off: 0.351s
08:29:08 perf make_j8_36_units off: 0.349s
08:29:12 perf make_j8_36_units on: 0.359s
08:29:16 perf make_j8_36_units on: 0.354s
08:29:16 perf make_j8_36_units off: 0.352s
08:29:16 perf make_j8_36_units off: 0.348s
08:29:20 perf make_j8_36_units on: 0.355s
08:29:24 perf make_j8_36_units on: 0.356s
08:29:25 perf make_j8_36_units off: 0.354s
08:29:25 perf make_j8_36_units off: 0.351s
08:29:29 perf make_j8_36_units on: 0.363s
08:29:33 perf make_j8_36_units on: 0.347s
08:29:33 perf make_j8_36_units off: 0.342s
08:29:34 perf make_j8_36_units off: 0.340s
08:29:38 perf make_j8_36_units on: 0.354s
08:29:41 perf make_j8_36_units on: 0.352s
08:29:42 perf make_j8_36_units off: 0.345s
08:29:42 perf make_j8_36_units off: 0.341s
08:29:46 perf make_j8_36_units on: 0.353s
08:29:50 perf make_j8_36_units on: 0.347s
08:29:50 perf make_j8_36_units off: 0.339s
08:29:51 perf vite_build warmup off: 0.354s
08:29:54 perf vite_build warmup on: 0.348s
08:29:55 perf vite_build warmup off: 0.357s
08:29:59 perf vite_build warmup on: 0.355s
08:29:59 perf vite_build off: 0.350s
08:30:03 perf vite_build on: 0.351s
08:30:07 perf vite_build on: 0.348s
08:30:07 perf vite_build off: 0.344s
08:30:07 perf vite_build off: 0.343s
08:30:11 perf vite_build on: 0.351s
08:30:15 perf vite_build on: 0.347s
08:30:15 perf vite_build off: 0.354s
08:30:16 perf vite_build off: 0.345s
08:30:19 perf vite_build on: 0.346s
08:30:23 perf vite_build on: 0.345s
08:30:24 perf vite_build off: 0.345s
08:30:24 perf vite_build off: 0.347s
08:30:28 perf vite_build on: 0.345s
08:30:32 perf vite_build on: 0.345s
08:30:32 perf vite_build off: 0.348s
08:30:32 perf vite_build off: 0.352s
08:30:36 perf vite_build on: 0.356s
08:30:40 perf vite_build on: 0.352s
08:30:40 perf vite_build off: 0.349s
08:30:41 perf vite_build off: 0.349s
08:30:44 perf vite_build on: 0.350s
08:30:48 perf vite_build on: 0.346s
08:30:49 perf vite_build off: 0.347s
08:30:49 perf vite_build off: 0.348s
08:30:53 perf vite_build on: 0.345s
08:30:56 perf vite_build on: 0.355s
08:30:57 perf vite_build off: 0.354s
08:30:57 perf vite_build off: 0.355s
08:31:01 perf vite_build on: 0.346s
08:31:05 perf vite_build on: 0.350s
08:31:05 perf vite_build off: 0.356s
08:31:05 perf vite_build off: 0.339s
08:31:09 perf vite_build on: 0.342s
08:31:13 perf vite_build on: 0.347s
08:31:13 perf vite_build off: 0.351s
08:31:14 perf vite_build off: 0.345s
08:31:17 perf vite_build on: 0.347s
08:31:21 perf vite_build on: 0.346s
08:31:21 perf vite_build off: 0.347s
08:31:22 perf static_binary_x300 warmup off: 0.130s
08:31:25 perf static_binary_x300 warmup on: 0.135s
08:31:25 perf static_binary_x300 warmup off: 0.135s
08:31:29 perf static_binary_x300 warmup on: 0.136s
08:31:29 perf static_binary_x300 off: 0.136s
08:31:32 perf static_binary_x300 on: 0.139s
08:31:36 perf static_binary_x300 on: 0.136s
08:31:36 perf static_binary_x300 off: 0.132s
08:31:36 perf static_binary_x300 off: 0.131s
08:31:39 perf static_binary_x300 on: 0.139s
08:31:43 perf static_binary_x300 on: 0.134s
08:31:43 perf static_binary_x300 off: 0.135s
08:31:43 perf static_binary_x300 off: 0.132s
08:31:47 perf static_binary_x300 on: 0.136s
08:31:50 perf static_binary_x300 on: 0.138s
08:31:50 perf static_binary_x300 off: 0.139s
08:31:50 perf static_binary_x300 off: 0.139s
08:31:54 perf static_binary_x300 on: 0.141s
08:31:57 perf static_binary_x300 on: 0.139s
08:31:57 perf static_binary_x300 off: 0.136s
08:31:58 perf static_binary_x300 off: 0.133s
08:32:01 perf static_binary_x300 on: 0.139s
08:32:04 perf static_binary_x300 on: 0.138s
08:32:05 perf static_binary_x300 off: 0.138s
08:32:05 perf static_binary_x300 off: 0.136s
08:32:08 perf static_binary_x300 on: 0.141s
08:32:12 perf static_binary_x300 on: 0.141s
08:32:12 perf static_binary_x300 off: 0.139s
08:32:12 perf static_binary_x300 off: 0.132s
08:32:16 perf static_binary_x300 on: 0.133s
08:32:19 perf static_binary_x300 on: 0.142s
08:32:20 perf static_binary_x300 off: 0.179s
08:32:20 perf static_binary_x300 off: 0.137s
08:32:23 perf static_binary_x300 on: 0.138s
08:32:27 perf static_binary_x300 on: 0.138s
08:32:27 perf static_binary_x300 off: 0.137s
08:32:27 perf static_binary_x300 off: 0.131s
08:32:31 perf static_binary_x300 on: 0.137s
08:32:35 perf static_binary_x300 on: 0.139s
08:32:35 perf static_binary_x300 off: 0.139s
08:32:35 perf static_binary_x300 off: 0.134s
08:32:39 perf static_binary_x300 on: 0.142s
08:32:42 perf static_binary_x300 on: 0.137s
08:32:43 perf static_binary_x300 off: 0.138s
08:32:46 verdict PASS; failed: []
