2026-09-28 01:09:04 whyfs service listening on \\.\pipe\whyfs-service
2026-09-28 01:09:04 machine labels: service process 6968 started
2026-09-28 01:09:21 start C:\Users\runneradmin\AppData\Local\Temp\whyfs-msi-user-ws pid 7868 session whyfs-201334dc62424c6d user S-1-5-21-2615846702-2260884330-149277722-500
2026-09-28 01:09:23 stop C:\Users\runneradmin\AppData\Local\Temp\whyfs-msi-user-ws exit 0
2026-09-28 01:09:25 machine labels: service process exited 0
2026-09-28 01:09:28 whyfs service listening on \\.\pipe\whyfs-service
2026-09-28 01:09:28 machine labels: service process 4576 started
2026-09-28 01:09:29 start C:\Users\runneradmin\AppData\Local\Temp\whyfs-upgrade-ws pid 8116 session whyfs-abe1fad5a47b91d8 user S-1-5-21-2615846702-2260884330-149277722-500
2026-09-28 01:09:31 stop C:\Users\runneradmin\AppData\Local\Temp\whyfs-upgrade-ws exit 0
2026-09-28 01:09:32 machine labels: service process exited 0
2026-09-28 01:09:34 whyfs service listening on \\.\pipe\whyfs-service
2026-09-28 01:09:34 machine labels: service process 4304 started
2026-09-28 01:09:35 start C:\Users\runneradmin\AppData\Local\Temp\whyfs-upgrade-ws pid 6984 session whyfs-abe1fad5a47b91d8 user S-1-5-21-2615846702-2260884330-149277722-500
2026-09-28 01:09:36 stop C:\Users\runneradmin\AppData\Local\Temp\whyfs-upgrade-ws exit 0
2026-09-28 01:09:39 machine labels: service process exited 0
2026-09-28 01:09:55 whyfs service listening on \\.\pipe\whyfs-service
2026-09-28 01:09:55 machine labels: service process 5724 started
2026-09-28 01:10:33 stopped orphaned ETW session whyfs-machine (rc 0)
2026-09-28 01:10:33 stopped orphaned ETW session whyfs-machine-sys (rc 0)
2026-09-28 01:10:33 whyfs service listening on \\.\pipe\whyfs-service
2026-09-28 01:10:33 machine labels: service process 3120 started
2026-09-28 01:10:49 start C:\Users\runneradmin\whyfs-outage-20b8dbdd\workspace-capture pid 1084 session whyfs-b87d5ac4b530d375 user S-1-5-21-2615846702-2260884330-149277722-500
2026-09-28 01:10:49 stop C:\Users\runneradmin\whyfs-outage-20b8dbdd\workspace-capture exit 0
2026-09-28 01:11:35 start C:\Users\runneradmin\AppData\Local\Temp\whyfs-corpus-32jgpiza pid 8640 session whyfs-9badd6652caeaab8 user S-1-5-21-2615846702-2260884330-149277722-500
2026-09-28 01:11:37 stop C:\Users\runneradmin\AppData\Local\Temp\whyfs-corpus-32jgpiza exit 0
2026-09-28 01:11:39 start C:\Users\runneradmin\AppData\Local\Temp\whyfs-secret-cw0urtgn pid 3444 session whyfs-f0dda908218ccf06 user S-1-5-21-2615846702-2260884330-149277722-500
2026-09-28 01:11:41 stop C:\Users\runneradmin\AppData\Local\Temp\whyfs-secret-cw0urtgn exit 0
2026-09-28 01:11:49 start C:\Users\runneradmin\AppData\Local\Temp\whyfs-wingate\func pid 9528 session whyfs-a8996beb1407ddb0 user S-1-5-21-2615846702-2260884330-149277722-500
2026-09-28 01:11:54 stop C:\Users\runneradmin\AppData\Local\Temp\whyfs-wingate\func exit 0
2026-09-28 01:22:00 machine labels: service process exited 0
2026-09-28 01:22:16 whyfs service listening on \\.\pipe\whyfs-service
2026-09-28 01:22:16 machine labels: service process 7288 started
2026-09-28 01:22:31 machine labels: service process exited 0
2026-09-28 01:22:45 whyfs service listening on \\.\pipe\whyfs-service
2026-09-28 01:22:45 machine labels: service process 9488 started
2026-09-28 01:23:00 machine labels: service process exited 0
2026-09-28 01:23:15 whyfs service listening on \\.\pipe\whyfs-service
2026-09-28 01:23:15 machine labels: service process 7048 started
2026-09-28 01:23:44 machine labels: service process exited 0
2026-09-28 01:24:12 whyfs service listening on \\.\pipe\whyfs-service
2026-09-28 01:24:12 machine labels: service process 3684 started
2026-09-28 01:24:41 machine labels: service process exited 0
2026-09-28 01:25:08 whyfs service listening on \\.\pipe\whyfs-service
2026-09-28 01:25:08 machine labels: service process 7564 started
2026-09-28 01:25:38 machine labels: service process exited 0
2026-09-28 01:26:06 whyfs service listening on \\.\pipe\whyfs-service
2026-09-28 01:26:06 machine labels: service process 9960 started
2026-09-28 01:26:36 machine labels: service process exited 0
2026-09-28 01:27:01 whyfs service listening on \\.\pipe\whyfs-service
2026-09-28 01:27:01 machine labels: service process 2480 started
2026-09-28 01:27:32 machine labels: service process exited 0
2026-09-28 01:27:59 whyfs service listening on \\.\pipe\whyfs-service
2026-09-28 01:27:59 machine labels: service process 508 started
2026-09-28 01:28:31 machine labels: service process exited 0
2026-09-28 01:28:57 whyfs service listening on \\.\pipe\whyfs-service
2026-09-28 01:28:57 machine labels: service process 3528 started
2026-09-28 01:29:28 machine labels: service process exited 0
2026-09-28 01:29:56 whyfs service listening on \\.\pipe\whyfs-service
2026-09-28 01:29:56 machine labels: service process 3584 started
2026-09-28 01:30:27 machine labels: service process exited 0
2026-09-28 01:30:54 whyfs service listening on \\.\pipe\whyfs-service
2026-09-28 01:30:55 machine labels: service process 8112 started
2026-09-28 01:31:24 machine labels: service process exited 0
2026-09-28 01:31:52 whyfs service listening on \\.\pipe\whyfs-service
2026-09-28 01:31:52 machine labels: service process 6972 started
2026-09-28 01:32:22 machine labels: service process exited 0
2026-09-28 01:32:39 whyfs service listening on \\.\pipe\whyfs-service
2026-09-28 01:32:39 machine labels: service process 7432 started
2026-09-28 01:32:44 machine labels: service process exited 0
2026-09-28 01:32:47 whyfs service listening on \\.\pipe\whyfs-service
2026-09-28 01:32:47 machine labels: service process 812 started
2026-09-28 01:32:52 machine labels: service process exited 0
2026-09-28 01:32:55 whyfs service listening on \\.\pipe\whyfs-service
2026-09-28 01:32:55 machine labels: service process 1132 started
2026-09-28 01:33:03 machine labels: service process exited 0
2026-09-28 01:33:08 whyfs service listening on \\.\pipe\whyfs-service
2026-09-28 01:33:08 machine labels: service process 8912 started
2026-09-28 01:33:16 machine labels: service process exited 0
2026-09-28 01:33:22 whyfs service listening on \\.\pipe\whyfs-service
2026-09-28 01:33:22 machine labels: service process 4584 started
2026-09-28 01:33:29 machine labels: service process exited 0
2026-09-28 01:33:35 whyfs service listening on \\.\pipe\whyfs-service
2026-09-28 01:33:35 machine labels: service process 5468 started
2026-09-28 01:33:43 machine labels: service process exited 0
2026-09-28 01:33:48 whyfs service listening on \\.\pipe\whyfs-service
2026-09-28 01:33:48 machine labels: service process 6404 started
2026-09-28 01:33:56 machine labels: service process exited 0
2026-09-28 01:34:02 whyfs service listening on \\.\pipe\whyfs-service
2026-09-28 01:34:02 machine labels: service process 1192 started
2026-09-28 01:34:09 machine labels: service process exited 0
2026-09-28 01:34:15 whyfs service listening on \\.\pipe\whyfs-service
2026-09-28 01:34:15 machine labels: service process 8912 started
2026-09-28 01:34:23 machine labels: service process exited 0
2026-09-28 01:34:28 whyfs service listening on \\.\pipe\whyfs-service
2026-09-28 01:34:28 machine labels: service process 480 started
2026-09-28 01:34:36 machine labels: service process exited 0
2026-09-28 01:34:42 whyfs service listening on \\.\pipe\whyfs-service
2026-09-28 01:34:42 machine labels: service process 3356 started
2026-09-28 01:34:49 machine labels: service process exited 0
2026-09-28 01:34:55 whyfs service listening on \\.\pipe\whyfs-service
2026-09-28 01:34:55 machine labels: service process 1516 started
2026-09-28 01:35:03 machine labels: service process exited 0
2026-09-28 01:35:16 whyfs service listening on \\.\pipe\whyfs-service
2026-09-28 01:35:16 machine labels: service process 6352 started
2026-09-28 01:35:27 machine labels: service process exited 0
2026-09-28 01:35:36 whyfs service listening on \\.\pipe\whyfs-service
2026-09-28 01:35:36 machine labels: service process 1220 started
2026-09-28 01:35:48 machine labels: service process exited 0
2026-09-28 01:35:58 whyfs service listening on \\.\pipe\whyfs-service
2026-09-28 01:35:58 machine labels: service process 7428 started
2026-09-28 01:36:19 machine labels: service process exited 0
2026-09-28 01:36:40 whyfs service listening on \\.\pipe\whyfs-service
2026-09-28 01:36:40 machine labels: service process 6872 started
2026-09-28 01:37:04 machine labels: service process exited 0
2026-09-28 01:37:27 whyfs service listening on \\.\pipe\whyfs-service
2026-09-28 01:37:27 machine labels: service process 1712 started
2026-09-28 01:37:49 machine labels: service process exited 0
2026-09-28 01:38:09 whyfs service listening on \\.\pipe\whyfs-service
2026-09-28 01:38:09 machine labels: service process 2192 started
2026-09-28 01:38:30 machine labels: service process exited 0
2026-09-28 01:38:50 whyfs service listening on \\.\pipe\whyfs-service
2026-09-28 01:38:50 machine labels: service process 7180 started
2026-09-28 01:39:11 machine labels: service process exited 0
2026-09-28 01:39:30 whyfs service listening on \\.\pipe\whyfs-service
2026-09-28 01:39:30 machine labels: service process 3184 started
2026-09-28 01:39:50 machine labels: service process exited 0
2026-09-28 01:40:08 whyfs service listening on \\.\pipe\whyfs-service
2026-09-28 01:40:08 machine labels: service process 1952 started
2026-09-28 01:40:31 machine labels: service process exited 0
2026-09-28 01:40:50 whyfs service listening on \\.\pipe\whyfs-service
2026-09-28 01:40:50 machine labels: service process 6152 started
2026-09-28 01:41:12 machine labels: service process exited 0
2026-09-28 01:41:32 whyfs service listening on \\.\pipe\whyfs-service
2026-09-28 01:41:32 machine labels: service process 7032 started
2026-09-28 01:41:54 machine labels: service process exited 0
2026-09-28 01:42:14 whyfs service listening on \\.\pipe\whyfs-service
2026-09-28 01:42:14 machine labels: service process 3976 started
2026-09-28 01:42:35 machine labels: service process exited 0
2026-09-28 01:42:44 whyfs service listening on \\.\pipe\whyfs-service
2026-09-28 01:42:44 machine labels: service process 7692 started
