2026-09-28 00:25:15 whyfs service listening on \\.\pipe\whyfs-service
2026-09-28 00:25:15 machine labels: service process 5268 started
2026-09-28 00:25:32 start C:\Users\runneradmin\AppData\Local\Temp\whyfs-msi-user-ws pid 3024 session whyfs-201334dc62424c6d user S-1-5-21-2615846702-2260884330-149277722-500
2026-09-28 00:25:34 stop C:\Users\runneradmin\AppData\Local\Temp\whyfs-msi-user-ws exit 0
2026-09-28 00:25:36 machine labels: service process exited 0
2026-09-28 00:25:40 whyfs service listening on \\.\pipe\whyfs-service
2026-09-28 00:25:40 machine labels: service process 8492 started
2026-09-28 00:25:41 start C:\Users\runneradmin\AppData\Local\Temp\whyfs-upgrade-ws pid 3336 session whyfs-abe1fad5a47b91d8 user S-1-5-21-2615846702-2260884330-149277722-500
2026-09-28 00:25:42 stop C:\Users\runneradmin\AppData\Local\Temp\whyfs-upgrade-ws exit 0
2026-09-28 00:25:44 machine labels: service process exited 0
2026-09-28 00:25:45 whyfs service listening on \\.\pipe\whyfs-service
2026-09-28 00:25:45 machine labels: service process 7220 started
2026-09-28 00:25:46 start C:\Users\runneradmin\AppData\Local\Temp\whyfs-upgrade-ws pid 7432 session whyfs-abe1fad5a47b91d8 user S-1-5-21-2615846702-2260884330-149277722-500
2026-09-28 00:25:48 stop C:\Users\runneradmin\AppData\Local\Temp\whyfs-upgrade-ws exit 0
2026-09-28 00:25:51 machine labels: service process exited 0
2026-09-28 00:26:08 whyfs service listening on \\.\pipe\whyfs-service
2026-09-28 00:26:08 machine labels: service process 7540 started
2026-09-28 00:26:47 stopped orphaned ETW session whyfs-machine (rc 0)
2026-09-28 00:26:47 stopped orphaned ETW session whyfs-machine-sys (rc 0)
2026-09-28 00:26:47 whyfs service listening on \\.\pipe\whyfs-service
2026-09-28 00:26:47 machine labels: service process 7056 started
2026-09-28 00:27:03 start C:\Users\runneradmin\whyfs-outage-9f96a251\workspace-capture pid 1664 session whyfs-8b797fe23a0fbb76 user S-1-5-21-2615846702-2260884330-149277722-500
2026-09-28 00:27:04 stop C:\Users\runneradmin\whyfs-outage-9f96a251\workspace-capture exit 0
2026-09-28 00:27:51 start C:\Users\runneradmin\AppData\Local\Temp\whyfs-corpus-5sm3m4h4 pid 748 session whyfs-a6183b80223a1ae9 user S-1-5-21-2615846702-2260884330-149277722-500
2026-09-28 00:27:54 stop C:\Users\runneradmin\AppData\Local\Temp\whyfs-corpus-5sm3m4h4 exit 0
2026-09-28 00:27:55 start C:\Users\runneradmin\AppData\Local\Temp\whyfs-secret-2_wzd_5v pid 908 session whyfs-297bead71e5baecc user S-1-5-21-2615846702-2260884330-149277722-500
2026-09-28 00:27:58 stop C:\Users\runneradmin\AppData\Local\Temp\whyfs-secret-2_wzd_5v exit 0
2026-09-28 00:28:07 start C:\Users\runneradmin\AppData\Local\Temp\whyfs-wingate\func pid 2356 session whyfs-a8996beb1407ddb0 user S-1-5-21-2615846702-2260884330-149277722-500
2026-09-28 00:28:12 stop C:\Users\runneradmin\AppData\Local\Temp\whyfs-wingate\func exit 0
2026-09-28 00:38:19 machine labels: service process exited 0
2026-09-28 00:38:35 whyfs service listening on \\.\pipe\whyfs-service
2026-09-28 00:38:35 machine labels: service process 9692 started
2026-09-28 00:38:52 machine labels: service process exited 0
2026-09-28 00:39:06 whyfs service listening on \\.\pipe\whyfs-service
2026-09-28 00:39:06 machine labels: service process 2692 started
2026-09-28 00:39:23 machine labels: service process exited 0
2026-09-28 00:39:38 whyfs service listening on \\.\pipe\whyfs-service
2026-09-28 00:39:38 machine labels: service process 9360 started
2026-09-28 00:40:09 machine labels: service process exited 0
2026-09-28 00:40:38 whyfs service listening on \\.\pipe\whyfs-service
2026-09-28 00:40:38 machine labels: service process 4912 started
2026-09-28 00:41:12 machine labels: service process exited 0
2026-09-28 00:41:40 whyfs service listening on \\.\pipe\whyfs-service
2026-09-28 00:41:40 machine labels: service process 7668 started
2026-09-28 00:42:12 machine labels: service process exited 0
2026-09-28 00:42:40 whyfs service listening on \\.\pipe\whyfs-service
2026-09-28 00:42:40 machine labels: service process 3428 started
2026-09-28 00:43:12 machine labels: service process exited 0
2026-09-28 00:43:40 whyfs service listening on \\.\pipe\whyfs-service
2026-09-28 00:43:40 machine labels: service process 9168 started
2026-09-28 00:44:13 machine labels: service process exited 0
2026-09-28 00:44:40 whyfs service listening on \\.\pipe\whyfs-service
2026-09-28 00:44:40 machine labels: service process 8744 started
2026-09-28 00:45:13 machine labels: service process exited 0
2026-09-28 00:45:40 whyfs service listening on \\.\pipe\whyfs-service
2026-09-28 00:45:40 machine labels: service process 9940 started
2026-09-28 00:46:12 machine labels: service process exited 0
2026-09-28 00:46:40 whyfs service listening on \\.\pipe\whyfs-service
2026-09-28 00:46:40 machine labels: service process 7076 started
2026-09-28 00:47:10 machine labels: service process exited 0
2026-09-28 00:47:39 whyfs service listening on \\.\pipe\whyfs-service
2026-09-28 00:47:39 machine labels: service process 9668 started
2026-09-28 00:48:09 machine labels: service process exited 0
2026-09-28 00:48:36 whyfs service listening on \\.\pipe\whyfs-service
2026-09-28 00:48:36 machine labels: service process 8356 started
2026-09-28 00:49:09 machine labels: service process exited 0
2026-09-28 00:49:26 whyfs service listening on \\.\pipe\whyfs-service
2026-09-28 00:49:26 machine labels: service process 7320 started
2026-09-28 00:49:30 machine labels: service process exited 0
2026-09-28 00:49:33 whyfs service listening on \\.\pipe\whyfs-service
2026-09-28 00:49:33 machine labels: service process 10060 started
2026-09-28 00:49:38 machine labels: service process exited 0
2026-09-28 00:49:41 whyfs service listening on \\.\pipe\whyfs-service
2026-09-28 00:49:41 machine labels: service process 5732 started
2026-09-28 00:49:49 machine labels: service process exited 0
2026-09-28 00:49:55 whyfs service listening on \\.\pipe\whyfs-service
2026-09-28 00:49:55 machine labels: service process 10132 started
2026-09-28 00:50:02 machine labels: service process exited 0
2026-09-28 00:50:08 whyfs service listening on \\.\pipe\whyfs-service
2026-09-28 00:50:08 machine labels: service process 8556 started
2026-09-28 00:50:16 machine labels: service process exited 0
2026-09-28 00:50:21 whyfs service listening on \\.\pipe\whyfs-service
2026-09-28 00:50:21 machine labels: service process 1520 started
2026-09-28 00:50:29 machine labels: service process exited 0
2026-09-28 00:50:34 whyfs service listening on \\.\pipe\whyfs-service
2026-09-28 00:50:34 machine labels: service process 7308 started
2026-09-28 00:50:42 machine labels: service process exited 0
2026-09-28 00:50:48 whyfs service listening on \\.\pipe\whyfs-service
2026-09-28 00:50:48 machine labels: service process 2720 started
2026-09-28 00:50:55 machine labels: service process exited 0
2026-09-28 00:51:01 whyfs service listening on \\.\pipe\whyfs-service
2026-09-28 00:51:01 machine labels: service process 576 started
2026-09-28 00:51:09 machine labels: service process exited 0
2026-09-28 00:51:14 whyfs service listening on \\.\pipe\whyfs-service
2026-09-28 00:51:14 machine labels: service process 9548 started
2026-09-28 00:51:22 machine labels: service process exited 0
2026-09-28 00:51:27 whyfs service listening on \\.\pipe\whyfs-service
2026-09-28 00:51:27 machine labels: service process 8124 started
2026-09-28 00:51:35 machine labels: service process exited 0
2026-09-28 00:51:40 whyfs service listening on \\.\pipe\whyfs-service
2026-09-28 00:51:40 machine labels: service process 7608 started
2026-09-28 00:51:49 machine labels: service process exited 0
2026-09-28 00:52:02 whyfs service listening on \\.\pipe\whyfs-service
2026-09-28 00:52:02 machine labels: service process 5000 started
2026-09-28 00:52:15 machine labels: service process exited 0
2026-09-28 00:52:24 whyfs service listening on \\.\pipe\whyfs-service
2026-09-28 00:52:24 machine labels: service process 8260 started
2026-09-28 00:52:35 machine labels: service process exited 0
2026-09-28 00:52:46 whyfs service listening on \\.\pipe\whyfs-service
2026-09-28 00:52:46 machine labels: service process 7532 started
2026-09-28 00:53:06 machine labels: service process exited 0
2026-09-28 00:53:26 whyfs service listening on \\.\pipe\whyfs-service
2026-09-28 00:53:26 machine labels: service process 4944 started
2026-09-28 00:53:47 machine labels: service process exited 0
2026-09-28 00:54:07 whyfs service listening on \\.\pipe\whyfs-service
2026-09-28 00:54:07 machine labels: service process 7028 started
2026-09-28 00:54:28 machine labels: service process exited 0
2026-09-28 00:54:48 whyfs service listening on \\.\pipe\whyfs-service
2026-09-28 00:54:49 machine labels: service process 3576 started
2026-09-28 00:55:10 machine labels: service process exited 0
2026-09-28 00:55:30 whyfs service listening on \\.\pipe\whyfs-service
2026-09-28 00:55:30 machine labels: service process 5324 started
2026-09-28 00:55:53 machine labels: service process exited 0
2026-09-28 00:56:13 whyfs service listening on \\.\pipe\whyfs-service
2026-09-28 00:56:13 machine labels: service process 5800 started
2026-09-28 00:56:34 machine labels: service process exited 0
2026-09-28 00:56:55 whyfs service listening on \\.\pipe\whyfs-service
2026-09-28 00:56:55 machine labels: service process 7896 started
2026-09-28 00:57:17 machine labels: service process exited 0
2026-09-28 00:57:37 whyfs service listening on \\.\pipe\whyfs-service
2026-09-28 00:57:37 machine labels: service process 5044 started
2026-09-28 00:57:58 machine labels: service process exited 0
2026-09-28 00:58:18 whyfs service listening on \\.\pipe\whyfs-service
2026-09-28 00:58:18 machine labels: service process 2552 started
2026-09-28 00:58:40 machine labels: service process exited 0
2026-09-28 00:59:00 whyfs service listening on \\.\pipe\whyfs-service
2026-09-28 00:59:00 machine labels: service process 4852 started
2026-09-28 00:59:23 machine labels: service process exited 0
2026-09-28 00:59:34 whyfs service listening on \\.\pipe\whyfs-service
2026-09-28 00:59:34 machine labels: service process 5544 started
