08:47:41 idle 10.0 min: collector CPU 42.69s (7.108% of a core), memory 60.3 MB, store +3832 KiB, 2398 events
08:47:59 msvc_240_units_mp8 warmup off: 2.635s
08:48:07 msvc_240_units_mp8 warmup on: 2.667s
08:48:15 msvc_240_units_mp8 warmup off: 2.686s
08:48:23 msvc_240_units_mp8 warmup on: 2.834s
08:48:31 msvc_240_units_mp8 off: 2.650s
08:48:39 msvc_240_units_mp8 on: 2.830s
08:48:46 msvc_240_units_mp8 on: 2.610s
08:48:55 msvc_240_units_mp8 off: 2.667s
08:49:02 msvc_240_units_mp8 off: 2.876s
08:49:10 msvc_240_units_mp8 on: 2.753s
08:49:17 msvc_240_units_mp8 on: 2.811s
08:49:26 msvc_240_units_mp8 off: 3.027s
08:49:33 msvc_240_units_mp8 off: 2.738s
08:49:41 msvc_240_units_mp8 on: 2.841s
08:49:48 msvc_240_units_mp8 on: 2.863s
08:49:57 msvc_240_units_mp8 off: 2.721s
08:50:03 msvc_240_units_mp8 off: 2.654s
08:50:12 msvc_240_units_mp8 on: 2.772s
08:50:19 msvc_240_units_mp8 on: 2.980s
08:50:28 msvc_240_units_mp8 off: 2.975s
08:50:35 msvc_240_units_mp8 off: 3.054s
08:50:43 msvc_240_units_mp8 on: 2.747s
08:50:50 msvc_240_units_mp8 on: 2.660s
08:50:59 msvc_240_units_mp8 off: 3.138s
08:51:06 msvc_240_units_mp8 off: 2.806s
08:51:14 msvc_240_units_mp8 on: 2.891s
08:51:21 msvc_240_units_mp8 on: 2.762s
08:51:30 msvc_240_units_mp8 off: 2.832s
08:51:37 msvc_240_units_mp8 off: 2.637s
08:51:45 msvc_240_units_mp8 on: 2.777s
08:51:53 msvc_240_units_mp8 on: 2.950s
08:52:02 msvc_240_units_mp8 off: 2.865s
08:52:08 msvc_240_units_mp8 off: 3.047s
08:52:17 msvc_240_units_mp8 on: 3.200s
08:52:24 msvc_240_units_mp8 on: 2.815s
08:52:33 msvc_240_units_mp8 off: 2.817s
08:52:40 msvc_240_units_mp8 off: 2.969s
08:52:48 msvc_240_units_mp8 on: 3.131s
08:52:56 msvc_240_units_mp8 on: 2.955s
08:53:05 msvc_240_units_mp8 off: 2.978s
08:53:12 msvc_240_units_mp8 off: 3.018s
08:53:20 msvc_240_units_mp8 on: 2.761s
08:53:27 msvc_240_units_mp8 on: 2.908s
08:53:36 msvc_240_units_mp8 off: 2.857s
08:53:36 msvc_240_units_mp8: median paired overhead +0.99% (CI90 -2.14 .. +3.75)
08:53:39 vite_build warmup off: 0.360s
08:53:42 vite_build warmup on: 0.394s
08:53:46 vite_build warmup off: 0.377s
08:53:50 vite_build warmup on: 0.373s
08:53:53 vite_build off: 0.403s
08:53:57 vite_build on: 0.366s
08:53:59 vite_build on: 0.363s
08:54:03 vite_build off: 0.404s
08:54:05 vite_build off: 0.414s
08:54:08 vite_build on: 0.389s
08:54:11 vite_build on: 0.401s
08:54:14 vite_build off: 0.392s
08:54:16 vite_build off: 0.372s
08:54:19 vite_build on: 0.380s
08:54:22 vite_build on: 0.397s
08:54:25 vite_build off: 0.403s
08:54:27 vite_build off: 0.397s
08:54:31 vite_build on: 0.394s
08:54:33 vite_build on: 0.400s
08:54:37 vite_build off: 0.398s
08:54:38 vite_build off: 0.389s
08:54:42 vite_build on: 0.370s
08:54:44 vite_build on: 0.393s
08:54:48 vite_build off: 0.379s
08:54:50 vite_build off: 0.369s
08:54:53 vite_build on: 0.387s
08:54:56 vite_build on: 0.382s
08:54:59 vite_build off: 0.388s
08:55:01 vite_build off: 0.394s
08:55:04 vite_build on: 0.409s
08:55:06 vite_build on: 0.374s
08:55:10 vite_build off: 0.369s
08:55:12 vite_build off: 0.385s
08:55:15 vite_build on: 0.368s
08:55:18 vite_build on: 0.379s
08:55:21 vite_build off: 0.389s
08:55:23 vite_build off: 0.394s
08:55:27 vite_build on: 0.371s
08:55:29 vite_build on: 0.402s
08:55:33 vite_build off: 0.421s
08:55:35 vite_build off: 0.415s
08:55:38 vite_build on: 0.395s
08:55:40 vite_build on: 0.402s
08:55:44 vite_build off: 0.373s
08:55:44 vite_build: median paired overhead -1.41% (CI90 -4.53 .. +1.33)
08:55:50 native_exe_x300 warmup off: 2.341s
08:55:57 native_exe_x300 warmup on: 2.371s
08:56:05 native_exe_x300 warmup off: 2.384s
08:56:12 native_exe_x300 warmup on: 2.385s
08:56:20 native_exe_x300 off: 2.371s
08:56:27 native_exe_x300 on: 2.406s
08:56:34 native_exe_x300 on: 2.481s
08:56:41 native_exe_x300 off: 2.372s
08:56:47 native_exe_x300 off: 2.456s
08:56:55 native_exe_x300 on: 2.314s
08:57:01 native_exe_x300 on: 2.352s
08:57:09 native_exe_x300 off: 2.326s
08:57:15 native_exe_x300 off: 2.347s
08:57:22 native_exe_x300 on: 2.361s
08:57:29 native_exe_x300 on: 2.404s
08:57:37 native_exe_x300 off: 2.499s
08:57:42 native_exe_x300 off: 2.306s
08:57:49 native_exe_x300 on: 2.603s
08:57:56 native_exe_x300 on: 2.346s
08:58:04 native_exe_x300 off: 2.315s
08:58:10 native_exe_x300 off: 2.368s
08:58:17 native_exe_x300 on: 2.345s
08:58:24 native_exe_x300 on: 2.354s
08:58:32 native_exe_x300 off: 2.397s
08:58:37 native_exe_x300 off: 2.444s
08:58:45 native_exe_x300 on: 2.333s
08:58:51 native_exe_x300 on: 2.349s
08:58:59 native_exe_x300 off: 2.389s
08:59:05 native_exe_x300 off: 2.333s
08:59:13 native_exe_x300 on: 2.395s
08:59:19 native_exe_x300 on: 2.391s
08:59:27 native_exe_x300 off: 2.358s
08:59:33 native_exe_x300 off: 2.414s
08:59:41 native_exe_x300 on: 2.479s
08:59:47 native_exe_x300 on: 2.256s
08:59:55 native_exe_x300 off: 2.363s
09:00:01 native_exe_x300 off: 2.510s
09:00:08 native_exe_x300 on: 2.362s
09:00:15 native_exe_x300 on: 2.417s
09:00:23 native_exe_x300 off: 2.321s
09:00:28 native_exe_x300 off: 2.315s
09:00:36 native_exe_x300 on: 2.338s
09:00:42 native_exe_x300 on: 2.440s
09:00:50 native_exe_x300 off: 2.375s
09:00:50 native_exe_x300: median paired overhead +1.06% (CI90 -1.40 .. +2.00)
09:07:23 FAIL idle_cpu_below_1pct_of_a_core
09:07:23 PASS zero_loss
09:07:23 FAIL why_cli_median_lt_100ms
09:07:23 FAIL label_cli_median_lt_100ms
09:07:23 PASS msvc_240_units_mp8.median_paired_overhead_lt_5pct
09:07:23 PASS vite_build.median_paired_overhead_lt_5pct
09:07:23 PASS native_exe_x300.median_paired_overhead_lt_5pct
09:07:23 verdict FAIL
