04:39:56 graduation: user=runner base=/home/runner/whyfs-graduation-ws
04:39:59 functional: static binary
04:39:59 functional: parallel build #1 (clean)
04:40:00 functional: header change -> build #2
04:40:01 functional: source change -> build #3
04:40:01 functional: vite build + postbuild
04:40:01 functional: copy / rename / move chain
04:40:07 perf make_j8_36_units warmup off: 0.295s
04:40:11 perf make_j8_36_units warmup on: 0.298s
04:40:12 perf make_j8_36_units warmup off: 0.294s
04:40:16 perf make_j8_36_units warmup on: 0.302s
04:40:16 perf make_j8_36_units off: 0.295s
04:40:20 perf make_j8_36_units on: 0.298s
04:40:25 perf make_j8_36_units on: 0.302s
04:40:25 perf make_j8_36_units off: 0.292s
04:40:25 perf make_j8_36_units off: 0.294s
04:40:29 perf make_j8_36_units on: 0.298s
04:40:34 perf make_j8_36_units on: 0.293s
04:40:34 perf make_j8_36_units off: 0.289s
04:40:34 perf make_j8_36_units off: 0.287s
04:40:39 perf make_j8_36_units on: 0.295s
04:40:43 perf make_j8_36_units on: 0.295s
04:40:43 perf make_j8_36_units off: 0.297s
04:40:43 perf make_j8_36_units off: 0.299s
04:40:48 perf make_j8_36_units on: 0.301s
04:40:52 perf make_j8_36_units on: 0.299s
04:40:52 perf make_j8_36_units off: 0.287s
04:40:53 perf make_j8_36_units off: 0.294s
04:40:57 perf make_j8_36_units on: 0.301s
04:41:01 perf make_j8_36_units on: 0.298s
04:41:02 perf make_j8_36_units off: 0.286s
04:41:02 perf make_j8_36_units off: 0.289s
04:41:06 perf make_j8_36_units on: 0.292s
04:41:10 perf make_j8_36_units on: 0.301s
04:41:11 perf make_j8_36_units off: 0.294s
04:41:11 perf make_j8_36_units off: 0.298s
04:41:15 perf make_j8_36_units on: 0.296s
04:41:19 perf make_j8_36_units on: 0.293s
04:41:20 perf make_j8_36_units off: 0.294s
04:41:20 perf make_j8_36_units off: 0.294s
04:41:24 perf make_j8_36_units on: 0.283s
04:41:28 perf make_j8_36_units on: 0.287s
04:41:29 perf make_j8_36_units off: 0.286s
04:41:29 perf make_j8_36_units off: 0.286s
04:41:33 perf make_j8_36_units on: 0.291s
04:41:38 perf make_j8_36_units on: 0.303s
04:41:38 perf make_j8_36_units off: 0.310s
04:41:38 perf make_j8_36_units off: 0.290s
04:41:42 perf make_j8_36_units on: 0.293s
04:41:47 perf make_j8_36_units on: 0.279s
04:41:47 perf make_j8_36_units off: 0.288s
04:41:47 perf vite_build warmup off: 0.263s
04:41:51 perf vite_build warmup on: 0.276s
04:41:51 perf vite_build warmup off: 0.263s
04:41:56 perf vite_build warmup on: 0.264s
04:41:56 perf vite_build off: 0.268s
04:42:00 perf vite_build on: 0.259s
04:42:04 perf vite_build on: 0.269s
04:42:04 perf vite_build off: 0.271s
04:42:05 perf vite_build off: 0.271s
04:42:09 perf vite_build on: 0.264s
04:42:13 perf vite_build on: 0.307s
04:42:13 perf vite_build off: 0.267s
04:42:14 perf vite_build off: 0.273s
04:42:18 perf vite_build on: 0.273s
04:42:22 perf vite_build on: 0.263s
04:42:22 perf vite_build off: 0.262s
04:42:22 perf vite_build off: 0.261s
04:42:27 perf vite_build on: 0.274s
04:42:31 perf vite_build on: 0.267s
04:42:31 perf vite_build off: 0.269s
04:42:31 perf vite_build off: 0.269s
04:42:35 perf vite_build on: 0.273s
04:42:40 perf vite_build on: 0.267s
04:42:40 perf vite_build off: 0.270s
04:42:40 perf vite_build off: 0.271s
04:42:44 perf vite_build on: 0.254s
04:42:48 perf vite_build on: 0.264s
04:42:48 perf vite_build off: 0.258s
04:42:49 perf vite_build off: 0.256s
04:42:53 perf vite_build on: 0.255s
04:42:57 perf vite_build on: 0.272s
04:42:57 perf vite_build off: 0.261s
04:42:58 perf vite_build off: 0.266s
04:43:02 perf vite_build on: 0.261s
04:43:06 perf vite_build on: 0.273s
04:43:06 perf vite_build off: 0.263s
04:43:06 perf vite_build off: 0.273s
04:43:10 perf vite_build on: 0.269s
04:43:15 perf vite_build on: 0.313s
04:43:15 perf vite_build off: 0.273s
04:43:15 perf vite_build off: 0.263s
04:43:19 perf vite_build on: 0.260s
04:43:23 perf vite_build on: 0.269s
04:43:24 perf vite_build off: 0.265s
04:43:24 perf static_binary_x300 warmup off: 0.156s
04:43:28 perf static_binary_x300 warmup on: 0.156s
04:43:28 perf static_binary_x300 warmup off: 0.154s
04:43:32 perf static_binary_x300 warmup on: 0.157s
04:43:32 perf static_binary_x300 off: 0.156s
04:43:36 perf static_binary_x300 on: 0.156s
04:43:40 perf static_binary_x300 on: 0.152s
04:43:40 perf static_binary_x300 off: 0.154s
04:43:40 perf static_binary_x300 off: 0.155s
04:43:44 perf static_binary_x300 on: 0.155s
04:43:48 perf static_binary_x300 on: 0.156s
04:43:48 perf static_binary_x300 off: 0.152s
04:43:48 perf static_binary_x300 off: 0.152s
04:43:52 perf static_binary_x300 on: 0.153s
04:43:56 perf static_binary_x300 on: 0.155s
04:43:56 perf static_binary_x300 off: 0.150s
04:43:56 perf static_binary_x300 off: 0.148s
04:44:00 perf static_binary_x300 on: 0.158s
04:44:04 perf static_binary_x300 on: 0.156s
04:44:04 perf static_binary_x300 off: 0.151s
04:44:05 perf static_binary_x300 off: 0.151s
04:44:08 perf static_binary_x300 on: 0.157s
04:44:12 perf static_binary_x300 on: 0.155s
04:44:13 perf static_binary_x300 off: 0.151s
04:44:13 perf static_binary_x300 off: 0.152s
04:44:17 perf static_binary_x300 on: 0.153s
04:44:21 perf static_binary_x300 on: 0.153s
04:44:21 perf static_binary_x300 off: 0.160s
04:44:21 perf static_binary_x300 off: 0.157s
04:44:25 perf static_binary_x300 on: 0.154s
04:44:29 perf static_binary_x300 on: 0.159s
04:44:29 perf static_binary_x300 off: 0.153s
04:44:29 perf static_binary_x300 off: 0.153s
04:44:33 perf static_binary_x300 on: 0.154s
04:44:37 perf static_binary_x300 on: 0.155s
04:44:37 perf static_binary_x300 off: 0.154s
04:44:37 perf static_binary_x300 off: 0.152s
04:44:41 perf static_binary_x300 on: 0.159s
04:44:45 perf static_binary_x300 on: 0.161s
04:44:46 perf static_binary_x300 off: 0.149s
04:44:46 perf static_binary_x300 off: 0.148s
04:44:50 perf static_binary_x300 on: 0.160s
04:44:54 perf static_binary_x300 on: 0.158s
04:44:54 perf static_binary_x300 off: 0.152s
04:44:58 verdict PASS; failed: []
