10:33:00 functional fixtures
10:33:11   PASS creator_attribution_ge_99pct
10:33:11   PASS useful_input_recall_ge_95pct
10:33:11   PASS no_unlabelled_false_lineage
10:33:11   PASS msvc_header_impact_reaches_all_includers_and_app
10:33:11   PASS msvc_header_impact_excludes_non_includer
10:33:11   PASS msvc_source_impact_reaches_its_object_and_app
10:33:11   PASS msvc_source_impact_other_objects_only_as_labelled_shared
10:33:11   PASS incremental_rebuild_history
10:33:11   PASS rename_chain_steps_recorded
10:33:11   PASS rename_impact_reaches_final_name
10:33:11   PASS recreate_history_two_writes
10:33:11   PASS parent_child_parent_is_cmd
10:33:11   PASS vite_human_view_hides_node_modules
10:33:11   PASS vite_raw_view_retains_dependency_reads
10:33:11   PASS vite_transitive_impact_to_postbuild
10:33:11   PASS paths_absolute_dos_and_in_scope
10:33:11   PASS no_state_dir_evidence
10:33:11   PASS zero_loss
10:33:11   PASS secret_arguments_redacted
10:33:11   PASS case_insensitive_query
10:33:11   PASS outside_workspace_not_stored
10:33:11   PASS mmap_reads_attributed_to_link
10:33:11   PASS no_foreign_file_object_attribution
10:33:11   accuracy {'tested_outputs': 64, 'creator_attribution': 1.0, 'expected_inputs': 142, 'found_inputs': 142, 'useful_input_recall': 1.0, 'unlabelled_false_inputs': 0, 'foreign_file_objects_rejected': 6}
