2026-09-28 02:42:12 whyfs service listening on \\.\pipe\whyfs-service
2026-09-28 02:42:12 machine labels: service process 4600 started
2026-09-28 02:42:27 start C:\Users\runneradmin\AppData\Local\Temp\whyfs-msi-user-ws pid 6584 session whyfs-201334dc62424c6d user S-1-5-21-1535354919-3125631827-3241930664-500
2026-09-28 02:42:29 stop C:\Users\runneradmin\AppData\Local\Temp\whyfs-msi-user-ws exit 0
2026-09-28 02:42:31 machine labels: service process exited 0
2026-09-28 02:42:34 whyfs service listening on \\.\pipe\whyfs-service
2026-09-28 02:42:34 machine labels: service process 5944 started
2026-09-28 02:42:35 start C:\Users\runneradmin\AppData\Local\Temp\whyfs-upgrade-ws pid 4020 session whyfs-abe1fad5a47b91d8 user S-1-5-21-1535354919-3125631827-3241930664-500
2026-09-28 02:42:37 stop C:\Users\runneradmin\AppData\Local\Temp\whyfs-upgrade-ws exit 0
2026-09-28 02:42:38 machine labels: service process exited 0
2026-09-28 02:42:40 whyfs service listening on \\.\pipe\whyfs-service
2026-09-28 02:42:40 machine labels: service process 1076 started
2026-09-28 02:42:42 start C:\Users\runneradmin\AppData\Local\Temp\whyfs-upgrade-ws pid 6764 session whyfs-abe1fad5a47b91d8 user S-1-5-21-1535354919-3125631827-3241930664-500
2026-09-28 02:42:43 stop C:\Users\runneradmin\AppData\Local\Temp\whyfs-upgrade-ws exit 0
2026-09-28 02:42:46 machine labels: service process exited 0
2026-09-28 02:43:03 whyfs service listening on \\.\pipe\whyfs-service
2026-09-28 02:43:03 machine labels: service process 7100 started
2026-09-28 02:43:40 stopped orphaned ETW session whyfs-machine (rc 0)
2026-09-28 02:43:40 stopped orphaned ETW session whyfs-machine-sys (rc 0)
2026-09-28 02:43:40 whyfs service listening on \\.\pipe\whyfs-service
2026-09-28 02:43:40 machine labels: service process 4496 started
2026-09-28 02:43:56 start C:\Users\runneradmin\whyfs-outage-8f21e9ed\workspace-capture pid 5600 session whyfs-34bba58a14a04943 user S-1-5-21-1535354919-3125631827-3241930664-500
2026-09-28 02:43:57 stop C:\Users\runneradmin\whyfs-outage-8f21e9ed\workspace-capture exit 0
2026-09-28 02:44:42 start C:\Users\runneradmin\AppData\Local\Temp\whyfs-corpus-dotah7bs pid 7104 session whyfs-612e3d34278c956c user S-1-5-21-1535354919-3125631827-3241930664-500
2026-09-28 02:44:45 stop C:\Users\runneradmin\AppData\Local\Temp\whyfs-corpus-dotah7bs exit 0
2026-09-28 02:44:46 start C:\Users\runneradmin\AppData\Local\Temp\whyfs-secret-4je2czli pid 2524 session whyfs-f918e91af423220b user S-1-5-21-1535354919-3125631827-3241930664-500
2026-09-28 02:44:48 stop C:\Users\runneradmin\AppData\Local\Temp\whyfs-secret-4je2czli exit 0
2026-09-28 02:44:55 start C:\Users\runneradmin\AppData\Local\Temp\whyfs-wingate\func pid 732 session whyfs-a8996beb1407ddb0 user S-1-5-21-1535354919-3125631827-3241930664-500
2026-09-28 02:45:11 stop C:\Users\runneradmin\AppData\Local\Temp\whyfs-wingate\func exit 0
2026-09-28 02:55:17 machine labels: service process exited 0
2026-09-28 02:55:33 whyfs service listening on \\.\pipe\whyfs-service
2026-09-28 02:55:33 machine labels: service process 5620 started
2026-09-28 02:55:51 machine labels: service process exited 0
2026-09-28 02:56:08 whyfs service listening on \\.\pipe\whyfs-service
2026-09-28 02:56:08 machine labels: service process 6276 started
2026-09-28 02:56:26 machine labels: service process exited 0
2026-09-28 02:56:43 whyfs service listening on \\.\pipe\whyfs-service
2026-09-28 02:56:43 machine labels: service process 496 started
2026-09-28 02:57:18 machine labels: service process exited 0
2026-09-28 02:57:50 whyfs service listening on \\.\pipe\whyfs-service
2026-09-28 02:57:50 machine labels: service process 432 started
2026-09-28 02:58:25 machine labels: service process exited 0
2026-09-28 02:58:57 whyfs service listening on \\.\pipe\whyfs-service
2026-09-28 02:58:57 machine labels: service process 3744 started
2026-09-28 02:59:32 machine labels: service process exited 0
2026-09-28 03:00:04 whyfs service listening on \\.\pipe\whyfs-service
2026-09-28 03:00:04 machine labels: service process 2340 started
2026-09-28 03:00:39 machine labels: service process exited 0
2026-09-28 03:01:11 whyfs service listening on \\.\pipe\whyfs-service
2026-09-28 03:01:11 machine labels: service process 2124 started
2026-09-28 03:01:47 machine labels: service process exited 0
2026-09-28 03:02:19 whyfs service listening on \\.\pipe\whyfs-service
2026-09-28 03:02:19 machine labels: service process 5292 started
2026-09-28 03:02:56 machine labels: service process exited 0
2026-09-28 03:03:28 whyfs service listening on \\.\pipe\whyfs-service
2026-09-28 03:03:28 machine labels: service process 5404 started
2026-09-28 03:04:04 machine labels: service process exited 0
2026-09-28 03:04:36 whyfs service listening on \\.\pipe\whyfs-service
2026-09-28 03:04:36 machine labels: service process 7160 started
2026-09-28 03:05:13 machine labels: service process exited 0
2026-09-28 03:05:45 whyfs service listening on \\.\pipe\whyfs-service
2026-09-28 03:05:45 machine labels: service process 6008 started
2026-09-28 03:06:23 machine labels: service process exited 0
2026-09-28 03:06:55 whyfs service listening on \\.\pipe\whyfs-service
2026-09-28 03:06:55 machine labels: service process 6840 started
2026-09-28 03:07:31 machine labels: service process exited 0
2026-09-28 03:07:50 whyfs service listening on \\.\pipe\whyfs-service
2026-09-28 03:07:50 machine labels: service process 1924 started
2026-09-28 03:07:55 machine labels: service process exited 0
2026-09-28 03:07:58 whyfs service listening on \\.\pipe\whyfs-service
2026-09-28 03:07:58 machine labels: service process 3404 started
2026-09-28 03:08:02 machine labels: service process exited 0
2026-09-28 03:08:05 whyfs service listening on \\.\pipe\whyfs-service
2026-09-28 03:08:05 machine labels: service process 6864 started
2026-09-28 03:08:12 machine labels: service process exited 0
2026-09-28 03:08:17 whyfs service listening on \\.\pipe\whyfs-service
2026-09-28 03:08:17 machine labels: service process 1668 started
2026-09-28 03:08:25 machine labels: service process exited 0
2026-09-28 03:08:30 whyfs service listening on \\.\pipe\whyfs-service
2026-09-28 03:08:30 machine labels: service process 6876 started
2026-09-28 03:08:37 machine labels: service process exited 0
2026-09-28 03:08:42 whyfs service listening on \\.\pipe\whyfs-service
2026-09-28 03:08:42 machine labels: service process 6600 started
2026-09-28 03:08:50 machine labels: service process exited 0
2026-09-28 03:08:55 whyfs service listening on \\.\pipe\whyfs-service
2026-09-28 03:08:55 machine labels: service process 5248 started
2026-09-28 03:09:02 machine labels: service process exited 0
2026-09-28 03:09:07 whyfs service listening on \\.\pipe\whyfs-service
2026-09-28 03:09:07 machine labels: service process 1868 started
2026-09-28 03:09:15 machine labels: service process exited 0
2026-09-28 03:09:20 whyfs service listening on \\.\pipe\whyfs-service
2026-09-28 03:09:20 machine labels: service process 6276 started
2026-09-28 03:09:27 machine labels: service process exited 0
2026-09-28 03:09:32 whyfs service listening on \\.\pipe\whyfs-service
2026-09-28 03:09:32 machine labels: service process 6364 started
2026-09-28 03:09:40 machine labels: service process exited 0
2026-09-28 03:09:45 whyfs service listening on \\.\pipe\whyfs-service
2026-09-28 03:09:45 machine labels: service process 6912 started
2026-09-28 03:09:52 machine labels: service process exited 0
2026-09-28 03:09:58 whyfs service listening on \\.\pipe\whyfs-service
2026-09-28 03:09:58 machine labels: service process 4544 started
2026-09-28 03:10:05 machine labels: service process exited 0
2026-09-28 03:10:13 whyfs service listening on \\.\pipe\whyfs-service
2026-09-28 03:10:13 machine labels: service process 3244 started
2026-09-28 03:10:20 machine labels: service process exited 0
2026-09-28 03:10:24 whyfs service listening on \\.\pipe\whyfs-service
2026-09-28 03:10:24 machine labels: service process 1452 started
2026-09-28 03:10:31 machine labels: service process exited 0
2026-09-28 03:10:35 whyfs service listening on \\.\pipe\whyfs-service
2026-09-28 03:10:35 machine labels: service process 5508 started
2026-09-28 03:10:46 machine labels: service process exited 0
2026-09-28 03:10:55 whyfs service listening on \\.\pipe\whyfs-service
2026-09-28 03:10:55 machine labels: service process 6772 started
2026-09-28 03:11:07 machine labels: service process exited 0
2026-09-28 03:11:15 whyfs service listening on \\.\pipe\whyfs-service
2026-09-28 03:11:15 machine labels: service process 6592 started
2026-09-28 03:11:27 machine labels: service process exited 0
2026-09-28 03:11:35 whyfs service listening on \\.\pipe\whyfs-service
2026-09-28 03:11:35 machine labels: service process 7016 started
2026-09-28 03:11:47 machine labels: service process exited 0
2026-09-28 03:11:56 whyfs service listening on \\.\pipe\whyfs-service
2026-09-28 03:11:56 machine labels: service process 3892 started
2026-09-28 03:12:08 machine labels: service process exited 0
2026-09-28 03:12:17 whyfs service listening on \\.\pipe\whyfs-service
2026-09-28 03:12:17 machine labels: service process 6284 started
2026-09-28 03:12:29 machine labels: service process exited 0
2026-09-28 03:12:37 whyfs service listening on \\.\pipe\whyfs-service
2026-09-28 03:12:37 machine labels: service process 3132 started
2026-09-28 03:12:50 machine labels: service process exited 0
2026-09-28 03:12:58 whyfs service listening on \\.\pipe\whyfs-service
2026-09-28 03:12:58 machine labels: service process 5072 started
2026-09-28 03:13:10 machine labels: service process exited 0
2026-09-28 03:13:19 whyfs service listening on \\.\pipe\whyfs-service
2026-09-28 03:13:19 machine labels: service process 128 started
2026-09-28 03:13:31 machine labels: service process exited 0
2026-09-28 03:13:40 whyfs service listening on \\.\pipe\whyfs-service
2026-09-28 03:13:40 machine labels: service process 5280 started
2026-09-28 03:13:52 machine labels: service process exited 0
2026-09-28 03:13:57 whyfs service listening on \\.\pipe\whyfs-service
2026-09-28 03:13:57 machine labels: service process 1980 started
