2026-09-29 02:00:37 whyfs service listening on \\.\pipe\whyfs-service
2026-09-29 02:00:37 machine labels: service process 1780 started
2026-09-29 02:00:53 start C:\Users\runneradmin\AppData\Local\Temp\whyfs-msi-user-ws pid 1572 session whyfs-201334dc62424c6d user S-1-5-21-1535354919-3125631827-3241930664-500
2026-09-29 02:00:55 stop C:\Users\runneradmin\AppData\Local\Temp\whyfs-msi-user-ws exit 0
2026-09-29 02:00:57 machine labels: service process exited 0
2026-09-29 02:01:00 whyfs service listening on \\.\pipe\whyfs-service
2026-09-29 02:01:00 machine labels: service process 5476 started
2026-09-29 02:01:02 start C:\Users\runneradmin\AppData\Local\Temp\whyfs-upgrade-ws pid 6220 session whyfs-abe1fad5a47b91d8 user S-1-5-21-1535354919-3125631827-3241930664-500
2026-09-29 02:01:04 stop C:\Users\runneradmin\AppData\Local\Temp\whyfs-upgrade-ws exit 0
2026-09-29 02:01:05 machine labels: service process exited 0
2026-09-29 02:01:07 whyfs service listening on \\.\pipe\whyfs-service
2026-09-29 02:01:07 machine labels: service process 1480 started
2026-09-29 02:01:09 start C:\Users\runneradmin\AppData\Local\Temp\whyfs-upgrade-ws pid 7576 session whyfs-abe1fad5a47b91d8 user S-1-5-21-1535354919-3125631827-3241930664-500
2026-09-29 02:01:10 stop C:\Users\runneradmin\AppData\Local\Temp\whyfs-upgrade-ws exit 0
2026-09-29 02:01:13 machine labels: service process exited 0
2026-09-29 02:01:28 whyfs service listening on \\.\pipe\whyfs-service
2026-09-29 02:01:28 machine labels: service process 1232 started
2026-09-29 02:02:06 stopped orphaned ETW session whyfs-machine (rc 0)
2026-09-29 02:02:06 stopped orphaned ETW session whyfs-machine-sys (rc 0)
2026-09-29 02:02:06 whyfs service listening on \\.\pipe\whyfs-service
2026-09-29 02:02:06 machine labels: service process 3424 started
2026-09-29 02:02:22 start C:\Users\runneradmin\whyfs-outage-17ae7625\workspace-capture pid 5668 session whyfs-b523d081d4959e21 user S-1-5-21-1535354919-3125631827-3241930664-500
2026-09-29 02:02:22 stop C:\Users\runneradmin\whyfs-outage-17ae7625\workspace-capture exit 0
2026-09-29 02:03:07 start C:\Users\runneradmin\AppData\Local\Temp\whyfs-corpus-bfq3ez68 pid 5856 session whyfs-0efd337e3ec8c2b5 user S-1-5-21-1535354919-3125631827-3241930664-500
2026-09-29 02:03:10 stop C:\Users\runneradmin\AppData\Local\Temp\whyfs-corpus-bfq3ez68 exit 0
2026-09-29 02:03:11 start C:\Users\runneradmin\AppData\Local\Temp\whyfs-secret-6hp8g9h_ pid 7568 session whyfs-8c3431fdf51d08a3 user S-1-5-21-1535354919-3125631827-3241930664-500
2026-09-29 02:03:13 stop C:\Users\runneradmin\AppData\Local\Temp\whyfs-secret-6hp8g9h_ exit 0
2026-09-29 02:03:19 start C:\Users\runneradmin\AppData\Local\Temp\whyfs-wingate\func pid 4004 session whyfs-a8996beb1407ddb0 user S-1-5-21-1535354919-3125631827-3241930664-500
2026-09-29 02:03:24 stop C:\Users\runneradmin\AppData\Local\Temp\whyfs-wingate\func exit 0
