16:41:46 graduation: user=runner base=/home/runner/whyfs-graduation-ws
16:41:49 functional: static binary
16:41:49 functional: parallel build #1 (clean)
16:41:50 functional: header change -> build #2
16:41:50 functional: source change -> build #3
16:41:50 functional: vite build + postbuild
16:41:51 functional: copy / rename / move chain
16:41:56 perf make_j8_36_units warmup off: 0.293s
16:42:01 perf make_j8_36_units warmup on: 0.300s
16:42:01 perf make_j8_36_units warmup off: 0.292s
16:42:05 perf make_j8_36_units warmup on: 0.298s
16:42:06 perf make_j8_36_units off: 0.296s
16:42:10 perf make_j8_36_units on: 0.302s
16:42:14 perf make_j8_36_units on: 0.298s
16:42:15 perf make_j8_36_units off: 0.290s
16:42:15 perf make_j8_36_units off: 0.288s
16:42:19 perf make_j8_36_units on: 0.275s
16:42:23 perf make_j8_36_units on: 0.278s
16:42:24 perf make_j8_36_units off: 0.278s
16:42:24 perf make_j8_36_units off: 0.271s
16:42:28 perf make_j8_36_units on: 0.273s
16:42:32 perf make_j8_36_units on: 0.272s
16:42:33 perf make_j8_36_units off: 0.279s
16:42:33 perf make_j8_36_units off: 0.275s
16:42:37 perf make_j8_36_units on: 0.283s
16:42:41 perf make_j8_36_units on: 0.300s
16:42:42 perf make_j8_36_units off: 0.319s
16:42:42 perf make_j8_36_units off: 0.306s
16:42:46 perf make_j8_36_units on: 0.305s
16:42:51 perf make_j8_36_units on: 0.276s
16:42:51 perf make_j8_36_units off: 0.279s
16:42:51 perf make_j8_36_units off: 0.277s
16:42:55 perf make_j8_36_units on: 0.277s
16:43:00 perf make_j8_36_units on: 0.280s
16:43:00 perf make_j8_36_units off: 0.275s
16:43:00 perf make_j8_36_units off: 0.272s
16:43:04 perf make_j8_36_units on: 0.271s
16:43:09 perf make_j8_36_units on: 0.277s
16:43:09 perf make_j8_36_units off: 0.270s
16:43:09 perf make_j8_36_units off: 0.343s
16:43:14 perf make_j8_36_units on: 0.275s
16:43:18 perf make_j8_36_units on: 0.354s
16:43:18 perf make_j8_36_units off: 0.271s
16:43:19 perf make_j8_36_units off: 0.266s
16:43:23 perf make_j8_36_units on: 0.272s
16:43:27 perf make_j8_36_units on: 0.278s
16:43:27 perf make_j8_36_units off: 0.264s
16:43:28 perf make_j8_36_units off: 0.292s
16:43:32 perf make_j8_36_units on: 0.277s
16:43:36 perf make_j8_36_units on: 0.283s
16:43:36 perf make_j8_36_units off: 0.270s
16:43:37 perf vite_build warmup off: 0.270s
16:43:41 perf vite_build warmup on: 0.257s
16:43:41 perf vite_build warmup off: 0.261s
16:43:45 perf vite_build warmup on: 0.266s
16:43:45 perf vite_build off: 0.264s
16:43:50 perf vite_build on: 0.264s
16:43:54 perf vite_build on: 0.262s
16:43:54 perf vite_build off: 0.262s
16:43:54 perf vite_build off: 0.263s
16:43:58 perf vite_build on: 0.258s
16:44:02 perf vite_build on: 0.272s
16:44:03 perf vite_build off: 0.258s
16:44:03 perf vite_build off: 0.268s
16:44:07 perf vite_build on: 0.264s
16:44:11 perf vite_build on: 0.253s
16:44:12 perf vite_build off: 0.258s
16:44:12 perf vite_build off: 0.261s
16:44:16 perf vite_build on: 0.261s
16:44:20 perf vite_build on: 0.270s
16:44:20 perf vite_build off: 0.268s
16:44:21 perf vite_build off: 0.264s
16:44:25 perf vite_build on: 0.254s
16:44:29 perf vite_build on: 0.263s
16:44:29 perf vite_build off: 0.259s
16:44:30 perf vite_build off: 0.271s
16:44:34 perf vite_build on: 0.265s
16:44:38 perf vite_build on: 0.267s
16:44:38 perf vite_build off: 0.265s
16:44:39 perf vite_build off: 0.272s
16:44:43 perf vite_build on: 0.268s
16:44:47 perf vite_build on: 0.266s
16:44:47 perf vite_build off: 0.266s
16:44:47 perf vite_build off: 0.270s
16:44:52 perf vite_build on: 0.270s
16:44:56 perf vite_build on: 0.270s
16:44:56 perf vite_build off: 0.262s
16:44:56 perf vite_build off: 0.273s
16:45:00 perf vite_build on: 0.267s
16:45:05 perf vite_build on: 0.261s
16:45:05 perf vite_build off: 0.261s
16:45:05 perf vite_build off: 0.262s
16:45:09 perf vite_build on: 0.267s
16:45:13 perf vite_build on: 0.265s
16:45:14 perf vite_build off: 0.267s
16:45:14 perf static_binary_x300 warmup off: 0.160s
16:45:18 perf static_binary_x300 warmup on: 0.163s
16:45:18 perf static_binary_x300 warmup off: 0.161s
16:45:22 perf static_binary_x300 warmup on: 0.162s
16:45:22 perf static_binary_x300 off: 0.160s
16:45:26 perf static_binary_x300 on: 0.160s
16:45:30 perf static_binary_x300 on: 0.167s
16:45:30 perf static_binary_x300 off: 0.166s
16:45:31 perf static_binary_x300 off: 0.161s
16:45:35 perf static_binary_x300 on: 0.162s
16:45:39 perf static_binary_x300 on: 0.160s
16:45:39 perf static_binary_x300 off: 0.159s
16:45:39 perf static_binary_x300 off: 0.153s
16:45:43 perf static_binary_x300 on: 0.163s
16:45:47 perf static_binary_x300 on: 0.159s
16:45:47 perf static_binary_x300 off: 0.155s
16:45:47 perf static_binary_x300 off: 0.156s
16:45:51 perf static_binary_x300 on: 0.159s
16:45:56 perf static_binary_x300 on: 0.172s
16:45:56 perf static_binary_x300 off: 0.166s
16:45:56 perf static_binary_x300 off: 0.164s
16:46:00 perf static_binary_x300 on: 0.169s
16:46:04 perf static_binary_x300 on: 0.176s
16:46:04 perf static_binary_x300 off: 0.165s
16:46:04 perf static_binary_x300 off: 0.163s
16:46:08 perf static_binary_x300 on: 0.161s
16:46:12 perf static_binary_x300 on: 0.171s
16:46:13 perf static_binary_x300 off: 0.167s
16:46:13 perf static_binary_x300 off: 0.167s
16:46:17 perf static_binary_x300 on: 0.166s
16:46:21 perf static_binary_x300 on: 0.166s
16:46:21 perf static_binary_x300 off: 0.161s
16:46:22 perf static_binary_x300 off: 0.162s
16:46:26 perf static_binary_x300 on: 0.165s
16:46:30 perf static_binary_x300 on: 0.153s
16:46:30 perf static_binary_x300 off: 0.158s
16:46:30 perf static_binary_x300 off: 0.153s
16:46:34 perf static_binary_x300 on: 0.162s
16:46:38 perf static_binary_x300 on: 0.163s
16:46:38 perf static_binary_x300 off: 0.158s
16:46:39 perf static_binary_x300 off: 0.156s
16:46:43 perf static_binary_x300 on: 0.166s
16:46:47 perf static_binary_x300 on: 0.171s
16:46:47 perf static_binary_x300 off: 0.166s
16:46:51 verdict PASS; failed: []
