19:03:48 normal off warmup: 0.133s collector None ms writer None ms
19:03:59 normal on warmup: 0.140s collector 2.26 ms writer 0.0 ms
19:04:08 normal off: 0.132s collector None ms writer None ms
19:04:19 normal on: 0.142s collector 1.94 ms writer 0.0 ms
19:04:27 normal on: 0.137s collector 2.52 ms writer 0.0 ms
19:04:36 normal off: 0.137s collector None ms writer None ms
19:04:44 normal off: 0.135s collector None ms writer None ms
19:04:55 normal on: 0.143s collector 2.28 ms writer 0.0 ms
19:05:03 normal on: 0.139s collector 2.81 ms writer 0.0 ms
19:05:12 normal off: 0.132s collector None ms writer None ms
19:05:20 normal off: 0.136s collector None ms writer None ms
19:05:31 normal on: 0.139s collector 2.81 ms writer 0.0 ms
19:05:40 normal on: 0.136s collector 2.29 ms writer 0.0 ms
19:05:48 normal off: 0.135s collector None ms writer None ms
19:05:57 normal off: 0.131s collector None ms writer None ms
19:06:08 normal on: 0.140s collector 2.62 ms writer 0.0 ms
19:06:16 normal on: 0.138s collector 2.52 ms writer 0.0 ms
19:06:25 normal off: 0.131s collector None ms writer None ms
19:06:33 normal off: 0.133s collector None ms writer None ms
19:06:44 normal on: 0.138s collector 2.69 ms writer 0.0 ms
19:06:52 normal on: 0.137s collector 2.39 ms writer 0.0 ms
19:07:01 normal off: 0.133s collector None ms writer None ms
19:07:01 normal: median paired overhead 4.37%  {"collector": {"cpu_ms": 6.33, "ctx": 144.0, "write_ops": 1.5, "write_bytes": 0.0, "read_ops": 0.0}, "writer": {"cpu_ms": 11.21, "ctx": 2.5, "write_ops": 1212.5, "write_bytes": 2017280.0, "read_ops": 442.0}, "daemon": {"cpu_ms": 3.21, "ctx": 28.5, "write_ops": 36.0, "write_bytes": 73728.0, "read_ops": 3.5}, "store": {"cpu_ms": null, "ctx": null, "write_ops": null, "write_bytes": null, "read_ops": null}}
