19:00:07 normal off warmup: 0.135s collector None ms writer None ms
19:00:11 normal on warmup: 0.144s collector 2.39 ms writer 0.0 ms
19:00:13 normal off: 0.135s collector None ms writer None ms
19:00:17 normal on: 0.139s collector 2.11 ms writer 0.0 ms
19:00:19 normal on: 0.143s collector 2.24 ms writer 0.0 ms
19:00:21 normal off: 0.140s collector None ms writer None ms
19:00:22 normal off: 0.139s collector None ms writer None ms
19:00:26 normal on: 0.144s collector 2.29 ms writer 0.0 ms
19:00:28 normal on: 0.140s collector 2.44 ms writer 0.0 ms
19:00:30 normal off: 0.138s collector None ms writer None ms
19:00:31 normal off: 0.133s collector None ms writer None ms
19:00:36 normal on: 0.143s collector 2.26 ms writer 0.0 ms
19:00:37 normal on: 0.138s collector 2.42 ms writer 0.0 ms
19:00:39 normal off: 0.136s collector None ms writer None ms
19:00:41 normal off: 0.135s collector None ms writer None ms
19:00:45 normal on: 0.145s collector 2.56 ms writer 0.0 ms
19:00:46 normal on: 0.143s collector 2.74 ms writer 0.0 ms
19:00:48 normal off: 0.136s collector None ms writer None ms
19:00:50 normal off: 0.139s collector None ms writer None ms
19:00:54 normal on: 0.146s collector 2.57 ms writer 0.0 ms
19:00:55 normal on: 0.143s collector 2.72 ms writer 0.0 ms
19:00:57 normal off: 0.141s collector None ms writer None ms
19:00:59 normal off: 0.136s collector None ms writer None ms
19:01:03 normal on: 0.142s collector 2.72 ms writer 0.0 ms
19:01:05 normal on: 0.143s collector 2.85 ms writer 0.0 ms
19:01:07 normal off: 0.135s collector None ms writer None ms
19:01:08 normal off: 0.136s collector None ms writer None ms
19:01:12 normal on: 0.146s collector 2.49 ms writer 0.0 ms
19:01:14 normal on: 0.148s collector 2.48 ms writer 0.0 ms
19:01:16 normal off: 0.140s collector None ms writer None ms
19:01:17 normal off: 0.138s collector None ms writer None ms
19:01:21 normal on: 0.140s collector 2.69 ms writer 0.0 ms
19:01:23 normal on: 0.145s collector 2.8 ms writer 0.0 ms
19:01:25 normal off: 0.137s collector None ms writer None ms
19:01:26 normal off: 0.136s collector None ms writer None ms
19:01:31 normal on: 0.145s collector 2.73 ms writer 0.0 ms
19:01:32 normal on: 0.141s collector 1.98 ms writer 0.0 ms
19:01:34 normal off: 0.136s collector None ms writer None ms
19:01:36 normal off: 0.141s collector None ms writer None ms
19:01:40 normal on: 0.144s collector 2.5 ms writer 0.0 ms
19:01:41 normal on: 0.141s collector 2.61 ms writer 0.0 ms
19:01:43 normal off: 0.137s collector None ms writer None ms
19:02:00 verify: {'checked': 300, 'labelled': 300, 'creator_ok': 300, 'complete': 300, 'identity_match': 300, 'failures': [], 'ok': True}
19:02:00 normal: median paired overhead 3.47%  {"collector": {"cpu_ms": 2.95, "ctx": 9.0, "write_ops": 0.0, "write_bytes": 0.0, "read_ops": 0.0}, "writer": {"cpu_ms": 0.0, "ctx": 0.0, "write_ops": 0.0, "write_bytes": 0.0, "read_ops": 0.0}, "daemon": {"cpu_ms": 0.09, "ctx": 1.0, "write_ops": 0.0, "write_bytes": 0.0, "read_ops": 0.0}, "store": {"cpu_ms": null, "ctx": null, "write_ops": null, "write_bytes": null, "read_ops": null}}
19:02:01 discard off warmup: 0.137s collector None ms writer None ms
19:02:06 discard on warmup: 0.140s collector 0.19 ms writer None ms
19:02:08 discard off: 0.136s collector None ms writer None ms
19:02:12 discard on: 0.144s collector 0.19 ms writer None ms
19:02:13 discard on: 0.140s collector 0.18 ms writer None ms
19:02:15 discard off: 0.133s collector None ms writer None ms
19:02:17 discard off: 0.138s collector None ms writer None ms
19:02:21 discard on: 0.142s collector 0.21 ms writer None ms
19:02:22 discard on: 0.143s collector 0.2 ms writer None ms
19:02:24 discard off: 0.136s collector None ms writer None ms
19:02:26 discard off: 0.137s collector None ms writer None ms
19:02:30 discard on: 0.140s collector 0.2 ms writer None ms
19:02:31 discard on: 0.137s collector 0.19 ms writer None ms
19:02:33 discard off: 0.136s collector None ms writer None ms
19:02:35 discard off: 0.137s collector None ms writer None ms
19:02:39 discard on: 0.142s collector 0.16 ms writer None ms
19:02:40 discard on: 0.138s collector 0.15 ms writer None ms
19:02:42 discard off: 0.135s collector None ms writer None ms
19:02:44 discard off: 0.132s collector None ms writer None ms
19:02:48 discard on: 0.137s collector 0.14 ms writer None ms
19:02:50 discard on: 0.137s collector 0.15 ms writer None ms
19:02:51 discard off: 0.133s collector None ms writer None ms
19:02:53 discard off: 0.134s collector None ms writer None ms
19:02:57 discard on: 0.138s collector 0.14 ms writer None ms
19:02:59 discard on: 0.134s collector 0.15 ms writer None ms
19:03:00 discard off: 0.135s collector None ms writer None ms
19:03:02 discard off: 0.135s collector None ms writer None ms
19:03:06 discard on: 0.138s collector 0.15 ms writer None ms
19:03:08 discard on: 0.137s collector 0.17 ms writer None ms
19:03:09 discard off: 0.133s collector None ms writer None ms
19:03:11 discard off: 0.132s collector None ms writer None ms
19:03:15 discard on: 0.135s collector 0.17 ms writer None ms
19:03:17 discard on: 0.140s collector 0.2 ms writer None ms
19:03:18 discard off: 0.133s collector None ms writer None ms
19:03:20 discard off: 0.138s collector None ms writer None ms
19:03:24 discard on: 0.139s collector 0.19 ms writer None ms
19:03:26 discard on: 0.144s collector 0.2 ms writer None ms
19:03:28 discard off: 0.137s collector None ms writer None ms
19:03:29 discard off: 0.135s collector None ms writer None ms
19:03:33 discard on: 0.139s collector 0.18 ms writer None ms
19:03:35 discard on: 0.139s collector 0.19 ms writer None ms
19:03:37 discard off: 0.132s collector None ms writer None ms
19:03:37 discard: median paired overhead 3.12%  {"collector": {"cpu_ms": 0.29, "ctx": 7.0, "write_ops": 0.0, "write_bytes": 0.0, "read_ops": 0.0}, "writer": {"cpu_ms": null, "ctx": null, "write_ops": null, "write_bytes": null, "read_ops": null}, "daemon": {"cpu_ms": 0.09, "ctx": 1.0, "write_ops": 0.0, "write_bytes": 0.0, "read_ops": 0.0}, "store": {"cpu_ms": null, "ctx": null, "write_ops": null, "write_bytes": null, "read_ops": null}}
