16:57:16 cycle rate 4.569 GHz per processor, 2 processor(s)
16:57:29 normal off warmup: 1.442s busy 2189.34 ms collector None ms (+None after)
16:57:42 normal on warmup: 1.526s busy 2320.53 ms collector 5.95 ms (+33.78 after)
16:57:55 normal off: 1.706s busy 2469.06 ms collector None ms (+None after)
16:58:08 normal on: 1.453s busy 2265.99 ms collector 10.2 ms (+32.71 after)
16:58:20 normal on: 1.725s busy 2512.95 ms collector 9.03 ms (+31.99 after)
16:58:34 normal off: 1.660s busy 2445.63 ms collector None ms (+None after)
16:58:45 normal off: 1.652s busy 2450.34 ms collector None ms (+None after)
16:58:58 normal on: 1.424s busy 2200.13 ms collector 9.33 ms (+33.05 after)
16:59:10 normal on: 1.454s busy 2239.08 ms collector 6.43 ms (+34.12 after)
16:59:23 normal off: 1.563s busy 2325.52 ms collector None ms (+None after)
16:59:34 normal off: 1.389s busy 2144.7 ms collector None ms (+None after)
16:59:46 normal on: 1.603s busy 2428.14 ms collector 5.26 ms (+38.77 after)
16:59:58 normal on: 1.639s busy 2429.19 ms collector 5.61 ms (+36.49 after)
17:00:12 normal off: 1.750s busy 2519.66 ms collector None ms (+None after)
17:00:23 normal off: 1.588s busy 2386.91 ms collector None ms (+None after)
17:00:36 normal on: 1.452s busy 2256.15 ms collector 8.45 ms (+36.24 after)
17:00:48 normal on: 1.602s busy 2393.18 ms collector 4.24 ms (+38.01 after)
17:01:02 normal off: 1.686s busy 2460.82 ms collector None ms (+None after)
17:01:13 normal off: 1.402s busy 2160.93 ms collector None ms (+None after)
17:01:26 normal on: 1.511s busy 2310.23 ms collector 7.68 ms (+40.02 after)
17:01:38 normal on: 1.692s busy 2489.01 ms collector 8.47 ms (+37.19 after)
17:01:52 normal off: 1.400s busy 2155.81 ms collector None ms (+None after)
17:01:53 normal: median paired overhead -5.68%  {"collector": {"cpu_ms": 42.64, "ctx": 172.0, "write_ops": 2895.0, "write_bytes": 5963700.0, "read_ops": 481.0}, "serve": {"cpu_ms": 6.9, "ctx": 337.0, "write_ops": 625.0, "write_bytes": 2555928.0, "read_ops": 629.0}, "svc": {"cpu_ms": 0.0, "ctx": 0.0, "write_ops": 0.0, "write_bytes": 0.0, "read_ops": 0.0}, "system": {"cpu_ms": 50.9, "ctx": 5574.5, "write_ops": 5.0, "write_bytes": 20480.0, "read_ops": 0.0}}
