16:48:36 cycle rate 4.553 GHz per processor, 2 processor(s)
16:48:45 normal off warmup: 1.692s busy 2468.75 ms collector None ms (+None after)
16:48:51 normal on warmup: 1.488s busy 2298.01 ms collector 9.02 ms (+1.21 after)
16:48:58 normal off: 1.682s busy 2480.95 ms collector None ms (+None after)
16:49:04 normal on: 1.539s busy 2346.16 ms collector 7.59 ms (+0.06 after)
16:49:09 normal on: 1.591s busy 2448.44 ms collector 22.54 ms (+0.64 after)
16:49:16 normal off: 1.687s busy 2457.09 ms collector None ms (+None after)
16:49:21 normal off: 1.818s busy 2594.28 ms collector None ms (+None after)
16:49:27 normal on: 1.536s busy 2350.29 ms collector 6.33 ms (+2.98 after)
16:49:32 normal on: 1.526s busy 2332.8 ms collector 21.15 ms (+1.72 after)
16:49:39 normal off: 1.637s busy 2420.38 ms collector None ms (+None after)
16:49:43 normal off: 1.547s busy 2322.67 ms collector None ms (+None after)
16:49:50 normal on: 1.701s busy 2505.98 ms collector 8.82 ms (+0.39 after)
16:49:55 normal on: 1.830s busy 2653.53 ms collector 22.53 ms (+0.22 after)
16:50:03 normal off: 1.415s busy 2181.58 ms collector None ms (+None after)
16:50:08 normal off: 1.745s busy 2539.93 ms collector None ms (+None after)
16:50:14 normal on: 1.450s busy 2242.3 ms collector 9.14 ms (+0.88 after)
16:50:19 normal on: 1.574s busy 2396.92 ms collector 22.81 ms (+1.48 after)
16:50:26 normal off: 1.686s busy 2469.69 ms collector None ms (+None after)
16:50:32 normal off: 1.744s busy 2514.57 ms collector None ms (+None after)
16:50:37 normal on: 1.573s busy 2370.75 ms collector 5.6 ms (+0.68 after)
16:50:42 normal on: 1.566s busy 2391.47 ms collector 21.72 ms (+2.42 after)
16:50:49 normal off: 1.610s busy 2374.6 ms collector None ms (+None after)
16:50:55 normal off: 1.678s busy 2441.42 ms collector None ms (+None after)
16:51:01 normal on: 1.439s busy 2236.4 ms collector 5.53 ms (+3.81 after)
16:51:06 normal on: 1.585s busy 2412.81 ms collector 20.83 ms (+2.63 after)
16:51:14 normal off: 1.655s busy 2442.27 ms collector None ms (+None after)
16:51:18 normal off: 1.644s busy 2450.2 ms collector None ms (+None after)
16:51:24 normal on: 1.504s busy 2306.46 ms collector 10.06 ms (+0.29 after)
16:51:30 normal on: 1.969s busy 2809.04 ms collector 21.89 ms (+0.09 after)
16:51:37 normal off: 1.473s busy 2245.53 ms collector None ms (+None after)
16:51:42 normal off: 1.407s busy 2169.18 ms collector None ms (+None after)
16:51:49 normal on: 1.750s busy 2553.08 ms collector 6.34 ms (+0.27 after)
16:51:53 normal on: 1.496s busy 2301.22 ms collector 20.59 ms (+0.42 after)
16:52:02 normal off: 1.630s busy 2398.59 ms collector None ms (+None after)
16:52:07 normal off: 1.497s busy 2273.96 ms collector None ms (+None after)
16:52:14 normal on: 1.743s busy 2537.17 ms collector 7.59 ms (+0.11 after)
16:52:19 normal on: 1.703s busy 2515.91 ms collector 17.97 ms (+0.1 after)
16:52:28 normal off: 1.502s busy 2289.1 ms collector None ms (+None after)
16:52:33 normal off: 1.753s busy 2522.24 ms collector None ms (+None after)
16:52:39 normal on: 1.510s busy 2341.45 ms collector 10.15 ms (+0.06 after)
16:52:44 normal on: 1.634s busy 2457.77 ms collector 22.14 ms (+2.92 after)
16:52:52 normal off: 1.773s busy 2543.63 ms collector None ms (+None after)
16:53:09 verify: {'checked': 300, 'labelled': 300, 'creator_ok': 300, 'complete': 300, 'identity_match': 300, 'failures': [], 'ok': True}
16:53:11 normal: median paired overhead -6.73%  {"collector": {"cpu_ms": 14.21, "ctx": 59.0, "write_ops": 245.0, "write_bytes": 504700.0, "read_ops": 2.0}, "serve": {"cpu_ms": 0.08, "ctx": 2.0, "write_ops": 0.0, "write_bytes": 0.0, "read_ops": 0.0}, "svc": {"cpu_ms": 0.0, "ctx": 0.0, "write_ops": 0.0, "write_bytes": 0.0, "read_ops": 0.0}, "system": {"cpu_ms": 42.77, "ctx": 4795.0, "write_ops": 4.0, "write_bytes": 16384.0, "read_ops": 0.0}}
16:53:16 discard off warmup: 1.409s busy 2175.47 ms collector None ms (+None after)
16:53:22 discard on warmup: 1.748s busy 2551.66 ms collector 0.84 ms (+0.02 after)
16:53:29 discard off: 1.671s busy 2428.57 ms collector None ms (+None after)
16:53:35 discard on: 1.555s busy 2339.36 ms collector 0.88 ms (+0.09 after)
16:53:40 discard on: 1.847s busy 2617.32 ms collector 0.96 ms (+0.2 after)
16:53:46 discard off: 1.466s busy 2235.69 ms collector None ms (+None after)
16:53:51 discard off: 1.628s busy 2392.34 ms collector None ms (+None after)
16:53:57 discard on: 1.597s busy 2400.51 ms collector 0.85 ms (+0.08 after)
16:54:02 discard on: 1.738s busy 2525.04 ms collector 1.02 ms (+0.02 after)
16:54:08 discard off: 1.605s busy 2416.54 ms collector None ms (+None after)
16:54:13 discard off: 1.648s busy 2401.22 ms collector None ms (+None after)
16:54:19 discard on: 1.458s busy 2244.96 ms collector 1.17 ms (+0.13 after)
16:54:24 discard on: 1.807s busy 2582.67 ms collector 1.21 ms (+0.02 after)
16:54:30 discard off: 1.490s busy 2253.29 ms collector None ms (+None after)
16:54:35 discard off: 1.725s busy 2496.56 ms collector None ms (+None after)
16:54:42 discard on: 1.964s busy 2770.57 ms collector 1.0 ms (+0.14 after)
16:54:48 discard on: 2.268s busy 3064.03 ms collector 0.96 ms (+0.01 after)
16:54:54 discard off: 1.595s busy 2352.24 ms collector None ms (+None after)
16:54:59 discard off: 1.664s busy 2426.48 ms collector None ms (+None after)
16:55:05 discard on: 1.949s busy 2736.61 ms collector 1.02 ms (+0.02 after)
16:55:10 discard on: 1.549s busy 2347.78 ms collector 0.88 ms (+0.02 after)
16:55:17 discard off: 1.695s busy 2438.54 ms collector None ms (+None after)
16:55:22 discard off: 1.835s busy 2593.43 ms collector None ms (+None after)
16:55:29 discard on: 1.544s busy 2330.2 ms collector 1.12 ms (+0.03 after)
16:55:33 discard on: 1.644s busy 2425.01 ms collector 0.85 ms (+0.31 after)
16:55:39 discard off: 1.406s busy 2190.25 ms collector None ms (+None after)
16:55:44 discard off: 1.689s busy 2455.09 ms collector None ms (+None after)
16:55:50 discard on: 1.504s busy 2287.11 ms collector 0.9 ms (+0.29 after)
16:55:55 discard on: 1.632s busy 2429.29 ms collector 0.9 ms (+0.24 after)
16:56:02 discard off: 1.452s busy 2234.28 ms collector None ms (+None after)
16:56:06 discard off: 1.722s busy 2485.78 ms collector None ms (+None after)
16:56:12 discard on: 1.543s busy 2335.96 ms collector 1.22 ms (+0.02 after)
16:56:18 discard on: 1.476s busy 2273.27 ms collector 1.14 ms (+0.03 after)
16:56:24 discard off: 1.429s busy 2185.51 ms collector None ms (+None after)
16:56:29 discard off: 1.817s busy 2578.87 ms collector None ms (+None after)
16:56:34 discard on: 1.442s busy 2222.02 ms collector 0.89 ms (+0.03 after)
16:56:40 discard on: 1.721s busy 2527.01 ms collector 1.14 ms (+0.02 after)
16:56:47 discard off: 1.683s busy 2448.53 ms collector None ms (+None after)
16:56:51 discard off: 1.508s busy 2261.95 ms collector None ms (+None after)
16:56:57 discard on: 1.497s busy 2284.64 ms collector 0.8 ms (+0.42 after)
16:57:02 discard on: 1.701s busy 2482.14 ms collector 0.86 ms (+0.25 after)
16:57:08 discard off: 1.454s busy 2218.24 ms collector None ms (+None after)
16:57:09 discard: median paired overhead 2.74%  {"collector": {"cpu_ms": 1.15, "ctx": 34.5, "write_ops": 0.0, "write_bytes": 0.0, "read_ops": 0.0}, "serve": {"cpu_ms": 0.08, "ctx": 2.0, "write_ops": 0.0, "write_bytes": 0.0, "read_ops": 0.0}, "svc": {"cpu_ms": 0.0, "ctx": 0.0, "write_ops": 0.0, "write_bytes": 0.0, "read_ops": 0.0}, "system": {"cpu_ms": 39.11, "ctx": 4768.5, "write_ops": 4.0, "write_bytes": 16384.0, "read_ops": 0.0}}
