10:09:30 cycle rate 4.924 GHz per processor, 2 processor(s)
10:09:50 normal off warmup: 3.803s busy 6386.4 ms collector None ms (+None after)
10:10:09 normal on warmup: 4.705s busy 8505.75 ms collector 33.53 ms (+32.06 after)
10:10:29 normal off: 4.639s busy 8388.59 ms collector None ms (+None after)
10:10:48 normal on: 4.423s busy 7715.73 ms collector 33.5 ms (+30.94 after)
10:11:06 normal on: 4.655s busy 8365.92 ms collector 42.44 ms (+29.52 after)
10:11:25 normal off: 4.382s busy 8393.45 ms collector None ms (+None after)
10:11:43 normal off: 4.725s busy 8599.63 ms collector None ms (+None after)
10:12:01 normal on: 4.056s busy 6507.07 ms collector 32.08 ms (+34.48 after)
10:12:20 normal on: 5.281s busy 9698.26 ms collector 40.66 ms (+32.76 after)
10:12:41 normal off: 4.865s busy 8844.82 ms collector None ms (+None after)
10:12:58 normal off: 4.148s busy 7041.21 ms collector None ms (+None after)
10:13:18 normal on: 5.376s busy 9857.99 ms collector 43.24 ms (+32.37 after)
10:13:36 normal on: 3.932s busy 6302.88 ms collector 29.63 ms (+33.59 after)
10:13:57 normal off: 5.389s busy 9909.79 ms collector None ms (+None after)
10:14:15 normal off: 5.036s busy 9083.64 ms collector None ms (+None after)
10:14:33 normal on: 4.539s busy 8269.58 ms collector 44.66 ms (+33.11 after)
10:14:50 normal on: 3.793s busy 6058.85 ms collector 37.2 ms (+37.53 after)
10:15:11 normal off: 5.249s busy 9254.46 ms collector None ms (+None after)
10:15:29 normal off: 5.544s busy 9822.26 ms collector None ms (+None after)
10:15:48 normal on: 4.188s busy 6642.4 ms collector 39.13 ms (+31.8 after)
10:16:07 normal on: 5.451s busy 10002.49 ms collector 45.93 ms (+35.16 after)
10:16:27 normal off: 5.073s busy 9120.7 ms collector None ms (+None after)
10:16:28 normal: median paired overhead -7.27%  {"collector": {"cpu_ms": 72.69, "ctx": 429.5, "write_ops": 3408.0, "write_bytes": 7020480.0, "read_ops": 428.0}, "serve": {"cpu_ms": 15.1, "ctx": 320.5, "write_ops": 500.0, "write_bytes": 2043928.0, "read_ops": 504.0}, "svc": {"cpu_ms": 0.07, "ctx": 0.0, "write_ops": 0.0, "write_bytes": 0.0, "read_ops": 0.0}, "system": {"cpu_ms": 122.33, "ctx": 9750.0, "write_ops": 5.0, "write_bytes": 20480.0, "read_ops": 0.0}}
