09:52:30 cycle rate 4.937 GHz per processor, 2 processor(s)
09:52:48 normal off warmup: 4.472s busy 7582.25 ms collector None ms (+None after)
09:53:01 normal on warmup: 5.366s busy 9936.02 ms collector 39.5 ms (+0.6 after)
09:53:15 normal off: 5.006s busy 9250.76 ms collector None ms (+None after)
09:53:26 normal on: 3.801s busy 6077.9 ms collector 31.17 ms (+0.7 after)
09:53:37 normal on: 5.126s busy 9402.66 ms collector 40.77 ms (+0.75 after)
09:53:50 normal off: 4.547s busy 8291.31 ms collector None ms (+None after)
09:54:02 normal off: 4.847s busy 8785.39 ms collector None ms (+None after)
09:54:13 normal on: 3.930s busy 6325.78 ms collector 28.46 ms (+5.02 after)
09:54:25 normal on: 5.251s busy 9497.4 ms collector 41.22 ms (+0.86 after)
09:54:39 normal off: 5.135s busy 9343.77 ms collector None ms (+None after)
09:54:50 normal off: 4.119s busy 6632.9 ms collector None ms (+None after)
09:55:01 normal on: 4.130s busy 6778.45 ms collector 37.42 ms (+0.93 after)
09:55:14 normal on: 5.237s busy 9544.45 ms collector 40.54 ms (+0.93 after)
09:55:28 normal off: 5.021s busy 8756.96 ms collector None ms (+None after)
09:55:39 normal off: 5.549s busy 10204.44 ms collector None ms (+None after)
09:55:52 normal on: 5.104s busy 9250.55 ms collector 41.86 ms (+1.81 after)
09:56:04 normal on: 4.866s busy 8847.39 ms collector 36.76 ms (+4.66 after)
09:56:18 normal off: 5.020s busy 9135.12 ms collector None ms (+None after)
09:56:28 normal off: 4.729s busy 8545.98 ms collector None ms (+None after)
09:56:41 normal on: 5.442s busy 9887.54 ms collector 44.43 ms (+0.64 after)
09:56:55 normal on: 6.429s busy 12016.46 ms collector 51.81 ms (+1.57 after)
09:57:07 normal off: 3.660s busy 5852.7 ms collector None ms (+None after)
09:57:17 normal off: 4.723s busy 8317.29 ms collector None ms (+None after)
09:57:30 normal on: 5.077s busy 9379.49 ms collector 42.24 ms (+0.35 after)
09:57:41 normal on: 4.149s busy 6665.75 ms collector 30.56 ms (+6.62 after)
09:57:54 normal off: 4.855s busy 8928.74 ms collector None ms (+None after)
09:58:06 normal off: 5.114s busy 8927.24 ms collector None ms (+None after)
09:58:18 normal on: 4.374s busy 7043.48 ms collector 39.87 ms (+5.34 after)
09:58:30 normal on: 5.422s busy 9901.07 ms collector 44.61 ms (+1.38 after)
09:58:45 normal off: 4.964s busy 8914.62 ms collector None ms (+None after)
09:58:55 normal off: 3.793s busy 6058.4 ms collector None ms (+None after)
09:59:05 normal on: 3.987s busy 6277.83 ms collector 39.3 ms (+7.35 after)
09:59:17 normal on: 5.449s busy 9439.07 ms collector 57.99 ms (+2.83 after)
09:59:29 normal off: 3.740s busy 6071.83 ms collector None ms (+None after)
09:59:38 normal off: 3.758s busy 6011.86 ms collector None ms (+None after)
09:59:50 normal on: 4.558s busy 8212.46 ms collector 42.07 ms (+0.25 after)
10:00:01 normal on: 4.705s busy 8537.88 ms collector 45.43 ms (+0.07 after)
10:00:14 normal off: 3.591s busy 5707.73 ms collector None ms (+None after)
10:00:24 normal off: 4.807s busy 8802.13 ms collector None ms (+None after)
10:00:37 normal on: 4.905s busy 8820.81 ms collector 41.17 ms (+2.48 after)
10:00:48 normal on: 4.497s busy 8010.78 ms collector 43.86 ms (+12.35 after)
10:00:59 normal off: 3.581s busy 5661.68 ms collector None ms (+None after)
10:01:19 verify: {'checked': 300, 'labelled': 300, 'creator_ok': 300, 'complete': 300, 'identity_match': 300, 'failures': [], 'ok': True}
10:01:20 normal: median paired overhead 4.72%  {"collector": {"cpu_ms": 43.12, "ctx": 236.0, "write_ops": 2001.0, "write_bytes": 4122060.0, "read_ops": 297.5}, "serve": {"cpu_ms": 18.31, "ctx": 266.0, "write_ops": 595.5, "write_bytes": 2435096.0, "read_ops": 599.5}, "svc": {"cpu_ms": 0.0, "ctx": 0.0, "write_ops": 0.0, "write_bytes": 0.0, "read_ops": 0.0}, "system": {"cpu_ms": 95.72, "ctx": 9004.0, "write_ops": 6.0, "write_bytes": 24576.0, "read_ops": 0.0}}
10:01:33 discard off warmup: 5.570s busy 9981.09 ms collector None ms (+None after)
10:01:45 discard on warmup: 3.910s busy 6117.54 ms collector 1.26 ms (+0.01 after)
10:01:55 discard off: 3.757s busy 5989.1 ms collector None ms (+None after)
10:02:08 discard on: 5.167s busy 9478.01 ms collector 1.93 ms (+0.02 after)
10:02:18 discard on: 3.695s busy 5837.84 ms collector 1.18 ms (+0.16 after)
10:02:30 discard off: 4.732s busy 8522.2 ms collector None ms (+None after)
10:02:41 discard off: 4.888s busy 8762.72 ms collector None ms (+None after)
10:02:53 discard on: 4.556s busy 8282.65 ms collector 1.91 ms (+0.28 after)
10:03:03 discard on: 3.809s busy 5986.93 ms collector 1.37 ms (+0.23 after)
10:03:16 discard off: 4.787s busy 8376.49 ms collector None ms (+None after)
10:03:26 discard off: 4.722s busy 8392.1 ms collector None ms (+None after)
10:03:39 discard on: 4.969s busy 9012.26 ms collector 1.79 ms (+0.02 after)
10:03:49 discard on: 4.503s busy 7644.99 ms collector 1.47 ms (+0.11 after)
10:04:03 discard off: 4.966s busy 9002.21 ms collector None ms (+None after)
10:04:14 discard off: 4.974s busy 9059.86 ms collector None ms (+None after)
10:04:25 discard on: 4.009s busy 6431.22 ms collector 1.57 ms (+0.03 after)
10:04:36 discard on: 4.454s busy 7753.27 ms collector 1.93 ms (+0.02 after)
10:04:48 discard off: 4.557s busy 8324.12 ms collector None ms (+None after)
10:04:57 discard off: 3.643s busy 5808.21 ms collector None ms (+None after)
10:05:09 discard on: 4.634s busy 8407.72 ms collector 1.92 ms (+0.02 after)
10:05:20 discard on: 4.850s busy 8535.42 ms collector 1.86 ms (+0.01 after)
10:05:32 discard off: 4.063s busy 6511.43 ms collector None ms (+None after)
10:05:41 discard off: 3.433s busy 5455.29 ms collector None ms (+None after)
10:05:52 discard on: 4.535s busy 8203.22 ms collector 1.94 ms (+0.02 after)
10:06:05 discard on: 5.451s busy 9455.96 ms collector 2.05 ms (+0.04 after)
10:06:17 discard off: 4.320s busy 7346.03 ms collector None ms (+None after)
10:06:27 discard off: 4.862s busy 8958.71 ms collector None ms (+None after)
10:06:41 discard on: 5.743s busy 10451.15 ms collector 1.88 ms (+0.18 after)
10:06:52 discard on: 4.585s busy 8360.7 ms collector 1.76 ms (+0.02 after)
10:07:04 discard off: 3.985s busy 6371.08 ms collector None ms (+None after)
10:07:16 discard off: 4.878s busy 8902.31 ms collector None ms (+None after)
10:07:29 discard on: 5.307s busy 9657.61 ms collector 1.86 ms (+0.02 after)
10:07:41 discard on: 4.782s busy 8747.24 ms collector 1.91 ms (+0.02 after)
10:07:52 discard off: 4.513s busy 7736.1 ms collector None ms (+None after)
10:08:04 discard off: 5.285s busy 9664.13 ms collector None ms (+None after)
10:08:18 discard on: 5.026s busy 9053.21 ms collector 2.03 ms (+0.02 after)
10:08:27 discard on: 3.562s busy 5650.66 ms collector 1.3 ms (+0.02 after)
10:08:38 discard off: 4.052s busy 6841.12 ms collector None ms (+None after)
10:08:48 discard off: 4.564s busy 8322.45 ms collector None ms (+None after)
10:09:00 discard on: 4.393s busy 7952.05 ms collector 1.87 ms (+0.02 after)
10:09:10 discard on: 3.697s busy 5987.45 ms collector 1.45 ms (+0.02 after)
10:09:22 discard off: 4.573s busy 8336.23 ms collector None ms (+None after)
10:09:23 discard: median paired overhead 1.49%  {"collector": {"cpu_ms": 1.89, "ctx": 76.0, "write_ops": 0.0, "write_bytes": 0.0, "read_ops": 0.0}, "serve": {"cpu_ms": 1.59, "ctx": 7.5, "write_ops": 2.0, "write_bytes": 4120.0, "read_ops": 6.0}, "svc": {"cpu_ms": 0.0, "ctx": 0.0, "write_ops": 0.0, "write_bytes": 0.0, "read_ops": 0.0}, "system": {"cpu_ms": 90.26, "ctx": 9128.0, "write_ops": 6.0, "write_bytes": 24576.0, "read_ops": 0.0}}
