03:55:57 graduation: user=runner base=/home/runner/whyfs-graduation-ws
03:56:00 functional: static binary
03:56:00 functional: parallel build #1 (clean)
03:56:01 functional: header change -> build #2
03:56:02 functional: source change -> build #3
03:56:02 functional: vite build + postbuild
03:56:03 functional: copy / rename / move chain
03:56:09 perf make_j8_36_units warmup off: 0.385s
03:56:14 perf make_j8_36_units warmup on: 0.391s
03:56:14 perf make_j8_36_units warmup off: 0.392s
03:56:19 perf make_j8_36_units warmup on: 0.399s
03:56:19 perf make_j8_36_units off: 0.378s
03:56:24 perf make_j8_36_units on: 0.396s
03:56:29 perf make_j8_36_units on: 0.399s
03:56:30 perf make_j8_36_units off: 0.381s
03:56:30 perf make_j8_36_units off: 0.382s
03:56:35 perf make_j8_36_units on: 0.382s
03:56:39 perf make_j8_36_units on: 0.387s
03:56:40 perf make_j8_36_units off: 0.377s
03:56:40 perf make_j8_36_units off: 0.384s
03:56:45 perf make_j8_36_units on: 0.390s
03:56:50 perf make_j8_36_units on: 0.391s
03:56:50 perf make_j8_36_units off: 0.400s
03:56:51 perf make_j8_36_units off: 0.378s
03:56:55 perf make_j8_36_units on: 0.388s
03:57:00 perf make_j8_36_units on: 0.391s
03:57:01 perf make_j8_36_units off: 0.376s
03:57:01 perf make_j8_36_units off: 0.379s
03:57:06 perf make_j8_36_units on: 0.387s
03:57:10 perf make_j8_36_units on: 0.382s
03:57:11 perf make_j8_36_units off: 0.376s
03:57:11 perf make_j8_36_units off: 0.377s
03:57:16 perf make_j8_36_units on: 0.391s
03:57:21 perf make_j8_36_units on: 0.395s
03:57:21 perf make_j8_36_units off: 0.382s
03:57:22 perf make_j8_36_units off: 0.378s
03:57:26 perf make_j8_36_units on: 0.388s
03:57:31 perf make_j8_36_units on: 0.405s
03:57:32 perf make_j8_36_units off: 0.382s
03:57:32 perf make_j8_36_units off: 0.382s
03:57:37 perf make_j8_36_units on: 0.392s
03:57:41 perf make_j8_36_units on: 0.390s
03:57:42 perf make_j8_36_units off: 0.379s
03:57:42 perf make_j8_36_units off: 0.379s
03:57:47 perf make_j8_36_units on: 0.395s
03:57:52 perf make_j8_36_units on: 0.399s
03:57:52 perf make_j8_36_units off: 0.381s
03:57:53 perf make_j8_36_units off: 0.386s
03:57:58 perf make_j8_36_units on: 0.396s
03:58:02 perf make_j8_36_units on: 0.385s
03:58:03 perf make_j8_36_units off: 0.392s
03:58:03 perf vite_build warmup off: 0.389s
03:58:08 perf vite_build warmup on: 0.385s
03:58:08 perf vite_build warmup off: 0.387s
03:58:13 perf vite_build warmup on: 0.379s
03:58:14 perf vite_build off: 0.380s
03:58:18 perf vite_build on: 0.389s
03:58:23 perf vite_build on: 0.375s
03:58:24 perf vite_build off: 0.382s
03:58:24 perf vite_build off: 0.382s
03:58:29 perf vite_build on: 0.386s
03:58:34 perf vite_build on: 0.379s
03:58:34 perf vite_build off: 0.383s
03:58:34 perf vite_build off: 0.385s
03:58:39 perf vite_build on: 0.383s
03:58:44 perf vite_build on: 0.385s
03:58:44 perf vite_build off: 0.384s
03:58:45 perf vite_build off: 0.378s
03:58:49 perf vite_build on: 0.376s
03:58:54 perf vite_build on: 0.383s
03:58:54 perf vite_build off: 0.374s
03:58:55 perf vite_build off: 0.373s
03:59:00 perf vite_build on: 0.410s
03:59:04 perf vite_build on: 0.378s
03:59:05 perf vite_build off: 0.377s
03:59:05 perf vite_build off: 0.375s
03:59:10 perf vite_build on: 0.372s
03:59:15 perf vite_build on: 0.380s
03:59:15 perf vite_build off: 0.375s
03:59:15 perf vite_build off: 0.385s
03:59:20 perf vite_build on: 0.384s
03:59:25 perf vite_build on: 0.384s
03:59:25 perf vite_build off: 0.386s
03:59:26 perf vite_build off: 0.381s
03:59:31 perf vite_build on: 0.382s
03:59:35 perf vite_build on: 0.375s
03:59:36 perf vite_build off: 0.379s
03:59:36 perf vite_build off: 0.371s
03:59:41 perf vite_build on: 0.374s
03:59:45 perf vite_build on: 0.379s
03:59:46 perf vite_build off: 0.378s
03:59:46 perf vite_build off: 0.381s
03:59:51 perf vite_build on: 0.383s
03:59:56 perf vite_build on: 0.389s
03:59:56 perf vite_build off: 0.390s
03:59:56 perf static_binary_x300 warmup off: 0.188s
04:00:01 perf static_binary_x300 warmup on: 0.195s
04:00:01 perf static_binary_x300 warmup off: 0.191s
04:00:05 perf static_binary_x300 warmup on: 0.195s
04:00:06 perf static_binary_x300 off: 0.191s
04:00:10 perf static_binary_x300 on: 0.194s
04:00:15 perf static_binary_x300 on: 0.194s
04:00:15 perf static_binary_x300 off: 0.187s
04:00:15 perf static_binary_x300 off: 0.189s
04:00:19 perf static_binary_x300 on: 0.195s
04:00:24 perf static_binary_x300 on: 0.195s
04:00:24 perf static_binary_x300 off: 0.191s
04:00:24 perf static_binary_x300 off: 0.190s
04:00:29 perf static_binary_x300 on: 0.193s
04:00:33 perf static_binary_x300 on: 0.191s
04:00:33 perf static_binary_x300 off: 0.188s
04:00:34 perf static_binary_x300 off: 0.190s
04:00:38 perf static_binary_x300 on: 0.195s
04:00:42 perf static_binary_x300 on: 0.199s
04:00:43 perf static_binary_x300 off: 0.187s
04:00:43 perf static_binary_x300 off: 0.183s
04:00:47 perf static_binary_x300 on: 0.194s
04:00:52 perf static_binary_x300 on: 0.197s
04:00:52 perf static_binary_x300 off: 0.187s
04:00:52 perf static_binary_x300 off: 0.187s
04:00:57 perf static_binary_x300 on: 0.192s
04:01:01 perf static_binary_x300 on: 0.203s
04:01:02 perf static_binary_x300 off: 0.191s
04:01:02 perf static_binary_x300 off: 0.193s
04:01:06 perf static_binary_x300 on: 0.195s
04:01:11 perf static_binary_x300 on: 0.198s
04:01:11 perf static_binary_x300 off: 0.190s
04:01:11 perf static_binary_x300 off: 0.191s
04:01:16 perf static_binary_x300 on: 0.196s
04:01:21 perf static_binary_x300 on: 0.194s
04:01:21 perf static_binary_x300 off: 0.191s
04:01:21 perf static_binary_x300 off: 0.190s
04:01:26 perf static_binary_x300 on: 0.196s
04:01:30 perf static_binary_x300 on: 0.198s
04:01:30 perf static_binary_x300 off: 0.191s
04:01:31 perf static_binary_x300 off: 0.192s
04:01:35 perf static_binary_x300 on: 0.193s
04:01:40 perf static_binary_x300 on: 0.197s
04:01:40 perf static_binary_x300 off: 0.194s
04:01:45 verdict PASS; failed: []
