04:00:35 idle 10.0 min: collector CPU 4.34s (0.723% of a core), memory 35.6 MB, store +3189 KiB, 841 events
04:00:41 make_j8_36_units warmup off: 0.796s
04:00:45 make_j8_36_units warmup on: 0.972s
04:00:48 make_j8_36_units warmup off: 0.819s
04:00:52 make_j8_36_units warmup on: 0.866s
04:00:56 make_j8_36_units off: 0.777s
04:01:00 make_j8_36_units on: 0.878s
04:01:03 make_j8_36_units on: 0.870s
04:01:07 make_j8_36_units off: 0.799s
04:01:10 make_j8_36_units off: 0.875s
04:01:14 make_j8_36_units on: 0.932s
04:01:18 make_j8_36_units on: 0.924s
04:01:22 make_j8_36_units off: 0.806s
04:01:25 make_j8_36_units off: 0.745s
04:01:28 make_j8_36_units on: 0.845s
04:01:32 make_j8_36_units on: 0.951s
04:01:36 make_j8_36_units off: 0.717s
04:01:39 make_j8_36_units off: 0.634s
04:01:42 make_j8_36_units on: 0.754s
04:01:46 make_j8_36_units on: 0.851s
04:01:49 make_j8_36_units off: 0.807s
04:01:52 make_j8_36_units off: 0.809s
04:01:56 make_j8_36_units on: 0.982s
04:02:00 make_j8_36_units on: 0.870s
04:02:03 make_j8_36_units off: 0.774s
04:02:06 make_j8_36_units off: 0.783s
04:02:10 make_j8_36_units on: 0.871s
04:02:14 make_j8_36_units on: 0.819s
04:02:17 make_j8_36_units off: 0.772s
04:02:20 make_j8_36_units off: 0.948s
04:02:25 make_j8_36_units on: 0.873s
04:02:28 make_j8_36_units on: 0.751s
04:02:32 make_j8_36_units off: 1.137s
04:02:35 make_j8_36_units off: 0.750s
04:02:38 make_j8_36_units on: 0.725s
04:02:43 make_j8_36_units on: 1.694s
04:02:47 make_j8_36_units off: 0.839s
04:02:50 make_j8_36_units off: 0.628s
04:02:54 make_j8_36_units on: 0.662s
04:02:57 make_j8_36_units on: 0.698s
04:03:01 make_j8_36_units off: 0.660s
04:03:04 make_j8_36_units off: 0.646s
04:03:07 make_j8_36_units on: 0.885s
04:03:11 make_j8_36_units on: 0.826s
04:03:15 make_j8_36_units off: 0.642s
04:03:17 make_j8_36_units off: 0.598s
04:03:20 make_j8_36_units on: 0.724s
04:03:23 make_j8_36_units on: 0.688s
04:03:27 make_j8_36_units off: 0.738s
04:03:30 make_j8_36_units off: 0.670s
04:03:34 make_j8_36_units on: 0.623s
04:03:36 make_j8_36_units on: 0.628s
04:03:40 make_j8_36_units off: 0.576s
04:03:42 make_j8_36_units off: 0.700s
04:03:46 make_j8_36_units on: 0.648s
04:03:49 make_j8_36_units on: 0.618s
04:03:52 make_j8_36_units off: 0.558s
04:03:55 make_j8_36_units off: 0.786s
04:03:58 make_j8_36_units on: 0.706s
04:04:01 make_j8_36_units on: 0.618s
04:04:05 make_j8_36_units off: 0.576s
04:04:07 make_j8_36_units off: 0.573s
04:04:11 make_j8_36_units on: 0.826s
04:04:14 make_j8_36_units on: 0.849s
04:04:18 make_j8_36_units off: 0.753s
04:04:21 make_j8_36_units off: 0.629s
04:04:24 make_j8_36_units on: 0.643s
04:04:27 make_j8_36_units on: 0.612s
04:04:31 make_j8_36_units off: 0.572s
04:04:33 make_j8_36_units off: 0.572s
04:04:37 make_j8_36_units on: 0.607s
04:04:40 make_j8_36_units on: 0.715s
04:04:43 make_j8_36_units off: 0.592s
04:04:45 make_j8_36_units off: 0.553s
04:04:49 make_j8_36_units on: 0.918s
04:04:53 make_j8_36_units on: 0.643s
04:04:56 make_j8_36_units off: 0.558s
04:04:58 make_j8_36_units off: 0.564s
04:05:02 make_j8_36_units on: 0.701s
04:05:05 make_j8_36_units on: 0.635s
04:05:09 make_j8_36_units off: 0.559s
04:05:11 make_j8_36_units off: 0.555s
04:05:15 make_j8_36_units on: 0.732s
04:05:18 make_j8_36_units on: 0.788s
04:05:22 make_j8_36_units off: 0.909s
04:05:25 make_j8_36_units off: 0.618s
04:05:29 make_j8_36_units on: 0.613s
04:05:31 make_j8_36_units on: 0.623s
04:05:35 make_j8_36_units off: 0.599s
04:05:37 make_j8_36_units off: 0.660s
04:05:41 make_j8_36_units on: 0.773s
04:05:44 make_j8_36_units on: 0.845s
04:05:48 make_j8_36_units off: 0.784s
04:05:51 make_j8_36_units off: 0.694s
04:05:55 make_j8_36_units on: 0.814s
04:05:58 make_j8_36_units on: 0.645s
04:06:01 make_j8_36_units off: 0.570s
04:06:04 make_j8_36_units off: 0.567s
04:06:07 make_j8_36_units on: 0.728s
04:06:10 make_j8_36_units on: 0.626s
04:06:14 make_j8_36_units off: 0.571s
04:06:16 make_j8_36_units off: 0.630s
04:06:20 make_j8_36_units on: 0.631s
04:06:22 make_j8_36_units on: 0.705s
04:06:26 make_j8_36_units off: 0.569s
04:06:28 make_j8_36_units off: 0.567s
04:06:32 make_j8_36_units on: 0.621s
04:06:35 make_j8_36_units on: 0.838s
04:06:39 make_j8_36_units off: 0.567s
04:06:41 make_j8_36_units off: 0.626s
04:06:44 make_j8_36_units on: 0.632s
04:06:47 make_j8_36_units on: 0.618s
04:06:51 make_j8_36_units off: 0.565s
04:06:53 make_j8_36_units off: 0.583s
04:06:56 make_j8_36_units on: 0.657s
04:06:59 make_j8_36_units on: 0.728s
04:07:03 make_j8_36_units off: 0.633s
04:07:06 make_j8_36_units off: 0.592s
04:07:10 make_j8_36_units on: 0.778s
04:07:12 make_j8_36_units on: 0.627s
04:07:16 make_j8_36_units off: 0.569s
04:07:18 make_j8_36_units off: 0.549s
04:07:22 make_j8_36_units on: 0.667s
04:07:25 make_j8_36_units on: 0.632s
04:07:29 make_j8_36_units off: 0.575s
04:07:31 make_j8_36_units off: 0.800s
04:07:36 make_j8_36_units on: 0.980s
04:07:39 make_j8_36_units on: 0.680s
04:07:43 make_j8_36_units off: 0.660s
04:07:45 make_j8_36_units off: 0.672s
04:07:49 make_j8_36_units on: 0.695s
04:07:52 make_j8_36_units on: 0.736s
04:07:56 make_j8_36_units off: 0.698s
04:07:58 make_j8_36_units off: 0.621s
04:08:02 make_j8_36_units on: 0.698s
04:08:05 make_j8_36_units on: 0.738s
04:08:09 make_j8_36_units off: 0.631s
04:08:12 make_j8_36_units off: 0.633s
04:08:16 make_j8_36_units on: 0.801s
04:08:19 make_j8_36_units on: 0.796s
04:08:23 make_j8_36_units off: 0.689s
04:08:25 make_j8_36_units off: 0.682s
04:08:29 make_j8_36_units on: 0.769s
04:08:33 make_j8_36_units on: 0.667s
04:08:36 make_j8_36_units off: 0.625s
04:08:38 make_j8_36_units off: 0.924s
04:08:43 make_j8_36_units on: 0.952s
04:08:46 make_j8_36_units on: 0.835s
04:08:50 make_j8_36_units off: 0.689s
04:08:52 make_j8_36_units off: 0.630s
04:08:57 make_j8_36_units on: 1.208s
04:09:00 make_j8_36_units on: 0.721s
04:09:04 make_j8_36_units off: 0.618s
04:09:06 make_j8_36_units off: 0.600s
04:09:11 make_j8_36_units on: 0.760s
04:09:14 make_j8_36_units on: 0.689s
04:09:17 make_j8_36_units off: 0.667s
04:09:20 make_j8_36_units off: 0.703s
04:09:24 make_j8_36_units on: 0.921s
04:09:27 make_j8_36_units on: 0.718s
04:09:31 make_j8_36_units off: 0.716s
04:09:34 make_j8_36_units off: 0.616s
04:09:38 make_j8_36_units on: 0.663s
04:09:41 make_j8_36_units on: 0.691s
04:09:45 make_j8_36_units off: 0.781s
04:09:47 make_j8_36_units off: 0.625s
04:09:51 make_j8_36_units on: 0.678s
04:09:54 make_j8_36_units on: 0.681s
04:09:58 make_j8_36_units off: 0.632s
04:10:00 make_j8_36_units off: 0.610s
04:10:04 make_j8_36_units on: 0.708s
04:10:08 make_j8_36_units on: 0.853s
04:10:11 make_j8_36_units off: 0.638s
04:10:14 make_j8_36_units off: 0.671s
04:10:18 make_j8_36_units on: 0.656s
04:10:21 make_j8_36_units on: 0.767s
04:10:24 make_j8_36_units off: 0.650s
04:10:27 make_j8_36_units off: 0.615s
04:10:31 make_j8_36_units on: 0.927s
04:10:34 make_j8_36_units on: 0.720s
04:10:37 make_j8_36_units off: 0.780s
04:10:40 make_j8_36_units off: 0.688s
04:10:44 make_j8_36_units on: 0.656s
04:10:47 make_j8_36_units on: 0.671s
04:10:50 make_j8_36_units off: 0.626s
04:10:53 make_j8_36_units off: 0.610s
04:10:57 make_j8_36_units on: 0.773s
04:11:00 make_j8_36_units on: 0.764s
04:11:04 make_j8_36_units off: 0.633s
04:11:06 make_j8_36_units off: 0.611s
04:11:11 make_j8_36_units on: 0.915s
04:11:14 make_j8_36_units on: 0.686s
04:11:17 make_j8_36_units off: 0.638s
04:11:19 make_j8_36_units off: 0.688s
04:11:24 make_j8_36_units on: 0.993s
04:11:27 make_j8_36_units on: 0.868s
04:11:31 make_j8_36_units off: 0.718s
04:11:33 make_j8_36_units off: 0.695s
04:11:37 make_j8_36_units on: 0.664s
04:11:40 make_j8_36_units on: 0.658s
04:11:44 make_j8_36_units off: 0.651s
04:11:46 make_j8_36_units off: 0.651s
04:11:50 make_j8_36_units on: 0.674s
04:11:53 make_j8_36_units on: 0.659s
04:11:57 make_j8_36_units off: 0.722s
04:11:59 make_j8_36_units off: 0.580s
04:12:03 make_j8_36_units on: 0.665s
04:12:06 make_j8_36_units on: 0.755s
04:12:09 make_j8_36_units off: 0.701s
04:12:12 make_j8_36_units off: 0.607s
04:12:15 make_j8_36_units on: 0.698s
04:12:19 make_j8_36_units on: 0.756s
04:12:23 make_j8_36_units off: 0.650s
04:12:25 make_j8_36_units off: 0.648s
04:12:29 make_j8_36_units on: 0.767s
04:12:32 make_j8_36_units on: 0.651s
04:12:36 make_j8_36_units off: 0.591s
04:12:38 make_j8_36_units off: 0.669s
04:12:42 make_j8_36_units on: 0.624s
04:12:44 make_j8_36_units on: 0.702s
04:12:48 make_j8_36_units off: 0.576s
04:12:50 make_j8_36_units off: 0.587s
04:12:54 make_j8_36_units on: 0.725s
04:12:57 make_j8_36_units on: 0.805s
04:13:01 make_j8_36_units off: 0.801s
04:13:03 make_j8_36_units off: 0.586s
04:13:07 make_j8_36_units on: 0.615s
04:13:10 make_j8_36_units on: 0.634s
04:13:14 make_j8_36_units off: 0.601s
04:13:16 make_j8_36_units off: 0.581s
04:13:20 make_j8_36_units on: 0.707s
04:13:23 make_j8_36_units on: 0.756s
04:13:26 make_j8_36_units off: 0.573s
04:13:29 make_j8_36_units off: 0.581s
04:13:32 make_j8_36_units on: 0.647s
04:13:35 make_j8_36_units on: 0.662s
04:13:39 make_j8_36_units off: 0.587s
04:13:41 make_j8_36_units off: 0.608s
04:13:45 make_j8_36_units on: 0.630s
04:13:48 make_j8_36_units on: 0.668s
04:13:52 make_j8_36_units off: 0.778s
04:13:56 make_j8_36_units off: 1.424s
04:14:02 make_j8_36_units on: 2.037s
04:14:07 make_j8_36_units on: 2.329s
04:14:13 make_j8_36_units off: 0.922s
04:14:16 make_j8_36_units off: 0.843s
04:14:20 make_j8_36_units on: 0.866s
04:14:24 make_j8_36_units on: 0.841s
04:14:28 make_j8_36_units off: 0.719s
04:14:31 make_j8_36_units off: 0.948s
04:14:35 make_j8_36_units on: 0.979s
04:14:39 make_j8_36_units on: 0.802s
04:14:43 make_j8_36_units off: 0.674s
04:14:45 make_j8_36_units off: 0.795s
04:14:49 make_j8_36_units on: 0.909s
04:14:52 make_j8_36_units on: 0.731s
04:14:56 make_j8_36_units off: 0.650s
04:14:59 make_j8_36_units off: 0.625s
04:15:03 make_j8_36_units on: 0.890s
04:15:07 make_j8_36_units on: 0.895s
04:15:11 make_j8_36_units off: 0.749s
04:15:14 make_j8_36_units off: 0.814s
04:15:18 make_j8_36_units on: 0.873s
04:15:21 make_j8_36_units on: 1.030s
04:15:25 make_j8_36_units off: 0.806s
04:15:28 make_j8_36_units off: 0.812s
04:15:33 make_j8_36_units on: 1.039s
04:15:36 make_j8_36_units on: 0.897s
04:15:40 make_j8_36_units off: 0.696s
04:15:43 make_j8_36_units off: 0.796s
04:15:47 make_j8_36_units on: 0.875s
04:15:51 make_j8_36_units on: 0.773s
04:15:55 make_j8_36_units off: 0.795s
04:15:58 make_j8_36_units off: 0.919s
04:16:02 make_j8_36_units on: 0.972s
04:16:05 make_j8_36_units on: 0.762s
04:16:09 make_j8_36_units off: 0.849s
04:16:12 make_j8_36_units off: 0.704s
04:16:16 make_j8_36_units on: 0.785s
04:16:19 make_j8_36_units on: 0.789s
04:16:23 make_j8_36_units off: 0.661s
04:16:25 make_j8_36_units off: 0.611s
04:16:29 make_j8_36_units on: 0.704s
04:16:33 make_j8_36_units on: 0.897s
04:16:36 make_j8_36_units off: 0.632s
04:16:39 make_j8_36_units off: 0.747s
04:16:44 make_j8_36_units on: 0.976s
04:16:47 make_j8_36_units on: 0.847s
04:16:51 make_j8_36_units off: 0.799s
04:16:54 make_j8_36_units off: 0.782s
04:16:58 make_j8_36_units on: 0.849s
04:17:02 make_j8_36_units on: 0.896s
04:17:06 make_j8_36_units off: 0.779s
04:17:09 make_j8_36_units off: 0.843s
04:17:13 make_j8_36_units on: 0.773s
04:17:16 make_j8_36_units on: 0.876s
04:17:21 make_j8_36_units off: 0.684s
04:17:23 make_j8_36_units off: 0.826s
04:17:27 make_j8_36_units on: 0.866s
04:17:31 make_j8_36_units on: 1.250s
04:17:35 make_j8_36_units off: 0.686s
04:17:38 make_j8_36_units off: 0.791s
04:17:42 make_j8_36_units on: 0.692s
04:17:45 make_j8_36_units on: 0.871s
04:17:50 make_j8_36_units off: 0.805s
04:17:50 make_j8_36_units: median paired overhead +12.46% (CI90 +9.52 .. +14.15)
04:17:53 vite_build warmup off: 0.627s
04:17:57 vite_build warmup on: 0.482s
04:18:00 vite_build warmup off: 0.567s
04:18:04 vite_build warmup on: 0.598s
04:18:07 vite_build off: 0.568s
04:18:11 vite_build on: 0.600s
04:18:14 vite_build on: 0.507s
04:18:17 vite_build off: 0.643s
04:18:19 vite_build off: 0.531s
04:18:23 vite_build on: 0.585s
04:18:26 vite_build on: 0.544s
04:18:29 vite_build off: 0.671s
04:18:31 vite_build off: 0.608s
04:18:35 vite_build on: 0.621s
04:18:38 vite_build on: 0.601s
04:18:41 vite_build off: 0.647s
04:18:43 vite_build off: 0.577s
04:18:46 vite_build on: 0.514s
04:18:49 vite_build on: 0.590s
04:18:52 vite_build off: 0.634s
04:18:54 vite_build off: 0.594s
04:18:58 vite_build on: 0.492s
04:19:00 vite_build on: 0.515s
04:19:03 vite_build off: 0.565s
04:19:05 vite_build off: 0.541s
04:19:09 vite_build on: 0.533s
04:19:11 vite_build on: 0.490s
04:19:15 vite_build off: 0.493s
04:19:17 vite_build off: 0.476s
04:19:20 vite_build on: 0.499s
04:19:23 vite_build on: 0.493s
04:19:26 vite_build off: 0.486s
04:19:28 vite_build off: 0.481s
04:19:32 vite_build on: 0.488s
04:19:34 vite_build on: 0.503s
04:19:38 vite_build off: 0.514s
04:19:40 vite_build off: 0.487s
04:19:43 vite_build on: 0.497s
04:19:46 vite_build on: 0.511s
04:19:49 vite_build off: 0.474s
04:19:51 vite_build off: 0.468s
04:19:54 vite_build on: 0.506s
04:19:57 vite_build on: 0.493s
04:20:00 vite_build off: 0.540s
04:20:02 vite_build off: 0.458s
04:20:06 vite_build on: 0.499s
04:20:08 vite_build on: 0.504s
04:20:12 vite_build off: 0.490s
04:20:14 vite_build off: 0.455s
04:20:17 vite_build on: 0.483s
04:20:19 vite_build on: 0.472s
04:20:22 vite_build off: 0.458s
04:20:24 vite_build off: 0.459s
04:20:28 vite_build on: 0.491s
04:20:30 vite_build on: 0.464s
04:20:33 vite_build off: 0.465s
04:20:36 vite_build off: 0.457s
04:20:39 vite_build on: 0.602s
04:20:42 vite_build on: 0.745s
04:20:45 vite_build off: 0.737s
04:20:48 vite_build off: 0.577s
04:20:51 vite_build on: 0.533s
04:20:54 vite_build on: 0.580s
04:20:58 vite_build off: 0.579s
04:21:01 vite_build off: 0.951s
04:21:04 vite_build on: 0.608s
04:21:07 vite_build on: 0.615s
04:21:11 vite_build off: 1.021s
04:21:13 vite_build off: 0.614s
04:21:18 vite_build on: 0.646s
04:21:21 vite_build on: 0.737s
04:21:24 vite_build off: 0.588s
04:21:27 vite_build off: 0.615s
04:21:30 vite_build on: 0.596s
04:21:33 vite_build on: 0.581s
04:21:37 vite_build off: 0.529s
04:21:39 vite_build off: 0.655s
04:21:43 vite_build on: 0.577s
04:21:45 vite_build on: 0.542s
04:21:49 vite_build off: 0.572s
04:21:51 vite_build off: 0.674s
04:21:55 vite_build on: 0.615s
04:21:58 vite_build on: 0.642s
04:22:01 vite_build off: 0.565s
04:22:04 vite_build off: 0.567s
04:22:07 vite_build on: 0.575s
04:22:10 vite_build on: 0.559s
04:22:13 vite_build off: 0.525s
04:22:15 vite_build off: 0.531s
04:22:18 vite_build on: 0.542s
04:22:21 vite_build on: 0.499s
04:22:24 vite_build off: 0.548s
04:22:26 vite_build off: 0.497s
04:22:30 vite_build on: 0.515s
04:22:32 vite_build on: 0.565s
04:22:36 vite_build off: 0.695s
04:22:38 vite_build off: 0.629s
04:22:42 vite_build on: 0.649s
04:22:45 vite_build on: 0.762s
04:22:49 vite_build off: 0.625s
04:22:51 vite_build off: 0.601s
04:22:55 vite_build on: 0.608s
04:22:57 vite_build on: 0.548s
04:23:01 vite_build off: 0.640s
04:23:03 vite_build off: 0.507s
04:23:07 vite_build on: 0.606s
04:23:10 vite_build on: 1.350s
04:23:14 vite_build off: 0.977s
04:23:16 vite_build off: 0.568s
04:23:21 vite_build on: 1.119s
04:23:24 vite_build on: 1.315s
04:23:28 vite_build off: 0.772s
04:23:31 vite_build off: 0.809s
04:23:35 vite_build on: 0.714s
04:23:38 vite_build on: 0.681s
04:23:42 vite_build off: 0.488s
04:23:44 vite_build off: 0.560s
04:23:48 vite_build on: 0.781s
04:23:51 vite_build on: 0.586s
04:23:54 vite_build off: 0.534s
04:23:56 vite_build off: 0.594s
04:24:01 vite_build on: 1.178s
04:24:03 vite_build on: 0.528s
04:24:06 vite_build off: 0.555s
04:24:09 vite_build off: 0.516s
04:24:12 vite_build on: 0.547s
04:24:15 vite_build on: 0.542s
04:24:19 vite_build off: 0.815s
04:24:21 vite_build off: 0.717s
04:24:25 vite_build on: 0.686s
04:24:28 vite_build on: 0.607s
04:24:32 vite_build off: 0.521s
04:24:34 vite_build off: 0.565s
04:24:38 vite_build on: 0.590s
04:24:41 vite_build on: 0.606s
04:24:44 vite_build off: 0.689s
04:24:47 vite_build off: 0.618s
04:24:51 vite_build on: 0.604s
04:24:53 vite_build on: 0.552s
04:24:56 vite_build off: 0.522s
04:24:58 vite_build off: 0.525s
04:25:02 vite_build on: 0.510s
04:25:05 vite_build on: 0.533s
04:25:08 vite_build off: 0.514s
04:25:10 vite_build off: 0.514s
04:25:14 vite_build on: 0.538s
04:25:16 vite_build on: 0.514s
04:25:20 vite_build off: 0.529s
04:25:22 vite_build off: 0.523s
04:25:25 vite_build on: 0.537s
04:25:28 vite_build on: 0.545s
04:25:32 vite_build off: 0.869s
04:25:35 vite_build off: 0.583s
04:25:39 vite_build on: 0.727s
04:25:42 vite_build on: 0.697s
04:25:45 vite_build off: 0.526s
04:25:47 vite_build off: 0.534s
04:25:51 vite_build on: 0.629s
04:25:53 vite_build on: 0.561s
04:25:57 vite_build off: 0.546s
04:25:59 vite_build off: 0.531s
04:26:03 vite_build on: 0.624s
04:26:06 vite_build on: 0.541s
04:26:09 vite_build off: 0.556s
04:26:11 vite_build off: 0.555s
04:26:15 vite_build on: 0.580s
04:26:17 vite_build on: 0.602s
04:26:20 vite_build off: 0.549s
04:26:22 vite_build off: 0.548s
04:26:27 vite_build on: 0.617s
04:26:29 vite_build on: 0.585s
04:26:33 vite_build off: 0.567s
04:26:35 vite_build off: 0.635s
04:26:39 vite_build on: 0.582s
04:26:41 vite_build on: 0.653s
04:26:45 vite_build off: 0.545s
04:26:47 vite_build off: 0.607s
04:26:51 vite_build on: 0.552s
04:26:53 vite_build on: 0.526s
04:26:57 vite_build off: 0.543s
04:26:59 vite_build off: 0.567s
04:27:03 vite_build on: 0.569s
04:27:05 vite_build on: 0.559s
04:27:09 vite_build off: 0.561s
04:27:11 vite_build off: 0.552s
04:27:15 vite_build on: 0.538s
04:27:17 vite_build on: 0.519s
04:27:21 vite_build off: 0.603s
04:27:23 vite_build off: 0.560s
04:27:26 vite_build on: 0.541s
04:27:29 vite_build on: 0.545s
04:27:33 vite_build off: 0.599s
04:27:35 vite_build off: 0.601s
04:27:39 vite_build on: 0.519s
04:27:41 vite_build on: 0.534s
04:27:45 vite_build off: 0.527s
04:27:47 vite_build off: 0.561s
04:27:50 vite_build on: 0.533s
04:27:53 vite_build on: 0.626s
04:27:57 vite_build off: 0.562s
04:27:59 vite_build off: 0.545s
04:28:03 vite_build on: 0.548s
04:28:05 vite_build on: 0.655s
04:28:08 vite_build off: 0.557s
04:28:11 vite_build off: 0.536s
04:28:14 vite_build on: 0.543s
04:28:17 vite_build on: 0.619s
04:28:20 vite_build off: 0.547s
04:28:22 vite_build off: 0.538s
04:28:26 vite_build on: 0.528s
04:28:29 vite_build on: 0.668s
04:28:32 vite_build off: 0.554s
04:28:35 vite_build off: 0.532s
04:28:38 vite_build on: 0.578s
04:28:41 vite_build on: 0.684s
04:28:45 vite_build off: 0.523s
04:28:47 vite_build off: 0.525s
04:28:50 vite_build on: 0.605s
04:28:53 vite_build on: 0.541s
04:28:57 vite_build off: 0.535s
04:28:59 vite_build off: 0.547s
04:29:03 vite_build on: 0.648s
04:29:05 vite_build on: 0.578s
04:29:09 vite_build off: 0.574s
04:29:11 vite_build off: 0.544s
04:29:15 vite_build on: 0.548s
04:29:18 vite_build on: 0.559s
04:29:21 vite_build off: 0.549s
04:29:23 vite_build off: 0.556s
04:29:27 vite_build on: 0.557s
04:29:30 vite_build on: 0.536s
04:29:33 vite_build off: 0.547s
04:29:35 vite_build off: 0.654s
04:29:39 vite_build on: 0.542s
04:29:42 vite_build on: 0.582s
04:29:45 vite_build off: 0.580s
04:29:47 vite_build off: 0.629s
04:29:51 vite_build on: 0.513s
04:29:53 vite_build on: 0.548s
04:29:57 vite_build off: 0.524s
04:29:59 vite_build off: 0.615s
04:30:03 vite_build on: 0.591s
04:30:05 vite_build on: 0.560s
04:30:09 vite_build off: 0.569s
04:30:11 vite_build off: 0.740s
04:30:15 vite_build on: 0.774s
04:30:18 vite_build on: 0.619s
04:30:21 vite_build off: 0.589s
04:30:23 vite_build off: 0.532s
04:30:26 vite_build on: 0.588s
04:30:29 vite_build on: 0.579s
04:30:33 vite_build off: 0.515s
04:30:35 vite_build off: 0.553s
04:30:39 vite_build on: 0.549s
04:30:41 vite_build on: 0.589s
04:30:44 vite_build off: 0.553s
04:30:47 vite_build off: 0.570s
04:30:50 vite_build on: 0.539s
04:30:53 vite_build on: 0.557s
04:30:56 vite_build off: 0.526s
04:30:59 vite_build off: 0.544s
04:31:02 vite_build on: 0.572s
04:31:05 vite_build on: 0.619s
04:31:08 vite_build off: 0.581s
04:31:11 vite_build off: 0.571s
04:31:14 vite_build on: 0.509s
04:31:17 vite_build on: 0.617s
04:31:20 vite_build off: 0.569s
04:31:23 vite_build off: 0.535s
04:31:26 vite_build on: 0.768s
04:31:29 vite_build on: 0.559s
04:31:33 vite_build off: 0.557s
04:31:35 vite_build off: 0.629s
04:31:39 vite_build on: 0.599s
04:31:41 vite_build on: 0.561s
04:31:45 vite_build off: 0.548s
04:31:47 vite_build off: 0.532s
04:31:51 vite_build on: 0.590s
04:31:53 vite_build on: 0.564s
04:31:56 vite_build off: 0.530s
04:31:59 vite_build off: 0.579s
04:32:02 vite_build on: 0.630s
04:32:05 vite_build on: 0.556s
04:32:08 vite_build off: 0.535s
04:32:11 vite_build off: 0.537s
04:32:14 vite_build on: 0.562s
04:32:17 vite_build on: 0.576s
04:32:20 vite_build off: 0.513s
04:32:22 vite_build off: 0.529s
04:32:26 vite_build on: 0.594s
04:32:29 vite_build on: 0.519s
04:32:32 vite_build off: 0.565s
04:32:34 vite_build off: 0.534s
04:32:38 vite_build on: 0.610s
04:32:41 vite_build on: 0.550s
04:32:44 vite_build off: 0.513s
04:32:46 vite_build off: 0.622s
04:32:50 vite_build on: 0.541s
04:32:53 vite_build on: 0.555s
04:32:56 vite_build off: 0.550s
04:32:58 vite_build off: 0.639s
04:33:01 vite_build on: 0.537s
04:33:04 vite_build on: 0.559s
04:33:07 vite_build off: 0.539s
04:33:08 vite_build: median paired overhead +2.09% (CI90 +1.11 .. +3.74)
04:33:14 copy_program_x300 warmup off: 2.103s
04:33:21 copy_program_x300 warmup on: 2.207s
04:33:27 copy_program_x300 warmup off: 2.325s
04:33:34 copy_program_x300 warmup on: 2.436s
04:33:41 copy_program_x300 off: 2.023s
04:33:48 copy_program_x300 on: 2.653s
04:33:55 copy_program_x300 on: 2.176s
04:34:01 copy_program_x300 off: 2.146s
04:34:07 copy_program_x300 off: 2.046s
04:34:14 copy_program_x300 on: 2.157s
04:34:20 copy_program_x300 on: 2.425s
04:34:26 copy_program_x300 off: 2.121s
04:34:31 copy_program_x300 off: 2.263s
04:34:38 copy_program_x300 on: 2.096s
04:34:44 copy_program_x300 on: 2.359s
04:34:51 copy_program_x300 off: 1.992s
04:34:56 copy_program_x300 off: 2.148s
04:35:04 copy_program_x300 on: 2.212s
04:35:10 copy_program_x300 on: 2.127s
04:35:17 copy_program_x300 off: 1.982s
04:35:22 copy_program_x300 off: 1.894s
04:35:29 copy_program_x300 on: 2.363s
04:35:35 copy_program_x300 on: 2.120s
04:35:42 copy_program_x300 off: 2.300s
04:35:47 copy_program_x300 off: 2.091s
04:35:55 copy_program_x300 on: 2.519s
04:36:01 copy_program_x300 on: 2.208s
04:36:07 copy_program_x300 off: 1.989s
04:36:13 copy_program_x300 off: 1.952s
04:36:21 copy_program_x300 on: 2.092s
04:36:26 copy_program_x300 on: 2.145s
04:36:37 copy_program_x300 off: 2.182s
04:36:42 copy_program_x300 off: 2.140s
04:36:49 copy_program_x300 on: 2.046s
04:36:55 copy_program_x300 on: 2.619s
04:37:02 copy_program_x300 off: 1.974s
04:37:06 copy_program_x300 off: 1.574s
04:37:12 copy_program_x300 on: 1.511s
04:37:17 copy_program_x300 on: 1.682s
04:37:22 copy_program_x300 off: 1.704s
04:37:26 copy_program_x300 off: 1.411s
04:37:32 copy_program_x300 on: 1.669s
04:37:37 copy_program_x300 on: 1.574s
04:37:43 copy_program_x300 off: 1.380s
04:37:48 copy_program_x300 off: 2.320s
04:37:55 copy_program_x300 on: 2.100s
04:38:02 copy_program_x300 on: 1.984s
04:38:07 copy_program_x300 off: 1.710s
04:38:12 copy_program_x300 off: 1.850s
04:38:19 copy_program_x300 on: 2.384s
04:38:27 copy_program_x300 on: 2.719s
04:38:35 copy_program_x300 off: 2.882s
04:38:41 copy_program_x300 off: 2.266s
04:38:48 copy_program_x300 on: 2.422s
04:38:56 copy_program_x300 on: 2.775s
04:39:03 copy_program_x300 off: 2.637s
04:39:09 copy_program_x300 off: 2.210s
04:39:17 copy_program_x300 on: 2.712s
04:39:23 copy_program_x300 on: 2.502s
04:39:31 copy_program_x300 off: 2.231s
04:39:36 copy_program_x300 off: 2.069s
04:39:44 copy_program_x300 on: 3.076s
04:39:51 copy_program_x300 on: 2.354s
04:39:57 copy_program_x300 off: 1.832s
04:40:03 copy_program_x300 off: 2.343s
04:40:10 copy_program_x300 on: 2.140s
04:40:16 copy_program_x300 on: 2.676s
04:40:24 copy_program_x300 off: 2.164s
04:40:30 copy_program_x300 off: 2.309s
04:40:38 copy_program_x300 on: 2.538s
04:40:44 copy_program_x300 on: 2.125s
04:40:51 copy_program_x300 off: 2.311s
04:40:58 copy_program_x300 off: 2.630s
04:41:07 copy_program_x300 on: 2.262s
04:41:14 copy_program_x300 on: 2.468s
04:41:21 copy_program_x300 off: 2.302s
04:41:27 copy_program_x300 off: 2.718s
04:41:35 copy_program_x300 on: 2.512s
04:41:43 copy_program_x300 on: 2.495s
04:41:50 copy_program_x300 off: 2.571s
04:41:56 copy_program_x300 off: 2.275s
04:42:04 copy_program_x300 on: 2.590s
04:42:10 copy_program_x300 on: 2.062s
04:42:17 copy_program_x300 off: 1.960s
04:42:22 copy_program_x300 off: 2.418s
04:42:30 copy_program_x300 on: 2.342s
04:42:36 copy_program_x300 on: 1.911s
04:42:42 copy_program_x300 off: 1.752s
04:42:47 copy_program_x300 off: 1.673s
04:42:54 copy_program_x300 on: 2.163s
04:42:59 copy_program_x300 on: 1.879s
04:43:06 copy_program_x300 off: 1.896s
04:43:11 copy_program_x300 off: 1.840s
04:43:18 copy_program_x300 on: 2.297s
04:43:23 copy_program_x300 on: 1.935s
04:43:29 copy_program_x300 off: 1.685s
04:43:34 copy_program_x300 off: 1.742s
04:43:41 copy_program_x300 on: 1.826s
04:43:46 copy_program_x300 on: 1.939s
04:43:52 copy_program_x300 off: 1.667s
04:43:58 copy_program_x300 off: 2.264s
04:44:05 copy_program_x300 on: 2.013s
04:44:11 copy_program_x300 on: 2.016s
04:44:16 copy_program_x300 off: 1.678s
04:44:21 copy_program_x300 off: 1.877s
04:44:28 copy_program_x300 on: 2.381s
04:44:33 copy_program_x300 on: 2.064s
04:44:39 copy_program_x300 off: 2.001s
04:44:44 copy_program_x300 off: 1.850s
04:44:51 copy_program_x300 on: 2.190s
04:44:57 copy_program_x300 on: 2.435s
04:45:03 copy_program_x300 off: 1.705s
04:45:08 copy_program_x300 off: 1.841s
04:45:14 copy_program_x300 on: 1.817s
04:45:20 copy_program_x300 on: 2.058s
04:45:26 copy_program_x300 off: 1.917s
04:45:31 copy_program_x300 off: 1.862s
04:45:37 copy_program_x300 on: 1.953s
04:45:43 copy_program_x300 on: 2.120s
04:45:49 copy_program_x300 off: 1.844s
04:45:54 copy_program_x300 off: 1.984s
04:46:01 copy_program_x300 on: 1.978s
04:46:06 copy_program_x300 on: 2.162s
04:46:12 copy_program_x300 off: 1.644s
04:46:17 copy_program_x300 off: 1.839s
04:46:24 copy_program_x300 on: 1.888s
04:46:29 copy_program_x300 on: 2.036s
04:46:35 copy_program_x300 off: 1.704s
04:46:40 copy_program_x300 off: 1.796s
04:46:46 copy_program_x300 on: 1.774s
04:46:53 copy_program_x300 on: 2.324s
04:46:59 copy_program_x300 off: 1.921s
04:47:04 copy_program_x300 off: 1.896s
04:47:10 copy_program_x300 on: 1.934s
04:47:16 copy_program_x300 on: 2.037s
04:47:22 copy_program_x300 off: 1.715s
04:47:26 copy_program_x300 off: 1.864s
04:47:33 copy_program_x300 on: 1.889s
04:47:38 copy_program_x300 on: 2.076s
04:47:44 copy_program_x300 off: 1.642s
04:47:49 copy_program_x300 off: 1.817s
04:47:55 copy_program_x300 on: 1.821s
04:48:01 copy_program_x300 on: 2.522s
04:48:07 copy_program_x300 off: 1.720s
04:48:12 copy_program_x300 off: 1.842s
04:48:19 copy_program_x300 on: 1.875s
04:48:25 copy_program_x300 on: 2.461s
04:48:32 copy_program_x300 off: 2.071s
04:48:37 copy_program_x300 off: 2.258s
04:48:45 copy_program_x300 on: 1.881s
04:48:50 copy_program_x300 on: 1.914s
04:48:56 copy_program_x300 off: 1.736s
04:49:01 copy_program_x300 off: 1.698s
04:49:07 copy_program_x300 on: 1.797s
04:49:13 copy_program_x300 on: 2.157s
04:49:19 copy_program_x300 off: 1.902s
04:49:25 copy_program_x300 off: 1.983s
04:49:32 copy_program_x300 on: 2.303s
04:49:39 copy_program_x300 on: 2.112s
04:49:45 copy_program_x300 off: 1.812s
04:49:50 copy_program_x300 off: 1.730s
04:49:56 copy_program_x300 on: 1.844s
04:50:02 copy_program_x300 on: 1.841s
04:50:08 copy_program_x300 off: 1.770s
04:50:13 copy_program_x300 off: 1.701s
04:50:19 copy_program_x300 on: 1.877s
04:50:25 copy_program_x300 on: 2.069s
04:50:31 copy_program_x300 off: 1.998s
04:50:36 copy_program_x300 off: 1.837s
04:50:43 copy_program_x300 on: 1.858s
04:50:48 copy_program_x300 on: 1.867s
04:50:55 copy_program_x300 off: 1.883s
04:50:59 copy_program_x300 off: 1.785s
04:51:06 copy_program_x300 on: 1.923s
04:51:12 copy_program_x300 on: 2.045s
04:51:18 copy_program_x300 off: 1.810s
04:51:23 copy_program_x300 off: 1.839s
04:51:29 copy_program_x300 on: 1.859s
04:51:35 copy_program_x300 on: 2.631s
04:51:41 copy_program_x300 off: 1.940s
04:51:46 copy_program_x300 off: 1.712s
04:51:53 copy_program_x300 on: 1.930s
04:51:58 copy_program_x300 on: 1.871s
04:52:04 copy_program_x300 off: 1.878s
04:52:09 copy_program_x300 off: 1.723s
04:52:16 copy_program_x300 on: 1.904s
04:52:21 copy_program_x300 on: 1.833s
04:52:27 copy_program_x300 off: 1.789s
04:52:32 copy_program_x300 off: 1.789s
04:52:39 copy_program_x300 on: 1.917s
04:52:45 copy_program_x300 on: 2.239s
04:52:51 copy_program_x300 off: 2.009s
04:52:56 copy_program_x300 off: 1.757s
04:53:03 copy_program_x300 on: 2.088s
04:53:08 copy_program_x300 on: 1.914s
04:53:15 copy_program_x300 off: 1.847s
04:53:19 copy_program_x300 off: 1.688s
04:53:26 copy_program_x300 on: 1.963s
04:53:31 copy_program_x300 on: 1.874s
04:53:37 copy_program_x300 off: 1.856s
04:53:42 copy_program_x300 off: 1.701s
04:53:49 copy_program_x300 on: 1.888s
04:53:54 copy_program_x300 on: 1.947s
04:54:01 copy_program_x300 off: 1.932s
04:54:06 copy_program_x300 off: 1.903s
04:54:13 copy_program_x300 on: 2.015s
04:54:18 copy_program_x300 on: 1.856s
04:54:24 copy_program_x300 off: 2.035s
04:54:29 copy_program_x300 off: 1.832s
04:54:36 copy_program_x300 on: 2.063s
04:54:41 copy_program_x300 on: 1.995s
04:54:48 copy_program_x300 off: 2.038s
04:54:53 copy_program_x300 off: 1.928s
04:55:00 copy_program_x300 on: 2.169s
04:55:05 copy_program_x300 on: 1.868s
04:55:12 copy_program_x300 off: 2.050s
04:55:17 copy_program_x300 off: 2.004s
04:55:24 copy_program_x300 on: 2.290s
04:55:29 copy_program_x300 on: 1.894s
04:55:36 copy_program_x300 off: 1.939s
04:55:40 copy_program_x300 off: 1.712s
04:55:47 copy_program_x300 on: 2.018s
04:55:53 copy_program_x300 on: 1.888s
04:55:59 copy_program_x300 off: 1.777s
04:56:04 copy_program_x300 off: 1.736s
04:56:10 copy_program_x300 on: 1.866s
04:56:16 copy_program_x300 on: 1.963s
04:56:23 copy_program_x300 off: 1.869s
04:56:28 copy_program_x300 off: 2.001s
04:56:35 copy_program_x300 on: 1.991s
04:56:40 copy_program_x300 on: 1.818s
04:56:47 copy_program_x300 off: 1.742s
04:56:51 copy_program_x300 off: 1.844s
04:56:59 copy_program_x300 on: 2.060s
04:57:05 copy_program_x300 on: 1.936s
04:57:11 copy_program_x300 off: 1.758s
04:57:16 copy_program_x300 off: 1.856s
04:57:22 copy_program_x300 on: 1.905s
04:57:28 copy_program_x300 on: 1.951s
04:57:34 copy_program_x300 off: 1.778s
04:57:39 copy_program_x300 off: 1.937s
04:57:46 copy_program_x300 on: 1.879s
04:57:52 copy_program_x300 on: 2.084s
04:57:58 copy_program_x300 off: 1.797s
04:58:03 copy_program_x300 off: 2.004s
04:58:10 copy_program_x300 on: 1.977s
04:58:15 copy_program_x300 on: 2.189s
04:58:21 copy_program_x300 off: 1.875s
04:58:26 copy_program_x300 off: 1.930s
04:58:33 copy_program_x300 on: 2.026s
04:58:39 copy_program_x300 on: 2.146s
04:58:45 copy_program_x300 off: 1.929s
04:58:50 copy_program_x300 off: 2.112s
04:58:57 copy_program_x300 on: 1.880s
04:59:03 copy_program_x300 on: 2.015s
04:59:09 copy_program_x300 off: 1.809s
04:59:14 copy_program_x300 off: 1.919s
04:59:20 copy_program_x300 on: 1.884s
04:59:26 copy_program_x300 on: 1.930s
04:59:32 copy_program_x300 off: 1.741s
04:59:37 copy_program_x300 off: 1.782s
04:59:44 copy_program_x300 on: 1.917s
04:59:49 copy_program_x300 on: 1.958s
04:59:56 copy_program_x300 off: 1.759s
05:00:01 copy_program_x300 off: 2.073s
05:00:08 copy_program_x300 on: 1.842s
05:00:13 copy_program_x300 on: 2.006s
05:00:19 copy_program_x300 off: 1.685s
05:00:25 copy_program_x300 off: 1.894s
05:00:31 copy_program_x300 on: 1.839s
05:00:37 copy_program_x300 on: 2.040s
05:00:43 copy_program_x300 off: 1.740s
05:00:49 copy_program_x300 off: 1.867s
05:00:56 copy_program_x300 on: 2.016s
05:01:02 copy_program_x300 on: 2.143s
05:01:07 copy_program_x300 off: 2.026s
05:01:12 copy_program_x300 off: 1.866s
05:01:19 copy_program_x300 on: 2.103s
05:01:25 copy_program_x300 on: 1.922s
05:01:31 copy_program_x300 off: 1.999s
05:01:36 copy_program_x300 off: 1.785s
05:01:44 copy_program_x300 on: 2.139s
05:01:49 copy_program_x300 on: 1.894s
05:01:55 copy_program_x300 off: 2.009s
05:02:00 copy_program_x300 off: 1.746s
05:02:07 copy_program_x300 on: 2.155s
05:02:13 copy_program_x300 on: 2.424s
05:02:19 copy_program_x300 off: 1.781s
05:02:24 copy_program_x300 off: 2.095s
05:02:31 copy_program_x300 on: 1.879s
05:02:37 copy_program_x300 on: 1.964s
05:02:43 copy_program_x300 off: 1.790s
05:02:48 copy_program_x300 off: 1.696s
05:02:55 copy_program_x300 on: 1.899s
05:03:00 copy_program_x300 on: 1.919s
05:03:07 copy_program_x300 off: 1.762s
05:03:12 copy_program_x300 off: 1.773s
05:03:19 copy_program_x300 on: 1.922s
05:03:25 copy_program_x300 on: 2.531s
05:03:31 copy_program_x300 off: 1.890s
05:03:36 copy_program_x300 off: 1.792s
05:03:43 copy_program_x300 on: 2.012s
05:03:48 copy_program_x300 on: 2.083s
05:03:54 copy_program_x300 off: 1.696s
05:03:55 copy_program_x300: median paired overhead +7.83% (CI90 +6.42 .. +10.46)
05:04:03 PASS idle_cpu_below_1pct_of_a_core
05:04:03 PASS zero_loss
05:04:03 PASS why_cli_median_lt_100ms
05:04:03 PASS label_cli_median_lt_100ms
05:04:03 FAIL make_j8_36_units.median_paired_overhead_lt_5pct
05:04:03 PASS vite_build.median_paired_overhead_lt_5pct
05:04:03 FAIL copy_program_x300.median_paired_overhead_lt_5pct
05:04:03 verdict FAIL
