13:28:38 graduation: user=ftmon base=/home/ftmon/whyfs-graduation-ws
13:28:41 functional: static binary
13:28:41 functional: parallel build #1 (clean)
13:28:42 functional: header change -> build #2
13:28:42 functional: source change -> build #3
13:28:42 functional: vite build + postbuild
13:28:43 functional: copy / rename / move chain
13:28:49 perf make_j8_36_units warmup off: 0.098s
13:28:54 perf make_j8_36_units warmup on: 0.094s
13:28:54 perf make_j8_36_units warmup off: 0.097s
13:28:58 perf make_j8_36_units warmup on: 0.091s
13:28:58 perf make_j8_36_units off: 0.094s
13:29:03 perf make_j8_36_units on: 0.092s
13:29:07 perf make_j8_36_units on: 0.090s
13:29:07 perf make_j8_36_units off: 0.093s
13:29:07 perf make_j8_36_units off: 0.094s
13:29:11 perf make_j8_36_units on: 0.098s
13:29:15 perf make_j8_36_units on: 0.095s
13:29:15 perf make_j8_36_units off: 0.091s
13:29:16 perf make_j8_36_units off: 0.091s
13:29:20 perf make_j8_36_units on: 0.092s
13:29:24 perf make_j8_36_units on: 0.092s
13:29:24 perf make_j8_36_units off: 0.090s
13:29:24 perf make_j8_36_units off: 0.098s
13:29:28 perf make_j8_36_units on: 0.092s
13:29:33 perf make_j8_36_units on: 0.096s
13:29:33 perf make_j8_36_units off: 0.093s
13:29:33 perf make_j8_36_units off: 0.094s
13:29:37 perf make_j8_36_units on: 0.093s
13:29:41 perf make_j8_36_units on: 0.096s
13:29:42 perf make_j8_36_units off: 0.093s
13:29:42 perf make_j8_36_units off: 0.093s
13:29:46 perf make_j8_36_units on: 0.090s
13:29:50 perf make_j8_36_units on: 0.090s
13:29:50 perf make_j8_36_units off: 0.093s
13:29:50 perf make_j8_36_units off: 0.090s
13:29:55 perf make_j8_36_units on: 0.100s
13:29:59 perf make_j8_36_units on: 0.096s
13:29:59 perf make_j8_36_units off: 0.091s
13:29:59 perf make_j8_36_units off: 0.089s
13:30:03 perf make_j8_36_units on: 0.093s
13:30:08 perf make_j8_36_units on: 0.092s
13:30:08 perf make_j8_36_units off: 0.092s
13:30:08 perf make_j8_36_units off: 0.090s
13:30:12 perf make_j8_36_units on: 0.093s
13:30:17 perf make_j8_36_units on: 0.092s
13:30:17 perf make_j8_36_units off: 0.100s
13:30:17 perf make_j8_36_units off: 0.091s
13:30:21 perf make_j8_36_units on: 0.093s
13:30:25 perf make_j8_36_units on: 0.091s
13:30:25 perf make_j8_36_units off: 0.093s
13:30:26 perf vite_build warmup off: 0.317s
13:30:30 perf vite_build warmup on: 0.318s
13:30:31 perf vite_build warmup off: 0.312s
13:30:35 perf vite_build warmup on: 0.318s
13:30:35 perf vite_build off: 0.315s
13:30:40 perf vite_build on: 0.315s
13:30:45 perf vite_build on: 0.317s
13:30:45 perf vite_build off: 0.317s
13:30:45 perf vite_build off: 0.317s
13:30:50 perf vite_build on: 0.320s
13:30:55 perf vite_build on: 0.310s
13:30:55 perf vite_build off: 0.342s
13:30:55 perf vite_build off: 0.343s
13:31:00 perf vite_build on: 0.315s
13:31:05 perf vite_build on: 0.315s
13:31:05 perf vite_build off: 0.312s
13:31:05 perf vite_build off: 0.319s
13:31:10 perf vite_build on: 0.355s
13:31:15 perf vite_build on: 0.323s
13:31:15 perf vite_build off: 0.315s
13:31:15 perf vite_build off: 0.320s
13:31:20 perf vite_build on: 0.318s
13:31:24 perf vite_build on: 0.316s
13:31:25 perf vite_build off: 0.319s
13:31:25 perf vite_build off: 0.321s
13:31:30 perf vite_build on: 0.313s
13:31:35 perf vite_build on: 0.321s
13:31:35 perf vite_build off: 0.314s
13:31:35 perf vite_build off: 0.313s
13:31:40 perf vite_build on: 0.311s
13:31:45 perf vite_build on: 0.321s
13:31:45 perf vite_build off: 0.317s
13:31:45 perf vite_build off: 0.313s
13:31:50 perf vite_build on: 0.312s
13:31:55 perf vite_build on: 0.312s
13:31:55 perf vite_build off: 0.323s
13:31:55 perf vite_build off: 0.319s
13:32:00 perf vite_build on: 0.334s
13:32:04 perf vite_build on: 0.328s
13:32:05 perf vite_build off: 0.327s
13:32:05 perf vite_build off: 0.321s
13:32:10 perf vite_build on: 0.311s
13:32:14 perf vite_build on: 0.314s
13:32:15 perf vite_build off: 0.319s
13:32:15 perf static_binary_x300 warmup off: 0.134s
13:32:19 perf static_binary_x300 warmup on: 0.133s
13:32:19 perf static_binary_x300 warmup off: 0.130s
13:32:24 perf static_binary_x300 warmup on: 0.137s
13:32:24 perf static_binary_x300 off: 0.133s
13:32:28 perf static_binary_x300 on: 0.137s
13:32:32 perf static_binary_x300 on: 0.132s
13:32:33 perf static_binary_x300 off: 0.134s
13:32:33 perf static_binary_x300 off: 0.128s
13:32:37 perf static_binary_x300 on: 0.133s
13:32:42 perf static_binary_x300 on: 0.140s
13:32:42 perf static_binary_x300 off: 0.121s
13:32:42 perf static_binary_x300 off: 0.128s
13:32:46 perf static_binary_x300 on: 0.134s
13:32:50 perf static_binary_x300 on: 0.136s
13:32:50 perf static_binary_x300 off: 0.129s
13:32:51 perf static_binary_x300 off: 0.129s
13:32:55 perf static_binary_x300 on: 0.128s
13:32:59 perf static_binary_x300 on: 0.132s
13:32:59 perf static_binary_x300 off: 0.139s
13:32:59 perf static_binary_x300 off: 0.134s
13:33:04 perf static_binary_x300 on: 0.138s
13:33:08 perf static_binary_x300 on: 0.133s
13:33:08 perf static_binary_x300 off: 0.129s
13:33:08 perf static_binary_x300 off: 0.130s
13:33:13 perf static_binary_x300 on: 0.137s
13:33:17 perf static_binary_x300 on: 0.142s
13:33:17 perf static_binary_x300 off: 0.136s
13:33:17 perf static_binary_x300 off: 0.129s
13:33:21 perf static_binary_x300 on: 0.133s
13:33:26 perf static_binary_x300 on: 0.133s
13:33:26 perf static_binary_x300 off: 0.133s
13:33:26 perf static_binary_x300 off: 0.133s
13:33:30 perf static_binary_x300 on: 0.134s
13:33:34 perf static_binary_x300 on: 0.132s
13:33:34 perf static_binary_x300 off: 0.139s
13:33:35 perf static_binary_x300 off: 0.133s
13:33:39 perf static_binary_x300 on: 0.134s
13:33:43 perf static_binary_x300 on: 0.134s
13:33:43 perf static_binary_x300 off: 0.128s
13:33:43 perf static_binary_x300 off: 0.128s
13:33:48 perf static_binary_x300 on: 0.131s
13:33:52 perf static_binary_x300 on: 0.137s
13:33:52 perf static_binary_x300 off: 0.130s
13:33:54 verdict PASS; failed: []
