13:22:42 graduation: user=ftmon base=/home/ftmon/whyfs-graduation-ws
13:22:45 functional: static binary
13:22:45 functional: parallel build #1 (clean)
13:22:45 functional: header change -> build #2
13:22:46 functional: source change -> build #3
13:22:46 functional: vite build + postbuild
13:22:46 functional: copy / rename / move chain
13:22:53 perf make_j8_36_units warmup off: 0.093s
13:22:57 perf make_j8_36_units warmup on: 0.094s
13:22:57 perf make_j8_36_units warmup off: 0.089s
13:23:02 perf make_j8_36_units warmup on: 0.094s
13:23:02 perf make_j8_36_units off: 0.091s
13:23:06 perf make_j8_36_units on: 0.108s
13:23:10 perf make_j8_36_units on: 0.093s
13:23:10 perf make_j8_36_units off: 0.090s
13:23:10 perf make_j8_36_units off: 0.086s
13:23:15 perf make_j8_36_units on: 0.092s
13:23:19 perf make_j8_36_units on: 0.093s
13:23:19 perf make_j8_36_units off: 0.100s
13:23:19 perf make_j8_36_units off: 0.095s
13:23:23 perf make_j8_36_units on: 0.093s
13:23:27 perf make_j8_36_units on: 0.088s
13:23:27 perf make_j8_36_units off: 0.095s
13:23:28 perf make_j8_36_units off: 0.092s
13:23:32 perf make_j8_36_units on: 0.091s
13:23:36 perf make_j8_36_units on: 0.090s
13:23:36 perf make_j8_36_units off: 0.096s
13:23:36 perf make_j8_36_units off: 0.094s
13:23:40 perf make_j8_36_units on: 0.097s
13:23:45 perf make_j8_36_units on: 0.097s
13:23:45 perf make_j8_36_units off: 0.098s
13:23:45 perf make_j8_36_units off: 0.093s
13:23:49 perf make_j8_36_units on: 0.096s
13:23:53 perf make_j8_36_units on: 0.087s
13:23:53 perf make_j8_36_units off: 0.092s
13:23:53 perf make_j8_36_units off: 0.093s
13:23:57 perf make_j8_36_units on: 0.092s
13:24:02 perf make_j8_36_units on: 0.093s
13:24:02 perf make_j8_36_units off: 0.091s
13:24:02 perf make_j8_36_units off: 0.087s
13:24:06 perf make_j8_36_units on: 0.094s
13:24:10 perf make_j8_36_units on: 0.093s
13:24:10 perf make_j8_36_units off: 0.092s
13:24:10 perf make_j8_36_units off: 0.091s
13:24:14 perf make_j8_36_units on: 0.090s
13:24:19 perf make_j8_36_units on: 0.090s
13:24:19 perf make_j8_36_units off: 0.094s
13:24:19 perf make_j8_36_units off: 0.091s
13:24:23 perf make_j8_36_units on: 0.091s
13:24:27 perf make_j8_36_units on: 0.094s
13:24:27 perf make_j8_36_units off: 0.095s
13:24:28 perf vite_build warmup off: 0.318s
13:24:32 perf vite_build warmup on: 0.316s
13:24:33 perf vite_build warmup off: 0.317s
13:24:37 perf vite_build warmup on: 0.316s
13:24:38 perf vite_build off: 0.308s
13:24:42 perf vite_build on: 0.333s
13:24:47 perf vite_build on: 0.311s
13:24:48 perf vite_build off: 0.310s
13:24:48 perf vite_build off: 0.318s
13:24:53 perf vite_build on: 0.312s
13:24:57 perf vite_build on: 0.316s
13:24:57 perf vite_build off: 0.318s
13:24:58 perf vite_build off: 0.320s
13:25:02 perf vite_build on: 0.314s
13:25:07 perf vite_build on: 0.313s
13:25:07 perf vite_build off: 0.320s
13:25:08 perf vite_build off: 0.310s
13:25:12 perf vite_build on: 0.302s
13:25:17 perf vite_build on: 0.315s
13:25:17 perf vite_build off: 0.305s
13:25:18 perf vite_build off: 0.315s
13:25:22 perf vite_build on: 0.319s
13:25:27 perf vite_build on: 0.308s
13:25:27 perf vite_build off: 0.320s
13:25:28 perf vite_build off: 0.318s
13:25:32 perf vite_build on: 0.317s
13:25:37 perf vite_build on: 0.306s
13:25:37 perf vite_build off: 0.320s
13:25:37 perf vite_build off: 0.315s
13:25:42 perf vite_build on: 0.306s
13:25:47 perf vite_build on: 0.311s
13:25:47 perf vite_build off: 0.310s
13:25:47 perf vite_build off: 0.305s
13:25:52 perf vite_build on: 0.314s
13:25:57 perf vite_build on: 0.316s
13:25:57 perf vite_build off: 0.320s
13:25:57 perf vite_build off: 0.318s
13:26:02 perf vite_build on: 0.317s
13:26:07 perf vite_build on: 0.309s
13:26:07 perf vite_build off: 0.317s
13:26:07 perf vite_build off: 0.312s
13:26:12 perf vite_build on: 0.311s
13:26:16 perf vite_build on: 0.312s
13:26:17 perf vite_build off: 0.298s
13:26:17 perf static_binary_x300 warmup off: 0.131s
13:26:21 perf static_binary_x300 warmup on: 0.130s
13:26:21 perf static_binary_x300 warmup off: 0.132s
13:26:25 perf static_binary_x300 warmup on: 0.137s
13:26:26 perf static_binary_x300 off: 0.120s
13:26:30 perf static_binary_x300 on: 0.119s
13:26:34 perf static_binary_x300 on: 0.132s
13:26:34 perf static_binary_x300 off: 0.138s
13:26:34 perf static_binary_x300 off: 0.125s
13:26:39 perf static_binary_x300 on: 0.142s
13:26:43 perf static_binary_x300 on: 0.130s
13:26:43 perf static_binary_x300 off: 0.130s
13:26:43 perf static_binary_x300 off: 0.128s
13:26:48 perf static_binary_x300 on: 0.137s
13:26:52 perf static_binary_x300 on: 0.136s
13:26:52 perf static_binary_x300 off: 0.139s
13:26:52 perf static_binary_x300 off: 0.134s
13:26:57 perf static_binary_x300 on: 0.135s
13:27:01 perf static_binary_x300 on: 0.138s
13:27:01 perf static_binary_x300 off: 0.136s
13:27:01 perf static_binary_x300 off: 0.132s
13:27:06 perf static_binary_x300 on: 0.135s
13:27:10 perf static_binary_x300 on: 0.133s
13:27:10 perf static_binary_x300 off: 0.131s
13:27:10 perf static_binary_x300 off: 0.130s
13:27:15 perf static_binary_x300 on: 0.139s
13:27:19 perf static_binary_x300 on: 0.132s
13:27:19 perf static_binary_x300 off: 0.133s
13:27:19 perf static_binary_x300 off: 0.132s
13:27:23 perf static_binary_x300 on: 0.127s
13:27:28 perf static_binary_x300 on: 0.132s
13:27:28 perf static_binary_x300 off: 0.132s
13:27:28 perf static_binary_x300 off: 0.127s
13:27:32 perf static_binary_x300 on: 0.130s
13:27:36 perf static_binary_x300 on: 0.130s
13:27:37 perf static_binary_x300 off: 0.128s
13:27:37 perf static_binary_x300 off: 0.128s
13:27:41 perf static_binary_x300 on: 0.129s
13:27:45 perf static_binary_x300 on: 0.135s
13:27:45 perf static_binary_x300 off: 0.128s
13:27:45 perf static_binary_x300 off: 0.130s
13:27:50 perf static_binary_x300 on: 0.139s
13:27:54 perf static_binary_x300 on: 0.134s
13:27:54 perf static_binary_x300 off: 0.129s
13:27:56 verdict PASS; failed: []
