16:19:14 functional fixtures
16:19:25   PASS creator_attribution_ge_99pct
16:19:25   PASS useful_input_recall_ge_95pct
16:19:25   PASS no_unlabelled_false_lineage
16:19:25   PASS msvc_header_impact_reaches_all_includers_and_app
16:19:25   PASS msvc_header_impact_excludes_non_includer
16:19:25   PASS msvc_source_impact_reaches_its_object_and_app
16:19:25   PASS msvc_source_impact_other_objects_only_as_labelled_shared
16:19:25   PASS incremental_rebuild_history
16:19:25   PASS rename_chain_steps_recorded
16:19:25   PASS rename_impact_reaches_final_name
16:19:25   PASS recreate_history_two_writes
16:19:25   PASS parent_child_parent_is_cmd
16:19:25   PASS vite_human_view_hides_node_modules
16:19:25   PASS vite_raw_view_retains_dependency_reads
16:19:25   PASS vite_transitive_impact_to_postbuild
16:19:25   PASS paths_absolute_dos_and_in_scope
16:19:25   PASS no_state_dir_evidence
16:19:25   PASS zero_loss
16:19:25   PASS no_foreign_file_object_attribution
16:19:25   accuracy {'tested_outputs': 64, 'creator_attribution': 1.0, 'expected_inputs': 142, 'found_inputs': 142, 'useful_input_recall': 1.0, 'unlabelled_false_inputs': 0, 'foreign_file_objects_rejected': 5}
16:19:33 perf msvc_36_units_mp8 warmup off: 0.321s
16:19:35 perf msvc_36_units_mp8 warmup on: 0.213s
16:19:36 perf msvc_36_units_mp8 warmup off: 0.428s
16:19:38 perf msvc_36_units_mp8 warmup on: 0.229s
16:19:39 perf msvc_36_units_mp8 off: 0.402s
16:19:41 perf msvc_36_units_mp8 on: 0.206s
16:19:44 perf msvc_36_units_mp8 on: 0.349s
16:19:44 perf msvc_36_units_mp8 off: 0.200s
16:19:45 perf msvc_36_units_mp8 off: 0.375s
16:19:47 perf msvc_36_units_mp8 on: 0.230s
16:19:49 perf msvc_36_units_mp8 on: 0.205s
16:19:50 perf msvc_36_units_mp8 off: 0.245s
16:19:51 perf msvc_36_units_mp8 off: 0.212s
16:19:53 perf msvc_36_units_mp8 on: 0.429s
16:19:55 perf msvc_36_units_mp8 on: 0.199s
16:19:56 perf msvc_36_units_mp8 off: 0.398s
16:19:57 perf msvc_36_units_mp8 off: 0.204s
16:19:59 perf msvc_36_units_mp8 on: 0.429s
16:20:01 perf msvc_36_units_mp8 on: 0.205s
16:20:02 perf msvc_36_units_mp8 off: 0.406s
16:20:03 perf msvc_36_units_mp8 off: 0.350s
16:20:05 perf msvc_36_units_mp8 on: 0.224s
16:20:07 perf msvc_36_units_mp8 on: 0.213s
16:20:08 perf msvc_36_units_mp8 off: 0.396s
16:20:09 perf msvc_36_units_mp8 off: 0.208s
16:20:11 perf msvc_36_units_mp8 on: 0.451s
16:20:13 perf msvc_36_units_mp8 on: 0.201s
16:20:14 perf msvc_36_units_mp8 off: 0.401s
16:20:14 perf msvc_36_units_mp8 off: 0.205s
16:20:17 perf msvc_36_units_mp8 on: 0.360s
16:20:19 perf msvc_36_units_mp8 on: 0.210s
16:20:20 perf msvc_36_units_mp8 off: 0.409s
16:20:20 perf msvc_36_units_mp8 off: 0.202s
16:20:23 perf msvc_36_units_mp8 on: 0.444s
16:20:25 perf msvc_36_units_mp8 on: 0.202s
16:20:26 perf msvc_36_units_mp8 off: 0.326s
16:20:26 perf msvc_36_units_mp8 off: 0.190s
16:20:29 perf msvc_36_units_mp8 on: 0.330s
16:20:31 perf msvc_36_units_mp8 on: 0.384s
16:20:32 perf msvc_36_units_mp8 off: 0.429s
16:20:32 perf msvc_36_units_mp8 off: 0.195s
16:20:35 perf msvc_36_units_mp8 on: 0.419s
16:20:37 perf msvc_36_units_mp8 on: 0.200s
16:20:38 perf msvc_36_units_mp8 off: 0.389s
16:20:38 perf msvc_36_units_mp8: median paired overhead -26.09%, lost 0
16:20:40 perf vite_build warmup off: 0.393s
16:20:42 perf vite_build warmup on: 0.393s
16:20:43 perf vite_build warmup off: 0.376s
16:20:45 perf vite_build warmup on: 0.366s
16:20:46 perf vite_build off: 0.360s
16:20:48 perf vite_build on: 0.376s
16:20:51 perf vite_build on: 0.385s
16:20:52 perf vite_build off: 0.398s
16:20:52 perf vite_build off: 0.376s
16:20:55 perf vite_build on: 0.383s
16:20:57 perf vite_build on: 0.373s
16:20:58 perf vite_build off: 0.388s
16:20:59 perf vite_build off: 0.380s
16:21:01 perf vite_build on: 0.360s
16:21:03 perf vite_build on: 0.365s
16:21:04 perf vite_build off: 0.364s
16:21:05 perf vite_build off: 0.372s
16:21:07 perf vite_build on: 0.388s
16:21:10 perf vite_build on: 0.394s
16:21:11 perf vite_build off: 0.380s
16:21:11 perf vite_build off: 0.360s
16:21:14 perf vite_build on: 0.369s
16:21:16 perf vite_build on: 0.366s
16:21:17 perf vite_build off: 0.361s
16:21:18 perf vite_build off: 0.368s
16:21:20 perf vite_build on: 0.374s
16:21:23 perf vite_build on: 0.362s
16:21:23 perf vite_build off: 0.366s
16:21:24 perf vite_build off: 0.379s
16:21:26 perf vite_build on: 0.365s
16:21:29 perf vite_build on: 0.367s
16:21:30 perf vite_build off: 0.378s
16:21:30 perf vite_build off: 0.374s
16:21:33 perf vite_build on: 0.375s
16:21:35 perf vite_build on: 0.368s
16:21:36 perf vite_build off: 0.376s
16:21:37 perf vite_build off: 0.394s
16:21:39 perf vite_build on: 0.374s
16:21:42 perf vite_build on: 0.390s
16:21:42 perf vite_build off: 0.379s
16:21:43 perf vite_build off: 0.394s
16:21:46 perf vite_build on: 0.388s
16:21:48 perf vite_build on: 0.378s
16:21:49 perf vite_build off: 0.360s
16:21:49 perf vite_build: median paired overhead +0.32%, lost 0
16:21:53 perf native_exe_x300 warmup off: 2.307s
16:22:00 perf native_exe_x300 warmup on: 2.358s
16:22:05 perf native_exe_x300 warmup off: 2.372s
16:22:11 perf native_exe_x300 warmup on: 2.471s
16:22:16 perf native_exe_x300 off: 2.435s
16:22:23 perf native_exe_x300 on: 2.319s
16:22:29 perf native_exe_x300 on: 2.322s
16:22:34 perf native_exe_x300 off: 2.334s
16:22:39 perf native_exe_x300 off: 2.293s
16:22:45 perf native_exe_x300 on: 2.344s
16:22:52 perf native_exe_x300 on: 2.376s
16:22:57 perf native_exe_x300 off: 2.488s
16:23:02 perf native_exe_x300 off: 2.392s
16:23:08 perf native_exe_x300 on: 2.378s
16:23:15 perf native_exe_x300 on: 2.337s
16:23:20 perf native_exe_x300 off: 2.359s
16:23:24 perf native_exe_x300 off: 2.310s
16:23:31 perf native_exe_x300 on: 2.317s
16:23:37 perf native_exe_x300 on: 2.366s
16:23:42 perf native_exe_x300 off: 2.369s
16:23:47 perf native_exe_x300 off: 2.365s
16:23:54 perf native_exe_x300 on: 2.513s
16:24:01 perf native_exe_x300 on: 2.593s
16:24:05 perf native_exe_x300 off: 2.357s
16:24:10 perf native_exe_x300 off: 2.399s
16:24:17 perf native_exe_x300 on: 2.338s
16:24:23 perf native_exe_x300 on: 2.369s
16:24:28 perf native_exe_x300 off: 2.411s
16:24:33 perf native_exe_x300 off: 2.437s
16:24:40 perf native_exe_x300 on: 2.332s
16:24:46 perf native_exe_x300 on: 2.357s
16:24:51 perf native_exe_x300 off: 2.309s
16:24:56 perf native_exe_x300 off: 2.461s
16:25:03 perf native_exe_x300 on: 2.473s
16:25:09 perf native_exe_x300 on: 2.339s
16:25:14 perf native_exe_x300 off: 2.301s
16:25:19 perf native_exe_x300 off: 2.298s
16:25:25 perf native_exe_x300 on: 2.319s
16:25:32 perf native_exe_x300 on: 2.472s
16:25:37 perf native_exe_x300 off: 2.368s
16:25:41 perf native_exe_x300 off: 2.357s
16:25:48 perf native_exe_x300 on: 2.334s
16:25:55 perf native_exe_x300 on: 2.329s
16:26:00 perf native_exe_x300 off: 2.397s
16:26:00 perf native_exe_x300: median paired overhead -0.33%, lost 0
