20:38:38 cycle rate 4.760 GHz per processor, 2 processor(s)
20:38:46 normal off warmup: 1.338s busy 2053.64 ms collector None ms (+None after)
20:38:54 normal on warmup: 1.387s busy 2163.83 ms collector 34.56 ms (+1.46 after)
20:39:01 normal off: 1.430s busy 2207.36 ms collector None ms (+None after)
20:39:09 normal on: 1.441s busy 2243.32 ms collector 31.55 ms (+1.45 after)
20:39:13 normal on: 1.406s busy 2163.04 ms collector 10.61 ms (+13.93 after)
20:39:20 normal off: 1.358s busy 2090.62 ms collector None ms (+None after)
20:39:24 normal off: 1.373s busy 2112.58 ms collector None ms (+None after)
20:39:32 normal on: 1.437s busy 2227.29 ms collector 33.23 ms (+0.83 after)
20:39:37 normal on: 1.405s busy 2167.59 ms collector 12.5 ms (+13.81 after)
20:39:44 normal off: 1.374s busy 2111.88 ms collector None ms (+None after)
20:39:48 normal off: 1.353s busy 2081.65 ms collector None ms (+None after)
20:39:56 normal on: 1.443s busy 2240.29 ms collector 30.87 ms (+1.56 after)
20:40:01 normal on: 1.450s busy 2247.88 ms collector 17.15 ms (+10.89 after)
20:40:08 normal off: 1.358s busy 2098.7 ms collector None ms (+None after)
20:40:12 normal off: 1.383s busy 2124.68 ms collector None ms (+None after)
20:40:20 normal on: 1.462s busy 2278.47 ms collector 31.71 ms (+1.51 after)
20:40:25 normal on: 1.598s busy 2438.08 ms collector 34.04 ms (+1.15 after)
20:40:32 normal off: 1.341s busy 2060.97 ms collector None ms (+None after)
20:40:36 normal off: 1.358s busy 2073.07 ms collector None ms (+None after)
20:40:44 normal on: 1.429s busy 2224.13 ms collector 34.02 ms (+2.1 after)
20:40:49 normal on: 1.618s busy 2489.24 ms collector 32.89 ms (+1.34 after)
20:40:56 normal off: 1.386s busy 2142.78 ms collector None ms (+None after)
20:41:00 normal off: 1.386s busy 2142.14 ms collector None ms (+None after)
20:41:08 normal on: 1.413s busy 2205.43 ms collector 37.27 ms (+1.78 after)
20:41:13 normal on: 1.611s busy 2432.03 ms collector 42.25 ms (+1.62 after)
20:41:20 normal off: 1.397s busy 2148.36 ms collector None ms (+None after)
20:41:24 normal off: 1.347s busy 2072.34 ms collector None ms (+None after)
20:41:32 normal on: 1.441s busy 2254.4 ms collector 29.93 ms (+1.48 after)
20:41:37 normal on: 1.603s busy 2415.81 ms collector 33.03 ms (+1.49 after)
20:41:44 normal off: 1.336s busy 2059.96 ms collector None ms (+None after)
20:41:48 normal off: 1.331s busy 2052.4 ms collector None ms (+None after)
20:41:56 normal on: 1.403s busy 2201.92 ms collector 32.58 ms (+1.54 after)
20:42:01 normal on: 1.570s busy 2404.68 ms collector 33.94 ms (+2.07 after)
20:42:08 normal off: 1.322s busy 2036.02 ms collector None ms (+None after)
20:42:12 normal off: 1.332s busy 2045.49 ms collector None ms (+None after)
20:42:20 normal on: 1.386s busy 2158.81 ms collector 34.96 ms (+1.52 after)
20:42:24 normal on: 1.554s busy 2356.18 ms collector 34.4 ms (+1.37 after)
20:42:31 normal off: 1.323s busy 2030.55 ms collector None ms (+None after)
20:42:35 normal off: 1.393s busy 2101.56 ms collector None ms (+None after)
20:42:43 normal on: 1.378s busy 2128.82 ms collector 20.96 ms (+5.43 after)
20:42:48 normal on: 1.529s busy 2322.13 ms collector 29.92 ms (+13.1 after)
20:42:55 normal off: 1.322s busy 2025.35 ms collector None ms (+None after)
20:43:15 verify: {'checked': 300, 'labelled': 300, 'creator_ok': 300, 'complete': 300, 'identity_match': 300, 'failures': [], 'ok': True}
20:43:17 normal: median paired overhead 6.17%  {"collector": {"cpu_ms": 34.17, "ctx": 64.0, "write_ops": 474.0, "write_bytes": 976440.0, "read_ops": 211.0}, "serve": {"cpu_ms": 0.8, "ctx": 2.5, "write_ops": 1.0, "write_bytes": 2060.0, "read_ops": 3.5}, "svc": {"cpu_ms": 0.0, "ctx": 0.0, "write_ops": 0.0, "write_bytes": 0.0, "read_ops": 0.0}, "system": {"cpu_ms": 33.5, "ctx": 4880.0, "write_ops": 4.0, "write_bytes": 16384.0, "read_ops": 0.0}}
20:43:22 discard off warmup: 1.322s busy 2034.39 ms collector None ms (+None after)
20:43:29 discard on warmup: 1.373s busy 2113.79 ms collector 1.06 ms (+0.01 after)
20:43:35 discard off: 1.340s busy 2047.15 ms collector None ms (+None after)
20:43:43 discard on: 1.371s busy 2106.59 ms collector 1.08 ms (+0.01 after)
20:43:48 discard on: 1.429s busy 2193.51 ms collector 0.71 ms (+0.02 after)
20:43:53 discard off: 1.312s busy 2017.12 ms collector None ms (+None after)
20:43:57 discard off: 1.323s busy 2033.13 ms collector None ms (+None after)
20:44:05 discard on: 1.391s busy 2134.19 ms collector 1.1 ms (+0.01 after)
20:44:10 discard on: 1.379s busy 2118.25 ms collector 0.76 ms (+0.01 after)
20:44:15 discard off: 1.348s busy 2098.42 ms collector None ms (+None after)
20:44:20 discard off: 1.476s busy 2230.95 ms collector None ms (+None after)
20:44:28 discard on: 1.373s busy 2114.51 ms collector 0.86 ms (+0.01 after)
20:44:32 discard on: 1.395s busy 2144.37 ms collector 0.99 ms (+0.01 after)
20:44:38 discard off: 1.338s busy 2064.61 ms collector None ms (+None after)
20:44:42 discard off: 1.341s busy 2072.16 ms collector None ms (+None after)
20:44:50 discard on: 1.365s busy 2093.56 ms collector 1.1 ms (+0.07 after)
20:44:54 discard on: 1.399s busy 2151.61 ms collector 0.87 ms (+0.02 after)
20:45:00 discard off: 1.669s busy 2415.74 ms collector None ms (+None after)
20:45:05 discard off: 1.354s busy 2084.67 ms collector None ms (+None after)
20:45:13 discard on: 1.415s busy 2170.42 ms collector 1.03 ms (+0.02 after)
20:45:17 discard on: 1.379s busy 2116.88 ms collector 0.63 ms (+0.26 after)
20:45:23 discard off: 1.358s busy 2068.75 ms collector None ms (+None after)
20:45:27 discard off: 1.328s busy 2047.34 ms collector None ms (+None after)
20:45:35 discard on: 1.400s busy 2160.13 ms collector 1.08 ms (+0.08 after)
20:45:39 discard on: 1.413s busy 2150.1 ms collector 0.83 ms (+0.01 after)
20:45:45 discard off: 1.453s busy 2205.86 ms collector None ms (+None after)
20:45:49 discard off: 1.340s busy 2064.62 ms collector None ms (+None after)
20:45:57 discard on: 1.386s busy 2134.58 ms collector 1.14 ms (+0.01 after)
20:46:02 discard on: 1.383s busy 2130.32 ms collector 0.87 ms (+0.02 after)
20:46:07 discard off: 1.376s busy 2123.84 ms collector None ms (+None after)
20:46:12 discard off: 1.331s busy 2041.82 ms collector None ms (+None after)
20:46:20 discard on: 1.373s busy 2103.97 ms collector 0.69 ms (+0.33 after)
20:46:24 discard on: 1.412s busy 2174.87 ms collector 0.79 ms (+0.29 after)
20:46:30 discard off: 1.333s busy 2051.87 ms collector None ms (+None after)
20:46:34 discard off: 1.395s busy 2169.43 ms collector None ms (+None after)
20:46:42 discard on: 1.398s busy 2158.2 ms collector 0.81 ms (+0.28 after)
20:46:47 discard on: 1.408s busy 2177.36 ms collector 0.83 ms (+0.01 after)
20:46:52 discard off: 1.391s busy 2138.82 ms collector None ms (+None after)
20:46:56 discard off: 1.340s busy 2062.14 ms collector None ms (+None after)
20:47:04 discard on: 1.390s busy 2138.56 ms collector 0.95 ms (+0.02 after)
20:47:09 discard on: 1.488s busy 2244.59 ms collector 0.88 ms (+0.01 after)
20:47:15 discard off: 1.335s busy 2053.86 ms collector None ms (+None after)
20:47:15 discard: median paired overhead 2.69%  {"collector": {"cpu_ms": 0.98, "ctx": 32.0, "write_ops": 0.0, "write_bytes": 0.0, "read_ops": 0.0}, "serve": {"cpu_ms": 0.61, "ctx": 2.5, "write_ops": 1.0, "write_bytes": 2060.0, "read_ops": 3.5}, "svc": {"cpu_ms": 0.0, "ctx": 0.0, "write_ops": 0.0, "write_bytes": 0.0, "read_ops": 0.0}, "system": {"cpu_ms": 37.04, "ctx": 4769.0, "write_ops": 4.0, "write_bytes": 16384.0, "read_ops": 0.0}}
