20:47:24 cycle rate 4.833 GHz per processor, 2 processor(s)
20:47:37 normal off warmup: 1.370s busy 2122.46 ms collector None ms (+None after)
20:47:52 normal on warmup: 1.425s busy 2238.52 ms collector 28.39 ms (+47.1 after)
20:48:06 normal off: 1.332s busy 2054.24 ms collector None ms (+None after)
20:48:21 normal on: 1.417s busy 2213.62 ms collector 31.87 ms (+46.95 after)
20:48:32 normal on: 1.433s busy 2211.29 ms collector 5.86 ms (+40.99 after)
20:48:45 normal off: 1.369s busy 2118.14 ms collector None ms (+None after)
20:48:56 normal off: 1.338s busy 2074.32 ms collector None ms (+None after)
20:49:11 normal on: 1.417s busy 2216.39 ms collector 34.76 ms (+48.74 after)
20:49:22 normal on: 1.402s busy 2185.0 ms collector 8.35 ms (+41.77 after)
20:49:35 normal off: 1.335s busy 2060.99 ms collector None ms (+None after)
20:49:46 normal off: 1.339s busy 2076.77 ms collector None ms (+None after)
20:50:01 normal on: 1.427s busy 2251.75 ms collector 33.81 ms (+47.57 after)
20:50:13 normal on: 1.417s busy 2168.67 ms collector 6.33 ms (+42.65 after)
20:50:26 normal off: 1.344s busy 2080.53 ms collector None ms (+None after)
20:50:37 normal off: 1.352s busy 2088.95 ms collector None ms (+None after)
20:50:52 normal on: 1.377s busy 2161.26 ms collector 36.77 ms (+48.85 after)
20:51:03 normal on: 1.412s busy 2188.36 ms collector 7.56 ms (+44.29 after)
20:51:16 normal off: 1.311s busy 2022.66 ms collector None ms (+None after)
20:51:27 normal off: 1.329s busy 2047.29 ms collector None ms (+None after)
20:51:42 normal on: 1.402s busy 2218.19 ms collector 31.49 ms (+48.33 after)
20:51:53 normal on: 1.398s busy 2179.53 ms collector 10.56 ms (+42.39 after)
20:52:07 normal off: 1.333s busy 2062.89 ms collector None ms (+None after)
20:52:07 normal: median paired overhead 5.44%  {"collector": {"cpu_ms": 65.89, "ctx": 181.5, "write_ops": 3364.0, "write_bytes": 6929840.0, "read_ops": 767.5}, "serve": {"cpu_ms": 10.41, "ctx": 542.5, "write_ops": 844.5, "write_bytes": 3455000.0, "read_ops": 849.5}, "svc": {"cpu_ms": 0.0, "ctx": 0.0, "write_ops": 0.0, "write_bytes": 0.0, "read_ops": 0.0}, "system": {"cpu_ms": 45.9, "ctx": 5667.0, "write_ops": 4.0, "write_bytes": 16384.0, "read_ops": 0.0}}
