+ /var/folders/20/jp1_0n3n7kndh6rnbqb5344m0000gn/T/tmp63n8k8rz/root/Library/WhyFS/runtime/bin/python3 -I -m compileall -q /var/folders/20/jp1_0n3n7kndh6rnbqb5344m0000gn/T/tmp63n8k8rz/root/Library/WhyFS/runtime/lib/python3.12/site-packages/whyfs
+ /var/folders/20/jp1_0n3n7kndh6rnbqb5344m0000gn/T/tmp63n8k8rz/root/Library/WhyFS/runtime/bin/python3 -I -c import platform, whyfs; print(platform.machine(), whyfs.__version__)
Traceback (most recent call last):
  File "/Users/runner/work/whyfs/whyfs/packaging/macos/build_pkg.py", line 278, in <module>
    sys.exit(main())
             ^^^^^^
  File "/Users/runner/work/whyfs/whyfs/packaging/macos/build_pkg.py", line 249, in main
    stage(arch, a.version, root, Path(a.cache), a)
  File "/Users/runner/work/whyfs/whyfs/packaging/macos/build_pkg.py", line 184, in stage
    macos.build_collector(exe, sign=None)
  File "/Users/runner/work/whyfs/whyfs/src/whyfs/macos.py", line 68, in build_collector
    raise CollectorUnavailable("could not build the macOS collector:\n" + r.stderr.strip()[-4000:])
whyfs.macos.CollectorUnavailable: could not build the macOS collector:
In file included from /Users/runner/work/whyfs/whyfs/src/whyfs/native/whyfs-collect.c:1676:
/Users/runner/work/whyfs/whyfs/src/whyfs/native/macos/whyfs-es.c:604:5: error: call to undeclared function 'mac_mute_if_excluded'; ISO C99 and later do not support implicit function declarations [-Wimplicit-function-declaration]
  604 |     mac_mute_if_excluded(e->process);
      |     ^
/Users/runner/work/whyfs/whyfs/src/whyfs/native/macos/whyfs-es.c:660:13: error: static declaration of 'mac_mute_if_excluded' follows non-static declaration
  660 | static void mac_mute_if_excluded(const es_process_t *p) {
      |             ^
/Users/runner/work/whyfs/whyfs/src/whyfs/native/macos/whyfs-es.c:604:5: note: previous implicit declaration is here
  604 |     mac_mute_if_excluded(e->process);
      |     ^
2 errors generated.
