20:38:45 functional fixtures
20:38:52   PASS creator_attribution_ge_99pct
20:38:52   PASS useful_input_recall_ge_95pct
20:38:52   PASS no_unlabelled_false_lineage
20:38:52   PASS msvc_header_impact_reaches_all_includers_and_app
20:38:52   PASS msvc_header_impact_excludes_non_includer
20:38:52   PASS msvc_source_impact_reaches_its_object_and_app
20:38:52   PASS msvc_source_impact_other_objects_only_as_labelled_shared
20:38:52   PASS incremental_rebuild_history
20:38:52   PASS rename_chain_steps_recorded
20:38:52   PASS rename_impact_reaches_final_name
20:38:52   PASS recreate_history_two_writes
20:38:52   PASS parent_child_parent_is_cmd
20:38:52   PASS vite_human_view_hides_node_modules
20:38:52   PASS vite_raw_view_retains_dependency_reads
20:38:52   PASS vite_transitive_impact_to_postbuild
20:38:52   PASS paths_absolute_dos_and_in_scope
20:38:52   PASS no_state_dir_evidence
20:38:52   PASS zero_loss
20:38:52   PASS secret_arguments_redacted
20:38:52   PASS case_insensitive_query
20:38:52   PASS outside_workspace_not_stored
20:38:52   PASS mmap_reads_attributed_to_link
20:38:52   PASS no_foreign_file_object_attribution
20:38:52   accuracy {'tested_outputs': 64, 'creator_attribution': 1.0, 'expected_inputs': 142, 'found_inputs': 142, 'useful_input_recall': 1.0, 'unlabelled_false_inputs': 0, 'foreign_file_objects_rejected': 6}
