08:21:20 graduation: user=ftmon base=/home/ftmon/whyfs-graduation-ws
08:21:22 functional: static binary
08:21:22 functional: parallel build #1 (clean)
08:21:23 functional: header change -> build #2
08:21:23 functional: source change -> build #3
08:21:23 functional: vite build + postbuild
08:21:24 functional: copy / rename / move chain
08:21:30 perf make_j8_36_units warmup off: 0.094s
08:21:35 perf make_j8_36_units warmup on: 0.093s
08:21:35 perf make_j8_36_units warmup off: 0.091s
08:21:39 perf make_j8_36_units warmup on: 0.092s
08:21:39 perf make_j8_36_units off: 0.099s
08:21:43 perf make_j8_36_units on: 0.094s
08:21:47 perf make_j8_36_units on: 0.091s
08:21:47 perf make_j8_36_units off: 0.087s
08:21:47 perf make_j8_36_units off: 0.093s
08:21:52 perf make_j8_36_units on: 0.091s
08:21:56 perf make_j8_36_units on: 0.096s
08:21:56 perf make_j8_36_units off: 0.099s
08:21:56 perf make_j8_36_units off: 0.088s
08:22:00 perf make_j8_36_units on: 0.096s
08:22:05 perf make_j8_36_units on: 0.091s
08:22:05 perf make_j8_36_units off: 0.091s
08:22:05 perf make_j8_36_units off: 0.088s
08:22:09 perf make_j8_36_units on: 0.093s
08:22:13 perf make_j8_36_units on: 0.092s
08:22:13 perf make_j8_36_units off: 0.091s
08:22:13 perf make_j8_36_units off: 0.108s
08:22:18 perf make_j8_36_units on: 0.095s
08:22:22 perf make_j8_36_units on: 0.101s
08:22:22 perf make_j8_36_units off: 0.092s
08:22:22 perf make_j8_36_units off: 0.093s
08:22:26 perf make_j8_36_units on: 0.092s
08:22:30 perf make_j8_36_units on: 0.090s
08:22:30 perf make_j8_36_units off: 0.089s
08:22:31 perf make_j8_36_units off: 0.089s
08:22:35 perf make_j8_36_units on: 0.093s
08:22:39 perf make_j8_36_units on: 0.096s
08:22:39 perf make_j8_36_units off: 0.089s
08:22:39 perf make_j8_36_units off: 0.089s
08:22:44 perf make_j8_36_units on: 0.095s
08:22:48 perf make_j8_36_units on: 0.096s
08:22:48 perf make_j8_36_units off: 0.095s
08:22:48 perf make_j8_36_units off: 0.102s
08:22:52 perf make_j8_36_units on: 0.091s
08:22:56 perf make_j8_36_units on: 0.093s
08:22:57 perf make_j8_36_units off: 0.089s
08:22:57 perf make_j8_36_units off: 0.095s
08:23:01 perf make_j8_36_units on: 0.093s
08:23:05 perf make_j8_36_units on: 0.093s
08:23:05 perf make_j8_36_units off: 0.091s
08:23:06 perf vite_build warmup off: 0.313s
08:23:10 perf vite_build warmup on: 0.313s
08:23:10 perf vite_build warmup off: 0.314s
08:23:15 perf vite_build warmup on: 0.319s
08:23:15 perf vite_build off: 0.314s
08:23:20 perf vite_build on: 0.312s
08:23:25 perf vite_build on: 0.308s
08:23:25 perf vite_build off: 0.307s
08:23:25 perf vite_build off: 0.323s
08:23:30 perf vite_build on: 0.315s
08:23:35 perf vite_build on: 0.317s
08:23:35 perf vite_build off: 0.317s
08:23:35 perf vite_build off: 0.309s
08:23:40 perf vite_build on: 0.315s
08:23:45 perf vite_build on: 0.318s
08:23:45 perf vite_build off: 0.309s
08:23:45 perf vite_build off: 0.313s
08:23:50 perf vite_build on: 0.318s
08:23:55 perf vite_build on: 0.313s
08:23:55 perf vite_build off: 0.309s
08:23:55 perf vite_build off: 0.317s
08:24:00 perf vite_build on: 0.312s
08:24:05 perf vite_build on: 0.319s
08:24:05 perf vite_build off: 0.314s
08:24:05 perf vite_build off: 0.312s
08:24:10 perf vite_build on: 0.313s
08:24:14 perf vite_build on: 0.315s
08:24:15 perf vite_build off: 0.307s
08:24:15 perf vite_build off: 0.310s
08:24:20 perf vite_build on: 0.313s
08:24:24 perf vite_build on: 0.313s
08:24:25 perf vite_build off: 0.345s
08:24:25 perf vite_build off: 0.343s
08:24:30 perf vite_build on: 0.314s
08:24:34 perf vite_build on: 0.307s
08:24:35 perf vite_build off: 0.319s
08:24:35 perf vite_build off: 0.316s
08:24:39 perf vite_build on: 0.313s
08:24:44 perf vite_build on: 0.313s
08:24:44 perf vite_build off: 0.300s
08:24:45 perf vite_build off: 0.318s
08:24:49 perf vite_build on: 0.310s
08:24:54 perf vite_build on: 0.317s
08:24:54 perf vite_build off: 0.310s
08:24:54 perf static_binary_x300 warmup off: 0.128s
08:24:59 perf static_binary_x300 warmup on: 0.136s
08:24:59 perf static_binary_x300 warmup off: 0.132s
08:25:03 perf static_binary_x300 warmup on: 0.135s
08:25:03 perf static_binary_x300 off: 0.133s
08:25:07 perf static_binary_x300 on: 0.136s
08:25:12 perf static_binary_x300 on: 0.138s
08:25:12 perf static_binary_x300 off: 0.129s
08:25:12 perf static_binary_x300 off: 0.130s
08:25:16 perf static_binary_x300 on: 0.140s
08:25:20 perf static_binary_x300 on: 0.139s
08:25:21 perf static_binary_x300 off: 0.130s
08:25:21 perf static_binary_x300 off: 0.128s
08:25:25 perf static_binary_x300 on: 0.136s
08:25:29 perf static_binary_x300 on: 0.141s
08:25:30 perf static_binary_x300 off: 0.128s
08:25:30 perf static_binary_x300 off: 0.127s
08:25:34 perf static_binary_x300 on: 0.136s
08:25:38 perf static_binary_x300 on: 0.141s
08:25:38 perf static_binary_x300 off: 0.115s
08:25:38 perf static_binary_x300 off: 0.115s
08:25:43 perf static_binary_x300 on: 0.137s
08:25:47 perf static_binary_x300 on: 0.139s
08:25:47 perf static_binary_x300 off: 0.132s
08:25:47 perf static_binary_x300 off: 0.128s
08:25:52 perf static_binary_x300 on: 0.145s
08:25:56 perf static_binary_x300 on: 0.138s
08:25:56 perf static_binary_x300 off: 0.123s
08:25:56 perf static_binary_x300 off: 0.114s
08:26:00 perf static_binary_x300 on: 0.136s
08:26:05 perf static_binary_x300 on: 0.140s
08:26:05 perf static_binary_x300 off: 0.130s
08:26:05 perf static_binary_x300 off: 0.132s
08:26:09 perf static_binary_x300 on: 0.140s
08:26:13 perf static_binary_x300 on: 0.135s
08:26:14 perf static_binary_x300 off: 0.129s
08:26:14 perf static_binary_x300 off: 0.128s
08:26:18 perf static_binary_x300 on: 0.143s
08:26:22 perf static_binary_x300 on: 0.139s
08:26:22 perf static_binary_x300 off: 0.134s
08:26:22 perf static_binary_x300 off: 0.136s
08:26:27 perf static_binary_x300 on: 0.140s
08:26:31 perf static_binary_x300 on: 0.138s
08:26:31 perf static_binary_x300 off: 0.130s
08:26:33 verdict FAIL; failed: ['perf.static_binary_x300.median_overhead_lt_5pct']
