07:59:25 idle 10.0 min: collector CPU 3.96s (0.66% of a core), memory 37.1 MB, store +5787 KiB, 4043 events
07:59:33 make_j8_36_units warmup off: 0.909s
07:59:37 make_j8_36_units warmup on: 0.965s
07:59:41 make_j8_36_units warmup off: 0.890s
07:59:45 make_j8_36_units warmup on: 1.023s
07:59:50 make_j8_36_units off: 1.002s
07:59:54 make_j8_36_units on: 0.849s
07:59:58 make_j8_36_units on: 0.941s
08:00:02 make_j8_36_units off: 0.927s
08:00:05 make_j8_36_units off: 0.907s
08:00:09 make_j8_36_units on: 0.894s
08:00:13 make_j8_36_units on: 1.079s
08:00:17 make_j8_36_units off: 0.889s
08:00:20 make_j8_36_units off: 0.887s
08:00:25 make_j8_36_units on: 0.841s
08:00:28 make_j8_36_units on: 0.963s
08:00:32 make_j8_36_units off: 0.923s
08:00:35 make_j8_36_units off: 1.066s
08:00:40 make_j8_36_units on: 0.861s
08:00:43 make_j8_36_units on: 0.962s
08:00:47 make_j8_36_units off: 0.876s
08:00:50 make_j8_36_units off: 0.937s
08:00:54 make_j8_36_units on: 1.016s
08:00:58 make_j8_36_units on: 1.131s
08:01:02 make_j8_36_units off: 0.710s
08:01:05 make_j8_36_units off: 0.728s
08:01:09 make_j8_36_units on: 0.717s
08:01:13 make_j8_36_units on: 1.552s
08:01:17 make_j8_36_units off: 0.951s
08:01:20 make_j8_36_units off: 0.701s
08:01:24 make_j8_36_units on: 0.868s
08:01:28 make_j8_36_units on: 0.734s
08:01:32 make_j8_36_units off: 0.888s
08:01:34 make_j8_36_units off: 0.778s
08:01:38 make_j8_36_units on: 0.786s
08:01:42 make_j8_36_units on: 0.709s
08:01:45 make_j8_36_units off: 0.748s
08:01:48 make_j8_36_units off: 0.857s
08:01:52 make_j8_36_units on: 0.726s
08:01:55 make_j8_36_units on: 0.695s
08:01:59 make_j8_36_units off: 0.810s
08:02:02 make_j8_36_units off: 0.769s
08:02:06 make_j8_36_units on: 0.776s
08:02:10 make_j8_36_units on: 0.848s
08:02:13 make_j8_36_units off: 0.864s
08:02:16 make_j8_36_units off: 0.817s
08:02:20 make_j8_36_units on: 0.755s
08:02:24 make_j8_36_units on: 1.605s
08:02:27 make_j8_36_units off: 0.604s
08:02:30 make_j8_36_units off: 0.617s
08:02:34 make_j8_36_units on: 1.120s
08:02:37 make_j8_36_units on: 0.951s
08:02:41 make_j8_36_units off: 0.684s
08:02:44 make_j8_36_units off: 0.712s
08:02:48 make_j8_36_units on: 0.755s
08:02:50 make_j8_36_units on: 0.673s
08:02:54 make_j8_36_units off: 0.651s
08:02:57 make_j8_36_units off: 0.646s
08:03:00 make_j8_36_units on: 0.701s
08:03:03 make_j8_36_units on: 0.657s
08:03:06 make_j8_36_units off: 0.632s
08:03:09 make_j8_36_units off: 0.605s
08:03:13 make_j8_36_units on: 0.651s
08:03:15 make_j8_36_units on: 0.662s
08:03:19 make_j8_36_units off: 0.716s
08:03:22 make_j8_36_units off: 0.791s
08:03:26 make_j8_36_units on: 0.668s
08:03:28 make_j8_36_units on: 0.658s
08:03:32 make_j8_36_units off: 0.621s
08:03:35 make_j8_36_units off: 0.650s
08:03:38 make_j8_36_units on: 0.735s
08:03:41 make_j8_36_units on: 0.769s
08:03:46 make_j8_36_units off: 0.957s
08:03:49 make_j8_36_units off: 0.656s
08:03:53 make_j8_36_units on: 0.654s
08:03:55 make_j8_36_units on: 0.692s
08:03:59 make_j8_36_units off: 0.627s
08:04:01 make_j8_36_units off: 0.688s
08:04:05 make_j8_36_units on: 0.655s
08:04:08 make_j8_36_units on: 0.761s
08:04:12 make_j8_36_units off: 0.647s
08:04:14 make_j8_36_units off: 0.629s
08:04:18 make_j8_36_units on: 0.717s
08:04:21 make_j8_36_units on: 0.685s
08:04:25 make_j8_36_units off: 0.599s
08:04:27 make_j8_36_units off: 0.626s
08:04:31 make_j8_36_units on: 0.841s
08:04:34 make_j8_36_units on: 0.651s
08:04:38 make_j8_36_units off: 0.629s
08:04:40 make_j8_36_units off: 0.634s
08:04:44 make_j8_36_units on: 0.711s
08:04:47 make_j8_36_units on: 0.660s
08:04:51 make_j8_36_units off: 0.620s
08:04:53 make_j8_36_units off: 0.664s
08:04:57 make_j8_36_units on: 0.708s
08:05:00 make_j8_36_units on: 0.770s
08:05:04 make_j8_36_units off: 0.614s
08:05:06 make_j8_36_units off: 0.663s
08:05:10 make_j8_36_units on: 0.678s
08:05:13 make_j8_36_units on: 0.664s
08:05:16 make_j8_36_units off: 0.731s
08:05:19 make_j8_36_units off: 0.617s
08:05:23 make_j8_36_units on: 0.690s
08:05:26 make_j8_36_units on: 0.656s
08:05:29 make_j8_36_units off: 0.594s
08:05:32 make_j8_36_units off: 0.638s
08:05:35 make_j8_36_units on: 0.650s
08:05:38 make_j8_36_units on: 0.659s
08:05:42 make_j8_36_units off: 0.701s
08:05:45 make_j8_36_units off: 0.701s
08:05:48 make_j8_36_units on: 0.644s
08:05:51 make_j8_36_units on: 0.690s
08:05:55 make_j8_36_units off: 0.656s
08:05:58 make_j8_36_units off: 0.620s
08:06:01 make_j8_36_units on: 0.801s
08:06:04 make_j8_36_units on: 0.649s
08:06:08 make_j8_36_units off: 0.634s
08:06:11 make_j8_36_units off: 0.638s
08:06:15 make_j8_36_units on: 0.926s
08:06:18 make_j8_36_units on: 0.717s
08:06:21 make_j8_36_units off: 0.643s
08:06:24 make_j8_36_units off: 0.737s
08:06:28 make_j8_36_units on: 0.681s
08:06:31 make_j8_36_units on: 0.680s
08:06:34 make_j8_36_units off: 0.607s
08:06:37 make_j8_36_units off: 0.693s
08:06:40 make_j8_36_units on: 0.662s
08:06:43 make_j8_36_units on: 0.703s
08:06:47 make_j8_36_units off: 0.736s
08:06:50 make_j8_36_units off: 0.662s
08:06:53 make_j8_36_units on: 0.743s
08:06:56 make_j8_36_units on: 0.656s
08:07:00 make_j8_36_units off: 0.791s
08:07:03 make_j8_36_units off: 0.725s
08:07:07 make_j8_36_units on: 0.829s
08:07:11 make_j8_36_units on: 1.141s
08:07:15 make_j8_36_units off: 0.632s
08:07:17 make_j8_36_units off: 0.621s
08:07:21 make_j8_36_units on: 0.662s
08:07:24 make_j8_36_units on: 0.683s
08:07:28 make_j8_36_units off: 0.629s
08:07:30 make_j8_36_units off: 0.673s
08:07:34 make_j8_36_units on: 0.872s
08:07:38 make_j8_36_units on: 0.804s
08:07:41 make_j8_36_units off: 0.629s
08:07:44 make_j8_36_units off: 0.613s
08:07:47 make_j8_36_units on: 0.699s
08:07:50 make_j8_36_units on: 0.649s
08:07:54 make_j8_36_units off: 0.602s
08:07:57 make_j8_36_units off: 0.747s
08:08:01 make_j8_36_units on: 0.648s
08:08:04 make_j8_36_units on: 1.119s
08:08:08 make_j8_36_units off: 0.898s
08:08:11 make_j8_36_units off: 0.794s
08:08:15 make_j8_36_units on: 0.853s
08:08:19 make_j8_36_units on: 0.968s
08:08:24 make_j8_36_units off: 1.304s
08:08:27 make_j8_36_units off: 0.697s
08:08:31 make_j8_36_units on: 0.686s
08:08:34 make_j8_36_units on: 0.792s
08:08:37 make_j8_36_units off: 0.623s
08:08:40 make_j8_36_units off: 0.649s
08:08:43 make_j8_36_units on: 0.680s
08:08:46 make_j8_36_units on: 0.660s
08:08:50 make_j8_36_units off: 0.623s
08:08:53 make_j8_36_units off: 0.627s
08:08:57 make_j8_36_units on: 0.760s
08:08:59 make_j8_36_units on: 0.666s
08:09:03 make_j8_36_units off: 0.612s
08:09:06 make_j8_36_units off: 0.605s
08:09:09 make_j8_36_units on: 0.698s
08:09:12 make_j8_36_units on: 0.760s
08:09:16 make_j8_36_units off: 0.635s
08:09:19 make_j8_36_units off: 0.686s
08:09:22 make_j8_36_units on: 0.659s
08:09:25 make_j8_36_units on: 0.686s
08:09:29 make_j8_36_units off: 0.626s
08:09:32 make_j8_36_units off: 0.632s
08:09:36 make_j8_36_units on: 0.759s
08:09:39 make_j8_36_units on: 0.654s
08:09:42 make_j8_36_units off: 0.721s
08:09:45 make_j8_36_units off: 0.631s
08:09:49 make_j8_36_units on: 0.675s
08:09:52 make_j8_36_units on: 0.667s
08:09:55 make_j8_36_units off: 0.611s
08:09:58 make_j8_36_units off: 0.626s
08:10:01 make_j8_36_units on: 0.829s
08:10:04 make_j8_36_units on: 0.749s
08:10:08 make_j8_36_units off: 0.644s
08:10:11 make_j8_36_units off: 0.620s
08:10:15 make_j8_36_units on: 0.691s
08:10:18 make_j8_36_units on: 0.742s
08:10:21 make_j8_36_units off: 0.627s
08:10:24 make_j8_36_units off: 0.617s
08:10:28 make_j8_36_units on: 0.895s
08:10:31 make_j8_36_units on: 0.960s
08:10:35 make_j8_36_units off: 0.654s
08:10:37 make_j8_36_units off: 0.632s
08:10:41 make_j8_36_units on: 0.696s
08:10:44 make_j8_36_units on: 0.774s
08:10:48 make_j8_36_units off: 0.606s
08:10:51 make_j8_36_units off: 0.785s
08:10:54 make_j8_36_units on: 0.654s
08:10:57 make_j8_36_units on: 0.744s
08:11:00 make_j8_36_units off: 0.629s
08:11:03 make_j8_36_units off: 0.833s
08:11:07 make_j8_36_units on: 0.658s
08:11:10 make_j8_36_units on: 0.653s
08:11:13 make_j8_36_units off: 0.782s
08:11:16 make_j8_36_units off: 0.616s
08:11:20 make_j8_36_units on: 0.677s
08:11:23 make_j8_36_units on: 0.654s
08:11:27 make_j8_36_units off: 0.607s
08:11:29 make_j8_36_units off: 0.669s
08:11:33 make_j8_36_units on: 0.661s
08:11:36 make_j8_36_units on: 0.804s
08:11:40 make_j8_36_units off: 0.637s
08:11:42 make_j8_36_units off: 0.629s
08:11:46 make_j8_36_units on: 0.752s
08:11:49 make_j8_36_units on: 0.728s
08:11:53 make_j8_36_units off: 0.623s
08:11:55 make_j8_36_units off: 0.632s
08:11:59 make_j8_36_units on: 0.683s
08:12:02 make_j8_36_units on: 0.661s
08:12:05 make_j8_36_units off: 0.628s
08:12:08 make_j8_36_units off: 0.829s
08:12:12 make_j8_36_units on: 0.677s
08:12:15 make_j8_36_units on: 0.656s
08:12:18 make_j8_36_units off: 0.625s
08:12:21 make_j8_36_units off: 0.637s
08:12:24 make_j8_36_units on: 0.735s
08:12:27 make_j8_36_units on: 0.671s
08:12:31 make_j8_36_units off: 0.626s
08:12:34 make_j8_36_units off: 1.038s
08:12:38 make_j8_36_units on: 0.661s
08:12:41 make_j8_36_units on: 0.752s
08:12:44 make_j8_36_units off: 0.683s
08:12:47 make_j8_36_units off: 0.618s
08:12:51 make_j8_36_units on: 0.670s
08:12:54 make_j8_36_units on: 0.655s
08:12:58 make_j8_36_units off: 0.627s
08:13:01 make_j8_36_units off: 0.785s
08:13:04 make_j8_36_units on: 0.648s
08:13:07 make_j8_36_units on: 0.663s
08:13:11 make_j8_36_units off: 0.624s
08:13:13 make_j8_36_units off: 0.698s
08:13:17 make_j8_36_units on: 0.658s
08:13:20 make_j8_36_units on: 0.773s
08:13:23 make_j8_36_units off: 0.611s
08:13:26 make_j8_36_units off: 0.632s
08:13:29 make_j8_36_units on: 0.659s
08:13:32 make_j8_36_units on: 0.666s
08:13:36 make_j8_36_units off: 0.647s
08:13:38 make_j8_36_units off: 0.629s
08:13:42 make_j8_36_units on: 0.796s
08:13:45 make_j8_36_units on: 0.693s
08:13:49 make_j8_36_units off: 0.620s
08:13:52 make_j8_36_units off: 0.697s
08:13:56 make_j8_36_units on: 0.681s
08:13:59 make_j8_36_units on: 0.670s
08:14:02 make_j8_36_units off: 0.921s
08:14:05 make_j8_36_units off: 0.853s
08:14:09 make_j8_36_units on: 0.737s
08:14:13 make_j8_36_units on: 0.739s
08:14:17 make_j8_36_units off: 0.744s
08:14:19 make_j8_36_units off: 0.792s
08:14:24 make_j8_36_units on: 0.947s
08:14:27 make_j8_36_units on: 0.726s
08:14:31 make_j8_36_units off: 1.083s
08:14:34 make_j8_36_units off: 0.727s
08:14:38 make_j8_36_units on: 0.722s
08:14:41 make_j8_36_units on: 0.711s
08:14:45 make_j8_36_units off: 0.722s
08:14:48 make_j8_36_units off: 0.678s
08:14:52 make_j8_36_units on: 0.769s
08:14:56 make_j8_36_units on: 0.917s
08:15:00 make_j8_36_units off: 0.749s
08:15:03 make_j8_36_units off: 0.795s
08:15:07 make_j8_36_units on: 0.825s
08:15:10 make_j8_36_units on: 0.704s
08:15:14 make_j8_36_units off: 0.695s
08:15:17 make_j8_36_units off: 0.778s
08:15:21 make_j8_36_units on: 0.703s
08:15:25 make_j8_36_units on: 0.715s
08:15:29 make_j8_36_units off: 0.687s
08:15:31 make_j8_36_units off: 0.891s
08:15:36 make_j8_36_units on: 1.054s
08:15:39 make_j8_36_units on: 0.876s
08:15:43 make_j8_36_units off: 0.758s
08:15:46 make_j8_36_units off: 0.724s
08:15:50 make_j8_36_units on: 0.820s
08:15:53 make_j8_36_units on: 0.726s
08:15:57 make_j8_36_units off: 0.757s
08:16:00 make_j8_36_units off: 1.043s
08:16:04 make_j8_36_units on: 0.717s
08:16:08 make_j8_36_units on: 0.863s
08:16:12 make_j8_36_units off: 0.794s
08:16:14 make_j8_36_units off: 0.734s
08:16:18 make_j8_36_units on: 0.777s
08:16:22 make_j8_36_units on: 0.891s
08:16:26 make_j8_36_units off: 0.750s
08:16:29 make_j8_36_units off: 0.738s
08:16:33 make_j8_36_units on: 0.847s
08:16:36 make_j8_36_units on: 0.738s
08:16:40 make_j8_36_units off: 0.704s
08:16:41 make_j8_36_units: median paired overhead +6.78% (CI90 +5.04 .. +8.53)
08:16:44 vite_build warmup off: 0.659s
08:16:48 vite_build warmup on: 0.615s
08:16:51 vite_build warmup off: 0.561s
08:16:55 vite_build warmup on: 0.724s
08:16:58 vite_build off: 0.547s
08:17:02 vite_build on: 0.614s
08:17:05 vite_build on: 0.599s
08:17:09 vite_build off: 0.599s
08:17:11 vite_build off: 0.553s
08:17:15 vite_build on: 0.586s
08:17:18 vite_build on: 0.607s
08:17:21 vite_build off: 0.596s
08:17:23 vite_build off: 0.602s
08:17:27 vite_build on: 0.616s
08:17:31 vite_build on: 0.731s
08:17:34 vite_build off: 0.602s
08:17:36 vite_build off: 0.637s
08:17:40 vite_build on: 0.727s
08:17:43 vite_build on: 0.723s
08:17:47 vite_build off: 0.657s
08:17:49 vite_build off: 0.607s
08:17:53 vite_build on: 0.637s
08:17:56 vite_build on: 0.625s
08:17:59 vite_build off: 0.580s
08:18:02 vite_build off: 0.591s
08:18:06 vite_build on: 0.729s
08:18:09 vite_build on: 0.602s
08:18:12 vite_build off: 0.573s
08:18:15 vite_build off: 0.611s
08:18:18 vite_build on: 0.635s
08:18:21 vite_build on: 0.666s
08:18:26 vite_build off: 0.832s
08:18:28 vite_build off: 0.624s
08:18:32 vite_build on: 0.480s
08:18:34 vite_build on: 0.519s
08:18:37 vite_build off: 0.589s
08:18:39 vite_build off: 0.519s
08:18:43 vite_build on: 0.506s
08:18:46 vite_build on: 0.566s
08:18:49 vite_build off: 0.523s
08:18:51 vite_build off: 0.497s
08:18:54 vite_build on: 0.499s
08:18:56 vite_build on: 0.491s
08:19:00 vite_build off: 0.596s
08:19:02 vite_build off: 0.486s
08:19:05 vite_build on: 0.496s
08:19:08 vite_build on: 0.501s
08:19:11 vite_build off: 0.514s
08:19:14 vite_build off: 0.483s
08:19:17 vite_build on: 0.486s
08:19:20 vite_build on: 0.485s
08:19:23 vite_build off: 0.493s
08:19:25 vite_build off: 0.499s
08:19:28 vite_build on: 0.485s
08:19:31 vite_build on: 0.476s
08:19:34 vite_build off: 0.480s
08:19:36 vite_build off: 0.483s
08:19:39 vite_build on: 0.518s
08:19:42 vite_build on: 0.505s
08:19:45 vite_build off: 0.488s
08:19:47 vite_build off: 0.557s
08:19:50 vite_build on: 0.498s
08:19:53 vite_build on: 0.508s
08:19:56 vite_build off: 0.543s
08:19:58 vite_build off: 0.478s
08:20:01 vite_build on: 0.480s
08:20:04 vite_build on: 0.528s
08:20:07 vite_build off: 0.486s
08:20:09 vite_build off: 0.509s
08:20:13 vite_build on: 0.498s
08:20:15 vite_build on: 0.531s
08:20:19 vite_build off: 0.486s
08:20:21 vite_build off: 0.524s
08:20:24 vite_build on: 0.505s
08:20:27 vite_build on: 0.552s
08:20:30 vite_build off: 0.493s
08:20:32 vite_build off: 0.539s
08:20:36 vite_build on: 0.507s
08:20:38 vite_build on: 0.490s
08:20:41 vite_build off: 0.510s
08:20:43 vite_build off: 0.525s
08:20:47 vite_build on: 0.512s
08:20:49 vite_build on: 0.488s
08:20:53 vite_build off: 0.494s
08:20:55 vite_build off: 0.536s
08:20:59 vite_build on: 0.608s
08:21:01 vite_build on: 0.498s
08:21:04 vite_build off: 0.481s
08:21:06 vite_build off: 0.598s
08:21:10 vite_build on: 0.560s
08:21:12 vite_build on: 0.491s
08:21:16 vite_build off: 0.511s
08:21:18 vite_build off: 0.490s
08:21:21 vite_build on: 0.500s
08:21:24 vite_build on: 0.504s
08:21:27 vite_build off: 0.504s
08:21:29 vite_build off: 0.484s
08:21:32 vite_build on: 0.502s
08:21:35 vite_build on: 0.495s
08:21:38 vite_build off: 0.495s
08:21:40 vite_build off: 0.506s
08:21:43 vite_build on: 0.507s
08:21:46 vite_build on: 0.489s
08:21:49 vite_build off: 0.507s
08:21:51 vite_build off: 0.494s
08:21:55 vite_build on: 0.485s
08:21:57 vite_build on: 0.516s
08:22:01 vite_build off: 0.533s
08:22:03 vite_build off: 0.493s
08:22:06 vite_build on: 0.501s
08:22:09 vite_build on: 0.513s
08:22:12 vite_build off: 0.500s
08:22:14 vite_build off: 0.528s
08:22:18 vite_build on: 0.550s
08:22:20 vite_build on: 0.514s
08:22:24 vite_build off: 0.488s
08:22:26 vite_build off: 0.538s
08:22:29 vite_build on: 0.506s
08:22:32 vite_build on: 0.506s
08:22:35 vite_build off: 0.520s
08:22:38 vite_build off: 0.505s
08:22:41 vite_build on: 0.499s
08:22:43 vite_build on: 0.491s
08:22:47 vite_build off: 0.545s
08:22:49 vite_build off: 0.489s
08:22:52 vite_build on: 0.498s
08:22:55 vite_build on: 0.493s
08:22:58 vite_build off: 0.531s
08:23:00 vite_build off: 0.511s
08:23:03 vite_build on: 0.498s
08:23:06 vite_build on: 0.492s
08:23:09 vite_build off: 0.540s
08:23:11 vite_build off: 0.491s
08:23:14 vite_build on: 0.485s
08:23:17 vite_build on: 0.488s
08:23:20 vite_build off: 0.591s
08:23:22 vite_build off: 0.490s
08:23:25 vite_build on: 0.503s
08:23:28 vite_build on: 0.499s
08:23:31 vite_build off: 0.587s
08:23:33 vite_build off: 0.526s
08:23:37 vite_build on: 0.544s
08:23:39 vite_build on: 0.507s
08:23:43 vite_build off: 0.480s
08:23:45 vite_build off: 0.503s
08:23:48 vite_build on: 0.508s
08:23:51 vite_build on: 0.542s
08:23:54 vite_build off: 0.491s
08:23:56 vite_build off: 0.494s
08:24:00 vite_build on: 0.505s
08:24:02 vite_build on: 0.526s
08:24:06 vite_build off: 0.500s
08:24:08 vite_build off: 0.479s
08:24:11 vite_build on: 0.504s
08:24:14 vite_build on: 0.507s
08:24:17 vite_build off: 0.480s
08:24:20 vite_build off: 0.514s
08:24:23 vite_build on: 0.568s
08:24:26 vite_build on: 0.802s
08:24:30 vite_build off: 0.527s
08:24:32 vite_build off: 0.497s
08:24:35 vite_build on: 0.589s
08:24:38 vite_build on: 0.546s
08:24:41 vite_build off: 0.540s
08:24:44 vite_build off: 0.656s
08:24:48 vite_build on: 0.689s
08:24:51 vite_build on: 0.710s
08:24:54 vite_build off: 0.644s
08:24:56 vite_build off: 0.604s
08:25:00 vite_build on: 0.716s
08:25:03 vite_build on: 0.667s
08:25:07 vite_build off: 0.671s
08:25:10 vite_build off: 0.818s
08:25:13 vite_build on: 0.655s
08:25:16 vite_build on: 0.690s
08:25:20 vite_build off: 0.818s
08:25:23 vite_build off: 0.677s
08:25:27 vite_build on: 0.656s
08:25:30 vite_build on: 0.699s
08:25:33 vite_build off: 0.735s
08:25:36 vite_build off: 0.631s
08:25:40 vite_build on: 0.733s
08:25:43 vite_build on: 0.648s
08:25:46 vite_build off: 0.660s
08:25:48 vite_build off: 0.653s
08:25:52 vite_build on: 0.678s
08:25:56 vite_build on: 0.723s
08:25:59 vite_build off: 0.561s
08:26:02 vite_build off: 0.654s
08:26:06 vite_build on: 0.615s
08:26:09 vite_build on: 0.596s
08:26:12 vite_build off: 0.526s
08:26:14 vite_build off: 0.572s
08:26:17 vite_build on: 0.594s
08:26:20 vite_build on: 0.552s
08:26:23 vite_build off: 0.543s
08:26:26 vite_build off: 0.580s
08:26:30 vite_build on: 0.712s
08:26:32 vite_build on: 0.630s
08:26:36 vite_build off: 0.677s
08:26:39 vite_build off: 0.712s
08:26:42 vite_build on: 0.667s
08:26:45 vite_build on: 0.664s
08:26:49 vite_build off: 0.698s
08:26:51 vite_build off: 0.714s
08:26:55 vite_build on: 0.674s
08:26:58 vite_build on: 0.679s
08:27:02 vite_build off: 0.669s
08:27:05 vite_build off: 0.967s
08:27:09 vite_build on: 0.613s
08:27:12 vite_build on: 0.642s
08:27:15 vite_build off: 0.784s
08:27:18 vite_build off: 0.603s
08:27:22 vite_build on: 0.709s
08:27:25 vite_build on: 0.637s
08:27:29 vite_build off: 0.701s
08:27:31 vite_build off: 0.606s
08:27:35 vite_build on: 0.698s
08:27:38 vite_build on: 0.687s
08:27:42 vite_build off: 0.710s
08:27:44 vite_build off: 0.646s
08:27:48 vite_build on: 0.652s
08:27:51 vite_build on: 0.782s
08:27:55 vite_build off: 0.618s
08:27:57 vite_build off: 0.691s
08:28:02 vite_build on: 0.729s
08:28:05 vite_build on: 0.671s
08:28:08 vite_build off: 0.590s
08:28:10 vite_build off: 0.564s
08:28:15 vite_build on: 1.365s
08:28:18 vite_build on: 0.712s
08:28:21 vite_build off: 0.674s
08:28:24 vite_build off: 0.687s
08:28:28 vite_build on: 0.652s
08:28:31 vite_build on: 0.653s
08:28:35 vite_build off: 0.630s
08:28:37 vite_build off: 0.798s
08:28:41 vite_build on: 0.664s
08:28:44 vite_build on: 0.610s
08:28:47 vite_build off: 0.580s
08:28:50 vite_build off: 0.539s
08:28:53 vite_build on: 0.528s
08:28:56 vite_build on: 0.555s
08:28:59 vite_build off: 0.609s
08:29:01 vite_build off: 0.570s
08:29:05 vite_build on: 0.561s
08:29:07 vite_build on: 0.496s
08:29:11 vite_build off: 0.579s
08:29:13 vite_build off: 0.562s
08:29:17 vite_build on: 0.586s
08:29:20 vite_build on: 0.804s
08:29:23 vite_build off: 0.674s
08:29:26 vite_build off: 0.802s
08:29:30 vite_build on: 0.614s
08:29:33 vite_build on: 0.677s
08:29:36 vite_build off: 0.746s
08:29:39 vite_build off: 0.577s
08:29:42 vite_build on: 0.542s
08:29:45 vite_build on: 0.654s
08:29:48 vite_build off: 0.556s
08:29:51 vite_build off: 0.552s
08:29:54 vite_build on: 0.561s
08:29:57 vite_build on: 0.613s
08:30:00 vite_build off: 0.614s
08:30:04 vite_build off: 2.004s
08:30:07 vite_build on: 0.694s
08:30:11 vite_build on: 0.695s
08:30:14 vite_build off: 0.671s
08:30:17 vite_build off: 0.631s
08:30:21 vite_build on: 0.694s
08:30:25 vite_build on: 1.170s
08:30:28 vite_build off: 0.681s
08:30:31 vite_build off: 0.768s
08:30:35 vite_build on: 0.646s
08:30:39 vite_build on: 0.738s
08:30:42 vite_build off: 0.705s
08:30:45 vite_build off: 0.820s
08:30:49 vite_build on: 0.685s
08:30:52 vite_build on: 0.604s
08:30:55 vite_build off: 0.577s
08:30:57 vite_build off: 0.586s
08:31:01 vite_build on: 0.734s
08:31:05 vite_build on: 0.773s
08:31:09 vite_build off: 0.773s
08:31:11 vite_build off: 0.690s
08:31:15 vite_build on: 0.612s
08:31:18 vite_build on: 0.565s
08:31:21 vite_build off: 0.603s
08:31:23 vite_build off: 0.642s
08:31:27 vite_build on: 0.707s
08:31:31 vite_build on: 0.674s
08:31:34 vite_build off: 0.670s
08:31:37 vite_build off: 0.673s
08:31:41 vite_build on: 0.592s
08:31:43 vite_build on: 0.553s
08:31:46 vite_build off: 0.645s
08:31:49 vite_build off: 0.576s
08:31:53 vite_build on: 0.653s
08:31:56 vite_build on: 0.729s
08:31:59 vite_build off: 0.622s
08:32:02 vite_build off: 0.818s
08:32:06 vite_build on: 0.605s
08:32:09 vite_build on: 0.632s
08:32:12 vite_build off: 0.589s
08:32:12 vite_build: median paired overhead +0.96% (CI90 -0.09 .. +2.16)
08:32:19 copy_program_x300 warmup off: 2.477s
08:32:27 copy_program_x300 warmup on: 2.963s
08:32:34 copy_program_x300 warmup off: 2.302s
08:32:42 copy_program_x300 warmup on: 2.672s
08:32:49 copy_program_x300 off: 2.274s
08:32:57 copy_program_x300 on: 2.387s
08:33:05 copy_program_x300 on: 2.665s
08:33:12 copy_program_x300 off: 2.024s
08:33:18 copy_program_x300 off: 2.271s
08:33:26 copy_program_x300 on: 2.900s
08:33:33 copy_program_x300 on: 2.839s
08:33:41 copy_program_x300 off: 2.473s
08:33:47 copy_program_x300 off: 2.152s
08:33:56 copy_program_x300 on: 2.750s
08:34:03 copy_program_x300 on: 2.954s
08:34:12 copy_program_x300 off: 3.305s
08:34:18 copy_program_x300 off: 2.435s
08:34:25 copy_program_x300 on: 2.169s
08:34:31 copy_program_x300 on: 2.057s
08:34:39 copy_program_x300 off: 2.911s
08:34:46 copy_program_x300 off: 2.857s
08:34:54 copy_program_x300 on: 2.687s
08:35:02 copy_program_x300 on: 2.913s
08:35:10 copy_program_x300 off: 2.763s
08:35:17 copy_program_x300 off: 3.079s
08:35:26 copy_program_x300 on: 3.252s
08:35:34 copy_program_x300 on: 2.930s
08:35:42 copy_program_x300 off: 2.714s
08:35:48 copy_program_x300 off: 2.668s
08:35:57 copy_program_x300 on: 2.744s
08:36:05 copy_program_x300 on: 3.166s
08:36:12 copy_program_x300 off: 2.325s
08:36:18 copy_program_x300 off: 2.205s
08:36:25 copy_program_x300 on: 2.252s
08:36:32 copy_program_x300 on: 2.272s
08:36:39 copy_program_x300 off: 2.509s
08:36:45 copy_program_x300 off: 2.380s
08:36:54 copy_program_x300 on: 3.030s
08:37:01 copy_program_x300 on: 2.566s
08:37:09 copy_program_x300 off: 2.645s
08:37:16 copy_program_x300 off: 2.894s
08:37:24 copy_program_x300 on: 2.662s
08:37:32 copy_program_x300 on: 2.720s
08:37:40 copy_program_x300 off: 2.893s
08:37:47 copy_program_x300 off: 3.104s
08:37:55 copy_program_x300 on: 2.774s
08:38:03 copy_program_x300 on: 2.521s
08:38:10 copy_program_x300 off: 2.613s
08:38:17 copy_program_x300 off: 2.863s
08:38:25 copy_program_x300 on: 2.804s
08:38:33 copy_program_x300 on: 2.778s
08:38:41 copy_program_x300 off: 2.780s
08:38:47 copy_program_x300 off: 2.297s
08:38:54 copy_program_x300 on: 2.172s
08:39:01 copy_program_x300 on: 2.123s
08:39:08 copy_program_x300 off: 1.940s
08:39:13 copy_program_x300 off: 2.031s
08:39:20 copy_program_x300 on: 2.164s
08:39:27 copy_program_x300 on: 2.404s
08:39:33 copy_program_x300 off: 1.958s
08:39:39 copy_program_x300 off: 2.281s
08:39:46 copy_program_x300 on: 2.204s
08:39:52 copy_program_x300 on: 2.087s
08:39:59 copy_program_x300 off: 1.964s
08:40:04 copy_program_x300 off: 2.118s
08:40:12 copy_program_x300 on: 2.080s
08:40:20 copy_program_x300 on: 2.744s
08:40:27 copy_program_x300 off: 2.313s
08:40:33 copy_program_x300 off: 1.795s
08:40:40 copy_program_x300 on: 1.850s
08:40:45 copy_program_x300 on: 1.897s
08:40:52 copy_program_x300 off: 1.875s
08:40:57 copy_program_x300 off: 1.786s
08:41:04 copy_program_x300 on: 1.998s
08:41:09 copy_program_x300 on: 1.979s
08:41:16 copy_program_x300 off: 1.820s
08:41:22 copy_program_x300 off: 2.119s
08:41:29 copy_program_x300 on: 2.203s
08:41:35 copy_program_x300 on: 2.372s
08:41:41 copy_program_x300 off: 1.914s
08:41:47 copy_program_x300 off: 2.275s
08:41:53 copy_program_x300 on: 1.935s
08:41:59 copy_program_x300 on: 2.137s
08:42:05 copy_program_x300 off: 1.897s
08:42:10 copy_program_x300 off: 1.982s
08:42:17 copy_program_x300 on: 2.071s
08:42:23 copy_program_x300 on: 2.043s
08:42:29 copy_program_x300 off: 2.558s
08:42:35 copy_program_x300 off: 1.837s
08:42:41 copy_program_x300 on: 1.935s
08:42:47 copy_program_x300 on: 2.075s
08:42:53 copy_program_x300 off: 1.807s
08:42:59 copy_program_x300 off: 1.862s
08:43:05 copy_program_x300 on: 1.945s
08:43:13 copy_program_x300 on: 3.384s
08:43:19 copy_program_x300 off: 2.239s
08:43:24 copy_program_x300 off: 1.827s
08:43:31 copy_program_x300 on: 2.378s
08:43:37 copy_program_x300 on: 1.958s
08:43:44 copy_program_x300 off: 1.916s
08:43:49 copy_program_x300 off: 1.857s
08:43:56 copy_program_x300 on: 1.994s
08:44:01 copy_program_x300 on: 2.030s
08:44:08 copy_program_x300 off: 1.944s
08:44:13 copy_program_x300 off: 1.872s
08:44:20 copy_program_x300 on: 1.888s
08:44:26 copy_program_x300 on: 2.557s
08:44:32 copy_program_x300 off: 1.820s
08:44:37 copy_program_x300 off: 1.870s
08:44:44 copy_program_x300 on: 1.983s
08:44:52 copy_program_x300 on: 2.947s
08:44:59 copy_program_x300 off: 1.931s
08:45:04 copy_program_x300 off: 2.616s
08:45:11 copy_program_x300 on: 1.965s
08:45:17 copy_program_x300 on: 2.301s
08:45:23 copy_program_x300 off: 1.895s
08:45:28 copy_program_x300 off: 2.084s
08:45:35 copy_program_x300 on: 2.113s
08:45:42 copy_program_x300 on: 1.970s
08:45:48 copy_program_x300 off: 1.839s
08:45:54 copy_program_x300 off: 2.750s
08:46:01 copy_program_x300 on: 2.210s
08:46:07 copy_program_x300 on: 1.983s
08:46:15 copy_program_x300 off: 2.730s
08:46:22 copy_program_x300 off: 2.471s
08:46:31 copy_program_x300 on: 2.761s
08:46:36 copy_program_x300 on: 1.951s
08:46:43 copy_program_x300 off: 1.821s
08:46:48 copy_program_x300 off: 1.770s
08:46:55 copy_program_x300 on: 1.915s
08:47:01 copy_program_x300 on: 2.057s
08:47:07 copy_program_x300 off: 1.812s
08:47:13 copy_program_x300 off: 2.636s
08:47:20 copy_program_x300 on: 1.904s
08:47:26 copy_program_x300 on: 2.429s
08:47:32 copy_program_x300 off: 1.799s
08:47:37 copy_program_x300 off: 2.243s
08:47:44 copy_program_x300 on: 1.914s
08:47:50 copy_program_x300 on: 2.258s
08:47:56 copy_program_x300 off: 1.908s
08:48:01 copy_program_x300 off: 2.063s
08:48:08 copy_program_x300 on: 1.957s
08:48:14 copy_program_x300 on: 2.021s
08:48:20 copy_program_x300 off: 1.870s
08:48:25 copy_program_x300 off: 2.211s
08:48:32 copy_program_x300 on: 2.035s
08:48:38 copy_program_x300 on: 1.910s
08:48:44 copy_program_x300 off: 1.883s
08:48:50 copy_program_x300 off: 1.950s
08:48:56 copy_program_x300 on: 1.923s
08:49:02 copy_program_x300 on: 1.894s
08:49:09 copy_program_x300 off: 1.825s
08:49:14 copy_program_x300 off: 1.834s
08:49:21 copy_program_x300 on: 2.009s
08:49:27 copy_program_x300 on: 2.310s
08:49:34 copy_program_x300 off: 2.474s
08:49:39 copy_program_x300 off: 1.861s
08:49:46 copy_program_x300 on: 2.245s
08:49:52 copy_program_x300 on: 1.921s
08:49:58 copy_program_x300 off: 1.877s
08:50:03 copy_program_x300 off: 1.835s
08:50:10 copy_program_x300 on: 1.935s
08:50:16 copy_program_x300 on: 1.911s
08:50:22 copy_program_x300 off: 1.953s
08:50:27 copy_program_x300 off: 1.890s
08:50:34 copy_program_x300 on: 2.075s
08:50:40 copy_program_x300 on: 2.037s
08:50:47 copy_program_x300 off: 2.245s
08:50:52 copy_program_x300 off: 1.886s
08:51:00 copy_program_x300 on: 2.206s
08:51:07 copy_program_x300 on: 2.687s
08:51:13 copy_program_x300 off: 2.073s
08:51:20 copy_program_x300 off: 2.935s
08:51:29 copy_program_x300 on: 3.117s
08:51:38 copy_program_x300 on: 3.154s
08:51:46 copy_program_x300 off: 2.793s
08:51:53 copy_program_x300 off: 2.784s
08:52:03 copy_program_x300 on: 2.774s
08:52:11 copy_program_x300 on: 2.749s
08:52:19 copy_program_x300 off: 2.939s
08:52:26 copy_program_x300 off: 2.807s
08:52:35 copy_program_x300 on: 2.723s
08:52:43 copy_program_x300 on: 3.071s
08:52:50 copy_program_x300 off: 2.450s
08:52:56 copy_program_x300 off: 2.701s
08:53:04 copy_program_x300 on: 2.254s
08:53:11 copy_program_x300 on: 2.592s
08:53:19 copy_program_x300 off: 2.603s
08:53:25 copy_program_x300 off: 2.528s
08:53:33 copy_program_x300 on: 2.781s
08:53:41 copy_program_x300 on: 2.730s
08:53:49 copy_program_x300 off: 2.734s
08:53:56 copy_program_x300 off: 2.909s
08:54:05 copy_program_x300 on: 2.855s
08:54:12 copy_program_x300 on: 2.852s
08:54:21 copy_program_x300 off: 2.869s
08:54:27 copy_program_x300 off: 2.679s
08:54:36 copy_program_x300 on: 2.556s
08:54:42 copy_program_x300 on: 2.138s
08:54:50 copy_program_x300 off: 2.807s
08:54:57 copy_program_x300 off: 3.242s
08:55:07 copy_program_x300 on: 3.546s
08:55:16 copy_program_x300 on: 2.867s
08:55:24 copy_program_x300 off: 2.976s
08:55:31 copy_program_x300 off: 2.878s
08:55:38 copy_program_x300 on: 2.163s
08:55:46 copy_program_x300 on: 3.166s
08:55:54 copy_program_x300 off: 2.801s
08:56:01 copy_program_x300 off: 2.664s
08:56:10 copy_program_x300 on: 3.007s
08:56:19 copy_program_x300 on: 2.647s
08:56:27 copy_program_x300 off: 2.806s
08:56:34 copy_program_x300 off: 2.739s
08:56:44 copy_program_x300 on: 3.674s
08:56:52 copy_program_x300 on: 2.631s
08:56:59 copy_program_x300 off: 2.797s
08:57:06 copy_program_x300 off: 2.493s
08:57:15 copy_program_x300 on: 2.493s
08:57:24 copy_program_x300 on: 4.097s
08:57:32 copy_program_x300 off: 3.254s
08:57:40 copy_program_x300 off: 3.119s
08:57:51 copy_program_x300 on: 3.420s
08:58:00 copy_program_x300 on: 3.139s
08:58:09 copy_program_x300 off: 3.097s
08:58:16 copy_program_x300 off: 3.405s
08:58:26 copy_program_x300 on: 2.858s
08:58:34 copy_program_x300 on: 3.052s
08:58:43 copy_program_x300 off: 3.013s
08:58:50 copy_program_x300 off: 3.077s
08:59:03 copy_program_x300 on: 4.011s
08:59:15 copy_program_x300 on: 3.756s
08:59:23 copy_program_x300 off: 2.705s
08:59:30 copy_program_x300 off: 2.695s
08:59:39 copy_program_x300 on: 2.811s
08:59:47 copy_program_x300 on: 2.840s
08:59:55 copy_program_x300 off: 2.844s
09:00:02 copy_program_x300 off: 2.701s
09:00:12 copy_program_x300 on: 2.844s
09:00:20 copy_program_x300 on: 3.251s
09:00:29 copy_program_x300 off: 2.696s
09:00:36 copy_program_x300 off: 2.822s
09:00:46 copy_program_x300 on: 3.419s
09:00:53 copy_program_x300 on: 2.946s
09:01:02 copy_program_x300 off: 2.925s
09:01:09 copy_program_x300 off: 2.859s
09:01:18 copy_program_x300 on: 2.845s
09:01:27 copy_program_x300 on: 3.231s
09:01:35 copy_program_x300 off: 3.044s
09:01:42 copy_program_x300 off: 2.733s
09:01:52 copy_program_x300 on: 3.122s
09:02:01 copy_program_x300 on: 3.453s
09:02:09 copy_program_x300 off: 2.723s
09:02:16 copy_program_x300 off: 2.709s
09:02:26 copy_program_x300 on: 3.448s
09:02:34 copy_program_x300 on: 2.824s
09:02:43 copy_program_x300 off: 2.780s
09:02:50 copy_program_x300 off: 3.029s
09:02:59 copy_program_x300 on: 3.040s
09:03:07 copy_program_x300 on: 3.050s
09:03:16 copy_program_x300 off: 2.963s
09:03:22 copy_program_x300 off: 2.249s
09:03:32 copy_program_x300 on: 3.145s
09:03:40 copy_program_x300 on: 3.309s
09:03:49 copy_program_x300 off: 3.453s
09:03:56 copy_program_x300 off: 2.668s
09:04:06 copy_program_x300 on: 3.237s
09:04:14 copy_program_x300 on: 2.791s
09:04:22 copy_program_x300 off: 2.934s
09:04:30 copy_program_x300 off: 3.246s
09:04:40 copy_program_x300 on: 3.020s
09:04:48 copy_program_x300 on: 2.821s
09:04:56 copy_program_x300 off: 2.740s
09:05:04 copy_program_x300 off: 3.238s
09:05:13 copy_program_x300 on: 2.940s
09:05:21 copy_program_x300 on: 2.872s
09:05:30 copy_program_x300 off: 2.944s
09:05:35 copy_program_x300 off: 2.078s
09:05:45 copy_program_x300 on: 3.240s
09:05:52 copy_program_x300 on: 2.618s
09:06:00 copy_program_x300 off: 2.582s
09:06:07 copy_program_x300 off: 2.963s
09:06:16 copy_program_x300 on: 2.328s
09:06:23 copy_program_x300 on: 2.420s
09:06:31 copy_program_x300 off: 2.673s
09:06:36 copy_program_x300 off: 1.999s
09:06:44 copy_program_x300 on: 2.373s
09:06:51 copy_program_x300 on: 2.282s
09:06:58 copy_program_x300 off: 2.567s
09:07:04 copy_program_x300 off: 2.567s
09:07:14 copy_program_x300 on: 2.678s
09:07:20 copy_program_x300 on: 1.942s
09:07:27 copy_program_x300 off: 1.933s
09:07:32 copy_program_x300 off: 2.018s
09:07:40 copy_program_x300 on: 2.284s
09:07:46 copy_program_x300 on: 2.240s
09:07:53 copy_program_x300 off: 2.127s
09:07:58 copy_program_x300 off: 2.075s
09:08:06 copy_program_x300 on: 2.009s
09:08:12 copy_program_x300 on: 2.264s
09:08:19 copy_program_x300 off: 1.919s
09:08:24 copy_program_x300 off: 2.247s
09:08:34 copy_program_x300 on: 3.070s
09:08:40 copy_program_x300 on: 2.418s
09:08:47 copy_program_x300 off: 1.970s
09:08:48 copy_program_x300: median paired overhead +4.13% (CI90 +1.53 .. +5.43)
09:08:57 PASS idle_cpu_below_1pct_of_a_core
09:08:57 PASS zero_loss
09:08:57 PASS why_cli_median_lt_100ms
09:08:57 PASS label_cli_median_lt_100ms
09:08:57 FAIL make_j8_36_units.median_paired_overhead_lt_5pct
09:08:57 PASS vite_build.median_paired_overhead_lt_5pct
09:08:57 PASS copy_program_x300.median_paired_overhead_lt_5pct
09:08:57 verdict FAIL
